==============================================
   GNU Automake 1.11a: tests/test-suite.log
==============================================

# TOTAL: 2910
# PASS:  2835
# SKIP:  33
# XFAIL: 40
# FAIL:  2
# XPASS: 0
# ERROR: 0

.. contents:: :depth: 2

SKIP: get-sysconf
=================

Running from installcheck: no
Using TAP: no
PATH = /private/tmp/homebrew-automake-HEAD-mfsB/tests/ax:/private/tmp/homebrew-automake-HEAD-mfsB/tests/wrap:/usr/local/Cellar/libffi/3.0.10/bin:/usr/local/Cellar/gettext/0.18.1.1/bin:/usr/local/bin:/usr/local/sbin:/usr/local/texlive/2011/bin/x86_64-darwin:/usr/bin:/bin:/usr/sbin:/sbin:/usr/X11/bin:/usr/local/Library/Contributions/examples
++ pwd
/private/tmp/homebrew-automake-HEAD-mfsB/tests/get-sysconf.dir
+ st=0
+ test -d /private/tmp/homebrew-automake-HEAD-mfsB/.git
+ test -f /private/tmp/homebrew-automake-HEAD-mfsB/ChangeLog
+ warn_ 'no .git directory nor ChangeLog file found, some info won'\''t' 'be available'
+ echo 'no .git directory nor ChangeLog file found, some info won'\''t' 'be available'
+ /usr/bin/perl -V
Summary of my perl5 (revision 5 version 12 subversion 3) configuration:
   
  Platform:
    osname=darwin, osvers=11.0, archname=darwin-thread-multi-2level
    uname='darwin doublemagnum.apple.com 11.0 darwin kernel version 11.0.0: wed dec 22 11:00:23 pst 2010; root:xnu-1699.18.1~1release_x86_64 x86_64 '
    config_args='-ds -e -Dprefix=/usr -Dccflags=-g  -pipe  -Dldflags= -Dman3ext=3pm -Duseithreads -Duseshrplib -Dinc_version_list=none -Dcc=llvm-gcc-4.2'
    hint=recommended, useposix=true, d_sigaction=define
    useithreads=define, usemultiplicity=define
    useperlio=define, d_sfio=undef, uselargefiles=define, usesocks=undef
    use64bitint=define, use64bitall=define, uselongdouble=undef
    usemymalloc=n, bincompat5005=undef
  Compiler:
    cc='llvm-gcc-4.2', ccflags ='-arch x86_64 -arch i386 -g -pipe -fno-common -DPERL_DARWIN -fno-strict-aliasing -fstack-protector -I/usr/local/include',
    optimize='-Os',
    cppflags='-g -pipe -fno-common -DPERL_DARWIN -fno-strict-aliasing -fstack-protector -I/usr/local/include'
    ccversion='', gccversion='4.2.1 (Based on Apple Inc. build 5658) (LLVM build 2335.15.00)', gccosandvers=''
    intsize=4, longsize=8, ptrsize=8, doublesize=8, byteorder=12345678
    d_longlong=define, longlongsize=8, d_longdbl=define, longdblsize=16
    ivtype='long', ivsize=8, nvtype='double', nvsize=8, Off_t='off_t', lseeksize=8
    alignbytes=8, prototype=define
  Linker and Libraries:
    ld='llvm-gcc-4.2 -mmacosx-version-min=10.7', ldflags ='-arch x86_64 -arch i386 -fstack-protector -L/usr/local/lib'
    libpth=/usr/local/lib /usr/lib
    libs=-ldbm -ldl -lm -lutil -lc
    perllibs=-ldl -lm -lutil -lc
    libc=, so=dylib, useshrplib=true, libperl=libperl.dylib
    gnulibc_version=''
  Dynamic Linking:
    dlsrc=dl_dlopen.xs, dlext=bundle, d_dlsymun=undef, ccdlflags=' '
    cccdlflags=' ', lddlflags='-arch x86_64 -arch i386 -bundle -undefined dynamic_lookup -L/usr/local/lib -fstack-protector'


Characteristics of this binary (from libperl): 
  Compile-time options: MULTIPLICITY PERL_DONT_CREATE_GVSV
                        PERL_IMPLICIT_CONTEXT PERL_MALLOC_WRAP USE_64_BIT_ALL
                        USE_64_BIT_INT USE_ITHREADS USE_LARGE_FILES
                        USE_PERLIO USE_PERL_ATOF USE_REENTRANT_API
  Locally applied patches:
	/Library/Perl/Updates/<version> comes before system perl directories
	installprivlib and installarchlib points to the Updates directory
  Built under darwin
  Compiled at May 25 2011 17:53:29
  @INC:
    /Library/Perl/5.12/darwin-thread-multi-2level
    /Library/Perl/5.12
    /Network/Library/Perl/5.12/darwin-thread-multi-2level
    /Network/Library/Perl/5.12
    /Library/Perl/Updates/5.12.3
    /System/Library/Perl/5.12/darwin-thread-multi-2level
    /System/Library/Perl/5.12
    /System/Library/Perl/Extras/5.12/darwin-thread-multi-2level
    /System/Library/Perl/Extras/5.12
    .
+ /usr/bin/perl -e 'use TAP::Parser; print $TAP::Parser::VERSION, "\n"'
3.17
+ cat /private/tmp/homebrew-automake-HEAD-mfsB/config.log
This file contains any messages produced by compilers while
running configure, to aid debugging if configure makes a mistake.

It was created by GNU Automake configure 1.11a, which was
generated by GNU Autoconf 2.68.  Invocation command line was

  $ ./configure --prefix=/usr/local/Cellar/automake/HEAD

## --------- ##
## Platform. ##
## --------- ##

hostname = iBlub.local
uname -m = x86_64
uname -r = 11.3.0
uname -s = Darwin
uname -v = Darwin Kernel Version 11.3.0: Thu Jan 12 18:47:41 PST 2012; root:xnu-1699.24.23~1/RELEASE_X86_64

/usr/bin/uname -p = i386
/bin/uname -X     = unknown

/bin/arch              = unknown
/usr/bin/arch -k       = unknown
/usr/convex/getsysinfo = unknown
/usr/bin/hostinfo      = Mach kernel version:
	 Darwin Kernel Version 11.3.0: Thu Jan 12 18:47:41 PST 2012; root:xnu-1699.24.23~1/RELEASE_X86_64
Kernel configured for up to 4 processors.
4 processors are physically available.
4 processors are logically available.
Processor type: i486 (Intel 80486)
Processors active: 0 1 2 3
Primary memory available: 8.00 gigabytes
Default processor set: 92 tasks, 398 threads, 4 processors
Load average: 2.19, Mach factor: 1.79
/bin/machine           = unknown
/usr/bin/oslevel       = unknown
/bin/universe          = unknown

PATH: /usr/local/Cellar/libffi/3.0.10/bin
PATH: /usr/local/Cellar/gettext/0.18.1.1/bin
PATH: /usr/local/bin
PATH: /usr/local/sbin
PATH: /usr/local/texlive/2011/bin/x86_64-darwin
PATH: /usr/bin
PATH: /bin
PATH: /usr/sbin
PATH: /sbin
PATH: /usr/X11/bin
PATH: /usr/local/Library/Contributions/examples


## ----------- ##
## Core tests. ##
## ----------- ##

configure:2008: checking whether make supports nested variables
configure:2025: result: yes
configure:2041: checking build system type
configure:2055: result: x86_64-apple-darwin11.3.0
configure:2075: checking host system type
configure:2088: result: x86_64-apple-darwin11.3.0
configure:2141: checking for a BSD-compatible install
configure:2209: result: /usr/bin/install -c
configure:2220: checking whether build environment is sane
configure:2275: result: yes
configure:2426: checking for a thread-safe mkdir -p
configure:2465: result: lib/install-sh -c -d
configure:2478: checking for gawk
configure:2494: found /usr/local/bin/gawk
configure:2505: result: gawk
configure:2516: checking whether make sets $(MAKE)
configure:2538: result: yes
configure:2638: checking for perl
configure:2656: found /usr/bin/perl
configure:2668: result: /usr/bin/perl
configure:2680: /usr/bin/perl --version

This is perl 5, version 12, subversion 3 (v5.12.3) built for darwin-thread-multi-2level
(with 2 registered patches, see perl -V for more detail)

Copyright 1987-2010, Larry Wall

Perl may be copied only under the terms of either the Artistic License or the
GNU General Public License, which may be found in the Perl 5 source kit.

Complete documentation for Perl, including FAQ lists, should be found on
this system using "man perl" or "perldoc perl".  If you have access to the
Internet, point your browser at http://www.perl.org/, the Perl Home Page.

configure:2683: $? = 0
configure:2693: checking whether /usr/bin/perl supports ithreads
configure:2716: result: yes
configure:2728: checking for tex
configure:2744: found /usr/local/texlive/2011/bin/x86_64-darwin/tex
configure:2755: result: tex
configure:2766: tex --version </dev/null
TeX 3.1415926 (TeX Live 2011)
kpathsea version 6.0.1
Copyright 2011 D.E. Knuth.
There is NO warranty.  Redistribution of this software is
covered by the terms of both the TeX copyright and
the Lesser GNU General Public License.
For more information about these matters, see the file
named COPYING and the TeX source.
Primary author of TeX: D.E. Knuth.
configure:2769: $? = 0
configure:2787: checking for yacc
configure:2803: found /usr/bin/yacc
configure:2814: result: yacc
configure:2830: checking for lex
configure:2846: found /usr/bin/lex
configure:2857: result: lex
configure:2882: checking whether autoconf is installed
configure:2887: autoconf --version
autoconf (GNU Autoconf) 2.68
Copyright (C) 2010 Free Software Foundation, Inc.
License GPLv3+/Autoconf: GNU GPL version 3 or later
<http://gnu.org/licenses/gpl.html>, <http://gnu.org/licenses/exceptions.html>
This is free software: you are free to change and redistribute it.
There is NO WARRANTY, to the extent permitted by law.

Written by David J. MacKenzie and Akim Demaille.
configure:2890: $? = 0
configure:2898: result: yes
configure:2905: checking whether autoconf works
configure:2912: cd conftest && autoconf -o /dev/null conftest.ac
configure:2915: $? = 0
configure:2924: result: yes
configure:2931: checking whether autoconf is recent enough
configure:2938: cd conftest && autoconf -o /dev/null conftest.ac
configure:2941: $? = 0
configure:2950: result: yes
configure:2957: checking whether ln works
configure:2977: result: yes
configure:2992: checking for grep that handles long lines and -e
configure:3050: result: /usr/bin/grep
configure:3055: checking for egrep
configure:3117: result: /usr/bin/grep -E
configure:3122: checking for fgrep
configure:3184: result: /usr/bin/grep -F
configure:3190: checking whether /bin/sh has working 'set -e' with exit trap
configure:3203: result: yes
configure:3234: will now look for generic compilers
configure:3357: checking for C compiler version
configure:3366: /usr/bin/llvm-gcc --version >&5
i686-apple-darwin11-llvm-gcc-4.2 (GCC) 4.2.1 (Based on Apple Inc. build 5658) (LLVM build 2336.9.00)
Copyright (C) 2007 Free Software Foundation, Inc.
This is free software; see the source for copying conditions.  There is NO
warranty; not even for MERCHANTABILITY or FITNESS FOR A PARTICULAR PURPOSE.

configure:3377: $? = 0
configure:3366: /usr/bin/llvm-gcc -v >&5
Using built-in specs.
Target: i686-apple-darwin11
Configured with: /private/var/tmp/llvmgcc42/llvmgcc42-2336.9~22/src/configure --disable-checking --enable-werror --prefix=/Applications/Xcode.app/Contents/Developer/usr/llvm-gcc-4.2 --mandir=/share/man --enable-languages=c,objc,c++,obj-c++ --program-prefix=llvm- --program-transform-name=/^[cg][^.-]*$/s/$/-4.2/ --with-slibdir=/usr/lib --build=i686-apple-darwin11 --enable-llvm=/private/var/tmp/llvmgcc42/llvmgcc42-2336.9~22/dst-llvmCore/Developer/usr/local --program-prefix=i686-apple-darwin11- --host=x86_64-apple-darwin11 --target=i686-apple-darwin11 --with-gxx-include-dir=/usr/include/c++/4.2.1
Thread model: posix
gcc version 4.2.1 (Based on Apple Inc. build 5658) (LLVM build 2336.9.00)
configure:3377: $? = 0
configure:3366: /usr/bin/llvm-gcc -V >&5
llvm-gcc-4.2: argument to `-V' is missing
configure:3377: $? = 1
configure:3366: /usr/bin/llvm-gcc -qversion >&5
i686-apple-darwin11-llvm-gcc-4.2: no input files
configure:3377: $? = 1
configure:3397: checking whether the C compiler works
configure:3419: /usr/bin/llvm-gcc -Os -w -pipe   -march=core2 -msse4 -I/usr/local/Cellar/libffi/3.0.10/include -I/usr/local/Cellar/gettext/0.18.1.1/include -L/usr/local/Cellar/libffi/3.0.10/lib -L/usr/local/Cellar/gettext/0.18.1.1/lib conftest.c  >&5
configure:3423: $? = 0
configure:3473: result: yes
configure:3476: checking for C compiler default output file name
configure:3478: result: a.out
configure:3484: checking for suffix of executables
configure:3491: /usr/bin/llvm-gcc -o conftest -Os -w -pipe   -march=core2 -msse4 -I/usr/local/Cellar/libffi/3.0.10/include -I/usr/local/Cellar/gettext/0.18.1.1/include -L/usr/local/Cellar/libffi/3.0.10/lib -L/usr/local/Cellar/gettext/0.18.1.1/lib conftest.c  >&5
configure:3495: $? = 0
configure:3519: result: 
configure:3541: checking whether we are cross compiling
configure:3549: /usr/bin/llvm-gcc -o conftest -Os -w -pipe   -march=core2 -msse4 -I/usr/local/Cellar/libffi/3.0.10/include -I/usr/local/Cellar/gettext/0.18.1.1/include -L/usr/local/Cellar/libffi/3.0.10/lib -L/usr/local/Cellar/gettext/0.18.1.1/lib conftest.c  >&5
configure:3553: $? = 0
configure:3560: ./conftest
configure:3564: $? = 0
configure:3582: result: no
configure:3587: checking for suffix of object files
configure:3609: /usr/bin/llvm-gcc -c -Os -w -pipe   -march=core2 -msse4 -I/usr/local/Cellar/libffi/3.0.10/include -I/usr/local/Cellar/gettext/0.18.1.1/include conftest.c >&5
configure:3613: $? = 0
configure:3636: result: o
configure:3640: checking whether we are using the GNU C compiler
configure:3659: /usr/bin/llvm-gcc -c -Os -w -pipe   -march=core2 -msse4 -I/usr/local/Cellar/libffi/3.0.10/include -I/usr/local/Cellar/gettext/0.18.1.1/include conftest.c >&5
configure:3659: $? = 0
configure:3668: result: yes
configure:3677: checking whether /usr/bin/llvm-gcc accepts -g
configure:3697: /usr/bin/llvm-gcc -c -g -I/usr/local/Cellar/libffi/3.0.10/include -I/usr/local/Cellar/gettext/0.18.1.1/include conftest.c >&5
configure:3697: $? = 0
configure:3738: result: yes
configure:3755: checking for /usr/bin/llvm-gcc option to accept ISO C89
configure:3819: /usr/bin/llvm-gcc  -c -Os -w -pipe   -march=core2 -msse4 -I/usr/local/Cellar/libffi/3.0.10/include -I/usr/local/Cellar/gettext/0.18.1.1/include conftest.c >&5
configure:3819: $? = 0
configure:3832: result: none needed
configure:3998: checking for C++ compiler version
configure:4007: /usr/bin/llvm-g++ --version >&5
i686-apple-darwin11-llvm-g++-4.2 (GCC) 4.2.1 (Based on Apple Inc. build 5658) (LLVM build 2336.9.00)
Copyright (C) 2007 Free Software Foundation, Inc.
This is free software; see the source for copying conditions.  There is NO
warranty; not even for MERCHANTABILITY or FITNESS FOR A PARTICULAR PURPOSE.

configure:4018: $? = 0
configure:4007: /usr/bin/llvm-g++ -v >&5
Using built-in specs.
Target: i686-apple-darwin11
Configured with: /private/var/tmp/llvmgcc42/llvmgcc42-2336.9~22/src/configure --disable-checking --enable-werror --prefix=/Applications/Xcode.app/Contents/Developer/usr/llvm-gcc-4.2 --mandir=/share/man --enable-languages=c,objc,c++,obj-c++ --program-prefix=llvm- --program-transform-name=/^[cg][^.-]*$/s/$/-4.2/ --with-slibdir=/usr/lib --build=i686-apple-darwin11 --enable-llvm=/private/var/tmp/llvmgcc42/llvmgcc42-2336.9~22/dst-llvmCore/Developer/usr/local --program-prefix=i686-apple-darwin11- --host=x86_64-apple-darwin11 --target=i686-apple-darwin11 --with-gxx-include-dir=/usr/include/c++/4.2.1
Thread model: posix
gcc version 4.2.1 (Based on Apple Inc. build 5658) (LLVM build 2336.9.00)
configure:4018: $? = 0
configure:4007: /usr/bin/llvm-g++ -V >&5
llvm-g++-4.2: argument to `-V' is missing
configure:4018: $? = 1
configure:4007: /usr/bin/llvm-g++ -qversion >&5
i686-apple-darwin11-llvm-g++-4.2: no input files
configure:4018: $? = 1
configure:4038: checking whether the C++ compiler works
configure:4060: /usr/bin/llvm-g++ -Os -w -pipe   -march=core2 -msse4 -I/usr/local/Cellar/libffi/3.0.10/include -I/usr/local/Cellar/gettext/0.18.1.1/include -L/usr/local/Cellar/libffi/3.0.10/lib -L/usr/local/Cellar/gettext/0.18.1.1/lib conftest.cpp  >&5
configure:4064: $? = 0
configure:4114: result: yes
configure:4117: checking for C++ compiler default output file name
configure:4119: result: a.out
configure:4125: checking for suffix of executables
configure:4132: /usr/bin/llvm-g++ -o conftest -Os -w -pipe   -march=core2 -msse4 -I/usr/local/Cellar/libffi/3.0.10/include -I/usr/local/Cellar/gettext/0.18.1.1/include -L/usr/local/Cellar/libffi/3.0.10/lib -L/usr/local/Cellar/gettext/0.18.1.1/lib conftest.cpp  >&5
configure:4136: $? = 0
configure:4160: result: 
configure:4182: checking whether we are cross compiling
configure:4190: /usr/bin/llvm-g++ -o conftest -Os -w -pipe   -march=core2 -msse4 -I/usr/local/Cellar/libffi/3.0.10/include -I/usr/local/Cellar/gettext/0.18.1.1/include -L/usr/local/Cellar/libffi/3.0.10/lib -L/usr/local/Cellar/gettext/0.18.1.1/lib conftest.cpp  >&5
configure:4194: $? = 0
configure:4201: ./conftest
configure:4205: $? = 0
configure:4223: result: no
configure:4228: checking for suffix of object files
configure:4250: /usr/bin/llvm-g++ -c -Os -w -pipe   -march=core2 -msse4 -I/usr/local/Cellar/libffi/3.0.10/include -I/usr/local/Cellar/gettext/0.18.1.1/include conftest.cpp >&5
configure:4254: $? = 0
configure:4277: result: o
configure:4281: checking whether we are using the GNU C++ compiler
configure:4300: /usr/bin/llvm-g++ -c -Os -w -pipe   -march=core2 -msse4 -I/usr/local/Cellar/libffi/3.0.10/include -I/usr/local/Cellar/gettext/0.18.1.1/include conftest.cpp >&5
configure:4300: $? = 0
configure:4309: result: yes
configure:4318: checking whether /usr/bin/llvm-g++ accepts -g
configure:4338: /usr/bin/llvm-g++ -c -g -I/usr/local/Cellar/libffi/3.0.10/include -I/usr/local/Cellar/gettext/0.18.1.1/include conftest.cpp >&5
configure:4338: $? = 0
configure:4379: result: yes
configure:4490: checking for xlf95
configure:4520: result: no
configure:4490: checking for f95
configure:4520: result: no
configure:4490: checking for fort
configure:4520: result: no
configure:4490: checking for ifort
configure:4520: result: no
configure:4490: checking for ifc
configure:4520: result: no
configure:4490: checking for efc
configure:4520: result: no
configure:4490: checking for pgfortran
configure:4520: result: no
configure:4490: checking for pgf95
configure:4520: result: no
configure:4490: checking for lf95
configure:4520: result: no
configure:4490: checking for ftn
configure:4520: result: no
configure:4490: checking for nagfor
configure:4520: result: no
configure:4490: checking for xlf90
configure:4520: result: no
configure:4490: checking for f90
configure:4520: result: no
configure:4490: checking for pgf90
configure:4520: result: no
configure:4490: checking for pghpf
configure:4520: result: no
configure:4490: checking for epcf90
configure:4520: result: no
configure:4490: checking for g95
configure:4520: result: no
configure:4490: checking for gfortran
configure:4520: result: no
configure:4543: checking for Fortran compiler version
configure:4552:  --version >&5
./configure: line 4554: --version: command not found
configure:4563: $? = 127
configure:4552:  -v >&5
./configure: line 4554: -v: command not found
configure:4563: $? = 127
configure:4552:  -V >&5
./configure: line 4554: -V: command not found
configure:4563: $? = 127
configure:4552:  -qversion >&5
./configure: line 4554: -qversion: command not found
configure:4563: $? = 127
configure:4578: checking whether the Fortran compiler works
configure:4600:   -L/usr/local/Cellar/libffi/3.0.10/lib -L/usr/local/Cellar/gettext/0.18.1.1/lib  conftest.f  >&5
./configure: line 4602: -L/usr/local/Cellar/libffi/3.0.10/lib: No such file or directory
configure:4604: $? = 127
configure:4642: result: no
configure: failed program was:
|       program main
| 
|       end
configure:4648: WARNING: Fortran compiler cannot create executables
configure:4887: tests requiring the Fortran compiler will be skipped
configure:4968: checking for xlf
configure:4998: result: no
configure:4968: checking for f77
configure:4998: result: no
configure:4968: checking for frt
configure:4998: result: no
configure:4968: checking for pgf77
configure:4998: result: no
configure:4968: checking for cf77
configure:4998: result: no
configure:4968: checking for fort77
configure:4998: result: no
configure:4968: checking for fl32
configure:4998: result: no
configure:4968: checking for af77
configure:4998: result: no
configure:4968: checking for g77
configure:4998: result: no
configure:4968: checking for gfortran
configure:4998: result: no
configure:5021: checking for Fortran 77 compiler version
configure:5030:  --version >&5
./configure: line 5032: --version: command not found
configure:5041: $? = 127
configure:5030:  -v >&5
./configure: line 5032: -v: command not found
configure:5041: $? = 127
configure:5030:  -V >&5
./configure: line 5032: -V: command not found
configure:5041: $? = 127
configure:5030:  -qversion >&5
./configure: line 5032: -qversion: command not found
configure:5041: $? = 127
configure:5056: checking whether the Fortran 77 compiler works
configure:5078:   -L/usr/local/Cellar/libffi/3.0.10/lib -L/usr/local/Cellar/gettext/0.18.1.1/lib conftest.f  >&5
./configure: line 5080: -L/usr/local/Cellar/libffi/3.0.10/lib: No such file or directory
configure:5082: $? = 127
configure:5120: result: no
configure: failed program was:
|       program main
| 
|       end
configure:5126: WARNING: Fortran 77 compiler cannot create executables
configure:5370: tests requiring the Fortran 77 compiler will be skipped
configure:5402: will now look for GNU compilers
configure:5409: /usr/bin/llvm-gcc is already a GNU C compiler
configure:5514: /usr/bin/llvm-gcc --version && /usr/bin/llvm-gcc -v
i686-apple-darwin11-llvm-gcc-4.2 (GCC) 4.2.1 (Based on Apple Inc. build 5658) (LLVM build 2336.9.00)
Copyright (C) 2007 Free Software Foundation, Inc.
This is free software; see the source for copying conditions.  There is NO
warranty; not even for MERCHANTABILITY or FITNESS FOR A PARTICULAR PURPOSE.

Using built-in specs.
Target: i686-apple-darwin11
Configured with: /private/var/tmp/llvmgcc42/llvmgcc42-2336.9~22/src/configure --disable-checking --enable-werror --prefix=/Applications/Xcode.app/Contents/Developer/usr/llvm-gcc-4.2 --mandir=/share/man --enable-languages=c,objc,c++,obj-c++ --program-prefix=llvm- --program-transform-name=/^[cg][^.-]*$/s/$/-4.2/ --with-slibdir=/usr/lib --build=i686-apple-darwin11 --enable-llvm=/private/var/tmp/llvmgcc42/llvmgcc42-2336.9~22/dst-llvmCore/Developer/usr/local --program-prefix=i686-apple-darwin11- --host=x86_64-apple-darwin11 --target=i686-apple-darwin11 --with-gxx-include-dir=/usr/include/c++/4.2.1
Thread model: posix
gcc version 4.2.1 (Based on Apple Inc. build 5658) (LLVM build 2336.9.00)
configure:5517: $? = 0
configure:5531: /usr/bin/llvm-g++ is already a GNU C++ compiler
configure:5637: /usr/bin/llvm-g++ --version && /usr/bin/llvm-g++ -v
i686-apple-darwin11-llvm-g++-4.2 (GCC) 4.2.1 (Based on Apple Inc. build 5658) (LLVM build 2336.9.00)
Copyright (C) 2007 Free Software Foundation, Inc.
This is free software; see the source for copying conditions.  There is NO
warranty; not even for MERCHANTABILITY or FITNESS FOR A PARTICULAR PURPOSE.

Using built-in specs.
Target: i686-apple-darwin11
Configured with: /private/var/tmp/llvmgcc42/llvmgcc42-2336.9~22/src/configure --disable-checking --enable-werror --prefix=/Applications/Xcode.app/Contents/Developer/usr/llvm-gcc-4.2 --mandir=/share/man --enable-languages=c,objc,c++,obj-c++ --program-prefix=llvm- --program-transform-name=/^[cg][^.-]*$/s/$/-4.2/ --with-slibdir=/usr/lib --build=i686-apple-darwin11 --enable-llvm=/private/var/tmp/llvmgcc42/llvmgcc42-2336.9~22/dst-llvmCore/Developer/usr/local --program-prefix=i686-apple-darwin11- --host=x86_64-apple-darwin11 --target=i686-apple-darwin11 --with-gxx-include-dir=/usr/include/c++/4.2.1
Thread model: posix
gcc version 4.2.1 (Based on Apple Inc. build 5658) (LLVM build 2336.9.00)
configure:5640: $? = 0
configure:5708: checking for gfortran
configure:5738: result: no
configure:5760: false --version && false -v
configure:5763: $? = 1
configure:5767: WARNING: botched installation for GNU Fortran compiler
configure:5769: tests requiring the GNU Fortran compiler will be skipped
configure:5831: checking for g77
configure:5861: result: no
configure:5831: checking for gfortran
configure:5861: result: no
configure:5883: false --version && false -v
configure:5886: $? = 1
configure:5890: WARNING: botched installation for GNU Fortran 77 compiler
configure:5892: tests requiring the GNU Fortran 77 compiler will be skipped
configure:5948: checking for gcj
configure:5978: result: no
configure:5999: false --version && false -v
configure:6002: $? = 1
configure:6006: WARNING: botched installation for GNU Java compiler
configure:6008: tests requiring the GNU Java compiler will be skipped
configure:6177: checking that generated files are newer than configure
configure:6183: result: done
configure:6198: creating ./config.status

## ---------------------- ##
## Running config.status. ##
## ---------------------- ##

This file was extended by GNU Automake config.status 1.11a, which was
generated by GNU Autoconf 2.68.  Invocation command line was

  CONFIG_FILES    = 
  CONFIG_HEADERS  = 
  CONFIG_LINKS    = 
  CONFIG_COMMANDS = 
  $ ./config.status 

on iBlub.local

config.status:842: creating Makefile
config.status:842: creating contrib/Makefile
config.status:842: creating doc/Makefile
config.status:842: creating lib/Automake/Makefile
config.status:842: creating lib/Makefile
config.status:842: creating lib/am/Makefile
config.status:842: creating m4/Makefile
config.status:842: creating tests/Makefile
config.status:842: creating tests/wrap/aclocal-1.11a
config.status:842: creating tests/wrap/automake-1.11a

## ---------------- ##
## Cache variables. ##
## ---------------- ##

ac_cv_build=x86_64-apple-darwin11.3.0
ac_cv_c_compiler_gnu=yes
ac_cv_cxx_compiler_gnu=yes
ac_cv_env_CCC_set=
ac_cv_env_CCC_value=
ac_cv_env_CC_set=set
ac_cv_env_CC_value=/usr/bin/llvm-gcc
ac_cv_env_CFLAGS_set=set
ac_cv_env_CFLAGS_value='-Os -w -pipe   -march=core2 -msse4'
ac_cv_env_CPPFLAGS_set=set
ac_cv_env_CPPFLAGS_value='-I/usr/local/Cellar/libffi/3.0.10/include -I/usr/local/Cellar/gettext/0.18.1.1/include'
ac_cv_env_CXXFLAGS_set=set
ac_cv_env_CXXFLAGS_value='-Os -w -pipe   -march=core2 -msse4'
ac_cv_env_CXX_set=set
ac_cv_env_CXX_value=/usr/bin/llvm-g++
ac_cv_env_F77_set=
ac_cv_env_F77_value=
ac_cv_env_FCFLAGS_set=
ac_cv_env_FCFLAGS_value=
ac_cv_env_FC_set=
ac_cv_env_FC_value=
ac_cv_env_FFLAGS_set=
ac_cv_env_FFLAGS_value=
ac_cv_env_GNU_CC_set=
ac_cv_env_GNU_CC_value=
ac_cv_env_GNU_CFLAGS_set=
ac_cv_env_GNU_CFLAGS_value=
ac_cv_env_GNU_CXXFLAGS_set=
ac_cv_env_GNU_CXXFLAGS_value=
ac_cv_env_GNU_CXX_set=
ac_cv_env_GNU_CXX_value=
ac_cv_env_GNU_F77_set=
ac_cv_env_GNU_F77_value=
ac_cv_env_GNU_FCFLAGS_set=
ac_cv_env_GNU_FCFLAGS_value=
ac_cv_env_GNU_FC_set=
ac_cv_env_GNU_FC_value=
ac_cv_env_GNU_FFLAGS_set=
ac_cv_env_GNU_FFLAGS_value=
ac_cv_env_GNU_GCJFLAGS_set=
ac_cv_env_GNU_GCJFLAGS_value=
ac_cv_env_GNU_GCJ_set=
ac_cv_env_GNU_GCJ_value=
ac_cv_env_LDFLAGS_set=set
ac_cv_env_LDFLAGS_value='-L/usr/local/Cellar/libffi/3.0.10/lib -L/usr/local/Cellar/gettext/0.18.1.1/lib'
ac_cv_env_LIBS_set=
ac_cv_env_LIBS_value=
ac_cv_env_build_alias_set=
ac_cv_env_build_alias_value=
ac_cv_env_host_alias_set=
ac_cv_env_host_alias_value=
ac_cv_env_target_alias_set=
ac_cv_env_target_alias_value=
ac_cv_host=x86_64-apple-darwin11.3.0
ac_cv_path_EGREP='/usr/bin/grep -E'
ac_cv_path_FGREP='/usr/bin/grep -F'
ac_cv_path_GREP=/usr/bin/grep
ac_cv_path_PERL=/usr/bin/perl
ac_cv_path_install='/usr/bin/install -c'
ac_cv_prog_AWK=gawk
ac_cv_prog_LEX=lex
ac_cv_prog_TEX=tex
ac_cv_prog_YACC=yacc
ac_cv_prog_cc_c89=
ac_cv_prog_cc_g=yes
ac_cv_prog_cxx_g=yes
ac_cv_prog_make_make_set=yes
am_cv_autoconf_installed=yes
am_cv_autoconf_version=yes
am_cv_autoconf_works=yes
am_cv_make_support_nested_variables=yes
am_cv_prog_PERL_ithreads=yes
am_cv_prog_ln=ln
am_cv_sh_errexit_works=yes

## ----------------- ##
## Output variables. ##
## ----------------- ##

ACLOCAL='perllibdir="/private/tmp/homebrew-automake-HEAD-mfsB/lib:./lib" "/private/tmp/homebrew-automake-HEAD-mfsB/aclocal" --acdir=m4 -I m4'
AMTAR='$${TAR-tar}'
AM_BACKSLASH='\'
AM_DEFAULT_V='$(AM_DEFAULT_VERBOSITY)'
AM_DEFAULT_VERBOSITY='0'
AM_V='$(V)'
APIVERSION='1.11a'
AUTOCONF='${SHELL} /private/tmp/homebrew-automake-HEAD-mfsB/lib/missing --run autoconf'
AUTOHEADER='${SHELL} /private/tmp/homebrew-automake-HEAD-mfsB/lib/missing --run autoheader'
AUTOMAKE='perllibdir="/private/tmp/homebrew-automake-HEAD-mfsB/lib:./lib" "/private/tmp/homebrew-automake-HEAD-mfsB/automake" --libdir=lib'
AWK='gawk'
CC='/usr/bin/llvm-gcc'
CFLAGS='-Os -w -pipe   -march=core2 -msse4'
CPPFLAGS='-I/usr/local/Cellar/libffi/3.0.10/include -I/usr/local/Cellar/gettext/0.18.1.1/include'
CXX='/usr/bin/llvm-g++'
CXXFLAGS='-Os -w -pipe   -march=core2 -msse4'
CYGPATH_W='echo'
DEFS='-DPACKAGE_NAME=\"GNU\ Automake\" -DPACKAGE_TARNAME=\"automake\" -DPACKAGE_VERSION=\"1.11a\" -DPACKAGE_STRING=\"GNU\ Automake\ 1.11a\" -DPACKAGE_BUGREPORT=\"bug-automake@gnu.org\" -DPACKAGE_URL=\"http://www.gnu.org/software/automake/\"'
ECHO_C='\c'
ECHO_N=''
ECHO_T=''
EGREP='/usr/bin/grep -E'
EXEEXT='UNKNOWN'
F77='false'
FC='false'
FCFLAGS=''
FFLAGS=''
FGREP='/usr/bin/grep -F'
GNU_CC='/usr/bin/llvm-gcc'
GNU_CFLAGS='-Os -w -pipe   -march=core2 -msse4'
GNU_CXX='/usr/bin/llvm-g++'
GNU_CXXFLAGS='-Os -w -pipe   -march=core2 -msse4'
GNU_F77='false'
GNU_FC='false'
GNU_FCFLAGS=''
GNU_FFLAGS=''
GNU_GCJ='false'
GNU_GCJFLAGS=''
GREP='/usr/bin/grep'
HELP2MAN='${SHELL} /private/tmp/homebrew-automake-HEAD-mfsB/lib/missing --run help2man'
INSTALL_DATA='${INSTALL} -m 644'
INSTALL_PROGRAM='${INSTALL}'
INSTALL_SCRIPT='${INSTALL}'
INSTALL_STRIP_PROGRAM='$(install_sh) -c -s'
LDFLAGS='-L/usr/local/Cellar/libffi/3.0.10/lib -L/usr/local/Cellar/gettext/0.18.1.1/lib'
LEX='lex'
LIBOBJS=''
LIBS=''
LN='ln'
LTLIBOBJS=''
MAKEINFO='${SHELL} /private/tmp/homebrew-automake-HEAD-mfsB/lib/missing --run makeinfo'
MKDIR_P='lib/install-sh -c -d'
MODIFICATION_DELAY='2'
OBJEXT='UNKNOWN'
PACKAGE='automake'
PACKAGE_BUGREPORT='bug-automake@gnu.org'
PACKAGE_NAME='GNU Automake'
PACKAGE_STRING='GNU Automake 1.11a'
PACKAGE_TARNAME='automake'
PACKAGE_URL='http://www.gnu.org/software/automake/'
PACKAGE_VERSION='1.11a'
PATH_SEPARATOR=':'
PERL='/usr/bin/perl'
PERL_THREADS='1'
SET_MAKE=''
SHELL='/bin/sh'
STRIP=''
TEX='tex'
VERSION='1.11a'
YACC='yacc'
ac_ct_CC=''
ac_ct_CXX=''
ac_ct_F77=''
ac_ct_FC=''
ac_ct_GNU_CC=''
ac_ct_GNU_CXX=''
ac_ct_GNU_F77=''
ac_ct_GNU_FC=''
ac_ct_GNU_GCJ=''
am_AUTOCONF='autoconf'
am_AUTOHEADER='autoheader'
am_AUTOM4TE='autom4te'
am_AUTORECONF='autoreconf'
am_AUTOUPDATE='autoupdate'
am__EXEEXT_FALSE='#'
am__EXEEXT_TRUE=''
am__isrc=''
am__leading_dot='.'
am__tar='$${TAR-tar} chof - "$$tardir"'
am__untar='$${TAR-tar} xf -'
amdir='${pkgvdatadir}/am'
automake_acdir='${datadir}/aclocal-1.11a'
bindir='${exec_prefix}/bin'
build='x86_64-apple-darwin11.3.0'
build_alias=''
build_cpu='x86_64'
build_os='darwin11.3.0'
build_vendor='apple'
datadir='${datarootdir}'
datarootdir='${prefix}/share'
docdir='${datarootdir}/doc/${PACKAGE_TARNAME}'
dvidir='${docdir}'
exec_prefix='${prefix}'
host='x86_64-apple-darwin11.3.0'
host_alias=''
host_cpu='x86_64'
host_os='darwin11.3.0'
host_vendor='apple'
htmldir='${docdir}'
includedir='${prefix}/include'
infodir='${datarootdir}/info'
install_sh='${SHELL} /private/tmp/homebrew-automake-HEAD-mfsB/lib/install-sh'
libdir='${exec_prefix}/lib'
libexecdir='${exec_prefix}/libexec'
localedir='${datarootdir}/locale'
localstatedir='${prefix}/var'
mandir='${datarootdir}/man'
mkdir_p='$(top_builddir)/lib/install-sh -c -d'
oldincludedir='/usr/include'
pdfdir='${docdir}'
pkgvdatadir='${datadir}/automake-1.11a'
prefix='/usr/local/Cellar/automake/HEAD'
program_transform_name='s,x,x,'
psdir='${docdir}'
sbindir='${exec_prefix}/sbin'
scriptdir='${pkgvdatadir}'
sh_errexit_works='yes'
sharedstatedir='${prefix}/com'
sysconfdir='${prefix}/etc'
system_acdir='${datadir}/aclocal'
target_alias=''

## ----------- ##
## confdefs.h. ##
## ----------- ##

/* confdefs.h */
#define PACKAGE_NAME "GNU Automake"
#define PACKAGE_TARNAME "automake"
#define PACKAGE_VERSION "1.11a"
#define PACKAGE_STRING "GNU Automake 1.11a"
#define PACKAGE_BUGREPORT "bug-automake@gnu.org"
#define PACKAGE_URL "http://www.gnu.org/software/automake/"

configure: exit 0
+ cat /private/tmp/homebrew-automake-HEAD-mfsB/tests/wrap/aclocal-1.11a
#!/bin/sh
# tests/wrap/aclocal-1.11a.  Generated from aclocal.in by configure.

# Copyright (C) 2012 Free Software Foundation, Inc.

# This program is free software; you can redistribute it and/or modify
# it under the terms of the GNU General Public License as published by
# the Free Software Foundation; either version 2, or (at your option)
# any later version.

# This program is distributed in the hope that it will be useful,
# but WITHOUT ANY WARRANTY; without even the implied warranty of
# MERCHANTABILITY or FITNESS FOR A PARTICULAR PURPOSE.  See the
# GNU General Public License for more details.

# You should have received a copy of the GNU General Public License
# along with this program.  If not, see <http://www.gnu.org/licenses/>.

# Be Bourne compatible
if test -n "${ZSH_VERSION+set}" && (emulate sh) >/dev/null 2>&1; then
  emulate sh
  NULLCMD=:
  # Zsh 3.x and 4.x performs word splitting on ${1+"$@"}, which
  # is contrary to our usage.  Disable this feature.
  alias -g '${1+"$@"}'='"$@"'
fi

perllibdir="/private/tmp/homebrew-automake-HEAD-mfsB/lib:/private/tmp/homebrew-automake-HEAD-mfsB/lib"
export perllibdir

exec "/private/tmp/homebrew-automake-HEAD-mfsB/aclocal" "--automake-acdir=/private/tmp/homebrew-automake-HEAD-mfsB/m4" \
     "--system-acdir=/private/tmp/homebrew-automake-HEAD-mfsB/m4/acdir" ${1+"$@"}
+ cat /private/tmp/homebrew-automake-HEAD-mfsB/tests/wrap/automake-1.11a
#!/bin/sh
# tests/wrap/automake-1.11a.  Generated from automake.in by configure.

# Copyright (C) 2012 Free Software Foundation, Inc.

# This program is free software; you can redistribute it and/or modify
# it under the terms of the GNU General Public License as published by
# the Free Software Foundation; either version 2, or (at your option)
# any later version.

# This program is distributed in the hope that it will be useful,
# but WITHOUT ANY WARRANTY; without even the implied warranty of
# MERCHANTABILITY or FITNESS FOR A PARTICULAR PURPOSE.  See the
# GNU General Public License for more details.

# You should have received a copy of the GNU General Public License
# along with this program.  If not, see <http://www.gnu.org/licenses/>.

# Be Bourne compatible
if test -n "${ZSH_VERSION+set}" && (emulate sh) >/dev/null 2>&1; then
  emulate sh
  NULLCMD=:
  # Zsh 3.x and 4.x performs word splitting on ${1+"$@"}, which
  # is contrary to our usage.  Disable this feature.
  alias -g '${1+"$@"}'='"$@"'
fi

perllibdir="/private/tmp/homebrew-automake-HEAD-mfsB/lib:/private/tmp/homebrew-automake-HEAD-mfsB/lib"
export perllibdir
exec "/private/tmp/homebrew-automake-HEAD-mfsB/automake" "--libdir=/private/tmp/homebrew-automake-HEAD-mfsB/lib" ${1+"$@"}
+ test 0 -eq 0
+ Exit 77
+ set +e
+ test 77 = 77
+ am__test_skipped=yes
+ exit 77
+ exit 77
+ exit_status=77
+ set +e
+ cd /private/tmp/homebrew-automake-HEAD-mfsB/tests
+ test no = yes
+ case $am_explicit_skips in
+ test 77 -eq 0
+ keep_testdirs=yes
+ am_keeping_testdirs
+ case $keep_testdirs in
+ return 0
+ set +x
get-sysconf: exit 77

XFAIL: pm/Cond2
===============

'Automake::Condition=HASH(0x7fad9206c2a0)' is a reference, expected a string at ../lib/Automake/Condition.pm line 188
	Automake::Condition::new('Automake::Condition', 'Automake::Condition=HASH(0x7fad9206c2a0)') called at ./pm/Cond2.pl line 22

XFAIL: pm/Cond3
===============

'Automake::Condition=HASH(0x7fd9ab004170)' does not look like a condition at ../lib/Automake/Condition.pm line 190
	Automake::Condition::new('Automake::Condition', 'Automake::Condition=HASH(0x7fd9ab004170)') called at ./pm/Cond3.pl line 22

XFAIL: pm/DisjCon2
==================

'Automake::DisjConditions=HASH(0x7fe3ab004110)' isn't an Automake::Condition at ../lib/Automake/DisjConditions.pm line 151
	Automake::DisjConditions::new('Automake::DisjConditions', 'Automake::DisjConditions=HASH(0x7fe3ab004110)') called at ./pm/DisjCon2.pl line 24

XFAIL: pm/DisjCon3
==================

'Automake::Condition=HASH(0x7fa471804170)' isn't a reference at ../lib/Automake/DisjConditions.pm line 150
	Automake::DisjConditions::new('Automake::DisjConditions', 'Automake::Condition=HASH(0x7fa471804170)') called at ./pm/DisjCon3.pl line 23

XFAIL: pm/Version2
==================

Version2.pl: error: version is incorrect: 
Version2.pl: Please contact <bug-automake@gnu.org>.
 at ../lib/Automake/Channels.pm line 662
	Automake::Channels::msg('automake', '', 'version is incorrect: ') called at ../lib/Automake/ChannelDefs.pm line 212
	Automake::ChannelDefs::prog_error('version is incorrect: ') called at ../lib/Automake/Version.pm line 126
	Automake::Version::check('', 1.2.3) called at ./pm/Version2.pl line 20

XFAIL: pm/Version3
==================

Version3.pl: error: required version is incorrect: 
Version3.pl: Please contact <bug-automake@gnu.org>.
 at ../lib/Automake/Channels.pm line 662
	Automake::Channels::msg('automake', '', 'required version is incorrect: ') called at ../lib/Automake/ChannelDefs.pm line 212
	Automake::ChannelDefs::prog_error('required version is incorrect: ') called at ../lib/Automake/Version.pm line 131
	Automake::Version::check(1.2.3, '') called at ./pm/Version3.pl line 20

PASS: instspc
=============

Running from installcheck: no
Using TAP: yes
PATH = /private/tmp/homebrew-automake-HEAD-mfsB/tests/ax:/private/tmp/homebrew-automake-HEAD-mfsB/tests/wrap:/usr/local/Cellar/libffi/3.0.10/bin:/usr/local/Cellar/gettext/0.18.1.1/bin:/usr/local/bin:/usr/local/sbin:/usr/local/texlive/2011/bin/x86_64-darwin:/usr/bin:/bin:/usr/sbin:/sbin:/usr/X11/bin:/usr/local/Library/Contributions/examples
++ pwd
/private/tmp/homebrew-automake-HEAD-mfsB/tests/instspc.dir
+ all_test_names_list=
+ builddir_xfails=
+ destdir_xfails=
+ bs=$'\b'
+ cr=$'\r'
+ ff=$'\f'
+ ht='	'
+ lf='
'
+ def=define_problematic_string
+ define_problematic_string squote ''\''' fail-builddir fail-destdir
+ tst=squote
+ shift
+ eval 'instspc__squote=$1'
++ instspc__squote=''\'''
+ shift
+ all_test_names_list=' squote'
+ is_in_list fail-builddir fail-builddir fail-destdir
+ item=fail-builddir
+ shift
+ case " $* " in
+ return 0
+ builddir_xfails=' squote'
+ is_in_list fail-destdir fail-builddir fail-destdir
+ item=fail-destdir
+ shift
+ case " $* " in
+ return 0
+ destdir_xfails=' squote'
+ define_problematic_string dquote '"' fail-builddir fail-destdir
+ tst=dquote
+ shift
+ eval 'instspc__dquote=$1'
++ instspc__dquote='"'
+ shift
+ all_test_names_list=' squote dquote'
+ is_in_list fail-builddir fail-builddir fail-destdir
+ item=fail-builddir
+ shift
+ case " $* " in
+ return 0
+ builddir_xfails=' squote dquote'
+ is_in_list fail-destdir fail-builddir fail-destdir
+ item=fail-destdir
+ shift
+ case " $* " in
+ return 0
+ destdir_xfails=' squote dquote'
+ define_problematic_string bquote '`' fail-builddir fail-destdir
+ tst=bquote
+ shift
+ eval 'instspc__bquote=$1'
++ instspc__bquote='`'
+ shift
+ all_test_names_list=' squote dquote bquote'
+ is_in_list fail-builddir fail-builddir fail-destdir
+ item=fail-builddir
+ shift
+ case " $* " in
+ return 0
+ builddir_xfails=' squote dquote bquote'
+ is_in_list fail-destdir fail-builddir fail-destdir
+ item=fail-destdir
+ shift
+ case " $* " in
+ return 0
+ destdir_xfails=' squote dquote bquote'
+ define_problematic_string sharp '#' fail-builddir fail-destdir
+ tst=sharp
+ shift
+ eval 'instspc__sharp=$1'
++ instspc__sharp='#'
+ shift
+ all_test_names_list=' squote dquote bquote sharp'
+ is_in_list fail-builddir fail-builddir fail-destdir
+ item=fail-builddir
+ shift
+ case " $* " in
+ return 0
+ builddir_xfails=' squote dquote bquote sharp'
+ is_in_list fail-destdir fail-builddir fail-destdir
+ item=fail-destdir
+ shift
+ case " $* " in
+ return 0
+ destdir_xfails=' squote dquote bquote sharp'
+ define_problematic_string dollar '$' fail-builddir fail-destdir
+ tst=dollar
+ shift
+ eval 'instspc__dollar=$1'
++ instspc__dollar='$'
+ shift
+ all_test_names_list=' squote dquote bquote sharp dollar'
+ is_in_list fail-builddir fail-builddir fail-destdir
+ item=fail-builddir
+ shift
+ case " $* " in
+ return 0
+ builddir_xfails=' squote dquote bquote sharp dollar'
+ is_in_list fail-destdir fail-builddir fail-destdir
+ item=fail-destdir
+ shift
+ case " $* " in
+ return 0
+ destdir_xfails=' squote dquote bquote sharp dollar'
+ define_problematic_string bang '!'
+ tst=bang
+ shift
+ eval 'instspc__bang=$1'
++ instspc__bang='!'
+ shift
+ all_test_names_list=' squote dquote bquote sharp dollar bang'
+ is_in_list fail-builddir
+ item=fail-builddir
+ shift
+ case " $* " in
+ return 1
+ is_in_list fail-destdir
+ item=fail-destdir
+ shift
+ case " $* " in
+ return 1
+ define_problematic_string bslash '\' fail-builddir
+ tst=bslash
+ shift
+ eval 'instspc__bslash=$1'
++ instspc__bslash='\'
+ shift
+ all_test_names_list=' squote dquote bquote sharp dollar bang bslash'
+ is_in_list fail-builddir fail-builddir
+ item=fail-builddir
+ shift
+ case " $* " in
+ return 0
+ builddir_xfails=' squote dquote bquote sharp dollar bslash'
+ is_in_list fail-destdir fail-builddir
+ item=fail-destdir
+ shift
+ case " $* " in
+ return 1
+ define_problematic_string ampersand '&' fail-builddir
+ tst=ampersand
+ shift
+ eval 'instspc__ampersand=$1'
++ instspc__ampersand='&'
+ shift
+ all_test_names_list=' squote dquote bquote sharp dollar bang bslash ampersand'
+ is_in_list fail-builddir fail-builddir
+ item=fail-builddir
+ shift
+ case " $* " in
+ return 0
+ builddir_xfails=' squote dquote bquote sharp dollar bslash ampersand'
+ is_in_list fail-destdir fail-builddir
+ item=fail-destdir
+ shift
+ case " $* " in
+ return 1
+ define_problematic_string percent %
+ tst=percent
+ shift
+ eval 'instspc__percent=$1'
++ instspc__percent=%
+ shift
+ all_test_names_list=' squote dquote bquote sharp dollar bang bslash ampersand percent'
+ is_in_list fail-builddir
+ item=fail-builddir
+ shift
+ case " $* " in
+ return 1
+ is_in_list fail-destdir
+ item=fail-destdir
+ shift
+ case " $* " in
+ return 1
+ define_problematic_string leftpar '('
+ tst=leftpar
+ shift
+ eval 'instspc__leftpar=$1'
++ instspc__leftpar='('
+ shift
+ all_test_names_list=' squote dquote bquote sharp dollar bang bslash ampersand percent leftpar'
+ is_in_list fail-builddir
+ item=fail-builddir
+ shift
+ case " $* " in
+ return 1
+ is_in_list fail-destdir
+ item=fail-destdir
+ shift
+ case " $* " in
+ return 1
+ define_problematic_string rightpar ')'
+ tst=rightpar
+ shift
+ eval 'instspc__rightpar=$1'
++ instspc__rightpar=')'
+ shift
+ all_test_names_list=' squote dquote bquote sharp dollar bang bslash ampersand percent leftpar rightpar'
+ is_in_list fail-builddir
+ item=fail-builddir
+ shift
+ case " $* " in
+ return 1
+ is_in_list fail-destdir
+ item=fail-destdir
+ shift
+ case " $* " in
+ return 1
+ define_problematic_string pipe '|'
+ tst=pipe
+ shift
+ eval 'instspc__pipe=$1'
++ instspc__pipe='|'
+ shift
+ all_test_names_list=' squote dquote bquote sharp dollar bang bslash ampersand percent leftpar rightpar pipe'
+ is_in_list fail-builddir
+ item=fail-builddir
+ shift
+ case " $* " in
+ return 1
+ is_in_list fail-destdir
+ item=fail-destdir
+ shift
+ case " $* " in
+ return 1
+ define_problematic_string caret '^'
+ tst=caret
+ shift
+ eval 'instspc__caret=$1'
++ instspc__caret='^'
+ shift
+ all_test_names_list=' squote dquote bquote sharp dollar bang bslash ampersand percent leftpar rightpar pipe caret'
+ is_in_list fail-builddir
+ item=fail-builddir
+ shift
+ case " $* " in
+ return 1
+ is_in_list fail-destdir
+ item=fail-destdir
+ shift
+ case " $* " in
+ return 1
+ define_problematic_string tilde '~'
+ tst=tilde
+ shift
+ eval 'instspc__tilde=$1'
++ instspc__tilde='~'
+ shift
+ all_test_names_list=' squote dquote bquote sharp dollar bang bslash ampersand percent leftpar rightpar pipe caret tilde'
+ is_in_list fail-builddir
+ item=fail-builddir
+ shift
+ case " $* " in
+ return 1
+ is_in_list fail-destdir
+ item=fail-destdir
+ shift
+ case " $* " in
+ return 1
+ define_problematic_string qmark '?'
+ tst=qmark
+ shift
+ eval 'instspc__qmark=$1'
++ instspc__qmark='?'
+ shift
+ all_test_names_list=' squote dquote bquote sharp dollar bang bslash ampersand percent leftpar rightpar pipe caret tilde qmark'
+ is_in_list fail-builddir
+ item=fail-builddir
+ shift
+ case " $* " in
+ return 1
+ is_in_list fail-destdir
+ item=fail-destdir
+ shift
+ case " $* " in
+ return 1
+ define_problematic_string star '*'
+ tst=star
+ shift
+ eval 'instspc__star=$1'
++ instspc__star='*'
+ shift
+ all_test_names_list=' squote dquote bquote sharp dollar bang bslash ampersand percent leftpar rightpar pipe caret tilde qmark star'
+ is_in_list fail-builddir
+ item=fail-builddir
+ shift
+ case " $* " in
+ return 1
+ is_in_list fail-destdir
+ item=fail-destdir
+ shift
+ case " $* " in
+ return 1
+ define_problematic_string plus +
+ tst=plus
+ shift
+ eval 'instspc__plus=$1'
++ instspc__plus=+
+ shift
+ all_test_names_list=' squote dquote bquote sharp dollar bang bslash ampersand percent leftpar rightpar pipe caret tilde qmark star plus'
+ is_in_list fail-builddir
+ item=fail-builddir
+ shift
+ case " $* " in
+ return 1
+ is_in_list fail-destdir
+ item=fail-destdir
+ shift
+ case " $* " in
+ return 1
+ define_problematic_string minus -
+ tst=minus
+ shift
+ eval 'instspc__minus=$1'
++ instspc__minus=-
+ shift
+ all_test_names_list=' squote dquote bquote sharp dollar bang bslash ampersand percent leftpar rightpar pipe caret tilde qmark star plus minus'
+ is_in_list fail-builddir
+ item=fail-builddir
+ shift
+ case " $* " in
+ return 1
+ is_in_list fail-destdir
+ item=fail-destdir
+ shift
+ case " $* " in
+ return 1
+ define_problematic_string comma ,
+ tst=comma
+ shift
+ eval 'instspc__comma=$1'
++ instspc__comma=,
+ shift
+ all_test_names_list=' squote dquote bquote sharp dollar bang bslash ampersand percent leftpar rightpar pipe caret tilde qmark star plus minus comma'
+ is_in_list fail-builddir
+ item=fail-builddir
+ shift
+ case " $* " in
+ return 1
+ is_in_list fail-destdir
+ item=fail-destdir
+ shift
+ case " $* " in
+ return 1
+ define_problematic_string colon :
+ tst=colon
+ shift
+ eval 'instspc__colon=$1'
++ instspc__colon=:
+ shift
+ all_test_names_list=' squote dquote bquote sharp dollar bang bslash ampersand percent leftpar rightpar pipe caret tilde qmark star plus minus comma colon'
+ is_in_list fail-builddir
+ item=fail-builddir
+ shift
+ case " $* " in
+ return 1
+ is_in_list fail-destdir
+ item=fail-destdir
+ shift
+ case " $* " in
+ return 1
+ define_problematic_string semicol ';'
+ tst=semicol
+ shift
+ eval 'instspc__semicol=$1'
++ instspc__semicol=';'
+ shift
+ all_test_names_list=' squote dquote bquote sharp dollar bang bslash ampersand percent leftpar rightpar pipe caret tilde qmark star plus minus comma colon semicol'
+ is_in_list fail-builddir
+ item=fail-builddir
+ shift
+ case " $* " in
+ return 1
+ is_in_list fail-destdir
+ item=fail-destdir
+ shift
+ case " $* " in
+ return 1
+ define_problematic_string equal =
+ tst=equal
+ shift
+ eval 'instspc__equal=$1'
++ instspc__equal==
+ shift
+ all_test_names_list=' squote dquote bquote sharp dollar bang bslash ampersand percent leftpar rightpar pipe caret tilde qmark star plus minus comma colon semicol equal'
+ is_in_list fail-builddir
+ item=fail-builddir
+ shift
+ case " $* " in
+ return 1
+ is_in_list fail-destdir
+ item=fail-destdir
+ shift
+ case " $* " in
+ return 1
+ define_problematic_string less '<'
+ tst=less
+ shift
+ eval 'instspc__less=$1'
++ instspc__less='<'
+ shift
+ all_test_names_list=' squote dquote bquote sharp dollar bang bslash ampersand percent leftpar rightpar pipe caret tilde qmark star plus minus comma colon semicol equal less'
+ is_in_list fail-builddir
+ item=fail-builddir
+ shift
+ case " $* " in
+ return 1
+ is_in_list fail-destdir
+ item=fail-destdir
+ shift
+ case " $* " in
+ return 1
+ define_problematic_string more '>'
+ tst=more
+ shift
+ eval 'instspc__more=$1'
++ instspc__more='>'
+ shift
+ all_test_names_list=' squote dquote bquote sharp dollar bang bslash ampersand percent leftpar rightpar pipe caret tilde qmark star plus minus comma colon semicol equal less more'
+ is_in_list fail-builddir
+ item=fail-builddir
+ shift
+ case " $* " in
+ return 1
+ is_in_list fail-destdir
+ item=fail-destdir
+ shift
+ case " $* " in
+ return 1
+ define_problematic_string at @
+ tst=at
+ shift
+ eval 'instspc__at=$1'
++ instspc__at=@
+ shift
+ all_test_names_list=' squote dquote bquote sharp dollar bang bslash ampersand percent leftpar rightpar pipe caret tilde qmark star plus minus comma colon semicol equal less more at'
+ is_in_list fail-builddir
+ item=fail-builddir
+ shift
+ case " $* " in
+ return 1
+ is_in_list fail-destdir
+ item=fail-destdir
+ shift
+ case " $* " in
+ return 1
+ define_problematic_string lqbrack '['
+ tst=lqbrack
+ shift
+ eval 'instspc__lqbrack=$1'
++ instspc__lqbrack='['
+ shift
+ all_test_names_list=' squote dquote bquote sharp dollar bang bslash ampersand percent leftpar rightpar pipe caret tilde qmark star plus minus comma colon semicol equal less more at lqbrack'
+ is_in_list fail-builddir
+ item=fail-builddir
+ shift
+ case " $* " in
+ return 1
+ is_in_list fail-destdir
+ item=fail-destdir
+ shift
+ case " $* " in
+ return 1
+ define_problematic_string rqbrack ']'
+ tst=rqbrack
+ shift
+ eval 'instspc__rqbrack=$1'
++ instspc__rqbrack=']'
+ shift
+ all_test_names_list=' squote dquote bquote sharp dollar bang bslash ampersand percent leftpar rightpar pipe caret tilde qmark star plus minus comma colon semicol equal less more at lqbrack rqbrack'
+ is_in_list fail-builddir
+ item=fail-builddir
+ shift
+ case " $* " in
+ return 1
+ is_in_list fail-destdir
+ item=fail-destdir
+ shift
+ case " $* " in
+ return 1
+ define_problematic_string lcbrack '{'
+ tst=lcbrack
+ shift
+ eval 'instspc__lcbrack=$1'
++ instspc__lcbrack='{'
+ shift
+ all_test_names_list=' squote dquote bquote sharp dollar bang bslash ampersand percent leftpar rightpar pipe caret tilde qmark star plus minus comma colon semicol equal less more at lqbrack rqbrack lcbrack'
+ is_in_list fail-builddir
+ item=fail-builddir
+ shift
+ case " $* " in
+ return 1
+ is_in_list fail-destdir
+ item=fail-destdir
+ shift
+ case " $* " in
+ return 1
+ define_problematic_string rcbrack '}'
+ tst=rcbrack
+ shift
+ eval 'instspc__rcbrack=$1'
++ instspc__rcbrack='}'
+ shift
+ all_test_names_list=' squote dquote bquote sharp dollar bang bslash ampersand percent leftpar rightpar pipe caret tilde qmark star plus minus comma colon semicol equal less more at lqbrack rqbrack lcbrack rcbrack'
+ is_in_list fail-builddir
+ item=fail-builddir
+ shift
+ case " $* " in
+ return 1
+ is_in_list fail-destdir
+ item=fail-destdir
+ shift
+ case " $* " in
+ return 1
+ define_problematic_string space ' '
+ tst=space
+ shift
+ eval 'instspc__space=$1'
++ instspc__space=' '
+ shift
+ all_test_names_list=' squote dquote bquote sharp dollar bang bslash ampersand percent leftpar rightpar pipe caret tilde qmark star plus minus comma colon semicol equal less more at lqbrack rqbrack lcbrack rcbrack space'
+ is_in_list fail-builddir
+ item=fail-builddir
+ shift
+ case " $* " in
+ return 1
+ is_in_list fail-destdir
+ item=fail-destdir
+ shift
+ case " $* " in
+ return 1
+ define_problematic_string tab '	'
+ tst=tab
+ shift
+ eval 'instspc__tab=$1'
++ instspc__tab='	'
+ shift
+ all_test_names_list=' squote dquote bquote sharp dollar bang bslash ampersand percent leftpar rightpar pipe caret tilde qmark star plus minus comma colon semicol equal less more at lqbrack rqbrack lcbrack rcbrack space tab'
+ is_in_list fail-builddir
+ item=fail-builddir
+ shift
+ case " $* " in
+ return 1
+ is_in_list fail-destdir
+ item=fail-destdir
+ shift
+ case " $* " in
+ return 1
+ define_problematic_string linefeed '
' fail-builddir fail-destdir
+ tst=linefeed
+ shift
+ eval 'instspc__linefeed=$1'
++ instspc__linefeed='
'
+ shift
+ all_test_names_list=' squote dquote bquote sharp dollar bang bslash ampersand percent leftpar rightpar pipe caret tilde qmark star plus minus comma colon semicol equal less more at lqbrack rqbrack lcbrack rcbrack space tab linefeed'
+ is_in_list fail-builddir fail-builddir fail-destdir
+ item=fail-builddir
+ shift
+ case " $* " in
+ return 0
+ builddir_xfails=' squote dquote bquote sharp dollar bslash ampersand linefeed'
+ is_in_list fail-destdir fail-builddir fail-destdir
+ item=fail-destdir
+ shift
+ case " $* " in
+ return 0
+ destdir_xfails=' squote dquote bquote sharp dollar linefeed'
+ define_problematic_string backspace $'\b'
+ tst=backspace
+ shift
+ eval 'instspc__backspace=$1'
++ instspc__backspace=$'\b'
+ shift
+ all_test_names_list=' squote dquote bquote sharp dollar bang bslash ampersand percent leftpar rightpar pipe caret tilde qmark star plus minus comma colon semicol equal less more at lqbrack rqbrack lcbrack rcbrack space tab linefeed backspace'
+ is_in_list fail-builddir
+ item=fail-builddir
+ shift
+ case " $* " in
+ return 1
+ is_in_list fail-destdir
+ item=fail-destdir
+ shift
+ case " $* " in
+ return 1
+ define_problematic_string formfeed $'\f'
+ tst=formfeed
+ shift
+ eval 'instspc__formfeed=$1'
++ instspc__formfeed=$'\f'
+ shift
+ all_test_names_list=' squote dquote bquote sharp dollar bang bslash ampersand percent leftpar rightpar pipe caret tilde qmark star plus minus comma colon semicol equal less more at lqbrack rqbrack lcbrack rcbrack space tab linefeed backspace formfeed'
+ is_in_list fail-builddir
+ item=fail-builddir
+ shift
+ case " $* " in
+ return 1
+ is_in_list fail-destdir
+ item=fail-destdir
+ shift
+ case " $* " in
+ return 1
+ define_problematic_string carriageret $'\r'
+ tst=carriageret
+ shift
+ eval 'instspc__carriageret=$1'
++ instspc__carriageret=$'\r'
+ shift
+ all_test_names_list=' squote dquote bquote sharp dollar bang bslash ampersand percent leftpar rightpar pipe caret tilde qmark star plus minus comma colon semicol equal less more at lqbrack rqbrack lcbrack rcbrack space tab linefeed backspace formfeed carriageret'
+ is_in_list fail-builddir
+ item=fail-builddir
+ shift
+ case " $* " in
+ return 1
+ is_in_list fail-destdir
+ item=fail-destdir
+ shift
+ case " $* " in
+ return 1
+ define_problematic_string quadrigraph0 '@&t@' fail-builddir
+ tst=quadrigraph0
+ shift
+ eval 'instspc__quadrigraph0=$1'
++ instspc__quadrigraph0='@&t@'
+ shift
+ all_test_names_list=' squote dquote bquote sharp dollar bang bslash ampersand percent leftpar rightpar pipe caret tilde qmark star plus minus comma colon semicol equal less more at lqbrack rqbrack lcbrack rcbrack space tab linefeed backspace formfeed carriageret quadrigraph0'
+ is_in_list fail-builddir fail-builddir
+ item=fail-builddir
+ shift
+ case " $* " in
+ return 0
+ builddir_xfails=' squote dquote bquote sharp dollar bslash ampersand linefeed quadrigraph0'
+ is_in_list fail-destdir fail-builddir
+ item=fail-destdir
+ shift
+ case " $* " in
+ return 1
+ define_problematic_string quadrigraph1 '@<:@'
+ tst=quadrigraph1
+ shift
+ eval 'instspc__quadrigraph1=$1'
++ instspc__quadrigraph1='@<:@'
+ shift
+ all_test_names_list=' squote dquote bquote sharp dollar bang bslash ampersand percent leftpar rightpar pipe caret tilde qmark star plus minus comma colon semicol equal less more at lqbrack rqbrack lcbrack rcbrack space tab linefeed backspace formfeed carriageret quadrigraph0 quadrigraph1'
+ is_in_list fail-builddir
+ item=fail-builddir
+ shift
+ case " $* " in
+ return 1
+ is_in_list fail-destdir
+ item=fail-destdir
+ shift
+ case " $* " in
+ return 1
+ define_problematic_string quadrigraph2 '@:>@'
+ tst=quadrigraph2
+ shift
+ eval 'instspc__quadrigraph2=$1'
++ instspc__quadrigraph2='@:>@'
+ shift
+ all_test_names_list=' squote dquote bquote sharp dollar bang bslash ampersand percent leftpar rightpar pipe caret tilde qmark star plus minus comma colon semicol equal less more at lqbrack rqbrack lcbrack rcbrack space tab linefeed backspace formfeed carriageret quadrigraph0 quadrigraph1 quadrigraph2'
+ is_in_list fail-builddir
+ item=fail-builddir
+ shift
+ case " $* " in
+ return 1
+ is_in_list fail-destdir
+ item=fail-destdir
+ shift
+ case " $* " in
+ return 1
+ define_problematic_string quadrigraph3 '@S|@'
+ tst=quadrigraph3
+ shift
+ eval 'instspc__quadrigraph3=$1'
++ instspc__quadrigraph3='@S|@'
+ shift
+ all_test_names_list=' squote dquote bquote sharp dollar bang bslash ampersand percent leftpar rightpar pipe caret tilde qmark star plus minus comma colon semicol equal less more at lqbrack rqbrack lcbrack rcbrack space tab linefeed backspace formfeed carriageret quadrigraph0 quadrigraph1 quadrigraph2 quadrigraph3'
+ is_in_list fail-builddir
+ item=fail-builddir
+ shift
+ case " $* " in
+ return 1
+ is_in_list fail-destdir
+ item=fail-destdir
+ shift
+ case " $* " in
+ return 1
+ define_problematic_string quadrigraph4 @%:@
+ tst=quadrigraph4
+ shift
+ eval 'instspc__quadrigraph4=$1'
++ instspc__quadrigraph4=@%:@
+ shift
+ all_test_names_list=' squote dquote bquote sharp dollar bang bslash ampersand percent leftpar rightpar pipe caret tilde qmark star plus minus comma colon semicol equal less more at lqbrack rqbrack lcbrack rcbrack space tab linefeed backspace formfeed carriageret quadrigraph0 quadrigraph1 quadrigraph2 quadrigraph3 quadrigraph4'
+ is_in_list fail-builddir
+ item=fail-builddir
+ shift
+ case " $* " in
+ return 1
+ is_in_list fail-destdir
+ item=fail-destdir
+ shift
+ case " $* " in
+ return 1
+ define_problematic_string a_b 'a b'
+ tst=a_b
+ shift
+ eval 'instspc__a_b=$1'
++ instspc__a_b='a b'
+ shift
+ all_test_names_list=' squote dquote bquote sharp dollar bang bslash ampersand percent leftpar rightpar pipe caret tilde qmark star plus minus comma colon semicol equal less more at lqbrack rqbrack lcbrack rcbrack space tab linefeed backspace formfeed carriageret quadrigraph0 quadrigraph1 quadrigraph2 quadrigraph3 quadrigraph4 a_b'
+ is_in_list fail-builddir
+ item=fail-builddir
+ shift
+ case " $* " in
+ return 1
+ is_in_list fail-destdir
+ item=fail-destdir
+ shift
+ case " $* " in
+ return 1
+ define_problematic_string a__b 'a  b'
+ tst=a__b
+ shift
+ eval 'instspc__a__b=$1'
++ instspc__a__b='a  b'
+ shift
+ all_test_names_list=' squote dquote bquote sharp dollar bang bslash ampersand percent leftpar rightpar pipe caret tilde qmark star plus minus comma colon semicol equal less more at lqbrack rqbrack lcbrack rcbrack space tab linefeed backspace formfeed carriageret quadrigraph0 quadrigraph1 quadrigraph2 quadrigraph3 quadrigraph4 a_b a__b'
+ is_in_list fail-builddir
+ item=fail-builddir
+ shift
+ case " $* " in
+ return 1
+ is_in_list fail-destdir
+ item=fail-destdir
+ shift
+ case " $* " in
+ return 1
+ define_problematic_string a_lf_b 'a
b' fail-builddir fail-destdir
+ tst=a_lf_b
+ shift
+ eval 'instspc__a_lf_b=$1'
++ instspc__a_lf_b='a
b'
+ shift
+ all_test_names_list=' squote dquote bquote sharp dollar bang bslash ampersand percent leftpar rightpar pipe caret tilde qmark star plus minus comma colon semicol equal less more at lqbrack rqbrack lcbrack rcbrack space tab linefeed backspace formfeed carriageret quadrigraph0 quadrigraph1 quadrigraph2 quadrigraph3 quadrigraph4 a_b a__b a_lf_b'
+ is_in_list fail-builddir fail-builddir fail-destdir
+ item=fail-builddir
+ shift
+ case " $* " in
+ return 0
+ builddir_xfails=' squote dquote bquote sharp dollar bslash ampersand linefeed quadrigraph0 a_lf_b'
+ is_in_list fail-destdir fail-builddir fail-destdir
+ item=fail-destdir
+ shift
+ case " $* " in
+ return 0
+ destdir_xfails=' squote dquote bquote sharp dollar linefeed a_lf_b'
+ define_problematic_string dotdotdot ...
+ tst=dotdotdot
+ shift
+ eval 'instspc__dotdotdot=$1'
++ instspc__dotdotdot=...
+ shift
+ all_test_names_list=' squote dquote bquote sharp dollar bang bslash ampersand percent leftpar rightpar pipe caret tilde qmark star plus minus comma colon semicol equal less more at lqbrack rqbrack lcbrack rcbrack space tab linefeed backspace formfeed carriageret quadrigraph0 quadrigraph1 quadrigraph2 quadrigraph3 quadrigraph4 a_b a__b a_lf_b dotdotdot'
+ is_in_list fail-builddir
+ item=fail-builddir
+ shift
+ case " $* " in
+ return 1
+ is_in_list fail-destdir
+ item=fail-destdir
+ shift
+ case " $* " in
+ return 1
+ define_problematic_string dosdrive a:
+ tst=dosdrive
+ shift
+ eval 'instspc__dosdrive=$1'
++ instspc__dosdrive=a:
+ shift
+ all_test_names_list=' squote dquote bquote sharp dollar bang bslash ampersand percent leftpar rightpar pipe caret tilde qmark star plus minus comma colon semicol equal less more at lqbrack rqbrack lcbrack rcbrack space tab linefeed backspace formfeed carriageret quadrigraph0 quadrigraph1 quadrigraph2 quadrigraph3 quadrigraph4 a_b a__b a_lf_b dotdotdot dosdrive'
+ is_in_list fail-builddir
+ item=fail-builddir
+ shift
+ case " $* " in
+ return 1
+ is_in_list fail-destdir
+ item=fail-destdir
+ shift
+ case " $* " in
+ return 1
+ define_problematic_string miscglob1 '?[a-z]*'
+ tst=miscglob1
+ shift
+ eval 'instspc__miscglob1=$1'
++ instspc__miscglob1='?[a-z]*'
+ shift
+ all_test_names_list=' squote dquote bquote sharp dollar bang bslash ampersand percent leftpar rightpar pipe caret tilde qmark star plus minus comma colon semicol equal less more at lqbrack rqbrack lcbrack rcbrack space tab linefeed backspace formfeed carriageret quadrigraph0 quadrigraph1 quadrigraph2 quadrigraph3 quadrigraph4 a_b a__b a_lf_b dotdotdot dosdrive miscglob1'
+ is_in_list fail-builddir
+ item=fail-builddir
+ shift
+ case " $* " in
+ return 1
+ is_in_list fail-destdir
+ item=fail-destdir
+ shift
+ case " $* " in
+ return 1
+ define_problematic_string miscglob2 '.*?[0-9]'
+ tst=miscglob2
+ shift
+ eval 'instspc__miscglob2=$1'
++ instspc__miscglob2='.*?[0-9]'
+ shift
+ all_test_names_list=' squote dquote bquote sharp dollar bang bslash ampersand percent leftpar rightpar pipe caret tilde qmark star plus minus comma colon semicol equal less more at lqbrack rqbrack lcbrack rcbrack space tab linefeed backspace formfeed carriageret quadrigraph0 quadrigraph1 quadrigraph2 quadrigraph3 quadrigraph4 a_b a__b a_lf_b dotdotdot dosdrive miscglob1 miscglob2'
+ is_in_list fail-builddir
+ item=fail-builddir
+ shift
+ case " $* " in
+ return 1
+ is_in_list fail-destdir
+ item=fail-destdir
+ shift
+ case " $* " in
+ return 1
+ unset def
+ test 0 -gt 0
+ test_names_list=' squote dquote bquote sharp dollar bang bslash ampersand percent leftpar rightpar pipe caret tilde qmark star plus minus comma colon semicol equal less more at lqbrack rqbrack lcbrack rcbrack space tab linefeed backspace formfeed carriageret quadrigraph0 quadrigraph1 quadrigraph2 quadrigraph3 quadrigraph4 a_b a__b a_lf_b dotdotdot dosdrive miscglob1 miscglob2'
+ plan_ 94
+ test 1 -eq 0
+ test 1 -ge 2
+ test xnone '!=' xnone
+ test x94 = xunknown
+ test x94 = xlater
+ test x94 = xlazy
+ test x94 = xnow
+ test 94 -ge 0
+ planned_=94
+ echo 1..94
1..94
++ pwd
+ ocwd=/private/tmp/homebrew-automake-HEAD-mfsB/tests/instspc.dir
+ create_input_data
+ mkdir sub
+ unindent
+ test x = x
++ printf '%s\n' '
  /^$/b                    # Nothing to do for empty lines.
  x                        # Get x<indent> into pattern space.
  /^$/{                    # No prior x<indent>, go prepare it.
    g                      # Copy this 1st non-blank line into pattern space.
    s/^\([	 ]*\).*/x\1/   # Prepare x<indent> in pattern space.
  }                        # Now: x<indent> in pattern and <line> in hold.
  G                        # Build x<indent>\n<line> in pattern space, and
  h                        # duplicate it into hold space.
  s/\n.*$//                # Restore x<indent> in pattern space, and
  x                        # exchange with the above duplicate in hold space.
  s/^x\(.*\)\n\1//         # Remove leading <indent> from <line>.
  s/^x.*\n//               # Restore <line> when there is no leading <indent>.
'
++ sed -e 's/  *# .*//'
+ sed_unindent_prog='
  /^$/b
  x
  /^$/{
    g
    s/^\([	 ]*\).*/x\1/
  }
  G
  h
  s/\n.*$//
  x
  s/^x\(.*\)\n\1//
  s/^x.*\n//'
+ sed '
  /^$/b
  x
  /^$/{
    g
    s/^\([	 ]*\).*/x\1/
  }
  G
  h
  s/\n.*$//
  x
  s/^x\(.*\)\n\1//
  s/^x.*\n//'
+ :
+ :
+ :
+ :
+ :
+ :
+ unindent
+ test 'x
  /^$/b
  x
  /^$/{
    g
    s/^\([	 ]*\).*/x\1/
  }
  G
  h
  s/\n.*$//
  x
  s/^x\(.*\)\n\1//
  s/^x.*\n//' = x
+ sed '
  /^$/b
  x
  /^$/{
    g
    s/^\([	 ]*\).*/x\1/
  }
  G
  h
  s/\n.*$//
  x
  s/^x\(.*\)\n\1//
  s/^x.*\n//'
+ unindent
+ test 'x
  /^$/b
  x
  /^$/{
    g
    s/^\([	 ]*\).*/x\1/
  }
  G
  h
  s/\n.*$//
  x
  s/^x\(.*\)\n\1//
  s/^x.*\n//' = x
+ sed '
  /^$/b
  x
  /^$/{
    g
    s/^\([	 ]*\).*/x\1/
  }
  G
  h
  s/\n.*$//
  x
  s/^x\(.*\)\n\1//
  s/^x.*\n//'
+ aclocal-1.11a -Werror
+ autoconf
+ automake-1.11a --foreign -Werror -Wall -a
configure.ac:5: installing './ar-lib'
+ for test_name in '$test_names_list'
+ eval 'test_string=${instspc__squote}'
++ test_string=''\'''
+ test 'x'\''' = x
+ mkdir './'\'''
+ case $test_string in
+ for where in build dest
+ case $where in
+ build='./'\'''
+ dest=/private/tmp/homebrew-automake-HEAD-mfsB/tests/instspc.dir/dest-squote
+ cd './'\'''
+ r=ok
+ ../configure --prefix '/'\''-prefix'
checking for a BSD-compatible install... /usr/bin/install -c
checking whether build environment is sane... configure: error: unsafe absolute working directory name
+ r='not ok'
+ description='squote in builddir'
+ expected_to_fail build squote
+ case $1 in
+ is_in_list squote squote dquote bquote sharp dollar bslash ampersand linefeed quadrigraph0 a_lf_b
+ item=squote
+ shift
+ case " $* " in
+ return 0
+ directive=TODO
+ reason='long-standing limitation'
+ result_ 'not ok' -D TODO -r 'long-standing limitation' -- 'squote in builddir'
+ set +x
not ok 1 - squote in builddir # TODO long-standing limitation
XFAIL: instspc.tap 1 - squote in builddir # TODO long-standing limitation
+ cd /private/tmp/homebrew-automake-HEAD-mfsB/tests/instspc.dir
+ not am_keeping_testdirs
+ am_keeping_testdirs
+ case $keep_testdirs in
+ return 1
+ return 0
+ test 'not ok' = ok
+ : For lesser shells with broken 'set -e.'
+ for where in build dest
+ case $where in
+ build=build-squote
+ dest='/private/tmp/homebrew-automake-HEAD-mfsB/tests/instspc.dir/'\'''
+ mkdir build-squote
+ cd build-squote
+ r=ok
+ ../configure --prefix '/'\''-prefix'
checking for a BSD-compatible install... /usr/bin/install -c
checking whether build environment is sane... yes
checking for a thread-safe mkdir -p... ../install-sh -c -d
checking for gawk... gawk
checking whether make sets $(MAKE)... yes
checking for gcc... /usr/bin/llvm-gcc
checking whether the C compiler works... yes
checking for C compiler default output file name... a.out
checking for suffix of executables... 
checking whether we are cross compiling... no
checking for suffix of object files... o
checking whether we are using the GNU C compiler... yes
checking whether /usr/bin/llvm-gcc accepts -g... yes
checking for /usr/bin/llvm-gcc option to accept ISO C89... none needed
checking for style of include used by make... GNU
checking dependency style of /usr/bin/llvm-gcc... gcc3
checking for ar... ar
checking the archiver (ar) interface... ar
checking for ranlib... ranlib
checking that generated files are newer than configure... done
configure: creating ./config.status
config.status: creating Makefile
config.status: executing depfiles commands
+ make all
/usr/bin/llvm-gcc -DPACKAGE_NAME=\"instspc\" -DPACKAGE_TARNAME=\"instspc\" -DPACKAGE_VERSION=\"1.0\" -DPACKAGE_STRING=\"instspc\ 1.0\" -DPACKAGE_BUGREPORT=\"\" -DPACKAGE_URL=\"\" -DPACKAGE=\"instspc\" -DVERSION=\"1.0\" -I. -I..   -I/usr/local/Cellar/libffi/3.0.10/include -I/usr/local/Cellar/gettext/0.18.1.1/include  -Os -w -pipe   -march=core2 -msse4 -MT source.o -MD -MP -MF .deps/source.Tpo -c -o source.o ../source.c
mv -f .deps/source.Tpo .deps/source.Po
rm -f sub/libbase.a
ar cru sub/libbase.a source.o 
ranlib sub/libbase.a
rm -f sub/libnobase.a
ar cru sub/libnobase.a source.o 
ranlib sub/libnobase.a
/usr/bin/llvm-gcc  -Os -w -pipe   -march=core2 -msse4  -L/usr/local/Cellar/libffi/3.0.10/lib -L/usr/local/Cellar/gettext/0.18.1.1/lib -o sub/base source.o  
/usr/bin/llvm-gcc  -Os -w -pipe   -march=core2 -msse4  -L/usr/local/Cellar/libffi/3.0.10/lib -L/usr/local/Cellar/gettext/0.18.1.1/lib -o sub/nobase source.o  
+ DESTDIR='/private/tmp/homebrew-automake-HEAD-mfsB/tests/instspc.dir/'\'''
+ file='./'\'''
+ make -e test-inst
test -z "/'-prefix/foo" || ../install-sh -c -d "/private/tmp/homebrew-automake-HEAD-mfsB/tests/instspc.dir/'/'-prefix/foo"
 /usr/bin/install -c ../sub/base.sh '/private/tmp/homebrew-automake-HEAD-mfsB/tests/instspc.dir/'/'-prefix/foo'
test -z "/'-prefix/foo" || ../install-sh -c -d "/private/tmp/homebrew-automake-HEAD-mfsB/tests/instspc.dir/'/'-prefix/foo"
 /usr/bin/install -c -m 644  sub/libbase.a '/private/tmp/homebrew-automake-HEAD-mfsB/tests/instspc.dir/'/'-prefix/foo'
 ( cd '/private/tmp/homebrew-automake-HEAD-mfsB/tests/instspc.dir/'/'-prefix/foo' && ranlib libbase.a )
test -z "/'-prefix/foo" || ../install-sh -c -d "/private/tmp/homebrew-automake-HEAD-mfsB/tests/instspc.dir/'/'-prefix/foo"
  /usr/bin/install -c sub/base '/private/tmp/homebrew-automake-HEAD-mfsB/tests/instspc.dir/'/'-prefix/foo'
test -z "/'-prefix/foo" || ../install-sh -c -d "/private/tmp/homebrew-automake-HEAD-mfsB/tests/instspc.dir/'/'-prefix/foo"
 ../install-sh -c -d '/private/tmp/homebrew-automake-HEAD-mfsB/tests/instspc.dir/'/'-prefix/foo/sub/'
 /usr/bin/install -c ../sub/nobase.sh '/private/tmp/homebrew-automake-HEAD-mfsB/tests/instspc.dir/'/'-prefix/foo/sub/'
test -z "/'-prefix/foo" || ../install-sh -c -d "/private/tmp/homebrew-automake-HEAD-mfsB/tests/instspc.dir/'/'-prefix/foo"
../install-sh -c -d '/private/tmp/homebrew-automake-HEAD-mfsB/tests/instspc.dir/'/'-prefix/foo/sub'
 /usr/bin/install -c -m 644  sub/libnobase.a '/private/tmp/homebrew-automake-HEAD-mfsB/tests/instspc.dir/'/'-prefix/foo/sub'
 ( cd '/private/tmp/homebrew-automake-HEAD-mfsB/tests/instspc.dir/'/'-prefix/foo' && ranlib sub/libnobase.a )
test -z "/'-prefix/foo" || ../install-sh -c -d "/private/tmp/homebrew-automake-HEAD-mfsB/tests/instspc.dir/'/'-prefix/foo"
 ../install-sh -c -d '/private/tmp/homebrew-automake-HEAD-mfsB/tests/instspc.dir/'/'-prefix/foo/sub/'
  /usr/bin/install -c sub/nobase '/private/tmp/homebrew-automake-HEAD-mfsB/tests/instspc.dir/'/'-prefix/foo/sub/'
test -z "/'-prefix/foo" || ../install-sh -c -d "/private/tmp/homebrew-automake-HEAD-mfsB/tests/instspc.dir/'/'-prefix/foo"
 /usr/bin/install -c -m 644 ../sub/base.dat '/private/tmp/homebrew-automake-HEAD-mfsB/tests/instspc.dir/'/'-prefix/foo'
test -z "/'-prefix/foo" || ../install-sh -c -d "/private/tmp/homebrew-automake-HEAD-mfsB/tests/instspc.dir/'/'-prefix/foo"
 /usr/bin/install -c -m 644 ../sub/base.h '/private/tmp/homebrew-automake-HEAD-mfsB/tests/instspc.dir/'/'-prefix/foo'
test -z "/'-prefix/foo" || ../install-sh -c -d "/private/tmp/homebrew-automake-HEAD-mfsB/tests/instspc.dir/'/'-prefix/foo"
../install-sh -c -d '/private/tmp/homebrew-automake-HEAD-mfsB/tests/instspc.dir/'/'-prefix/foo/sub'
 /usr/bin/install -c -m 644  ../sub/nobase.dat '/private/tmp/homebrew-automake-HEAD-mfsB/tests/instspc.dir/'/'-prefix/foo/sub'
test -z "/'-prefix/foo" || ../install-sh -c -d "/private/tmp/homebrew-automake-HEAD-mfsB/tests/instspc.dir/'/'-prefix/foo"
../install-sh -c -d '/private/tmp/homebrew-automake-HEAD-mfsB/tests/instspc.dir/'/'-prefix/foo/sub'
 /usr/bin/install -c -m 644  ../sub/nobase.h '/private/tmp/homebrew-automake-HEAD-mfsB/tests/instspc.dir/'/'-prefix/foo/sub'
test   -f '/private/tmp/homebrew-automake-HEAD-mfsB/tests/instspc.dir/'/./'-prefix/foo/sub/nobase.h'
make: *** [test-inst] Error 1
+ r='not ok'
+ description='squote in destdir'
+ expected_to_fail dest squote
+ case $1 in
+ is_in_list squote squote dquote bquote sharp dollar linefeed a_lf_b
+ item=squote
+ shift
+ case " $* " in
+ return 0
+ directive=TODO
+ reason='long-standing limitation'
+ result_ 'not ok' -D TODO -r 'long-standing limitation' -- 'squote in destdir'
+ set +x
not ok 2 - squote in destdir # TODO long-standing limitation
XFAIL: instspc.tap 2 - squote in destdir # TODO long-standing limitation
+ cd /private/tmp/homebrew-automake-HEAD-mfsB/tests/instspc.dir
+ not am_keeping_testdirs
+ am_keeping_testdirs
+ case $keep_testdirs in
+ return 1
+ return 0
+ test 'not ok' = ok
+ : For lesser shells with broken 'set -e.'
+ for test_name in '$test_names_list'
+ eval 'test_string=${instspc__dquote}'
++ test_string='"'
+ test 'x"' = x
+ mkdir './"'
+ case $test_string in
+ for where in build dest
+ case $where in
+ build='./"'
+ dest=/private/tmp/homebrew-automake-HEAD-mfsB/tests/instspc.dir/dest-dquote
+ cd './"'
+ r=ok
+ ../configure --prefix '/"-prefix'
checking for a BSD-compatible install... /usr/bin/install -c
checking whether build environment is sane... configure: error: unsafe absolute working directory name
+ r='not ok'
+ description='dquote in builddir'
+ expected_to_fail build dquote
+ case $1 in
+ is_in_list dquote squote dquote bquote sharp dollar bslash ampersand linefeed quadrigraph0 a_lf_b
+ item=dquote
+ shift
+ case " $* " in
+ return 0
+ directive=TODO
+ reason='long-standing limitation'
+ result_ 'not ok' -D TODO -r 'long-standing limitation' -- 'dquote in builddir'
+ set +x
not ok 3 - dquote in builddir # TODO long-standing limitation
XFAIL: instspc.tap 3 - dquote in builddir # TODO long-standing limitation
+ cd /private/tmp/homebrew-automake-HEAD-mfsB/tests/instspc.dir
+ not am_keeping_testdirs
+ am_keeping_testdirs
+ case $keep_testdirs in
+ return 1
+ return 0
+ test 'not ok' = ok
+ : For lesser shells with broken 'set -e.'
+ for where in build dest
+ case $where in
+ build=build-dquote
+ dest='/private/tmp/homebrew-automake-HEAD-mfsB/tests/instspc.dir/"'
+ mkdir build-dquote
+ cd build-dquote
+ r=ok
+ ../configure --prefix '/"-prefix'
checking for a BSD-compatible install... /usr/bin/install -c
checking whether build environment is sane... yes
checking for a thread-safe mkdir -p... ../install-sh -c -d
checking for gawk... gawk
checking whether make sets $(MAKE)... yes
checking for gcc... /usr/bin/llvm-gcc
checking whether the C compiler works... yes
checking for C compiler default output file name... a.out
checking for suffix of executables... 
checking whether we are cross compiling... no
checking for suffix of object files... o
checking whether we are using the GNU C compiler... yes
checking whether /usr/bin/llvm-gcc accepts -g... yes
checking for /usr/bin/llvm-gcc option to accept ISO C89... none needed
checking for style of include used by make... GNU
checking dependency style of /usr/bin/llvm-gcc... gcc3
checking for ar... ar
checking the archiver (ar) interface... ar
checking for ranlib... ranlib
checking that generated files are newer than configure... done
configure: creating ./config.status
config.status: creating Makefile
config.status: executing depfiles commands
+ make all
/usr/bin/llvm-gcc -DPACKAGE_NAME=\"instspc\" -DPACKAGE_TARNAME=\"instspc\" -DPACKAGE_VERSION=\"1.0\" -DPACKAGE_STRING=\"instspc\ 1.0\" -DPACKAGE_BUGREPORT=\"\" -DPACKAGE_URL=\"\" -DPACKAGE=\"instspc\" -DVERSION=\"1.0\" -I. -I..   -I/usr/local/Cellar/libffi/3.0.10/include -I/usr/local/Cellar/gettext/0.18.1.1/include  -Os -w -pipe   -march=core2 -msse4 -MT source.o -MD -MP -MF .deps/source.Tpo -c -o source.o ../source.c
mv -f .deps/source.Tpo .deps/source.Po
rm -f sub/libbase.a
ar cru sub/libbase.a source.o 
ranlib sub/libbase.a
rm -f sub/libnobase.a
ar cru sub/libnobase.a source.o 
ranlib sub/libnobase.a
/usr/bin/llvm-gcc  -Os -w -pipe   -march=core2 -msse4  -L/usr/local/Cellar/libffi/3.0.10/lib -L/usr/local/Cellar/gettext/0.18.1.1/lib -o sub/base source.o  
/usr/bin/llvm-gcc  -Os -w -pipe   -march=core2 -msse4  -L/usr/local/Cellar/libffi/3.0.10/lib -L/usr/local/Cellar/gettext/0.18.1.1/lib -o sub/nobase source.o  
+ DESTDIR='/private/tmp/homebrew-automake-HEAD-mfsB/tests/instspc.dir/"'
+ file='./"'
+ make -e test-inst
test -z "/"-prefix/foo" || ../install-sh -c -d "/private/tmp/homebrew-automake-HEAD-mfsB/tests/instspc.dir/"/"-prefix/foo"
/bin/sh: -c: line 0: unexpected EOF while looking for matching `"'
/bin/sh: -c: line 1: syntax error: unexpected end of file
make[1]: *** [install-dist_fooexecSCRIPTS] Error 2
make: *** [install-am] Error 2
+ r='not ok'
+ description='dquote in destdir'
+ expected_to_fail dest dquote
+ case $1 in
+ is_in_list dquote squote dquote bquote sharp dollar linefeed a_lf_b
+ item=dquote
+ shift
+ case " $* " in
+ return 0
+ directive=TODO
+ reason='long-standing limitation'
+ result_ 'not ok' -D TODO -r 'long-standing limitation' -- 'dquote in destdir'
+ set +x
not ok 4 - dquote in destdir # TODO long-standing limitation
XFAIL: instspc.tap 4 - dquote in destdir # TODO long-standing limitation
+ cd /private/tmp/homebrew-automake-HEAD-mfsB/tests/instspc.dir
+ not am_keeping_testdirs
+ am_keeping_testdirs
+ case $keep_testdirs in
+ return 1
+ return 0
+ test 'not ok' = ok
+ : For lesser shells with broken 'set -e.'
+ for test_name in '$test_names_list'
+ eval 'test_string=${instspc__bquote}'
++ test_string='`'
+ test 'x`' = x
+ mkdir './`'
+ case $test_string in
+ for where in build dest
+ case $where in
+ build='./`'
+ dest=/private/tmp/homebrew-automake-HEAD-mfsB/tests/instspc.dir/dest-bquote
+ cd './`'
+ r=ok
+ ../configure --prefix '/`-prefix'
checking for a BSD-compatible install... /usr/bin/install -c
checking whether build environment is sane... configure: error: unsafe absolute working directory name
+ r='not ok'
+ description='bquote in builddir'
+ expected_to_fail build bquote
+ case $1 in
+ is_in_list bquote squote dquote bquote sharp dollar bslash ampersand linefeed quadrigraph0 a_lf_b
+ item=bquote
+ shift
+ case " $* " in
+ return 0
+ directive=TODO
+ reason='long-standing limitation'
+ result_ 'not ok' -D TODO -r 'long-standing limitation' -- 'bquote in builddir'
+ set +x
not ok 5 - bquote in builddir # TODO long-standing limitation
XFAIL: instspc.tap 5 - bquote in builddir # TODO long-standing limitation
+ cd /private/tmp/homebrew-automake-HEAD-mfsB/tests/instspc.dir
+ not am_keeping_testdirs
+ am_keeping_testdirs
+ case $keep_testdirs in
+ return 1
+ return 0
+ test 'not ok' = ok
+ : For lesser shells with broken 'set -e.'
+ for where in build dest
+ case $where in
+ build=build-bquote
+ dest='/private/tmp/homebrew-automake-HEAD-mfsB/tests/instspc.dir/`'
+ mkdir build-bquote
+ cd build-bquote
+ r=ok
+ ../configure --prefix '/`-prefix'
checking for a BSD-compatible install... /usr/bin/install -c
checking whether build environment is sane... yes
checking for a thread-safe mkdir -p... ../install-sh -c -d
checking for gawk... gawk
checking whether make sets $(MAKE)... yes
checking for gcc... /usr/bin/llvm-gcc
checking whether the C compiler works... yes
checking for C compiler default output file name... a.out
checking for suffix of executables... 
checking whether we are cross compiling... no
checking for suffix of object files... o
checking whether we are using the GNU C compiler... yes
checking whether /usr/bin/llvm-gcc accepts -g... yes
checking for /usr/bin/llvm-gcc option to accept ISO C89... none needed
checking for style of include used by make... GNU
checking dependency style of /usr/bin/llvm-gcc... gcc3
checking for ar... ar
checking the archiver (ar) interface... ar
checking for ranlib... ranlib
checking that generated files are newer than configure... done
configure: creating ./config.status
config.status: creating Makefile
config.status: executing depfiles commands
+ make all
/usr/bin/llvm-gcc -DPACKAGE_NAME=\"instspc\" -DPACKAGE_TARNAME=\"instspc\" -DPACKAGE_VERSION=\"1.0\" -DPACKAGE_STRING=\"instspc\ 1.0\" -DPACKAGE_BUGREPORT=\"\" -DPACKAGE_URL=\"\" -DPACKAGE=\"instspc\" -DVERSION=\"1.0\" -I. -I..   -I/usr/local/Cellar/libffi/3.0.10/include -I/usr/local/Cellar/gettext/0.18.1.1/include  -Os -w -pipe   -march=core2 -msse4 -MT source.o -MD -MP -MF .deps/source.Tpo -c -o source.o ../source.c
mv -f .deps/source.Tpo .deps/source.Po
rm -f sub/libbase.a
ar cru sub/libbase.a source.o 
ranlib sub/libbase.a
rm -f sub/libnobase.a
ar cru sub/libnobase.a source.o 
ranlib sub/libnobase.a
/usr/bin/llvm-gcc  -Os -w -pipe   -march=core2 -msse4  -L/usr/local/Cellar/libffi/3.0.10/lib -L/usr/local/Cellar/gettext/0.18.1.1/lib -o sub/base source.o  
/usr/bin/llvm-gcc  -Os -w -pipe   -march=core2 -msse4  -L/usr/local/Cellar/libffi/3.0.10/lib -L/usr/local/Cellar/gettext/0.18.1.1/lib -o sub/nobase source.o  
+ DESTDIR='/private/tmp/homebrew-automake-HEAD-mfsB/tests/instspc.dir/`'
+ file='./`'
+ make -e test-inst
test -z "/`-prefix/foo" || ../install-sh -c -d "/private/tmp/homebrew-automake-HEAD-mfsB/tests/instspc.dir/`/`-prefix/foo"
/bin/sh: -c: line 0: unexpected EOF while looking for matching ``'
/bin/sh: -c: line 1: syntax error: unexpected end of file
make[1]: *** [install-dist_fooexecSCRIPTS] Error 2
make: *** [install-am] Error 2
+ r='not ok'
+ description='bquote in destdir'
+ expected_to_fail dest bquote
+ case $1 in
+ is_in_list bquote squote dquote bquote sharp dollar linefeed a_lf_b
+ item=bquote
+ shift
+ case " $* " in
+ return 0
+ directive=TODO
+ reason='long-standing limitation'
+ result_ 'not ok' -D TODO -r 'long-standing limitation' -- 'bquote in destdir'
+ set +x
not ok 6 - bquote in destdir # TODO long-standing limitation
XFAIL: instspc.tap 6 - bquote in destdir # TODO long-standing limitation
+ cd /private/tmp/homebrew-automake-HEAD-mfsB/tests/instspc.dir
+ not am_keeping_testdirs
+ am_keeping_testdirs
+ case $keep_testdirs in
+ return 1
+ return 0
+ test 'not ok' = ok
+ : For lesser shells with broken 'set -e.'
+ for test_name in '$test_names_list'
+ eval 'test_string=${instspc__sharp}'
++ test_string='#'
+ test x# = x
+ mkdir ./#
+ case $test_string in
+ for where in build dest
+ case $where in
+ build=./#
+ dest=/private/tmp/homebrew-automake-HEAD-mfsB/tests/instspc.dir/dest-sharp
+ cd ./#
+ r=ok
+ ../configure --prefix /#-prefix
checking for a BSD-compatible install... /usr/bin/install -c
checking whether build environment is sane... configure: error: unsafe absolute working directory name
+ r='not ok'
+ description='sharp in builddir'
+ expected_to_fail build sharp
+ case $1 in
+ is_in_list sharp squote dquote bquote sharp dollar bslash ampersand linefeed quadrigraph0 a_lf_b
+ item=sharp
+ shift
+ case " $* " in
+ return 0
+ directive=TODO
+ reason='long-standing limitation'
+ result_ 'not ok' -D TODO -r 'long-standing limitation' -- 'sharp in builddir'
+ set +x
not ok 7 - sharp in builddir # TODO long-standing limitation
XFAIL: instspc.tap 7 - sharp in builddir # TODO long-standing limitation
+ cd /private/tmp/homebrew-automake-HEAD-mfsB/tests/instspc.dir
+ not am_keeping_testdirs
+ am_keeping_testdirs
+ case $keep_testdirs in
+ return 1
+ return 0
+ test 'not ok' = ok
+ : For lesser shells with broken 'set -e.'
+ for where in build dest
+ case $where in
+ build=build-sharp
+ dest=/private/tmp/homebrew-automake-HEAD-mfsB/tests/instspc.dir/#
+ mkdir build-sharp
+ cd build-sharp
+ r=ok
+ ../configure --prefix /#-prefix
checking for a BSD-compatible install... /usr/bin/install -c
checking whether build environment is sane... yes
checking for a thread-safe mkdir -p... ../install-sh -c -d
checking for gawk... gawk
checking whether make sets $(MAKE)... yes
checking for gcc... /usr/bin/llvm-gcc
checking whether the C compiler works... yes
checking for C compiler default output file name... a.out
checking for suffix of executables... 
checking whether we are cross compiling... no
checking for suffix of object files... o
checking whether we are using the GNU C compiler... yes
checking whether /usr/bin/llvm-gcc accepts -g... yes
checking for /usr/bin/llvm-gcc option to accept ISO C89... none needed
checking for style of include used by make... GNU
checking dependency style of /usr/bin/llvm-gcc... gcc3
checking for ar... ar
checking the archiver (ar) interface... ar
checking for ranlib... ranlib
checking that generated files are newer than configure... done
configure: creating ./config.status
config.status: creating Makefile
config.status: executing depfiles commands
+ make all
/usr/bin/llvm-gcc -DPACKAGE_NAME=\"instspc\" -DPACKAGE_TARNAME=\"instspc\" -DPACKAGE_VERSION=\"1.0\" -DPACKAGE_STRING=\"instspc\ 1.0\" -DPACKAGE_BUGREPORT=\"\" -DPACKAGE_URL=\"\" -DPACKAGE=\"instspc\" -DVERSION=\"1.0\" -I. -I..   -I/usr/local/Cellar/libffi/3.0.10/include -I/usr/local/Cellar/gettext/0.18.1.1/include  -Os -w -pipe   -march=core2 -msse4 -MT source.o -MD -MP -MF .deps/source.Tpo -c -o source.o ../source.c
mv -f .deps/source.Tpo .deps/source.Po
rm -f sub/libbase.a
ar cru sub/libbase.a source.o 
ranlib sub/libbase.a
rm -f sub/libnobase.a
ar cru sub/libnobase.a source.o 
ranlib sub/libnobase.a
/usr/bin/llvm-gcc  -Os -w -pipe   -march=core2 -msse4  -L/usr/local/Cellar/libffi/3.0.10/lib -L/usr/local/Cellar/gettext/0.18.1.1/lib -o sub/base source.o  
/usr/bin/llvm-gcc  -Os -w -pipe   -march=core2 -msse4  -L/usr/local/Cellar/libffi/3.0.10/lib -L/usr/local/Cellar/gettext/0.18.1.1/lib -o sub/nobase source.o  
+ DESTDIR=/private/tmp/homebrew-automake-HEAD-mfsB/tests/instspc.dir/#
+ file=./#
+ make -e test-inst
test -z "//foo" || ../install-sh -c -d "/private/tmp/homebrew-automake-HEAD-mfsB/tests/instspc.dir/#//foo"
 /usr/bin/install -c ../sub/base.sh '/private/tmp/homebrew-automake-HEAD-mfsB/tests/instspc.dir/#//foo'
test -z "//foo" || ../install-sh -c -d "/private/tmp/homebrew-automake-HEAD-mfsB/tests/instspc.dir/#//foo"
 /usr/bin/install -c -m 644  sub/libbase.a '/private/tmp/homebrew-automake-HEAD-mfsB/tests/instspc.dir/#//foo'
 ( cd '/private/tmp/homebrew-automake-HEAD-mfsB/tests/instspc.dir/#//foo' && ranlib libbase.a )
test -z "//foo" || ../install-sh -c -d "/private/tmp/homebrew-automake-HEAD-mfsB/tests/instspc.dir/#//foo"
  /usr/bin/install -c sub/base '/private/tmp/homebrew-automake-HEAD-mfsB/tests/instspc.dir/#//foo'
test -z "//foo" || ../install-sh -c -d "/private/tmp/homebrew-automake-HEAD-mfsB/tests/instspc.dir/#//foo"
 ../install-sh -c -d '/private/tmp/homebrew-automake-HEAD-mfsB/tests/instspc.dir/#//foo/sub/'
 /usr/bin/install -c ../sub/nobase.sh '/private/tmp/homebrew-automake-HEAD-mfsB/tests/instspc.dir/#//foo/sub/'
test -z "//foo" || ../install-sh -c -d "/private/tmp/homebrew-automake-HEAD-mfsB/tests/instspc.dir/#//foo"
../install-sh -c -d '/private/tmp/homebrew-automake-HEAD-mfsB/tests/instspc.dir/#//foo/sub'
 /usr/bin/install -c -m 644  sub/libnobase.a '/private/tmp/homebrew-automake-HEAD-mfsB/tests/instspc.dir/#//foo/sub'
 ( cd '/private/tmp/homebrew-automake-HEAD-mfsB/tests/instspc.dir/#//foo' && ranlib sub/libnobase.a )
test -z "//foo" || ../install-sh -c -d "/private/tmp/homebrew-automake-HEAD-mfsB/tests/instspc.dir/#//foo"
 ../install-sh -c -d '/private/tmp/homebrew-automake-HEAD-mfsB/tests/instspc.dir/#//foo/sub/'
  /usr/bin/install -c sub/nobase '/private/tmp/homebrew-automake-HEAD-mfsB/tests/instspc.dir/#//foo/sub/'
test -z "//foo" || ../install-sh -c -d "/private/tmp/homebrew-automake-HEAD-mfsB/tests/instspc.dir/#//foo"
 /usr/bin/install -c -m 644 ../sub/base.dat '/private/tmp/homebrew-automake-HEAD-mfsB/tests/instspc.dir/#//foo'
test -z "//foo" || ../install-sh -c -d "/private/tmp/homebrew-automake-HEAD-mfsB/tests/instspc.dir/#//foo"
 /usr/bin/install -c -m 644 ../sub/base.h '/private/tmp/homebrew-automake-HEAD-mfsB/tests/instspc.dir/#//foo'
test -z "//foo" || ../install-sh -c -d "/private/tmp/homebrew-automake-HEAD-mfsB/tests/instspc.dir/#//foo"
../install-sh -c -d '/private/tmp/homebrew-automake-HEAD-mfsB/tests/instspc.dir/#//foo/sub'
 /usr/bin/install -c -m 644  ../sub/nobase.dat '/private/tmp/homebrew-automake-HEAD-mfsB/tests/instspc.dir/#//foo/sub'
test -z "//foo" || ../install-sh -c -d "/private/tmp/homebrew-automake-HEAD-mfsB/tests/instspc.dir/#//foo"
../install-sh -c -d '/private/tmp/homebrew-automake-HEAD-mfsB/tests/instspc.dir/#//foo/sub'
 /usr/bin/install -c -m 644  ../sub/nobase.h '/private/tmp/homebrew-automake-HEAD-mfsB/tests/instspc.dir/#//foo/sub'
test   -f '/private/tmp/homebrew-automake-HEAD-mfsB/tests/instspc.dir/#/./#-prefix/foo/sub/nobase.h'
make: *** [test-inst] Error 1
+ r='not ok'
+ description='sharp in destdir'
+ expected_to_fail dest sharp
+ case $1 in
+ is_in_list sharp squote dquote bquote sharp dollar linefeed a_lf_b
+ item=sharp
+ shift
+ case " $* " in
+ return 0
+ directive=TODO
+ reason='long-standing limitation'
+ result_ 'not ok' -D TODO -r 'long-standing limitation' -- 'sharp in destdir'
+ set +x
not ok 8 - sharp in destdir # TODO long-standing limitation
XFAIL: instspc.tap 8 - sharp in destdir # TODO long-standing limitation
+ cd /private/tmp/homebrew-automake-HEAD-mfsB/tests/instspc.dir
+ not am_keeping_testdirs
+ am_keeping_testdirs
+ case $keep_testdirs in
+ return 1
+ return 0
+ test 'not ok' = ok
+ : For lesser shells with broken 'set -e.'
+ for test_name in '$test_names_list'
+ eval 'test_string=${instspc__dollar}'
++ test_string='$'
+ test 'x$' = x
+ mkdir './$'
+ case $test_string in
+ for where in build dest
+ case $where in
+ build='./$'
+ dest=/private/tmp/homebrew-automake-HEAD-mfsB/tests/instspc.dir/dest-dollar
+ cd './$'
+ r=ok
+ ../configure --prefix '/$-prefix'
checking for a BSD-compatible install... /usr/bin/install -c
checking whether build environment is sane... configure: error: unsafe absolute working directory name
+ r='not ok'
+ description='dollar in builddir'
+ expected_to_fail build dollar
+ case $1 in
+ is_in_list dollar squote dquote bquote sharp dollar bslash ampersand linefeed quadrigraph0 a_lf_b
+ item=dollar
+ shift
+ case " $* " in
+ return 0
+ directive=TODO
+ reason='long-standing limitation'
+ result_ 'not ok' -D TODO -r 'long-standing limitation' -- 'dollar in builddir'
+ set +x
not ok 9 - dollar in builddir # TODO long-standing limitation
XFAIL: instspc.tap 9 - dollar in builddir # TODO long-standing limitation
+ cd /private/tmp/homebrew-automake-HEAD-mfsB/tests/instspc.dir
+ not am_keeping_testdirs
+ am_keeping_testdirs
+ case $keep_testdirs in
+ return 1
+ return 0
+ test 'not ok' = ok
+ : For lesser shells with broken 'set -e.'
+ for where in build dest
+ case $where in
+ build=build-dollar
+ dest='/private/tmp/homebrew-automake-HEAD-mfsB/tests/instspc.dir/$'
+ mkdir build-dollar
+ cd build-dollar
+ r=ok
+ ../configure --prefix '/$-prefix'
checking for a BSD-compatible install... /usr/bin/install -c
checking whether build environment is sane... yes
checking for a thread-safe mkdir -p... ../install-sh -c -d
checking for gawk... gawk
checking whether make sets $(MAKE)... yes
checking for gcc... /usr/bin/llvm-gcc
checking whether the C compiler works... yes
checking for C compiler default output file name... a.out
checking for suffix of executables... 
checking whether we are cross compiling... no
checking for suffix of object files... o
checking whether we are using the GNU C compiler... yes
checking whether /usr/bin/llvm-gcc accepts -g... yes
checking for /usr/bin/llvm-gcc option to accept ISO C89... none needed
checking for style of include used by make... GNU
checking dependency style of /usr/bin/llvm-gcc... gcc3
checking for ar... ar
checking the archiver (ar) interface... ar
checking for ranlib... ranlib
checking that generated files are newer than configure... done
configure: creating ./config.status
config.status: creating Makefile
config.status: executing depfiles commands
+ make all
/usr/bin/llvm-gcc -DPACKAGE_NAME=\"instspc\" -DPACKAGE_TARNAME=\"instspc\" -DPACKAGE_VERSION=\"1.0\" -DPACKAGE_STRING=\"instspc\ 1.0\" -DPACKAGE_BUGREPORT=\"\" -DPACKAGE_URL=\"\" -DPACKAGE=\"instspc\" -DVERSION=\"1.0\" -I. -I..   -I/usr/local/Cellar/libffi/3.0.10/include -I/usr/local/Cellar/gettext/0.18.1.1/include  -Os -w -pipe   -march=core2 -msse4 -MT source.o -MD -MP -MF .deps/source.Tpo -c -o source.o ../source.c
mv -f .deps/source.Tpo .deps/source.Po
rm -f sub/libbase.a
ar cru sub/libbase.a source.o 
ranlib sub/libbase.a
rm -f sub/libnobase.a
ar cru sub/libnobase.a source.o 
ranlib sub/libnobase.a
/usr/bin/llvm-gcc  -Os -w -pipe   -march=core2 -msse4  -L/usr/local/Cellar/libffi/3.0.10/lib -L/usr/local/Cellar/gettext/0.18.1.1/lib -o sub/base source.o  
/usr/bin/llvm-gcc  -Os -w -pipe   -march=core2 -msse4  -L/usr/local/Cellar/libffi/3.0.10/lib -L/usr/local/Cellar/gettext/0.18.1.1/lib -o sub/nobase source.o  
+ DESTDIR='/private/tmp/homebrew-automake-HEAD-mfsB/tests/instspc.dir/$'
+ file='./$'
+ make -e test-inst
test -z "/prefix/foo" || ../install-sh -c -d "/private/tmp/homebrew-automake-HEAD-mfsB/tests/instspc.dir//prefix/foo"
 /usr/bin/install -c ../sub/base.sh '/private/tmp/homebrew-automake-HEAD-mfsB/tests/instspc.dir//prefix/foo'
test -z "/prefix/foo" || ../install-sh -c -d "/private/tmp/homebrew-automake-HEAD-mfsB/tests/instspc.dir//prefix/foo"
 /usr/bin/install -c -m 644  sub/libbase.a '/private/tmp/homebrew-automake-HEAD-mfsB/tests/instspc.dir//prefix/foo'
 ( cd '/private/tmp/homebrew-automake-HEAD-mfsB/tests/instspc.dir//prefix/foo' && ranlib libbase.a )
test -z "/prefix/foo" || ../install-sh -c -d "/private/tmp/homebrew-automake-HEAD-mfsB/tests/instspc.dir//prefix/foo"
  /usr/bin/install -c sub/base '/private/tmp/homebrew-automake-HEAD-mfsB/tests/instspc.dir//prefix/foo'
test -z "/prefix/foo" || ../install-sh -c -d "/private/tmp/homebrew-automake-HEAD-mfsB/tests/instspc.dir//prefix/foo"
 ../install-sh -c -d '/private/tmp/homebrew-automake-HEAD-mfsB/tests/instspc.dir//prefix/foo/sub/'
 /usr/bin/install -c ../sub/nobase.sh '/private/tmp/homebrew-automake-HEAD-mfsB/tests/instspc.dir//prefix/foo/sub/'
test -z "/prefix/foo" || ../install-sh -c -d "/private/tmp/homebrew-automake-HEAD-mfsB/tests/instspc.dir//prefix/foo"
../install-sh -c -d '/private/tmp/homebrew-automake-HEAD-mfsB/tests/instspc.dir//prefix/foo/sub'
 /usr/bin/install -c -m 644  sub/libnobase.a '/private/tmp/homebrew-automake-HEAD-mfsB/tests/instspc.dir//prefix/foo/sub'
 ( cd '/private/tmp/homebrew-automake-HEAD-mfsB/tests/instspc.dir//prefix/foo' && ranlib sub/libnobase.a )
test -z "/prefix/foo" || ../install-sh -c -d "/private/tmp/homebrew-automake-HEAD-mfsB/tests/instspc.dir//prefix/foo"
 ../install-sh -c -d '/private/tmp/homebrew-automake-HEAD-mfsB/tests/instspc.dir//prefix/foo/sub/'
  /usr/bin/install -c sub/nobase '/private/tmp/homebrew-automake-HEAD-mfsB/tests/instspc.dir//prefix/foo/sub/'
test -z "/prefix/foo" || ../install-sh -c -d "/private/tmp/homebrew-automake-HEAD-mfsB/tests/instspc.dir//prefix/foo"
 /usr/bin/install -c -m 644 ../sub/base.dat '/private/tmp/homebrew-automake-HEAD-mfsB/tests/instspc.dir//prefix/foo'
test -z "/prefix/foo" || ../install-sh -c -d "/private/tmp/homebrew-automake-HEAD-mfsB/tests/instspc.dir//prefix/foo"
 /usr/bin/install -c -m 644 ../sub/base.h '/private/tmp/homebrew-automake-HEAD-mfsB/tests/instspc.dir//prefix/foo'
test -z "/prefix/foo" || ../install-sh -c -d "/private/tmp/homebrew-automake-HEAD-mfsB/tests/instspc.dir//prefix/foo"
../install-sh -c -d '/private/tmp/homebrew-automake-HEAD-mfsB/tests/instspc.dir//prefix/foo/sub'
 /usr/bin/install -c -m 644  ../sub/nobase.dat '/private/tmp/homebrew-automake-HEAD-mfsB/tests/instspc.dir//prefix/foo/sub'
test -z "/prefix/foo" || ../install-sh -c -d "/private/tmp/homebrew-automake-HEAD-mfsB/tests/instspc.dir//prefix/foo"
../install-sh -c -d '/private/tmp/homebrew-automake-HEAD-mfsB/tests/instspc.dir//prefix/foo/sub'
 /usr/bin/install -c -m 644  ../sub/nobase.h '/private/tmp/homebrew-automake-HEAD-mfsB/tests/instspc.dir//prefix/foo/sub'
test   -f '/private/tmp/homebrew-automake-HEAD-mfsB/tests/instspc.dir//./-prefix/foo/sub/nobase.h'
make: *** [test-inst] Error 1
+ r='not ok'
+ description='dollar in destdir'
+ expected_to_fail dest dollar
+ case $1 in
+ is_in_list dollar squote dquote bquote sharp dollar linefeed a_lf_b
+ item=dollar
+ shift
+ case " $* " in
+ return 0
+ directive=TODO
+ reason='long-standing limitation'
+ result_ 'not ok' -D TODO -r 'long-standing limitation' -- 'dollar in destdir'
+ set +x
not ok 10 - dollar in destdir # TODO long-standing limitation
XFAIL: instspc.tap 10 - dollar in destdir # TODO long-standing limitation
+ cd /private/tmp/homebrew-automake-HEAD-mfsB/tests/instspc.dir
+ not am_keeping_testdirs
+ am_keeping_testdirs
+ case $keep_testdirs in
+ return 1
+ return 0
+ test 'not ok' = ok
+ : For lesser shells with broken 'set -e.'
+ for test_name in '$test_names_list'
+ eval 'test_string=${instspc__bang}'
++ test_string='!'
+ test 'x!' = x
+ mkdir './!'
+ case $test_string in
+ for where in build dest
+ case $where in
+ build='./!'
+ dest=/private/tmp/homebrew-automake-HEAD-mfsB/tests/instspc.dir/dest-bang
+ cd './!'
+ r=ok
+ ../configure --prefix '/!-prefix'
checking for a BSD-compatible install... /usr/bin/install -c
checking whether build environment is sane... yes
checking for a thread-safe mkdir -p... ../install-sh -c -d
checking for gawk... gawk
checking whether make sets $(MAKE)... yes
checking for gcc... /usr/bin/llvm-gcc
checking whether the C compiler works... yes
checking for C compiler default output file name... a.out
checking for suffix of executables... 
checking whether we are cross compiling... no
checking for suffix of object files... o
checking whether we are using the GNU C compiler... yes
checking whether /usr/bin/llvm-gcc accepts -g... yes
checking for /usr/bin/llvm-gcc option to accept ISO C89... none needed
checking for style of include used by make... GNU
checking dependency style of /usr/bin/llvm-gcc... gcc3
checking for ar... ar
checking the archiver (ar) interface... ar
checking for ranlib... ranlib
checking that generated files are newer than configure... done
configure: creating ./config.status
config.status: creating Makefile
config.status: executing depfiles commands
+ make all
/usr/bin/llvm-gcc -DPACKAGE_NAME=\"instspc\" -DPACKAGE_TARNAME=\"instspc\" -DPACKAGE_VERSION=\"1.0\" -DPACKAGE_STRING=\"instspc\ 1.0\" -DPACKAGE_BUGREPORT=\"\" -DPACKAGE_URL=\"\" -DPACKAGE=\"instspc\" -DVERSION=\"1.0\" -I. -I..   -I/usr/local/Cellar/libffi/3.0.10/include -I/usr/local/Cellar/gettext/0.18.1.1/include  -Os -w -pipe   -march=core2 -msse4 -MT source.o -MD -MP -MF .deps/source.Tpo -c -o source.o ../source.c
mv -f .deps/source.Tpo .deps/source.Po
rm -f sub/libbase.a
ar cru sub/libbase.a source.o 
ranlib sub/libbase.a
rm -f sub/libnobase.a
ar cru sub/libnobase.a source.o 
ranlib sub/libnobase.a
/usr/bin/llvm-gcc  -Os -w -pipe   -march=core2 -msse4  -L/usr/local/Cellar/libffi/3.0.10/lib -L/usr/local/Cellar/gettext/0.18.1.1/lib -o sub/base source.o  
/usr/bin/llvm-gcc  -Os -w -pipe   -march=core2 -msse4  -L/usr/local/Cellar/libffi/3.0.10/lib -L/usr/local/Cellar/gettext/0.18.1.1/lib -o sub/nobase source.o  
+ DESTDIR=/private/tmp/homebrew-automake-HEAD-mfsB/tests/instspc.dir/dest-bang
+ file='./!'
+ make -e test-inst
test -z "/!-prefix/foo" || ../install-sh -c -d "/private/tmp/homebrew-automake-HEAD-mfsB/tests/instspc.dir/dest-bang/!-prefix/foo"
 /usr/bin/install -c ../sub/base.sh '/private/tmp/homebrew-automake-HEAD-mfsB/tests/instspc.dir/dest-bang/!-prefix/foo'
test -z "/!-prefix/foo" || ../install-sh -c -d "/private/tmp/homebrew-automake-HEAD-mfsB/tests/instspc.dir/dest-bang/!-prefix/foo"
 /usr/bin/install -c -m 644  sub/libbase.a '/private/tmp/homebrew-automake-HEAD-mfsB/tests/instspc.dir/dest-bang/!-prefix/foo'
 ( cd '/private/tmp/homebrew-automake-HEAD-mfsB/tests/instspc.dir/dest-bang/!-prefix/foo' && ranlib libbase.a )
test -z "/!-prefix/foo" || ../install-sh -c -d "/private/tmp/homebrew-automake-HEAD-mfsB/tests/instspc.dir/dest-bang/!-prefix/foo"
  /usr/bin/install -c sub/base '/private/tmp/homebrew-automake-HEAD-mfsB/tests/instspc.dir/dest-bang/!-prefix/foo'
test -z "/!-prefix/foo" || ../install-sh -c -d "/private/tmp/homebrew-automake-HEAD-mfsB/tests/instspc.dir/dest-bang/!-prefix/foo"
 ../install-sh -c -d '/private/tmp/homebrew-automake-HEAD-mfsB/tests/instspc.dir/dest-bang/!-prefix/foo/sub/'
 /usr/bin/install -c ../sub/nobase.sh '/private/tmp/homebrew-automake-HEAD-mfsB/tests/instspc.dir/dest-bang/!-prefix/foo/sub/'
test -z "/!-prefix/foo" || ../install-sh -c -d "/private/tmp/homebrew-automake-HEAD-mfsB/tests/instspc.dir/dest-bang/!-prefix/foo"
../install-sh -c -d '/private/tmp/homebrew-automake-HEAD-mfsB/tests/instspc.dir/dest-bang/!-prefix/foo/sub'
 /usr/bin/install -c -m 644  sub/libnobase.a '/private/tmp/homebrew-automake-HEAD-mfsB/tests/instspc.dir/dest-bang/!-prefix/foo/sub'
 ( cd '/private/tmp/homebrew-automake-HEAD-mfsB/tests/instspc.dir/dest-bang/!-prefix/foo' && ranlib sub/libnobase.a )
test -z "/!-prefix/foo" || ../install-sh -c -d "/private/tmp/homebrew-automake-HEAD-mfsB/tests/instspc.dir/dest-bang/!-prefix/foo"
 ../install-sh -c -d '/private/tmp/homebrew-automake-HEAD-mfsB/tests/instspc.dir/dest-bang/!-prefix/foo/sub/'
  /usr/bin/install -c sub/nobase '/private/tmp/homebrew-automake-HEAD-mfsB/tests/instspc.dir/dest-bang/!-prefix/foo/sub/'
test -z "/!-prefix/foo" || ../install-sh -c -d "/private/tmp/homebrew-automake-HEAD-mfsB/tests/instspc.dir/dest-bang/!-prefix/foo"
 /usr/bin/install -c -m 644 ../sub/base.dat '/private/tmp/homebrew-automake-HEAD-mfsB/tests/instspc.dir/dest-bang/!-prefix/foo'
test -z "/!-prefix/foo" || ../install-sh -c -d "/private/tmp/homebrew-automake-HEAD-mfsB/tests/instspc.dir/dest-bang/!-prefix/foo"
 /usr/bin/install -c -m 644 ../sub/base.h '/private/tmp/homebrew-automake-HEAD-mfsB/tests/instspc.dir/dest-bang/!-prefix/foo'
test -z "/!-prefix/foo" || ../install-sh -c -d "/private/tmp/homebrew-automake-HEAD-mfsB/tests/instspc.dir/dest-bang/!-prefix/foo"
../install-sh -c -d '/private/tmp/homebrew-automake-HEAD-mfsB/tests/instspc.dir/dest-bang/!-prefix/foo/sub'
 /usr/bin/install -c -m 644  ../sub/nobase.dat '/private/tmp/homebrew-automake-HEAD-mfsB/tests/instspc.dir/dest-bang/!-prefix/foo/sub'
test -z "/!-prefix/foo" || ../install-sh -c -d "/private/tmp/homebrew-automake-HEAD-mfsB/tests/instspc.dir/dest-bang/!-prefix/foo"
../install-sh -c -d '/private/tmp/homebrew-automake-HEAD-mfsB/tests/instspc.dir/dest-bang/!-prefix/foo/sub'
 /usr/bin/install -c -m 644  ../sub/nobase.h '/private/tmp/homebrew-automake-HEAD-mfsB/tests/instspc.dir/dest-bang/!-prefix/foo/sub'
test   -f '/private/tmp/homebrew-automake-HEAD-mfsB/tests/instspc.dir/dest-bang/./!-prefix/foo/sub/nobase.h'
test ! -f '/private/tmp/homebrew-automake-HEAD-mfsB/tests/instspc.dir/dest-bang/./!-prefix/foo/nobase.h'
test   -f '/private/tmp/homebrew-automake-HEAD-mfsB/tests/instspc.dir/dest-bang/./!-prefix/foo/base.h'
test   -f '/private/tmp/homebrew-automake-HEAD-mfsB/tests/instspc.dir/dest-bang/./!-prefix/foo/sub/nobase.dat'
test ! -f '/private/tmp/homebrew-automake-HEAD-mfsB/tests/instspc.dir/dest-bang/./!-prefix/foo/nobase.dat'
test   -f '/private/tmp/homebrew-automake-HEAD-mfsB/tests/instspc.dir/dest-bang/./!-prefix/foo/base.dat'
test   -f '/private/tmp/homebrew-automake-HEAD-mfsB/tests/instspc.dir/dest-bang/./!-prefix/foo/sub/nobase.sh'
test ! -f '/private/tmp/homebrew-automake-HEAD-mfsB/tests/instspc.dir/dest-bang/./!-prefix/foo/nobase.sh'
test   -f '/private/tmp/homebrew-automake-HEAD-mfsB/tests/instspc.dir/dest-bang/./!-prefix/foo/base.sh'
test   -f '/private/tmp/homebrew-automake-HEAD-mfsB/tests/instspc.dir/dest-bang/./!-prefix/foo/sub/nobase'
test ! -f '/private/tmp/homebrew-automake-HEAD-mfsB/tests/instspc.dir/dest-bang/./!-prefix/foo/nobase'
test   -f '/private/tmp/homebrew-automake-HEAD-mfsB/tests/instspc.dir/dest-bang/./!-prefix/foo/base'
test   -f '/private/tmp/homebrew-automake-HEAD-mfsB/tests/instspc.dir/dest-bang/./!-prefix/foo/sub/libnobase.a'
test ! -f '/private/tmp/homebrew-automake-HEAD-mfsB/tests/instspc.dir/dest-bang/./!-prefix/foo/libnobase.a'
test   -f '/private/tmp/homebrew-automake-HEAD-mfsB/tests/instspc.dir/dest-bang/./!-prefix/foo/libbase.a'
+ description='bang in builddir'
+ expected_to_fail build bang
+ case $1 in
+ is_in_list bang squote dquote bquote sharp dollar bslash ampersand linefeed quadrigraph0 a_lf_b
+ item=bang
+ shift
+ case " $* " in
+ return 1
+ directive=
+ reason=
+ result_ ok -D '' -r '' -- 'bang in builddir'
+ set +x
ok 11 - bang in builddir
PASS: instspc.tap 11 - bang in builddir
+ cd /private/tmp/homebrew-automake-HEAD-mfsB/tests/instspc.dir
+ not am_keeping_testdirs
+ am_keeping_testdirs
+ case $keep_testdirs in
+ return 1
+ return 0
+ test ok = ok
+ rm_rf_ './!' /private/tmp/homebrew-automake-HEAD-mfsB/tests/instspc.dir/dest-bang
+ test 2 -gt 0
+ find './!' /private/tmp/homebrew-automake-HEAD-mfsB/tests/instspc.dir/dest-bang -type d '!' -perm -700 -exec chmod u+rwx '{}' ';'
+ rm -rf './!' /private/tmp/homebrew-automake-HEAD-mfsB/tests/instspc.dir/dest-bang
+ for where in build dest
+ case $where in
+ build=build-bang
+ dest='/private/tmp/homebrew-automake-HEAD-mfsB/tests/instspc.dir/!'
+ mkdir build-bang
+ cd build-bang
+ r=ok
+ ../configure --prefix '/!-prefix'
checking for a BSD-compatible install... /usr/bin/install -c
checking whether build environment is sane... yes
checking for a thread-safe mkdir -p... ../install-sh -c -d
checking for gawk... gawk
checking whether make sets $(MAKE)... yes
checking for gcc... /usr/bin/llvm-gcc
checking whether the C compiler works... yes
checking for C compiler default output file name... a.out
checking for suffix of executables... 
checking whether we are cross compiling... no
checking for suffix of object files... o
checking whether we are using the GNU C compiler... yes
checking whether /usr/bin/llvm-gcc accepts -g... yes
checking for /usr/bin/llvm-gcc option to accept ISO C89... none needed
checking for style of include used by make... GNU
checking dependency style of /usr/bin/llvm-gcc... gcc3
checking for ar... ar
checking the archiver (ar) interface... ar
checking for ranlib... ranlib
checking that generated files are newer than configure... done
configure: creating ./config.status
config.status: creating Makefile
config.status: executing depfiles commands
+ make all
/usr/bin/llvm-gcc -DPACKAGE_NAME=\"instspc\" -DPACKAGE_TARNAME=\"instspc\" -DPACKAGE_VERSION=\"1.0\" -DPACKAGE_STRING=\"instspc\ 1.0\" -DPACKAGE_BUGREPORT=\"\" -DPACKAGE_URL=\"\" -DPACKAGE=\"instspc\" -DVERSION=\"1.0\" -I. -I..   -I/usr/local/Cellar/libffi/3.0.10/include -I/usr/local/Cellar/gettext/0.18.1.1/include  -Os -w -pipe   -march=core2 -msse4 -MT source.o -MD -MP -MF .deps/source.Tpo -c -o source.o ../source.c
mv -f .deps/source.Tpo .deps/source.Po
rm -f sub/libbase.a
ar cru sub/libbase.a source.o 
ranlib sub/libbase.a
rm -f sub/libnobase.a
ar cru sub/libnobase.a source.o 
ranlib sub/libnobase.a
/usr/bin/llvm-gcc  -Os -w -pipe   -march=core2 -msse4  -L/usr/local/Cellar/libffi/3.0.10/lib -L/usr/local/Cellar/gettext/0.18.1.1/lib -o sub/base source.o  
/usr/bin/llvm-gcc  -Os -w -pipe   -march=core2 -msse4  -L/usr/local/Cellar/libffi/3.0.10/lib -L/usr/local/Cellar/gettext/0.18.1.1/lib -o sub/nobase source.o  
+ DESTDIR='/private/tmp/homebrew-automake-HEAD-mfsB/tests/instspc.dir/!'
+ file='./!'
+ make -e test-inst
test -z "/!-prefix/foo" || ../install-sh -c -d "/private/tmp/homebrew-automake-HEAD-mfsB/tests/instspc.dir/!/!-prefix/foo"
 /usr/bin/install -c ../sub/base.sh '/private/tmp/homebrew-automake-HEAD-mfsB/tests/instspc.dir/!/!-prefix/foo'
test -z "/!-prefix/foo" || ../install-sh -c -d "/private/tmp/homebrew-automake-HEAD-mfsB/tests/instspc.dir/!/!-prefix/foo"
 /usr/bin/install -c -m 644  sub/libbase.a '/private/tmp/homebrew-automake-HEAD-mfsB/tests/instspc.dir/!/!-prefix/foo'
 ( cd '/private/tmp/homebrew-automake-HEAD-mfsB/tests/instspc.dir/!/!-prefix/foo' && ranlib libbase.a )
test -z "/!-prefix/foo" || ../install-sh -c -d "/private/tmp/homebrew-automake-HEAD-mfsB/tests/instspc.dir/!/!-prefix/foo"
  /usr/bin/install -c sub/base '/private/tmp/homebrew-automake-HEAD-mfsB/tests/instspc.dir/!/!-prefix/foo'
test -z "/!-prefix/foo" || ../install-sh -c -d "/private/tmp/homebrew-automake-HEAD-mfsB/tests/instspc.dir/!/!-prefix/foo"
 ../install-sh -c -d '/private/tmp/homebrew-automake-HEAD-mfsB/tests/instspc.dir/!/!-prefix/foo/sub/'
 /usr/bin/install -c ../sub/nobase.sh '/private/tmp/homebrew-automake-HEAD-mfsB/tests/instspc.dir/!/!-prefix/foo/sub/'
test -z "/!-prefix/foo" || ../install-sh -c -d "/private/tmp/homebrew-automake-HEAD-mfsB/tests/instspc.dir/!/!-prefix/foo"
../install-sh -c -d '/private/tmp/homebrew-automake-HEAD-mfsB/tests/instspc.dir/!/!-prefix/foo/sub'
 /usr/bin/install -c -m 644  sub/libnobase.a '/private/tmp/homebrew-automake-HEAD-mfsB/tests/instspc.dir/!/!-prefix/foo/sub'
 ( cd '/private/tmp/homebrew-automake-HEAD-mfsB/tests/instspc.dir/!/!-prefix/foo' && ranlib sub/libnobase.a )
test -z "/!-prefix/foo" || ../install-sh -c -d "/private/tmp/homebrew-automake-HEAD-mfsB/tests/instspc.dir/!/!-prefix/foo"
 ../install-sh -c -d '/private/tmp/homebrew-automake-HEAD-mfsB/tests/instspc.dir/!/!-prefix/foo/sub/'
  /usr/bin/install -c sub/nobase '/private/tmp/homebrew-automake-HEAD-mfsB/tests/instspc.dir/!/!-prefix/foo/sub/'
test -z "/!-prefix/foo" || ../install-sh -c -d "/private/tmp/homebrew-automake-HEAD-mfsB/tests/instspc.dir/!/!-prefix/foo"
 /usr/bin/install -c -m 644 ../sub/base.dat '/private/tmp/homebrew-automake-HEAD-mfsB/tests/instspc.dir/!/!-prefix/foo'
test -z "/!-prefix/foo" || ../install-sh -c -d "/private/tmp/homebrew-automake-HEAD-mfsB/tests/instspc.dir/!/!-prefix/foo"
 /usr/bin/install -c -m 644 ../sub/base.h '/private/tmp/homebrew-automake-HEAD-mfsB/tests/instspc.dir/!/!-prefix/foo'
test -z "/!-prefix/foo" || ../install-sh -c -d "/private/tmp/homebrew-automake-HEAD-mfsB/tests/instspc.dir/!/!-prefix/foo"
../install-sh -c -d '/private/tmp/homebrew-automake-HEAD-mfsB/tests/instspc.dir/!/!-prefix/foo/sub'
 /usr/bin/install -c -m 644  ../sub/nobase.dat '/private/tmp/homebrew-automake-HEAD-mfsB/tests/instspc.dir/!/!-prefix/foo/sub'
test -z "/!-prefix/foo" || ../install-sh -c -d "/private/tmp/homebrew-automake-HEAD-mfsB/tests/instspc.dir/!/!-prefix/foo"
../install-sh -c -d '/private/tmp/homebrew-automake-HEAD-mfsB/tests/instspc.dir/!/!-prefix/foo/sub'
 /usr/bin/install -c -m 644  ../sub/nobase.h '/private/tmp/homebrew-automake-HEAD-mfsB/tests/instspc.dir/!/!-prefix/foo/sub'
test   -f '/private/tmp/homebrew-automake-HEAD-mfsB/tests/instspc.dir/!/./!-prefix/foo/sub/nobase.h'
test ! -f '/private/tmp/homebrew-automake-HEAD-mfsB/tests/instspc.dir/!/./!-prefix/foo/nobase.h'
test   -f '/private/tmp/homebrew-automake-HEAD-mfsB/tests/instspc.dir/!/./!-prefix/foo/base.h'
test   -f '/private/tmp/homebrew-automake-HEAD-mfsB/tests/instspc.dir/!/./!-prefix/foo/sub/nobase.dat'
test ! -f '/private/tmp/homebrew-automake-HEAD-mfsB/tests/instspc.dir/!/./!-prefix/foo/nobase.dat'
test   -f '/private/tmp/homebrew-automake-HEAD-mfsB/tests/instspc.dir/!/./!-prefix/foo/base.dat'
test   -f '/private/tmp/homebrew-automake-HEAD-mfsB/tests/instspc.dir/!/./!-prefix/foo/sub/nobase.sh'
test ! -f '/private/tmp/homebrew-automake-HEAD-mfsB/tests/instspc.dir/!/./!-prefix/foo/nobase.sh'
test   -f '/private/tmp/homebrew-automake-HEAD-mfsB/tests/instspc.dir/!/./!-prefix/foo/base.sh'
test   -f '/private/tmp/homebrew-automake-HEAD-mfsB/tests/instspc.dir/!/./!-prefix/foo/sub/nobase'
test ! -f '/private/tmp/homebrew-automake-HEAD-mfsB/tests/instspc.dir/!/./!-prefix/foo/nobase'
test   -f '/private/tmp/homebrew-automake-HEAD-mfsB/tests/instspc.dir/!/./!-prefix/foo/base'
test   -f '/private/tmp/homebrew-automake-HEAD-mfsB/tests/instspc.dir/!/./!-prefix/foo/sub/libnobase.a'
test ! -f '/private/tmp/homebrew-automake-HEAD-mfsB/tests/instspc.dir/!/./!-prefix/foo/libnobase.a'
test   -f '/private/tmp/homebrew-automake-HEAD-mfsB/tests/instspc.dir/!/./!-prefix/foo/libbase.a'
+ description='bang in destdir'
+ expected_to_fail dest bang
+ case $1 in
+ is_in_list bang squote dquote bquote sharp dollar linefeed a_lf_b
+ item=bang
+ shift
+ case " $* " in
+ return 1
+ directive=
+ reason=
+ result_ ok -D '' -r '' -- 'bang in destdir'
+ set +x
ok 12 - bang in destdir
PASS: instspc.tap 12 - bang in destdir
+ cd /private/tmp/homebrew-automake-HEAD-mfsB/tests/instspc.dir
+ not am_keeping_testdirs
+ am_keeping_testdirs
+ case $keep_testdirs in
+ return 1
+ return 0
+ test ok = ok
+ rm_rf_ build-bang '/private/tmp/homebrew-automake-HEAD-mfsB/tests/instspc.dir/!'
+ test 2 -gt 0
+ find build-bang '/private/tmp/homebrew-automake-HEAD-mfsB/tests/instspc.dir/!' -type d '!' -perm -700 -exec chmod u+rwx '{}' ';'
+ rm -rf build-bang '/private/tmp/homebrew-automake-HEAD-mfsB/tests/instspc.dir/!'
+ for test_name in '$test_names_list'
+ eval 'test_string=${instspc__bslash}'
++ test_string='\'
+ test 'x\' = x
+ mkdir './\'
+ case $test_string in
+ for where in build dest
+ case $where in
+ build='./\'
+ dest=/private/tmp/homebrew-automake-HEAD-mfsB/tests/instspc.dir/dest-bslash
+ cd './\'
+ r=ok
+ ../configure --prefix '/\-prefix'
checking for a BSD-compatible install... /usr/bin/install -c
checking whether build environment is sane... configure: error: unsafe absolute working directory name
+ r='not ok'
+ description='bslash in builddir'
+ expected_to_fail build bslash
+ case $1 in
+ is_in_list bslash squote dquote bquote sharp dollar bslash ampersand linefeed quadrigraph0 a_lf_b
+ item=bslash
+ shift
+ case " $* " in
+ return 0
+ directive=TODO
+ reason='long-standing limitation'
+ result_ 'not ok' -D TODO -r 'long-standing limitation' -- 'bslash in builddir'
+ set +x
not ok 13 - bslash in builddir # TODO long-standing limitation
XFAIL: instspc.tap 13 - bslash in builddir # TODO long-standing limitation
+ cd /private/tmp/homebrew-automake-HEAD-mfsB/tests/instspc.dir
+ not am_keeping_testdirs
+ am_keeping_testdirs
+ case $keep_testdirs in
+ return 1
+ return 0
+ test 'not ok' = ok
+ : For lesser shells with broken 'set -e.'
+ for where in build dest
+ case $where in
+ build=build-bslash
+ dest='/private/tmp/homebrew-automake-HEAD-mfsB/tests/instspc.dir/\'
+ mkdir build-bslash
+ cd build-bslash
+ r=ok
+ ../configure --prefix '/\-prefix'
checking for a BSD-compatible install... /usr/bin/install -c
checking whether build environment is sane... yes
checking for a thread-safe mkdir -p... ../install-sh -c -d
checking for gawk... gawk
checking whether make sets $(MAKE)... yes
checking for gcc... /usr/bin/llvm-gcc
checking whether the C compiler works... yes
checking for C compiler default output file name... a.out
checking for suffix of executables... 
checking whether we are cross compiling... no
checking for suffix of object files... o
checking whether we are using the GNU C compiler... yes
checking whether /usr/bin/llvm-gcc accepts -g... yes
checking for /usr/bin/llvm-gcc option to accept ISO C89... none needed
checking for style of include used by make... GNU
checking dependency style of /usr/bin/llvm-gcc... gcc3
checking for ar... ar
checking the archiver (ar) interface... ar
checking for ranlib... ranlib
checking that generated files are newer than configure... done
configure: creating ./config.status
config.status: creating Makefile
config.status: executing depfiles commands
+ make all
/usr/bin/llvm-gcc -DPACKAGE_NAME=\"instspc\" -DPACKAGE_TARNAME=\"instspc\" -DPACKAGE_VERSION=\"1.0\" -DPACKAGE_STRING=\"instspc\ 1.0\" -DPACKAGE_BUGREPORT=\"\" -DPACKAGE_URL=\"\" -DPACKAGE=\"instspc\" -DVERSION=\"1.0\" -I. -I..   -I/usr/local/Cellar/libffi/3.0.10/include -I/usr/local/Cellar/gettext/0.18.1.1/include  -Os -w -pipe   -march=core2 -msse4 -MT source.o -MD -MP -MF .deps/source.Tpo -c -o source.o ../source.c
mv -f .deps/source.Tpo .deps/source.Po
rm -f sub/libbase.a
ar cru sub/libbase.a source.o 
ranlib sub/libbase.a
rm -f sub/libnobase.a
ar cru sub/libnobase.a source.o 
ranlib sub/libnobase.a
/usr/bin/llvm-gcc  -Os -w -pipe   -march=core2 -msse4  -L/usr/local/Cellar/libffi/3.0.10/lib -L/usr/local/Cellar/gettext/0.18.1.1/lib -o sub/base source.o  
/usr/bin/llvm-gcc  -Os -w -pipe   -march=core2 -msse4  -L/usr/local/Cellar/libffi/3.0.10/lib -L/usr/local/Cellar/gettext/0.18.1.1/lib -o sub/nobase source.o  
+ DESTDIR='/private/tmp/homebrew-automake-HEAD-mfsB/tests/instspc.dir/\'
+ file='./\'
+ make -e test-inst
test -z "/\-prefix/foo" || ../install-sh -c -d "/private/tmp/homebrew-automake-HEAD-mfsB/tests/instspc.dir/\/\-prefix/foo"
 /usr/bin/install -c ../sub/base.sh '/private/tmp/homebrew-automake-HEAD-mfsB/tests/instspc.dir/\/\-prefix/foo'
test -z "/\-prefix/foo" || ../install-sh -c -d "/private/tmp/homebrew-automake-HEAD-mfsB/tests/instspc.dir/\/\-prefix/foo"
 /usr/bin/install -c -m 644  sub/libbase.a '/private/tmp/homebrew-automake-HEAD-mfsB/tests/instspc.dir/\/\-prefix/foo'
 ( cd '/private/tmp/homebrew-automake-HEAD-mfsB/tests/instspc.dir/\/\-prefix/foo' && ranlib libbase.a )
test -z "/\-prefix/foo" || ../install-sh -c -d "/private/tmp/homebrew-automake-HEAD-mfsB/tests/instspc.dir/\/\-prefix/foo"
  /usr/bin/install -c sub/base '/private/tmp/homebrew-automake-HEAD-mfsB/tests/instspc.dir/\/\-prefix/foo'
test -z "/\-prefix/foo" || ../install-sh -c -d "/private/tmp/homebrew-automake-HEAD-mfsB/tests/instspc.dir/\/\-prefix/foo"
 ../install-sh -c -d '/private/tmp/homebrew-automake-HEAD-mfsB/tests/instspc.dir/\/\-prefix/foo/sub/'
 /usr/bin/install -c ../sub/nobase.sh '/private/tmp/homebrew-automake-HEAD-mfsB/tests/instspc.dir/\/\-prefix/foo/sub/'
test -z "/\-prefix/foo" || ../install-sh -c -d "/private/tmp/homebrew-automake-HEAD-mfsB/tests/instspc.dir/\/\-prefix/foo"
../install-sh -c -d '/private/tmp/homebrew-automake-HEAD-mfsB/tests/instspc.dir/\/\-prefix/foo/sub'
 /usr/bin/install -c -m 644  sub/libnobase.a '/private/tmp/homebrew-automake-HEAD-mfsB/tests/instspc.dir/\/\-prefix/foo/sub'
 ( cd '/private/tmp/homebrew-automake-HEAD-mfsB/tests/instspc.dir/\/\-prefix/foo' && ranlib sub/libnobase.a )
test -z "/\-prefix/foo" || ../install-sh -c -d "/private/tmp/homebrew-automake-HEAD-mfsB/tests/instspc.dir/\/\-prefix/foo"
 ../install-sh -c -d '/private/tmp/homebrew-automake-HEAD-mfsB/tests/instspc.dir/\/\-prefix/foo/sub/'
  /usr/bin/install -c sub/nobase '/private/tmp/homebrew-automake-HEAD-mfsB/tests/instspc.dir/\/\-prefix/foo/sub/'
test -z "/\-prefix/foo" || ../install-sh -c -d "/private/tmp/homebrew-automake-HEAD-mfsB/tests/instspc.dir/\/\-prefix/foo"
 /usr/bin/install -c -m 644 ../sub/base.dat '/private/tmp/homebrew-automake-HEAD-mfsB/tests/instspc.dir/\/\-prefix/foo'
test -z "/\-prefix/foo" || ../install-sh -c -d "/private/tmp/homebrew-automake-HEAD-mfsB/tests/instspc.dir/\/\-prefix/foo"
 /usr/bin/install -c -m 644 ../sub/base.h '/private/tmp/homebrew-automake-HEAD-mfsB/tests/instspc.dir/\/\-prefix/foo'
test -z "/\-prefix/foo" || ../install-sh -c -d "/private/tmp/homebrew-automake-HEAD-mfsB/tests/instspc.dir/\/\-prefix/foo"
../install-sh -c -d '/private/tmp/homebrew-automake-HEAD-mfsB/tests/instspc.dir/\/\-prefix/foo/sub'
 /usr/bin/install -c -m 644  ../sub/nobase.dat '/private/tmp/homebrew-automake-HEAD-mfsB/tests/instspc.dir/\/\-prefix/foo/sub'
test -z "/\-prefix/foo" || ../install-sh -c -d "/private/tmp/homebrew-automake-HEAD-mfsB/tests/instspc.dir/\/\-prefix/foo"
../install-sh -c -d '/private/tmp/homebrew-automake-HEAD-mfsB/tests/instspc.dir/\/\-prefix/foo/sub'
 /usr/bin/install -c -m 644  ../sub/nobase.h '/private/tmp/homebrew-automake-HEAD-mfsB/tests/instspc.dir/\/\-prefix/foo/sub'
test   -f '/private/tmp/homebrew-automake-HEAD-mfsB/tests/instspc.dir/\/./\-prefix/foo/sub/nobase.h'
test ! -f '/private/tmp/homebrew-automake-HEAD-mfsB/tests/instspc.dir/\/./\-prefix/foo/nobase.h'
test   -f '/private/tmp/homebrew-automake-HEAD-mfsB/tests/instspc.dir/\/./\-prefix/foo/base.h'
test   -f '/private/tmp/homebrew-automake-HEAD-mfsB/tests/instspc.dir/\/./\-prefix/foo/sub/nobase.dat'
test ! -f '/private/tmp/homebrew-automake-HEAD-mfsB/tests/instspc.dir/\/./\-prefix/foo/nobase.dat'
test   -f '/private/tmp/homebrew-automake-HEAD-mfsB/tests/instspc.dir/\/./\-prefix/foo/base.dat'
test   -f '/private/tmp/homebrew-automake-HEAD-mfsB/tests/instspc.dir/\/./\-prefix/foo/sub/nobase.sh'
test ! -f '/private/tmp/homebrew-automake-HEAD-mfsB/tests/instspc.dir/\/./\-prefix/foo/nobase.sh'
test   -f '/private/tmp/homebrew-automake-HEAD-mfsB/tests/instspc.dir/\/./\-prefix/foo/base.sh'
test   -f '/private/tmp/homebrew-automake-HEAD-mfsB/tests/instspc.dir/\/./\-prefix/foo/sub/nobase'
test ! -f '/private/tmp/homebrew-automake-HEAD-mfsB/tests/instspc.dir/\/./\-prefix/foo/nobase'
test   -f '/private/tmp/homebrew-automake-HEAD-mfsB/tests/instspc.dir/\/./\-prefix/foo/base'
test   -f '/private/tmp/homebrew-automake-HEAD-mfsB/tests/instspc.dir/\/./\-prefix/foo/sub/libnobase.a'
test ! -f '/private/tmp/homebrew-automake-HEAD-mfsB/tests/instspc.dir/\/./\-prefix/foo/libnobase.a'
test   -f '/private/tmp/homebrew-automake-HEAD-mfsB/tests/instspc.dir/\/./\-prefix/foo/libbase.a'
+ description='bslash in destdir'
+ expected_to_fail dest bslash
+ case $1 in
+ is_in_list bslash squote dquote bquote sharp dollar linefeed a_lf_b
+ item=bslash
+ shift
+ case " $* " in
+ return 1
+ directive=
+ reason=
+ result_ ok -D '' -r '' -- 'bslash in destdir'
+ set +x
ok 14 - bslash in destdir
PASS: instspc.tap 14 - bslash in destdir
+ cd /private/tmp/homebrew-automake-HEAD-mfsB/tests/instspc.dir
+ not am_keeping_testdirs
+ am_keeping_testdirs
+ case $keep_testdirs in
+ return 1
+ return 0
+ test ok = ok
+ rm_rf_ build-bslash '/private/tmp/homebrew-automake-HEAD-mfsB/tests/instspc.dir/\'
+ test 2 -gt 0
+ find build-bslash '/private/tmp/homebrew-automake-HEAD-mfsB/tests/instspc.dir/\' -type d '!' -perm -700 -exec chmod u+rwx '{}' ';'
+ rm -rf build-bslash '/private/tmp/homebrew-automake-HEAD-mfsB/tests/instspc.dir/\'
+ for test_name in '$test_names_list'
+ eval 'test_string=${instspc__ampersand}'
++ test_string='&'
+ test 'x&' = x
+ mkdir './&'
+ case $test_string in
+ for where in build dest
+ case $where in
+ build='./&'
+ dest=/private/tmp/homebrew-automake-HEAD-mfsB/tests/instspc.dir/dest-ampersand
+ cd './&'
+ r=ok
+ ../configure --prefix '/&-prefix'
checking for a BSD-compatible install... /usr/bin/install -c
checking whether build environment is sane... configure: error: unsafe absolute working directory name
+ r='not ok'
+ description='ampersand in builddir'
+ expected_to_fail build ampersand
+ case $1 in
+ is_in_list ampersand squote dquote bquote sharp dollar bslash ampersand linefeed quadrigraph0 a_lf_b
+ item=ampersand
+ shift
+ case " $* " in
+ return 0
+ directive=TODO
+ reason='long-standing limitation'
+ result_ 'not ok' -D TODO -r 'long-standing limitation' -- 'ampersand in builddir'
+ set +x
not ok 15 - ampersand in builddir # TODO long-standing limitation
XFAIL: instspc.tap 15 - ampersand in builddir # TODO long-standing limitation
+ cd /private/tmp/homebrew-automake-HEAD-mfsB/tests/instspc.dir
+ not am_keeping_testdirs
+ am_keeping_testdirs
+ case $keep_testdirs in
+ return 1
+ return 0
+ test 'not ok' = ok
+ : For lesser shells with broken 'set -e.'
+ for where in build dest
+ case $where in
+ build=build-ampersand
+ dest='/private/tmp/homebrew-automake-HEAD-mfsB/tests/instspc.dir/&'
+ mkdir build-ampersand
+ cd build-ampersand
+ r=ok
+ ../configure --prefix '/&-prefix'
checking for a BSD-compatible install... /usr/bin/install -c
checking whether build environment is sane... yes
checking for a thread-safe mkdir -p... ../install-sh -c -d
checking for gawk... gawk
checking whether make sets $(MAKE)... yes
checking for gcc... /usr/bin/llvm-gcc
checking whether the C compiler works... yes
checking for C compiler default output file name... a.out
checking for suffix of executables... 
checking whether we are cross compiling... no
checking for suffix of object files... o
checking whether we are using the GNU C compiler... yes
checking whether /usr/bin/llvm-gcc accepts -g... yes
checking for /usr/bin/llvm-gcc option to accept ISO C89... none needed
checking for style of include used by make... GNU
checking dependency style of /usr/bin/llvm-gcc... gcc3
checking for ar... ar
checking the archiver (ar) interface... ar
checking for ranlib... ranlib
checking that generated files are newer than configure... done
configure: creating ./config.status
config.status: creating Makefile
config.status: executing depfiles commands
+ make all
/usr/bin/llvm-gcc -DPACKAGE_NAME=\"instspc\" -DPACKAGE_TARNAME=\"instspc\" -DPACKAGE_VERSION=\"1.0\" -DPACKAGE_STRING=\"instspc\ 1.0\" -DPACKAGE_BUGREPORT=\"\" -DPACKAGE_URL=\"\" -DPACKAGE=\"instspc\" -DVERSION=\"1.0\" -I. -I..   -I/usr/local/Cellar/libffi/3.0.10/include -I/usr/local/Cellar/gettext/0.18.1.1/include  -Os -w -pipe   -march=core2 -msse4 -MT source.o -MD -MP -MF .deps/source.Tpo -c -o source.o ../source.c
mv -f .deps/source.Tpo .deps/source.Po
rm -f sub/libbase.a
ar cru sub/libbase.a source.o 
ranlib sub/libbase.a
rm -f sub/libnobase.a
ar cru sub/libnobase.a source.o 
ranlib sub/libnobase.a
/usr/bin/llvm-gcc  -Os -w -pipe   -march=core2 -msse4  -L/usr/local/Cellar/libffi/3.0.10/lib -L/usr/local/Cellar/gettext/0.18.1.1/lib -o sub/base source.o  
/usr/bin/llvm-gcc  -Os -w -pipe   -march=core2 -msse4  -L/usr/local/Cellar/libffi/3.0.10/lib -L/usr/local/Cellar/gettext/0.18.1.1/lib -o sub/nobase source.o  
+ DESTDIR='/private/tmp/homebrew-automake-HEAD-mfsB/tests/instspc.dir/&'
+ file='./&'
+ make -e test-inst
test -z "/&-prefix/foo" || ../install-sh -c -d "/private/tmp/homebrew-automake-HEAD-mfsB/tests/instspc.dir/&/&-prefix/foo"
 /usr/bin/install -c ../sub/base.sh '/private/tmp/homebrew-automake-HEAD-mfsB/tests/instspc.dir/&/&-prefix/foo'
test -z "/&-prefix/foo" || ../install-sh -c -d "/private/tmp/homebrew-automake-HEAD-mfsB/tests/instspc.dir/&/&-prefix/foo"
 /usr/bin/install -c -m 644  sub/libbase.a '/private/tmp/homebrew-automake-HEAD-mfsB/tests/instspc.dir/&/&-prefix/foo'
 ( cd '/private/tmp/homebrew-automake-HEAD-mfsB/tests/instspc.dir/&/&-prefix/foo' && ranlib libbase.a )
test -z "/&-prefix/foo" || ../install-sh -c -d "/private/tmp/homebrew-automake-HEAD-mfsB/tests/instspc.dir/&/&-prefix/foo"
  /usr/bin/install -c sub/base '/private/tmp/homebrew-automake-HEAD-mfsB/tests/instspc.dir/&/&-prefix/foo'
test -z "/&-prefix/foo" || ../install-sh -c -d "/private/tmp/homebrew-automake-HEAD-mfsB/tests/instspc.dir/&/&-prefix/foo"
 ../install-sh -c -d '/private/tmp/homebrew-automake-HEAD-mfsB/tests/instspc.dir/&/&-prefix/foo/sub/'
 /usr/bin/install -c ../sub/nobase.sh '/private/tmp/homebrew-automake-HEAD-mfsB/tests/instspc.dir/&/&-prefix/foo/sub/'
test -z "/&-prefix/foo" || ../install-sh -c -d "/private/tmp/homebrew-automake-HEAD-mfsB/tests/instspc.dir/&/&-prefix/foo"
../install-sh -c -d '/private/tmp/homebrew-automake-HEAD-mfsB/tests/instspc.dir/&/&-prefix/foo/sub'
 /usr/bin/install -c -m 644  sub/libnobase.a '/private/tmp/homebrew-automake-HEAD-mfsB/tests/instspc.dir/&/&-prefix/foo/sub'
 ( cd '/private/tmp/homebrew-automake-HEAD-mfsB/tests/instspc.dir/&/&-prefix/foo' && ranlib sub/libnobase.a )
test -z "/&-prefix/foo" || ../install-sh -c -d "/private/tmp/homebrew-automake-HEAD-mfsB/tests/instspc.dir/&/&-prefix/foo"
 ../install-sh -c -d '/private/tmp/homebrew-automake-HEAD-mfsB/tests/instspc.dir/&/&-prefix/foo/sub/'
  /usr/bin/install -c sub/nobase '/private/tmp/homebrew-automake-HEAD-mfsB/tests/instspc.dir/&/&-prefix/foo/sub/'
test -z "/&-prefix/foo" || ../install-sh -c -d "/private/tmp/homebrew-automake-HEAD-mfsB/tests/instspc.dir/&/&-prefix/foo"
 /usr/bin/install -c -m 644 ../sub/base.dat '/private/tmp/homebrew-automake-HEAD-mfsB/tests/instspc.dir/&/&-prefix/foo'
test -z "/&-prefix/foo" || ../install-sh -c -d "/private/tmp/homebrew-automake-HEAD-mfsB/tests/instspc.dir/&/&-prefix/foo"
 /usr/bin/install -c -m 644 ../sub/base.h '/private/tmp/homebrew-automake-HEAD-mfsB/tests/instspc.dir/&/&-prefix/foo'
test -z "/&-prefix/foo" || ../install-sh -c -d "/private/tmp/homebrew-automake-HEAD-mfsB/tests/instspc.dir/&/&-prefix/foo"
../install-sh -c -d '/private/tmp/homebrew-automake-HEAD-mfsB/tests/instspc.dir/&/&-prefix/foo/sub'
 /usr/bin/install -c -m 644  ../sub/nobase.dat '/private/tmp/homebrew-automake-HEAD-mfsB/tests/instspc.dir/&/&-prefix/foo/sub'
test -z "/&-prefix/foo" || ../install-sh -c -d "/private/tmp/homebrew-automake-HEAD-mfsB/tests/instspc.dir/&/&-prefix/foo"
../install-sh -c -d '/private/tmp/homebrew-automake-HEAD-mfsB/tests/instspc.dir/&/&-prefix/foo/sub'
 /usr/bin/install -c -m 644  ../sub/nobase.h '/private/tmp/homebrew-automake-HEAD-mfsB/tests/instspc.dir/&/&-prefix/foo/sub'
test   -f '/private/tmp/homebrew-automake-HEAD-mfsB/tests/instspc.dir/&/./&-prefix/foo/sub/nobase.h'
test ! -f '/private/tmp/homebrew-automake-HEAD-mfsB/tests/instspc.dir/&/./&-prefix/foo/nobase.h'
test   -f '/private/tmp/homebrew-automake-HEAD-mfsB/tests/instspc.dir/&/./&-prefix/foo/base.h'
test   -f '/private/tmp/homebrew-automake-HEAD-mfsB/tests/instspc.dir/&/./&-prefix/foo/sub/nobase.dat'
test ! -f '/private/tmp/homebrew-automake-HEAD-mfsB/tests/instspc.dir/&/./&-prefix/foo/nobase.dat'
test   -f '/private/tmp/homebrew-automake-HEAD-mfsB/tests/instspc.dir/&/./&-prefix/foo/base.dat'
test   -f '/private/tmp/homebrew-automake-HEAD-mfsB/tests/instspc.dir/&/./&-prefix/foo/sub/nobase.sh'
test ! -f '/private/tmp/homebrew-automake-HEAD-mfsB/tests/instspc.dir/&/./&-prefix/foo/nobase.sh'
test   -f '/private/tmp/homebrew-automake-HEAD-mfsB/tests/instspc.dir/&/./&-prefix/foo/base.sh'
test   -f '/private/tmp/homebrew-automake-HEAD-mfsB/tests/instspc.dir/&/./&-prefix/foo/sub/nobase'
test ! -f '/private/tmp/homebrew-automake-HEAD-mfsB/tests/instspc.dir/&/./&-prefix/foo/nobase'
test   -f '/private/tmp/homebrew-automake-HEAD-mfsB/tests/instspc.dir/&/./&-prefix/foo/base'
test   -f '/private/tmp/homebrew-automake-HEAD-mfsB/tests/instspc.dir/&/./&-prefix/foo/sub/libnobase.a'
test ! -f '/private/tmp/homebrew-automake-HEAD-mfsB/tests/instspc.dir/&/./&-prefix/foo/libnobase.a'
test   -f '/private/tmp/homebrew-automake-HEAD-mfsB/tests/instspc.dir/&/./&-prefix/foo/libbase.a'
+ description='ampersand in destdir'
+ expected_to_fail dest ampersand
+ case $1 in
+ is_in_list ampersand squote dquote bquote sharp dollar linefeed a_lf_b
+ item=ampersand
+ shift
+ case " $* " in
+ return 1
+ directive=
+ reason=
+ result_ ok -D '' -r '' -- 'ampersand in destdir'
+ set +x
ok 16 - ampersand in destdir
PASS: instspc.tap 16 - ampersand in destdir
+ cd /private/tmp/homebrew-automake-HEAD-mfsB/tests/instspc.dir
+ not am_keeping_testdirs
+ am_keeping_testdirs
+ case $keep_testdirs in
+ return 1
+ return 0
+ test ok = ok
+ rm_rf_ build-ampersand '/private/tmp/homebrew-automake-HEAD-mfsB/tests/instspc.dir/&'
+ test 2 -gt 0
+ find build-ampersand '/private/tmp/homebrew-automake-HEAD-mfsB/tests/instspc.dir/&' -type d '!' -perm -700 -exec chmod u+rwx '{}' ';'
+ rm -rf build-ampersand '/private/tmp/homebrew-automake-HEAD-mfsB/tests/instspc.dir/&'
+ for test_name in '$test_names_list'
+ eval 'test_string=${instspc__percent}'
++ test_string=%
+ test x% = x
+ mkdir ./%
+ case $test_string in
+ for where in build dest
+ case $where in
+ build=./%
+ dest=/private/tmp/homebrew-automake-HEAD-mfsB/tests/instspc.dir/dest-percent
+ cd ./%
+ r=ok
+ ../configure --prefix /%-prefix
checking for a BSD-compatible install... /usr/bin/install -c
checking whether build environment is sane... yes
checking for a thread-safe mkdir -p... ../install-sh -c -d
checking for gawk... gawk
checking whether make sets $(MAKE)... yes
checking for gcc... /usr/bin/llvm-gcc
checking whether the C compiler works... yes
checking for C compiler default output file name... a.out
checking for suffix of executables... 
checking whether we are cross compiling... no
checking for suffix of object files... o
checking whether we are using the GNU C compiler... yes
checking whether /usr/bin/llvm-gcc accepts -g... yes
checking for /usr/bin/llvm-gcc option to accept ISO C89... none needed
checking for style of include used by make... GNU
checking dependency style of /usr/bin/llvm-gcc... gcc3
checking for ar... ar
checking the archiver (ar) interface... ar
checking for ranlib... ranlib
checking that generated files are newer than configure... done
configure: creating ./config.status
config.status: creating Makefile
config.status: executing depfiles commands
+ make all
/usr/bin/llvm-gcc -DPACKAGE_NAME=\"instspc\" -DPACKAGE_TARNAME=\"instspc\" -DPACKAGE_VERSION=\"1.0\" -DPACKAGE_STRING=\"instspc\ 1.0\" -DPACKAGE_BUGREPORT=\"\" -DPACKAGE_URL=\"\" -DPACKAGE=\"instspc\" -DVERSION=\"1.0\" -I. -I..   -I/usr/local/Cellar/libffi/3.0.10/include -I/usr/local/Cellar/gettext/0.18.1.1/include  -Os -w -pipe   -march=core2 -msse4 -MT source.o -MD -MP -MF .deps/source.Tpo -c -o source.o ../source.c
mv -f .deps/source.Tpo .deps/source.Po
rm -f sub/libbase.a
ar cru sub/libbase.a source.o 
ranlib sub/libbase.a
rm -f sub/libnobase.a
ar cru sub/libnobase.a source.o 
ranlib sub/libnobase.a
/usr/bin/llvm-gcc  -Os -w -pipe   -march=core2 -msse4  -L/usr/local/Cellar/libffi/3.0.10/lib -L/usr/local/Cellar/gettext/0.18.1.1/lib -o sub/base source.o  
/usr/bin/llvm-gcc  -Os -w -pipe   -march=core2 -msse4  -L/usr/local/Cellar/libffi/3.0.10/lib -L/usr/local/Cellar/gettext/0.18.1.1/lib -o sub/nobase source.o  
+ DESTDIR=/private/tmp/homebrew-automake-HEAD-mfsB/tests/instspc.dir/dest-percent
+ file=./%
+ make -e test-inst
test -z "/%-prefix/foo" || ../install-sh -c -d "/private/tmp/homebrew-automake-HEAD-mfsB/tests/instspc.dir/dest-percent/%-prefix/foo"
 /usr/bin/install -c ../sub/base.sh '/private/tmp/homebrew-automake-HEAD-mfsB/tests/instspc.dir/dest-percent/%-prefix/foo'
test -z "/%-prefix/foo" || ../install-sh -c -d "/private/tmp/homebrew-automake-HEAD-mfsB/tests/instspc.dir/dest-percent/%-prefix/foo"
 /usr/bin/install -c -m 644  sub/libbase.a '/private/tmp/homebrew-automake-HEAD-mfsB/tests/instspc.dir/dest-percent/%-prefix/foo'
 ( cd '/private/tmp/homebrew-automake-HEAD-mfsB/tests/instspc.dir/dest-percent/%-prefix/foo' && ranlib libbase.a )
test -z "/%-prefix/foo" || ../install-sh -c -d "/private/tmp/homebrew-automake-HEAD-mfsB/tests/instspc.dir/dest-percent/%-prefix/foo"
  /usr/bin/install -c sub/base '/private/tmp/homebrew-automake-HEAD-mfsB/tests/instspc.dir/dest-percent/%-prefix/foo'
test -z "/%-prefix/foo" || ../install-sh -c -d "/private/tmp/homebrew-automake-HEAD-mfsB/tests/instspc.dir/dest-percent/%-prefix/foo"
 ../install-sh -c -d '/private/tmp/homebrew-automake-HEAD-mfsB/tests/instspc.dir/dest-percent/%-prefix/foo/sub/'
 /usr/bin/install -c ../sub/nobase.sh '/private/tmp/homebrew-automake-HEAD-mfsB/tests/instspc.dir/dest-percent/%-prefix/foo/sub/'
test -z "/%-prefix/foo" || ../install-sh -c -d "/private/tmp/homebrew-automake-HEAD-mfsB/tests/instspc.dir/dest-percent/%-prefix/foo"
../install-sh -c -d '/private/tmp/homebrew-automake-HEAD-mfsB/tests/instspc.dir/dest-percent/%-prefix/foo/sub'
 /usr/bin/install -c -m 644  sub/libnobase.a '/private/tmp/homebrew-automake-HEAD-mfsB/tests/instspc.dir/dest-percent/%-prefix/foo/sub'
 ( cd '/private/tmp/homebrew-automake-HEAD-mfsB/tests/instspc.dir/dest-percent/%-prefix/foo' && ranlib sub/libnobase.a )
test -z "/%-prefix/foo" || ../install-sh -c -d "/private/tmp/homebrew-automake-HEAD-mfsB/tests/instspc.dir/dest-percent/%-prefix/foo"
 ../install-sh -c -d '/private/tmp/homebrew-automake-HEAD-mfsB/tests/instspc.dir/dest-percent/%-prefix/foo/sub/'
  /usr/bin/install -c sub/nobase '/private/tmp/homebrew-automake-HEAD-mfsB/tests/instspc.dir/dest-percent/%-prefix/foo/sub/'
test -z "/%-prefix/foo" || ../install-sh -c -d "/private/tmp/homebrew-automake-HEAD-mfsB/tests/instspc.dir/dest-percent/%-prefix/foo"
 /usr/bin/install -c -m 644 ../sub/base.dat '/private/tmp/homebrew-automake-HEAD-mfsB/tests/instspc.dir/dest-percent/%-prefix/foo'
test -z "/%-prefix/foo" || ../install-sh -c -d "/private/tmp/homebrew-automake-HEAD-mfsB/tests/instspc.dir/dest-percent/%-prefix/foo"
 /usr/bin/install -c -m 644 ../sub/base.h '/private/tmp/homebrew-automake-HEAD-mfsB/tests/instspc.dir/dest-percent/%-prefix/foo'
test -z "/%-prefix/foo" || ../install-sh -c -d "/private/tmp/homebrew-automake-HEAD-mfsB/tests/instspc.dir/dest-percent/%-prefix/foo"
../install-sh -c -d '/private/tmp/homebrew-automake-HEAD-mfsB/tests/instspc.dir/dest-percent/%-prefix/foo/sub'
 /usr/bin/install -c -m 644  ../sub/nobase.dat '/private/tmp/homebrew-automake-HEAD-mfsB/tests/instspc.dir/dest-percent/%-prefix/foo/sub'
test -z "/%-prefix/foo" || ../install-sh -c -d "/private/tmp/homebrew-automake-HEAD-mfsB/tests/instspc.dir/dest-percent/%-prefix/foo"
../install-sh -c -d '/private/tmp/homebrew-automake-HEAD-mfsB/tests/instspc.dir/dest-percent/%-prefix/foo/sub'
 /usr/bin/install -c -m 644  ../sub/nobase.h '/private/tmp/homebrew-automake-HEAD-mfsB/tests/instspc.dir/dest-percent/%-prefix/foo/sub'
test   -f '/private/tmp/homebrew-automake-HEAD-mfsB/tests/instspc.dir/dest-percent/./%-prefix/foo/sub/nobase.h'
test ! -f '/private/tmp/homebrew-automake-HEAD-mfsB/tests/instspc.dir/dest-percent/./%-prefix/foo/nobase.h'
test   -f '/private/tmp/homebrew-automake-HEAD-mfsB/tests/instspc.dir/dest-percent/./%-prefix/foo/base.h'
test   -f '/private/tmp/homebrew-automake-HEAD-mfsB/tests/instspc.dir/dest-percent/./%-prefix/foo/sub/nobase.dat'
test ! -f '/private/tmp/homebrew-automake-HEAD-mfsB/tests/instspc.dir/dest-percent/./%-prefix/foo/nobase.dat'
test   -f '/private/tmp/homebrew-automake-HEAD-mfsB/tests/instspc.dir/dest-percent/./%-prefix/foo/base.dat'
test   -f '/private/tmp/homebrew-automake-HEAD-mfsB/tests/instspc.dir/dest-percent/./%-prefix/foo/sub/nobase.sh'
test ! -f '/private/tmp/homebrew-automake-HEAD-mfsB/tests/instspc.dir/dest-percent/./%-prefix/foo/nobase.sh'
test   -f '/private/tmp/homebrew-automake-HEAD-mfsB/tests/instspc.dir/dest-percent/./%-prefix/foo/base.sh'
test   -f '/private/tmp/homebrew-automake-HEAD-mfsB/tests/instspc.dir/dest-percent/./%-prefix/foo/sub/nobase'
test ! -f '/private/tmp/homebrew-automake-HEAD-mfsB/tests/instspc.dir/dest-percent/./%-prefix/foo/nobase'
test   -f '/private/tmp/homebrew-automake-HEAD-mfsB/tests/instspc.dir/dest-percent/./%-prefix/foo/base'
test   -f '/private/tmp/homebrew-automake-HEAD-mfsB/tests/instspc.dir/dest-percent/./%-prefix/foo/sub/libnobase.a'
test ! -f '/private/tmp/homebrew-automake-HEAD-mfsB/tests/instspc.dir/dest-percent/./%-prefix/foo/libnobase.a'
test   -f '/private/tmp/homebrew-automake-HEAD-mfsB/tests/instspc.dir/dest-percent/./%-prefix/foo/libbase.a'
+ description='percent in builddir'
+ expected_to_fail build percent
+ case $1 in
+ is_in_list percent squote dquote bquote sharp dollar bslash ampersand linefeed quadrigraph0 a_lf_b
+ item=percent
+ shift
+ case " $* " in
+ return 1
+ directive=
+ reason=
+ result_ ok -D '' -r '' -- 'percent in builddir'
+ set +x
ok 17 - percent in builddir
PASS: instspc.tap 17 - percent in builddir
+ cd /private/tmp/homebrew-automake-HEAD-mfsB/tests/instspc.dir
+ not am_keeping_testdirs
+ am_keeping_testdirs
+ case $keep_testdirs in
+ return 1
+ return 0
+ test ok = ok
+ rm_rf_ ./% /private/tmp/homebrew-automake-HEAD-mfsB/tests/instspc.dir/dest-percent
+ test 2 -gt 0
+ find ./% /private/tmp/homebrew-automake-HEAD-mfsB/tests/instspc.dir/dest-percent -type d '!' -perm -700 -exec chmod u+rwx '{}' ';'
+ rm -rf ./% /private/tmp/homebrew-automake-HEAD-mfsB/tests/instspc.dir/dest-percent
+ for where in build dest
+ case $where in
+ build=build-percent
+ dest=/private/tmp/homebrew-automake-HEAD-mfsB/tests/instspc.dir/%
+ mkdir build-percent
+ cd build-percent
+ r=ok
+ ../configure --prefix /%-prefix
checking for a BSD-compatible install... /usr/bin/install -c
checking whether build environment is sane... yes
checking for a thread-safe mkdir -p... ../install-sh -c -d
checking for gawk... gawk
checking whether make sets $(MAKE)... yes
checking for gcc... /usr/bin/llvm-gcc
checking whether the C compiler works... yes
checking for C compiler default output file name... a.out
checking for suffix of executables... 
checking whether we are cross compiling... no
checking for suffix of object files... o
checking whether we are using the GNU C compiler... yes
checking whether /usr/bin/llvm-gcc accepts -g... yes
checking for /usr/bin/llvm-gcc option to accept ISO C89... none needed
checking for style of include used by make... GNU
checking dependency style of /usr/bin/llvm-gcc... gcc3
checking for ar... ar
checking the archiver (ar) interface... ar
checking for ranlib... ranlib
checking that generated files are newer than configure... done
configure: creating ./config.status
config.status: creating Makefile
config.status: executing depfiles commands
+ make all
/usr/bin/llvm-gcc -DPACKAGE_NAME=\"instspc\" -DPACKAGE_TARNAME=\"instspc\" -DPACKAGE_VERSION=\"1.0\" -DPACKAGE_STRING=\"instspc\ 1.0\" -DPACKAGE_BUGREPORT=\"\" -DPACKAGE_URL=\"\" -DPACKAGE=\"instspc\" -DVERSION=\"1.0\" -I. -I..   -I/usr/local/Cellar/libffi/3.0.10/include -I/usr/local/Cellar/gettext/0.18.1.1/include  -Os -w -pipe   -march=core2 -msse4 -MT source.o -MD -MP -MF .deps/source.Tpo -c -o source.o ../source.c
mv -f .deps/source.Tpo .deps/source.Po
rm -f sub/libbase.a
ar cru sub/libbase.a source.o 
ranlib sub/libbase.a
rm -f sub/libnobase.a
ar cru sub/libnobase.a source.o 
ranlib sub/libnobase.a
/usr/bin/llvm-gcc  -Os -w -pipe   -march=core2 -msse4  -L/usr/local/Cellar/libffi/3.0.10/lib -L/usr/local/Cellar/gettext/0.18.1.1/lib -o sub/base source.o  
/usr/bin/llvm-gcc  -Os -w -pipe   -march=core2 -msse4  -L/usr/local/Cellar/libffi/3.0.10/lib -L/usr/local/Cellar/gettext/0.18.1.1/lib -o sub/nobase source.o  
+ DESTDIR=/private/tmp/homebrew-automake-HEAD-mfsB/tests/instspc.dir/%
+ file=./%
+ make -e test-inst
test -z "/%-prefix/foo" || ../install-sh -c -d "/private/tmp/homebrew-automake-HEAD-mfsB/tests/instspc.dir/%/%-prefix/foo"
 /usr/bin/install -c ../sub/base.sh '/private/tmp/homebrew-automake-HEAD-mfsB/tests/instspc.dir/%/%-prefix/foo'
test -z "/%-prefix/foo" || ../install-sh -c -d "/private/tmp/homebrew-automake-HEAD-mfsB/tests/instspc.dir/%/%-prefix/foo"
 /usr/bin/install -c -m 644  sub/libbase.a '/private/tmp/homebrew-automake-HEAD-mfsB/tests/instspc.dir/%/%-prefix/foo'
 ( cd '/private/tmp/homebrew-automake-HEAD-mfsB/tests/instspc.dir/%/%-prefix/foo' && ranlib libbase.a )
test -z "/%-prefix/foo" || ../install-sh -c -d "/private/tmp/homebrew-automake-HEAD-mfsB/tests/instspc.dir/%/%-prefix/foo"
  /usr/bin/install -c sub/base '/private/tmp/homebrew-automake-HEAD-mfsB/tests/instspc.dir/%/%-prefix/foo'
test -z "/%-prefix/foo" || ../install-sh -c -d "/private/tmp/homebrew-automake-HEAD-mfsB/tests/instspc.dir/%/%-prefix/foo"
 ../install-sh -c -d '/private/tmp/homebrew-automake-HEAD-mfsB/tests/instspc.dir/%/%-prefix/foo/sub/'
 /usr/bin/install -c ../sub/nobase.sh '/private/tmp/homebrew-automake-HEAD-mfsB/tests/instspc.dir/%/%-prefix/foo/sub/'
test -z "/%-prefix/foo" || ../install-sh -c -d "/private/tmp/homebrew-automake-HEAD-mfsB/tests/instspc.dir/%/%-prefix/foo"
../install-sh -c -d '/private/tmp/homebrew-automake-HEAD-mfsB/tests/instspc.dir/%/%-prefix/foo/sub'
 /usr/bin/install -c -m 644  sub/libnobase.a '/private/tmp/homebrew-automake-HEAD-mfsB/tests/instspc.dir/%/%-prefix/foo/sub'
 ( cd '/private/tmp/homebrew-automake-HEAD-mfsB/tests/instspc.dir/%/%-prefix/foo' && ranlib sub/libnobase.a )
test -z "/%-prefix/foo" || ../install-sh -c -d "/private/tmp/homebrew-automake-HEAD-mfsB/tests/instspc.dir/%/%-prefix/foo"
 ../install-sh -c -d '/private/tmp/homebrew-automake-HEAD-mfsB/tests/instspc.dir/%/%-prefix/foo/sub/'
  /usr/bin/install -c sub/nobase '/private/tmp/homebrew-automake-HEAD-mfsB/tests/instspc.dir/%/%-prefix/foo/sub/'
test -z "/%-prefix/foo" || ../install-sh -c -d "/private/tmp/homebrew-automake-HEAD-mfsB/tests/instspc.dir/%/%-prefix/foo"
 /usr/bin/install -c -m 644 ../sub/base.dat '/private/tmp/homebrew-automake-HEAD-mfsB/tests/instspc.dir/%/%-prefix/foo'
test -z "/%-prefix/foo" || ../install-sh -c -d "/private/tmp/homebrew-automake-HEAD-mfsB/tests/instspc.dir/%/%-prefix/foo"
 /usr/bin/install -c -m 644 ../sub/base.h '/private/tmp/homebrew-automake-HEAD-mfsB/tests/instspc.dir/%/%-prefix/foo'
test -z "/%-prefix/foo" || ../install-sh -c -d "/private/tmp/homebrew-automake-HEAD-mfsB/tests/instspc.dir/%/%-prefix/foo"
../install-sh -c -d '/private/tmp/homebrew-automake-HEAD-mfsB/tests/instspc.dir/%/%-prefix/foo/sub'
 /usr/bin/install -c -m 644  ../sub/nobase.dat '/private/tmp/homebrew-automake-HEAD-mfsB/tests/instspc.dir/%/%-prefix/foo/sub'
test -z "/%-prefix/foo" || ../install-sh -c -d "/private/tmp/homebrew-automake-HEAD-mfsB/tests/instspc.dir/%/%-prefix/foo"
../install-sh -c -d '/private/tmp/homebrew-automake-HEAD-mfsB/tests/instspc.dir/%/%-prefix/foo/sub'
 /usr/bin/install -c -m 644  ../sub/nobase.h '/private/tmp/homebrew-automake-HEAD-mfsB/tests/instspc.dir/%/%-prefix/foo/sub'
test   -f '/private/tmp/homebrew-automake-HEAD-mfsB/tests/instspc.dir/%/./%-prefix/foo/sub/nobase.h'
test ! -f '/private/tmp/homebrew-automake-HEAD-mfsB/tests/instspc.dir/%/./%-prefix/foo/nobase.h'
test   -f '/private/tmp/homebrew-automake-HEAD-mfsB/tests/instspc.dir/%/./%-prefix/foo/base.h'
test   -f '/private/tmp/homebrew-automake-HEAD-mfsB/tests/instspc.dir/%/./%-prefix/foo/sub/nobase.dat'
test ! -f '/private/tmp/homebrew-automake-HEAD-mfsB/tests/instspc.dir/%/./%-prefix/foo/nobase.dat'
test   -f '/private/tmp/homebrew-automake-HEAD-mfsB/tests/instspc.dir/%/./%-prefix/foo/base.dat'
test   -f '/private/tmp/homebrew-automake-HEAD-mfsB/tests/instspc.dir/%/./%-prefix/foo/sub/nobase.sh'
test ! -f '/private/tmp/homebrew-automake-HEAD-mfsB/tests/instspc.dir/%/./%-prefix/foo/nobase.sh'
test   -f '/private/tmp/homebrew-automake-HEAD-mfsB/tests/instspc.dir/%/./%-prefix/foo/base.sh'
test   -f '/private/tmp/homebrew-automake-HEAD-mfsB/tests/instspc.dir/%/./%-prefix/foo/sub/nobase'
test ! -f '/private/tmp/homebrew-automake-HEAD-mfsB/tests/instspc.dir/%/./%-prefix/foo/nobase'
test   -f '/private/tmp/homebrew-automake-HEAD-mfsB/tests/instspc.dir/%/./%-prefix/foo/base'
test   -f '/private/tmp/homebrew-automake-HEAD-mfsB/tests/instspc.dir/%/./%-prefix/foo/sub/libnobase.a'
test ! -f '/private/tmp/homebrew-automake-HEAD-mfsB/tests/instspc.dir/%/./%-prefix/foo/libnobase.a'
test   -f '/private/tmp/homebrew-automake-HEAD-mfsB/tests/instspc.dir/%/./%-prefix/foo/libbase.a'
+ description='percent in destdir'
+ expected_to_fail dest percent
+ case $1 in
+ is_in_list percent squote dquote bquote sharp dollar linefeed a_lf_b
+ item=percent
+ shift
+ case " $* " in
+ return 1
+ directive=
+ reason=
+ result_ ok -D '' -r '' -- 'percent in destdir'
+ set +x
ok 18 - percent in destdir
PASS: instspc.tap 18 - percent in destdir
+ cd /private/tmp/homebrew-automake-HEAD-mfsB/tests/instspc.dir
+ not am_keeping_testdirs
+ am_keeping_testdirs
+ case $keep_testdirs in
+ return 1
+ return 0
+ test ok = ok
+ rm_rf_ build-percent /private/tmp/homebrew-automake-HEAD-mfsB/tests/instspc.dir/%
+ test 2 -gt 0
+ find build-percent /private/tmp/homebrew-automake-HEAD-mfsB/tests/instspc.dir/% -type d '!' -perm -700 -exec chmod u+rwx '{}' ';'
+ rm -rf build-percent /private/tmp/homebrew-automake-HEAD-mfsB/tests/instspc.dir/%
+ for test_name in '$test_names_list'
+ eval 'test_string=${instspc__leftpar}'
++ test_string='('
+ test 'x(' = x
+ mkdir './('
+ case $test_string in
+ for where in build dest
+ case $where in
+ build='./('
+ dest=/private/tmp/homebrew-automake-HEAD-mfsB/tests/instspc.dir/dest-leftpar
+ cd './('
+ r=ok
+ ../configure --prefix '/(-prefix'
checking for a BSD-compatible install... /usr/bin/install -c
checking whether build environment is sane... yes
checking for a thread-safe mkdir -p... ../install-sh -c -d
checking for gawk... gawk
checking whether make sets $(MAKE)... yes
checking for gcc... /usr/bin/llvm-gcc
checking whether the C compiler works... yes
checking for C compiler default output file name... a.out
checking for suffix of executables... 
checking whether we are cross compiling... no
checking for suffix of object files... o
checking whether we are using the GNU C compiler... yes
checking whether /usr/bin/llvm-gcc accepts -g... yes
checking for /usr/bin/llvm-gcc option to accept ISO C89... none needed
checking for style of include used by make... GNU
checking dependency style of /usr/bin/llvm-gcc... gcc3
checking for ar... ar
checking the archiver (ar) interface... ar
checking for ranlib... ranlib
checking that generated files are newer than configure... done
configure: creating ./config.status
config.status: creating Makefile
config.status: executing depfiles commands
+ make all
/usr/bin/llvm-gcc -DPACKAGE_NAME=\"instspc\" -DPACKAGE_TARNAME=\"instspc\" -DPACKAGE_VERSION=\"1.0\" -DPACKAGE_STRING=\"instspc\ 1.0\" -DPACKAGE_BUGREPORT=\"\" -DPACKAGE_URL=\"\" -DPACKAGE=\"instspc\" -DVERSION=\"1.0\" -I. -I..   -I/usr/local/Cellar/libffi/3.0.10/include -I/usr/local/Cellar/gettext/0.18.1.1/include  -Os -w -pipe   -march=core2 -msse4 -MT source.o -MD -MP -MF .deps/source.Tpo -c -o source.o ../source.c
mv -f .deps/source.Tpo .deps/source.Po
rm -f sub/libbase.a
ar cru sub/libbase.a source.o 
ranlib sub/libbase.a
rm -f sub/libnobase.a
ar cru sub/libnobase.a source.o 
ranlib sub/libnobase.a
/usr/bin/llvm-gcc  -Os -w -pipe   -march=core2 -msse4  -L/usr/local/Cellar/libffi/3.0.10/lib -L/usr/local/Cellar/gettext/0.18.1.1/lib -o sub/base source.o  
/usr/bin/llvm-gcc  -Os -w -pipe   -march=core2 -msse4  -L/usr/local/Cellar/libffi/3.0.10/lib -L/usr/local/Cellar/gettext/0.18.1.1/lib -o sub/nobase source.o  
+ DESTDIR=/private/tmp/homebrew-automake-HEAD-mfsB/tests/instspc.dir/dest-leftpar
+ file='./('
+ make -e test-inst
test -z "/(-prefix/foo" || ../install-sh -c -d "/private/tmp/homebrew-automake-HEAD-mfsB/tests/instspc.dir/dest-leftpar/(-prefix/foo"
 /usr/bin/install -c ../sub/base.sh '/private/tmp/homebrew-automake-HEAD-mfsB/tests/instspc.dir/dest-leftpar/(-prefix/foo'
test -z "/(-prefix/foo" || ../install-sh -c -d "/private/tmp/homebrew-automake-HEAD-mfsB/tests/instspc.dir/dest-leftpar/(-prefix/foo"
 /usr/bin/install -c -m 644  sub/libbase.a '/private/tmp/homebrew-automake-HEAD-mfsB/tests/instspc.dir/dest-leftpar/(-prefix/foo'
 ( cd '/private/tmp/homebrew-automake-HEAD-mfsB/tests/instspc.dir/dest-leftpar/(-prefix/foo' && ranlib libbase.a )
test -z "/(-prefix/foo" || ../install-sh -c -d "/private/tmp/homebrew-automake-HEAD-mfsB/tests/instspc.dir/dest-leftpar/(-prefix/foo"
  /usr/bin/install -c sub/base '/private/tmp/homebrew-automake-HEAD-mfsB/tests/instspc.dir/dest-leftpar/(-prefix/foo'
test -z "/(-prefix/foo" || ../install-sh -c -d "/private/tmp/homebrew-automake-HEAD-mfsB/tests/instspc.dir/dest-leftpar/(-prefix/foo"
 ../install-sh -c -d '/private/tmp/homebrew-automake-HEAD-mfsB/tests/instspc.dir/dest-leftpar/(-prefix/foo/sub/'
 /usr/bin/install -c ../sub/nobase.sh '/private/tmp/homebrew-automake-HEAD-mfsB/tests/instspc.dir/dest-leftpar/(-prefix/foo/sub/'
test -z "/(-prefix/foo" || ../install-sh -c -d "/private/tmp/homebrew-automake-HEAD-mfsB/tests/instspc.dir/dest-leftpar/(-prefix/foo"
../install-sh -c -d '/private/tmp/homebrew-automake-HEAD-mfsB/tests/instspc.dir/dest-leftpar/(-prefix/foo/sub'
 /usr/bin/install -c -m 644  sub/libnobase.a '/private/tmp/homebrew-automake-HEAD-mfsB/tests/instspc.dir/dest-leftpar/(-prefix/foo/sub'
 ( cd '/private/tmp/homebrew-automake-HEAD-mfsB/tests/instspc.dir/dest-leftpar/(-prefix/foo' && ranlib sub/libnobase.a )
test -z "/(-prefix/foo" || ../install-sh -c -d "/private/tmp/homebrew-automake-HEAD-mfsB/tests/instspc.dir/dest-leftpar/(-prefix/foo"
 ../install-sh -c -d '/private/tmp/homebrew-automake-HEAD-mfsB/tests/instspc.dir/dest-leftpar/(-prefix/foo/sub/'
  /usr/bin/install -c sub/nobase '/private/tmp/homebrew-automake-HEAD-mfsB/tests/instspc.dir/dest-leftpar/(-prefix/foo/sub/'
test -z "/(-prefix/foo" || ../install-sh -c -d "/private/tmp/homebrew-automake-HEAD-mfsB/tests/instspc.dir/dest-leftpar/(-prefix/foo"
 /usr/bin/install -c -m 644 ../sub/base.dat '/private/tmp/homebrew-automake-HEAD-mfsB/tests/instspc.dir/dest-leftpar/(-prefix/foo'
test -z "/(-prefix/foo" || ../install-sh -c -d "/private/tmp/homebrew-automake-HEAD-mfsB/tests/instspc.dir/dest-leftpar/(-prefix/foo"
 /usr/bin/install -c -m 644 ../sub/base.h '/private/tmp/homebrew-automake-HEAD-mfsB/tests/instspc.dir/dest-leftpar/(-prefix/foo'
test -z "/(-prefix/foo" || ../install-sh -c -d "/private/tmp/homebrew-automake-HEAD-mfsB/tests/instspc.dir/dest-leftpar/(-prefix/foo"
../install-sh -c -d '/private/tmp/homebrew-automake-HEAD-mfsB/tests/instspc.dir/dest-leftpar/(-prefix/foo/sub'
 /usr/bin/install -c -m 644  ../sub/nobase.dat '/private/tmp/homebrew-automake-HEAD-mfsB/tests/instspc.dir/dest-leftpar/(-prefix/foo/sub'
test -z "/(-prefix/foo" || ../install-sh -c -d "/private/tmp/homebrew-automake-HEAD-mfsB/tests/instspc.dir/dest-leftpar/(-prefix/foo"
../install-sh -c -d '/private/tmp/homebrew-automake-HEAD-mfsB/tests/instspc.dir/dest-leftpar/(-prefix/foo/sub'
 /usr/bin/install -c -m 644  ../sub/nobase.h '/private/tmp/homebrew-automake-HEAD-mfsB/tests/instspc.dir/dest-leftpar/(-prefix/foo/sub'
test   -f '/private/tmp/homebrew-automake-HEAD-mfsB/tests/instspc.dir/dest-leftpar/./(-prefix/foo/sub/nobase.h'
test ! -f '/private/tmp/homebrew-automake-HEAD-mfsB/tests/instspc.dir/dest-leftpar/./(-prefix/foo/nobase.h'
test   -f '/private/tmp/homebrew-automake-HEAD-mfsB/tests/instspc.dir/dest-leftpar/./(-prefix/foo/base.h'
test   -f '/private/tmp/homebrew-automake-HEAD-mfsB/tests/instspc.dir/dest-leftpar/./(-prefix/foo/sub/nobase.dat'
test ! -f '/private/tmp/homebrew-automake-HEAD-mfsB/tests/instspc.dir/dest-leftpar/./(-prefix/foo/nobase.dat'
test   -f '/private/tmp/homebrew-automake-HEAD-mfsB/tests/instspc.dir/dest-leftpar/./(-prefix/foo/base.dat'
test   -f '/private/tmp/homebrew-automake-HEAD-mfsB/tests/instspc.dir/dest-leftpar/./(-prefix/foo/sub/nobase.sh'
test ! -f '/private/tmp/homebrew-automake-HEAD-mfsB/tests/instspc.dir/dest-leftpar/./(-prefix/foo/nobase.sh'
test   -f '/private/tmp/homebrew-automake-HEAD-mfsB/tests/instspc.dir/dest-leftpar/./(-prefix/foo/base.sh'
test   -f '/private/tmp/homebrew-automake-HEAD-mfsB/tests/instspc.dir/dest-leftpar/./(-prefix/foo/sub/nobase'
test ! -f '/private/tmp/homebrew-automake-HEAD-mfsB/tests/instspc.dir/dest-leftpar/./(-prefix/foo/nobase'
test   -f '/private/tmp/homebrew-automake-HEAD-mfsB/tests/instspc.dir/dest-leftpar/./(-prefix/foo/base'
test   -f '/private/tmp/homebrew-automake-HEAD-mfsB/tests/instspc.dir/dest-leftpar/./(-prefix/foo/sub/libnobase.a'
test ! -f '/private/tmp/homebrew-automake-HEAD-mfsB/tests/instspc.dir/dest-leftpar/./(-prefix/foo/libnobase.a'
test   -f '/private/tmp/homebrew-automake-HEAD-mfsB/tests/instspc.dir/dest-leftpar/./(-prefix/foo/libbase.a'
+ description='leftpar in builddir'
+ expected_to_fail build leftpar
+ case $1 in
+ is_in_list leftpar squote dquote bquote sharp dollar bslash ampersand linefeed quadrigraph0 a_lf_b
+ item=leftpar
+ shift
+ case " $* " in
+ return 1
+ directive=
+ reason=
+ result_ ok -D '' -r '' -- 'leftpar in builddir'
+ set +x
ok 19 - leftpar in builddir
PASS: instspc.tap 19 - leftpar in builddir
+ cd /private/tmp/homebrew-automake-HEAD-mfsB/tests/instspc.dir
+ not am_keeping_testdirs
+ am_keeping_testdirs
+ case $keep_testdirs in
+ return 1
+ return 0
+ test ok = ok
+ rm_rf_ './(' /private/tmp/homebrew-automake-HEAD-mfsB/tests/instspc.dir/dest-leftpar
+ test 2 -gt 0
+ find './(' /private/tmp/homebrew-automake-HEAD-mfsB/tests/instspc.dir/dest-leftpar -type d '!' -perm -700 -exec chmod u+rwx '{}' ';'
+ rm -rf './(' /private/tmp/homebrew-automake-HEAD-mfsB/tests/instspc.dir/dest-leftpar
+ for where in build dest
+ case $where in
+ build=build-leftpar
+ dest='/private/tmp/homebrew-automake-HEAD-mfsB/tests/instspc.dir/('
+ mkdir build-leftpar
+ cd build-leftpar
+ r=ok
+ ../configure --prefix '/(-prefix'
checking for a BSD-compatible install... /usr/bin/install -c
checking whether build environment is sane... yes
checking for a thread-safe mkdir -p... ../install-sh -c -d
checking for gawk... gawk
checking whether make sets $(MAKE)... yes
checking for gcc... /usr/bin/llvm-gcc
checking whether the C compiler works... yes
checking for C compiler default output file name... a.out
checking for suffix of executables... 
checking whether we are cross compiling... no
checking for suffix of object files... o
checking whether we are using the GNU C compiler... yes
checking whether /usr/bin/llvm-gcc accepts -g... yes
checking for /usr/bin/llvm-gcc option to accept ISO C89... none needed
checking for style of include used by make... GNU
checking dependency style of /usr/bin/llvm-gcc... gcc3
checking for ar... ar
checking the archiver (ar) interface... ar
checking for ranlib... ranlib
checking that generated files are newer than configure... done
configure: creating ./config.status
config.status: creating Makefile
config.status: executing depfiles commands
+ make all
/usr/bin/llvm-gcc -DPACKAGE_NAME=\"instspc\" -DPACKAGE_TARNAME=\"instspc\" -DPACKAGE_VERSION=\"1.0\" -DPACKAGE_STRING=\"instspc\ 1.0\" -DPACKAGE_BUGREPORT=\"\" -DPACKAGE_URL=\"\" -DPACKAGE=\"instspc\" -DVERSION=\"1.0\" -I. -I..   -I/usr/local/Cellar/libffi/3.0.10/include -I/usr/local/Cellar/gettext/0.18.1.1/include  -Os -w -pipe   -march=core2 -msse4 -MT source.o -MD -MP -MF .deps/source.Tpo -c -o source.o ../source.c
mv -f .deps/source.Tpo .deps/source.Po
rm -f sub/libbase.a
ar cru sub/libbase.a source.o 
ranlib sub/libbase.a
rm -f sub/libnobase.a
ar cru sub/libnobase.a source.o 
ranlib sub/libnobase.a
/usr/bin/llvm-gcc  -Os -w -pipe   -march=core2 -msse4  -L/usr/local/Cellar/libffi/3.0.10/lib -L/usr/local/Cellar/gettext/0.18.1.1/lib -o sub/base source.o  
/usr/bin/llvm-gcc  -Os -w -pipe   -march=core2 -msse4  -L/usr/local/Cellar/libffi/3.0.10/lib -L/usr/local/Cellar/gettext/0.18.1.1/lib -o sub/nobase source.o  
+ DESTDIR='/private/tmp/homebrew-automake-HEAD-mfsB/tests/instspc.dir/('
+ file='./('
+ make -e test-inst
test -z "/(-prefix/foo" || ../install-sh -c -d "/private/tmp/homebrew-automake-HEAD-mfsB/tests/instspc.dir/(/(-prefix/foo"
 /usr/bin/install -c ../sub/base.sh '/private/tmp/homebrew-automake-HEAD-mfsB/tests/instspc.dir/(/(-prefix/foo'
test -z "/(-prefix/foo" || ../install-sh -c -d "/private/tmp/homebrew-automake-HEAD-mfsB/tests/instspc.dir/(/(-prefix/foo"
 /usr/bin/install -c -m 644  sub/libbase.a '/private/tmp/homebrew-automake-HEAD-mfsB/tests/instspc.dir/(/(-prefix/foo'
 ( cd '/private/tmp/homebrew-automake-HEAD-mfsB/tests/instspc.dir/(/(-prefix/foo' && ranlib libbase.a )
test -z "/(-prefix/foo" || ../install-sh -c -d "/private/tmp/homebrew-automake-HEAD-mfsB/tests/instspc.dir/(/(-prefix/foo"
  /usr/bin/install -c sub/base '/private/tmp/homebrew-automake-HEAD-mfsB/tests/instspc.dir/(/(-prefix/foo'
test -z "/(-prefix/foo" || ../install-sh -c -d "/private/tmp/homebrew-automake-HEAD-mfsB/tests/instspc.dir/(/(-prefix/foo"
 ../install-sh -c -d '/private/tmp/homebrew-automake-HEAD-mfsB/tests/instspc.dir/(/(-prefix/foo/sub/'
 /usr/bin/install -c ../sub/nobase.sh '/private/tmp/homebrew-automake-HEAD-mfsB/tests/instspc.dir/(/(-prefix/foo/sub/'
test -z "/(-prefix/foo" || ../install-sh -c -d "/private/tmp/homebrew-automake-HEAD-mfsB/tests/instspc.dir/(/(-prefix/foo"
../install-sh -c -d '/private/tmp/homebrew-automake-HEAD-mfsB/tests/instspc.dir/(/(-prefix/foo/sub'
 /usr/bin/install -c -m 644  sub/libnobase.a '/private/tmp/homebrew-automake-HEAD-mfsB/tests/instspc.dir/(/(-prefix/foo/sub'
 ( cd '/private/tmp/homebrew-automake-HEAD-mfsB/tests/instspc.dir/(/(-prefix/foo' && ranlib sub/libnobase.a )
test -z "/(-prefix/foo" || ../install-sh -c -d "/private/tmp/homebrew-automake-HEAD-mfsB/tests/instspc.dir/(/(-prefix/foo"
 ../install-sh -c -d '/private/tmp/homebrew-automake-HEAD-mfsB/tests/instspc.dir/(/(-prefix/foo/sub/'
  /usr/bin/install -c sub/nobase '/private/tmp/homebrew-automake-HEAD-mfsB/tests/instspc.dir/(/(-prefix/foo/sub/'
test -z "/(-prefix/foo" || ../install-sh -c -d "/private/tmp/homebrew-automake-HEAD-mfsB/tests/instspc.dir/(/(-prefix/foo"
 /usr/bin/install -c -m 644 ../sub/base.dat '/private/tmp/homebrew-automake-HEAD-mfsB/tests/instspc.dir/(/(-prefix/foo'
test -z "/(-prefix/foo" || ../install-sh -c -d "/private/tmp/homebrew-automake-HEAD-mfsB/tests/instspc.dir/(/(-prefix/foo"
 /usr/bin/install -c -m 644 ../sub/base.h '/private/tmp/homebrew-automake-HEAD-mfsB/tests/instspc.dir/(/(-prefix/foo'
test -z "/(-prefix/foo" || ../install-sh -c -d "/private/tmp/homebrew-automake-HEAD-mfsB/tests/instspc.dir/(/(-prefix/foo"
../install-sh -c -d '/private/tmp/homebrew-automake-HEAD-mfsB/tests/instspc.dir/(/(-prefix/foo/sub'
 /usr/bin/install -c -m 644  ../sub/nobase.dat '/private/tmp/homebrew-automake-HEAD-mfsB/tests/instspc.dir/(/(-prefix/foo/sub'
test -z "/(-prefix/foo" || ../install-sh -c -d "/private/tmp/homebrew-automake-HEAD-mfsB/tests/instspc.dir/(/(-prefix/foo"
../install-sh -c -d '/private/tmp/homebrew-automake-HEAD-mfsB/tests/instspc.dir/(/(-prefix/foo/sub'
 /usr/bin/install -c -m 644  ../sub/nobase.h '/private/tmp/homebrew-automake-HEAD-mfsB/tests/instspc.dir/(/(-prefix/foo/sub'
test   -f '/private/tmp/homebrew-automake-HEAD-mfsB/tests/instspc.dir/(/./(-prefix/foo/sub/nobase.h'
test ! -f '/private/tmp/homebrew-automake-HEAD-mfsB/tests/instspc.dir/(/./(-prefix/foo/nobase.h'
test   -f '/private/tmp/homebrew-automake-HEAD-mfsB/tests/instspc.dir/(/./(-prefix/foo/base.h'
test   -f '/private/tmp/homebrew-automake-HEAD-mfsB/tests/instspc.dir/(/./(-prefix/foo/sub/nobase.dat'
test ! -f '/private/tmp/homebrew-automake-HEAD-mfsB/tests/instspc.dir/(/./(-prefix/foo/nobase.dat'
test   -f '/private/tmp/homebrew-automake-HEAD-mfsB/tests/instspc.dir/(/./(-prefix/foo/base.dat'
test   -f '/private/tmp/homebrew-automake-HEAD-mfsB/tests/instspc.dir/(/./(-prefix/foo/sub/nobase.sh'
test ! -f '/private/tmp/homebrew-automake-HEAD-mfsB/tests/instspc.dir/(/./(-prefix/foo/nobase.sh'
test   -f '/private/tmp/homebrew-automake-HEAD-mfsB/tests/instspc.dir/(/./(-prefix/foo/base.sh'
test   -f '/private/tmp/homebrew-automake-HEAD-mfsB/tests/instspc.dir/(/./(-prefix/foo/sub/nobase'
test ! -f '/private/tmp/homebrew-automake-HEAD-mfsB/tests/instspc.dir/(/./(-prefix/foo/nobase'
test   -f '/private/tmp/homebrew-automake-HEAD-mfsB/tests/instspc.dir/(/./(-prefix/foo/base'
test   -f '/private/tmp/homebrew-automake-HEAD-mfsB/tests/instspc.dir/(/./(-prefix/foo/sub/libnobase.a'
test ! -f '/private/tmp/homebrew-automake-HEAD-mfsB/tests/instspc.dir/(/./(-prefix/foo/libnobase.a'
test   -f '/private/tmp/homebrew-automake-HEAD-mfsB/tests/instspc.dir/(/./(-prefix/foo/libbase.a'
+ description='leftpar in destdir'
+ expected_to_fail dest leftpar
+ case $1 in
+ is_in_list leftpar squote dquote bquote sharp dollar linefeed a_lf_b
+ item=leftpar
+ shift
+ case " $* " in
+ return 1
+ directive=
+ reason=
+ result_ ok -D '' -r '' -- 'leftpar in destdir'
+ set +x
ok 20 - leftpar in destdir
PASS: instspc.tap 20 - leftpar in destdir
+ cd /private/tmp/homebrew-automake-HEAD-mfsB/tests/instspc.dir
+ not am_keeping_testdirs
+ am_keeping_testdirs
+ case $keep_testdirs in
+ return 1
+ return 0
+ test ok = ok
+ rm_rf_ build-leftpar '/private/tmp/homebrew-automake-HEAD-mfsB/tests/instspc.dir/('
+ test 2 -gt 0
+ find build-leftpar '/private/tmp/homebrew-automake-HEAD-mfsB/tests/instspc.dir/(' -type d '!' -perm -700 -exec chmod u+rwx '{}' ';'
+ rm -rf build-leftpar '/private/tmp/homebrew-automake-HEAD-mfsB/tests/instspc.dir/('
+ for test_name in '$test_names_list'
+ eval 'test_string=${instspc__rightpar}'
++ test_string=')'
+ test 'x)' = x
+ mkdir './)'
+ case $test_string in
+ for where in build dest
+ case $where in
+ build='./)'
+ dest=/private/tmp/homebrew-automake-HEAD-mfsB/tests/instspc.dir/dest-rightpar
+ cd './)'
+ r=ok
+ ../configure --prefix '/)-prefix'
checking for a BSD-compatible install... /usr/bin/install -c
checking whether build environment is sane... yes
checking for a thread-safe mkdir -p... ../install-sh -c -d
checking for gawk... gawk
checking whether make sets $(MAKE)... yes
checking for gcc... /usr/bin/llvm-gcc
checking whether the C compiler works... yes
checking for C compiler default output file name... a.out
checking for suffix of executables... 
checking whether we are cross compiling... no
checking for suffix of object files... o
checking whether we are using the GNU C compiler... yes
checking whether /usr/bin/llvm-gcc accepts -g... yes
checking for /usr/bin/llvm-gcc option to accept ISO C89... none needed
checking for style of include used by make... GNU
checking dependency style of /usr/bin/llvm-gcc... gcc3
checking for ar... ar
checking the archiver (ar) interface... ar
checking for ranlib... ranlib
checking that generated files are newer than configure... done
configure: creating ./config.status
config.status: creating Makefile
config.status: executing depfiles commands
+ make all
/usr/bin/llvm-gcc -DPACKAGE_NAME=\"instspc\" -DPACKAGE_TARNAME=\"instspc\" -DPACKAGE_VERSION=\"1.0\" -DPACKAGE_STRING=\"instspc\ 1.0\" -DPACKAGE_BUGREPORT=\"\" -DPACKAGE_URL=\"\" -DPACKAGE=\"instspc\" -DVERSION=\"1.0\" -I. -I..   -I/usr/local/Cellar/libffi/3.0.10/include -I/usr/local/Cellar/gettext/0.18.1.1/include  -Os -w -pipe   -march=core2 -msse4 -MT source.o -MD -MP -MF .deps/source.Tpo -c -o source.o ../source.c
mv -f .deps/source.Tpo .deps/source.Po
rm -f sub/libbase.a
ar cru sub/libbase.a source.o 
ranlib sub/libbase.a
rm -f sub/libnobase.a
ar cru sub/libnobase.a source.o 
ranlib sub/libnobase.a
/usr/bin/llvm-gcc  -Os -w -pipe   -march=core2 -msse4  -L/usr/local/Cellar/libffi/3.0.10/lib -L/usr/local/Cellar/gettext/0.18.1.1/lib -o sub/base source.o  
/usr/bin/llvm-gcc  -Os -w -pipe   -march=core2 -msse4  -L/usr/local/Cellar/libffi/3.0.10/lib -L/usr/local/Cellar/gettext/0.18.1.1/lib -o sub/nobase source.o  
+ DESTDIR=/private/tmp/homebrew-automake-HEAD-mfsB/tests/instspc.dir/dest-rightpar
+ file='./)'
+ make -e test-inst
test -z "/)-prefix/foo" || ../install-sh -c -d "/private/tmp/homebrew-automake-HEAD-mfsB/tests/instspc.dir/dest-rightpar/)-prefix/foo"
 /usr/bin/install -c ../sub/base.sh '/private/tmp/homebrew-automake-HEAD-mfsB/tests/instspc.dir/dest-rightpar/)-prefix/foo'
test -z "/)-prefix/foo" || ../install-sh -c -d "/private/tmp/homebrew-automake-HEAD-mfsB/tests/instspc.dir/dest-rightpar/)-prefix/foo"
 /usr/bin/install -c -m 644  sub/libbase.a '/private/tmp/homebrew-automake-HEAD-mfsB/tests/instspc.dir/dest-rightpar/)-prefix/foo'
 ( cd '/private/tmp/homebrew-automake-HEAD-mfsB/tests/instspc.dir/dest-rightpar/)-prefix/foo' && ranlib libbase.a )
test -z "/)-prefix/foo" || ../install-sh -c -d "/private/tmp/homebrew-automake-HEAD-mfsB/tests/instspc.dir/dest-rightpar/)-prefix/foo"
  /usr/bin/install -c sub/base '/private/tmp/homebrew-automake-HEAD-mfsB/tests/instspc.dir/dest-rightpar/)-prefix/foo'
test -z "/)-prefix/foo" || ../install-sh -c -d "/private/tmp/homebrew-automake-HEAD-mfsB/tests/instspc.dir/dest-rightpar/)-prefix/foo"
 ../install-sh -c -d '/private/tmp/homebrew-automake-HEAD-mfsB/tests/instspc.dir/dest-rightpar/)-prefix/foo/sub/'
 /usr/bin/install -c ../sub/nobase.sh '/private/tmp/homebrew-automake-HEAD-mfsB/tests/instspc.dir/dest-rightpar/)-prefix/foo/sub/'
test -z "/)-prefix/foo" || ../install-sh -c -d "/private/tmp/homebrew-automake-HEAD-mfsB/tests/instspc.dir/dest-rightpar/)-prefix/foo"
../install-sh -c -d '/private/tmp/homebrew-automake-HEAD-mfsB/tests/instspc.dir/dest-rightpar/)-prefix/foo/sub'
 /usr/bin/install -c -m 644  sub/libnobase.a '/private/tmp/homebrew-automake-HEAD-mfsB/tests/instspc.dir/dest-rightpar/)-prefix/foo/sub'
 ( cd '/private/tmp/homebrew-automake-HEAD-mfsB/tests/instspc.dir/dest-rightpar/)-prefix/foo' && ranlib sub/libnobase.a )
test -z "/)-prefix/foo" || ../install-sh -c -d "/private/tmp/homebrew-automake-HEAD-mfsB/tests/instspc.dir/dest-rightpar/)-prefix/foo"
 ../install-sh -c -d '/private/tmp/homebrew-automake-HEAD-mfsB/tests/instspc.dir/dest-rightpar/)-prefix/foo/sub/'
  /usr/bin/install -c sub/nobase '/private/tmp/homebrew-automake-HEAD-mfsB/tests/instspc.dir/dest-rightpar/)-prefix/foo/sub/'
test -z "/)-prefix/foo" || ../install-sh -c -d "/private/tmp/homebrew-automake-HEAD-mfsB/tests/instspc.dir/dest-rightpar/)-prefix/foo"
 /usr/bin/install -c -m 644 ../sub/base.dat '/private/tmp/homebrew-automake-HEAD-mfsB/tests/instspc.dir/dest-rightpar/)-prefix/foo'
test -z "/)-prefix/foo" || ../install-sh -c -d "/private/tmp/homebrew-automake-HEAD-mfsB/tests/instspc.dir/dest-rightpar/)-prefix/foo"
 /usr/bin/install -c -m 644 ../sub/base.h '/private/tmp/homebrew-automake-HEAD-mfsB/tests/instspc.dir/dest-rightpar/)-prefix/foo'
test -z "/)-prefix/foo" || ../install-sh -c -d "/private/tmp/homebrew-automake-HEAD-mfsB/tests/instspc.dir/dest-rightpar/)-prefix/foo"
../install-sh -c -d '/private/tmp/homebrew-automake-HEAD-mfsB/tests/instspc.dir/dest-rightpar/)-prefix/foo/sub'
 /usr/bin/install -c -m 644  ../sub/nobase.dat '/private/tmp/homebrew-automake-HEAD-mfsB/tests/instspc.dir/dest-rightpar/)-prefix/foo/sub'
test -z "/)-prefix/foo" || ../install-sh -c -d "/private/tmp/homebrew-automake-HEAD-mfsB/tests/instspc.dir/dest-rightpar/)-prefix/foo"
../install-sh -c -d '/private/tmp/homebrew-automake-HEAD-mfsB/tests/instspc.dir/dest-rightpar/)-prefix/foo/sub'
 /usr/bin/install -c -m 644  ../sub/nobase.h '/private/tmp/homebrew-automake-HEAD-mfsB/tests/instspc.dir/dest-rightpar/)-prefix/foo/sub'
test   -f '/private/tmp/homebrew-automake-HEAD-mfsB/tests/instspc.dir/dest-rightpar/./)-prefix/foo/sub/nobase.h'
test ! -f '/private/tmp/homebrew-automake-HEAD-mfsB/tests/instspc.dir/dest-rightpar/./)-prefix/foo/nobase.h'
test   -f '/private/tmp/homebrew-automake-HEAD-mfsB/tests/instspc.dir/dest-rightpar/./)-prefix/foo/base.h'
test   -f '/private/tmp/homebrew-automake-HEAD-mfsB/tests/instspc.dir/dest-rightpar/./)-prefix/foo/sub/nobase.dat'
test ! -f '/private/tmp/homebrew-automake-HEAD-mfsB/tests/instspc.dir/dest-rightpar/./)-prefix/foo/nobase.dat'
test   -f '/private/tmp/homebrew-automake-HEAD-mfsB/tests/instspc.dir/dest-rightpar/./)-prefix/foo/base.dat'
test   -f '/private/tmp/homebrew-automake-HEAD-mfsB/tests/instspc.dir/dest-rightpar/./)-prefix/foo/sub/nobase.sh'
test ! -f '/private/tmp/homebrew-automake-HEAD-mfsB/tests/instspc.dir/dest-rightpar/./)-prefix/foo/nobase.sh'
test   -f '/private/tmp/homebrew-automake-HEAD-mfsB/tests/instspc.dir/dest-rightpar/./)-prefix/foo/base.sh'
test   -f '/private/tmp/homebrew-automake-HEAD-mfsB/tests/instspc.dir/dest-rightpar/./)-prefix/foo/sub/nobase'
test ! -f '/private/tmp/homebrew-automake-HEAD-mfsB/tests/instspc.dir/dest-rightpar/./)-prefix/foo/nobase'
test   -f '/private/tmp/homebrew-automake-HEAD-mfsB/tests/instspc.dir/dest-rightpar/./)-prefix/foo/base'
test   -f '/private/tmp/homebrew-automake-HEAD-mfsB/tests/instspc.dir/dest-rightpar/./)-prefix/foo/sub/libnobase.a'
test ! -f '/private/tmp/homebrew-automake-HEAD-mfsB/tests/instspc.dir/dest-rightpar/./)-prefix/foo/libnobase.a'
test   -f '/private/tmp/homebrew-automake-HEAD-mfsB/tests/instspc.dir/dest-rightpar/./)-prefix/foo/libbase.a'
+ description='rightpar in builddir'
+ expected_to_fail build rightpar
+ case $1 in
+ is_in_list rightpar squote dquote bquote sharp dollar bslash ampersand linefeed quadrigraph0 a_lf_b
+ item=rightpar
+ shift
+ case " $* " in
+ return 1
+ directive=
+ reason=
+ result_ ok -D '' -r '' -- 'rightpar in builddir'
+ set +x
ok 21 - rightpar in builddir
PASS: instspc.tap 21 - rightpar in builddir
+ cd /private/tmp/homebrew-automake-HEAD-mfsB/tests/instspc.dir
+ not am_keeping_testdirs
+ am_keeping_testdirs
+ case $keep_testdirs in
+ return 1
+ return 0
+ test ok = ok
+ rm_rf_ './)' /private/tmp/homebrew-automake-HEAD-mfsB/tests/instspc.dir/dest-rightpar
+ test 2 -gt 0
+ find './)' /private/tmp/homebrew-automake-HEAD-mfsB/tests/instspc.dir/dest-rightpar -type d '!' -perm -700 -exec chmod u+rwx '{}' ';'
+ rm -rf './)' /private/tmp/homebrew-automake-HEAD-mfsB/tests/instspc.dir/dest-rightpar
+ for where in build dest
+ case $where in
+ build=build-rightpar
+ dest='/private/tmp/homebrew-automake-HEAD-mfsB/tests/instspc.dir/)'
+ mkdir build-rightpar
+ cd build-rightpar
+ r=ok
+ ../configure --prefix '/)-prefix'
checking for a BSD-compatible install... /usr/bin/install -c
checking whether build environment is sane... yes
checking for a thread-safe mkdir -p... ../install-sh -c -d
checking for gawk... gawk
checking whether make sets $(MAKE)... yes
checking for gcc... /usr/bin/llvm-gcc
checking whether the C compiler works... yes
checking for C compiler default output file name... a.out
checking for suffix of executables... 
checking whether we are cross compiling... no
checking for suffix of object files... o
checking whether we are using the GNU C compiler... yes
checking whether /usr/bin/llvm-gcc accepts -g... yes
checking for /usr/bin/llvm-gcc option to accept ISO C89... none needed
checking for style of include used by make... GNU
checking dependency style of /usr/bin/llvm-gcc... gcc3
checking for ar... ar
checking the archiver (ar) interface... ar
checking for ranlib... ranlib
checking that generated files are newer than configure... done
configure: creating ./config.status
config.status: creating Makefile
config.status: executing depfiles commands
+ make all
/usr/bin/llvm-gcc -DPACKAGE_NAME=\"instspc\" -DPACKAGE_TARNAME=\"instspc\" -DPACKAGE_VERSION=\"1.0\" -DPACKAGE_STRING=\"instspc\ 1.0\" -DPACKAGE_BUGREPORT=\"\" -DPACKAGE_URL=\"\" -DPACKAGE=\"instspc\" -DVERSION=\"1.0\" -I. -I..   -I/usr/local/Cellar/libffi/3.0.10/include -I/usr/local/Cellar/gettext/0.18.1.1/include  -Os -w -pipe   -march=core2 -msse4 -MT source.o -MD -MP -MF .deps/source.Tpo -c -o source.o ../source.c
mv -f .deps/source.Tpo .deps/source.Po
rm -f sub/libbase.a
ar cru sub/libbase.a source.o 
ranlib sub/libbase.a
rm -f sub/libnobase.a
ar cru sub/libnobase.a source.o 
ranlib sub/libnobase.a
/usr/bin/llvm-gcc  -Os -w -pipe   -march=core2 -msse4  -L/usr/local/Cellar/libffi/3.0.10/lib -L/usr/local/Cellar/gettext/0.18.1.1/lib -o sub/base source.o  
/usr/bin/llvm-gcc  -Os -w -pipe   -march=core2 -msse4  -L/usr/local/Cellar/libffi/3.0.10/lib -L/usr/local/Cellar/gettext/0.18.1.1/lib -o sub/nobase source.o  
+ DESTDIR='/private/tmp/homebrew-automake-HEAD-mfsB/tests/instspc.dir/)'
+ file='./)'
+ make -e test-inst
test -z "/)-prefix/foo" || ../install-sh -c -d "/private/tmp/homebrew-automake-HEAD-mfsB/tests/instspc.dir/)/)-prefix/foo"
 /usr/bin/install -c ../sub/base.sh '/private/tmp/homebrew-automake-HEAD-mfsB/tests/instspc.dir/)/)-prefix/foo'
test -z "/)-prefix/foo" || ../install-sh -c -d "/private/tmp/homebrew-automake-HEAD-mfsB/tests/instspc.dir/)/)-prefix/foo"
 /usr/bin/install -c -m 644  sub/libbase.a '/private/tmp/homebrew-automake-HEAD-mfsB/tests/instspc.dir/)/)-prefix/foo'
 ( cd '/private/tmp/homebrew-automake-HEAD-mfsB/tests/instspc.dir/)/)-prefix/foo' && ranlib libbase.a )
test -z "/)-prefix/foo" || ../install-sh -c -d "/private/tmp/homebrew-automake-HEAD-mfsB/tests/instspc.dir/)/)-prefix/foo"
  /usr/bin/install -c sub/base '/private/tmp/homebrew-automake-HEAD-mfsB/tests/instspc.dir/)/)-prefix/foo'
test -z "/)-prefix/foo" || ../install-sh -c -d "/private/tmp/homebrew-automake-HEAD-mfsB/tests/instspc.dir/)/)-prefix/foo"
 ../install-sh -c -d '/private/tmp/homebrew-automake-HEAD-mfsB/tests/instspc.dir/)/)-prefix/foo/sub/'
 /usr/bin/install -c ../sub/nobase.sh '/private/tmp/homebrew-automake-HEAD-mfsB/tests/instspc.dir/)/)-prefix/foo/sub/'
test -z "/)-prefix/foo" || ../install-sh -c -d "/private/tmp/homebrew-automake-HEAD-mfsB/tests/instspc.dir/)/)-prefix/foo"
../install-sh -c -d '/private/tmp/homebrew-automake-HEAD-mfsB/tests/instspc.dir/)/)-prefix/foo/sub'
 /usr/bin/install -c -m 644  sub/libnobase.a '/private/tmp/homebrew-automake-HEAD-mfsB/tests/instspc.dir/)/)-prefix/foo/sub'
 ( cd '/private/tmp/homebrew-automake-HEAD-mfsB/tests/instspc.dir/)/)-prefix/foo' && ranlib sub/libnobase.a )
test -z "/)-prefix/foo" || ../install-sh -c -d "/private/tmp/homebrew-automake-HEAD-mfsB/tests/instspc.dir/)/)-prefix/foo"
 ../install-sh -c -d '/private/tmp/homebrew-automake-HEAD-mfsB/tests/instspc.dir/)/)-prefix/foo/sub/'
  /usr/bin/install -c sub/nobase '/private/tmp/homebrew-automake-HEAD-mfsB/tests/instspc.dir/)/)-prefix/foo/sub/'
test -z "/)-prefix/foo" || ../install-sh -c -d "/private/tmp/homebrew-automake-HEAD-mfsB/tests/instspc.dir/)/)-prefix/foo"
 /usr/bin/install -c -m 644 ../sub/base.dat '/private/tmp/homebrew-automake-HEAD-mfsB/tests/instspc.dir/)/)-prefix/foo'
test -z "/)-prefix/foo" || ../install-sh -c -d "/private/tmp/homebrew-automake-HEAD-mfsB/tests/instspc.dir/)/)-prefix/foo"
 /usr/bin/install -c -m 644 ../sub/base.h '/private/tmp/homebrew-automake-HEAD-mfsB/tests/instspc.dir/)/)-prefix/foo'
test -z "/)-prefix/foo" || ../install-sh -c -d "/private/tmp/homebrew-automake-HEAD-mfsB/tests/instspc.dir/)/)-prefix/foo"
../install-sh -c -d '/private/tmp/homebrew-automake-HEAD-mfsB/tests/instspc.dir/)/)-prefix/foo/sub'
 /usr/bin/install -c -m 644  ../sub/nobase.dat '/private/tmp/homebrew-automake-HEAD-mfsB/tests/instspc.dir/)/)-prefix/foo/sub'
test -z "/)-prefix/foo" || ../install-sh -c -d "/private/tmp/homebrew-automake-HEAD-mfsB/tests/instspc.dir/)/)-prefix/foo"
../install-sh -c -d '/private/tmp/homebrew-automake-HEAD-mfsB/tests/instspc.dir/)/)-prefix/foo/sub'
 /usr/bin/install -c -m 644  ../sub/nobase.h '/private/tmp/homebrew-automake-HEAD-mfsB/tests/instspc.dir/)/)-prefix/foo/sub'
test   -f '/private/tmp/homebrew-automake-HEAD-mfsB/tests/instspc.dir/)/./)-prefix/foo/sub/nobase.h'
test ! -f '/private/tmp/homebrew-automake-HEAD-mfsB/tests/instspc.dir/)/./)-prefix/foo/nobase.h'
test   -f '/private/tmp/homebrew-automake-HEAD-mfsB/tests/instspc.dir/)/./)-prefix/foo/base.h'
test   -f '/private/tmp/homebrew-automake-HEAD-mfsB/tests/instspc.dir/)/./)-prefix/foo/sub/nobase.dat'
test ! -f '/private/tmp/homebrew-automake-HEAD-mfsB/tests/instspc.dir/)/./)-prefix/foo/nobase.dat'
test   -f '/private/tmp/homebrew-automake-HEAD-mfsB/tests/instspc.dir/)/./)-prefix/foo/base.dat'
test   -f '/private/tmp/homebrew-automake-HEAD-mfsB/tests/instspc.dir/)/./)-prefix/foo/sub/nobase.sh'
test ! -f '/private/tmp/homebrew-automake-HEAD-mfsB/tests/instspc.dir/)/./)-prefix/foo/nobase.sh'
test   -f '/private/tmp/homebrew-automake-HEAD-mfsB/tests/instspc.dir/)/./)-prefix/foo/base.sh'
test   -f '/private/tmp/homebrew-automake-HEAD-mfsB/tests/instspc.dir/)/./)-prefix/foo/sub/nobase'
test ! -f '/private/tmp/homebrew-automake-HEAD-mfsB/tests/instspc.dir/)/./)-prefix/foo/nobase'
test   -f '/private/tmp/homebrew-automake-HEAD-mfsB/tests/instspc.dir/)/./)-prefix/foo/base'
test   -f '/private/tmp/homebrew-automake-HEAD-mfsB/tests/instspc.dir/)/./)-prefix/foo/sub/libnobase.a'
test ! -f '/private/tmp/homebrew-automake-HEAD-mfsB/tests/instspc.dir/)/./)-prefix/foo/libnobase.a'
test   -f '/private/tmp/homebrew-automake-HEAD-mfsB/tests/instspc.dir/)/./)-prefix/foo/libbase.a'
+ description='rightpar in destdir'
+ expected_to_fail dest rightpar
+ case $1 in
+ is_in_list rightpar squote dquote bquote sharp dollar linefeed a_lf_b
+ item=rightpar
+ shift
+ case " $* " in
+ return 1
+ directive=
+ reason=
+ result_ ok -D '' -r '' -- 'rightpar in destdir'
+ set +x
ok 22 - rightpar in destdir
PASS: instspc.tap 22 - rightpar in destdir
+ cd /private/tmp/homebrew-automake-HEAD-mfsB/tests/instspc.dir
+ not am_keeping_testdirs
+ am_keeping_testdirs
+ case $keep_testdirs in
+ return 1
+ return 0
+ test ok = ok
+ rm_rf_ build-rightpar '/private/tmp/homebrew-automake-HEAD-mfsB/tests/instspc.dir/)'
+ test 2 -gt 0
+ find build-rightpar '/private/tmp/homebrew-automake-HEAD-mfsB/tests/instspc.dir/)' -type d '!' -perm -700 -exec chmod u+rwx '{}' ';'
+ rm -rf build-rightpar '/private/tmp/homebrew-automake-HEAD-mfsB/tests/instspc.dir/)'
+ for test_name in '$test_names_list'
+ eval 'test_string=${instspc__pipe}'
++ test_string='|'
+ test 'x|' = x
+ mkdir './|'
+ case $test_string in
+ for where in build dest
+ case $where in
+ build='./|'
+ dest=/private/tmp/homebrew-automake-HEAD-mfsB/tests/instspc.dir/dest-pipe
+ cd './|'
+ r=ok
+ ../configure --prefix '/|-prefix'
checking for a BSD-compatible install... /usr/bin/install -c
checking whether build environment is sane... yes
checking for a thread-safe mkdir -p... ../install-sh -c -d
checking for gawk... gawk
checking whether make sets $(MAKE)... yes
checking for gcc... /usr/bin/llvm-gcc
checking whether the C compiler works... yes
checking for C compiler default output file name... a.out
checking for suffix of executables... 
checking whether we are cross compiling... no
checking for suffix of object files... o
checking whether we are using the GNU C compiler... yes
checking whether /usr/bin/llvm-gcc accepts -g... yes
checking for /usr/bin/llvm-gcc option to accept ISO C89... none needed
checking for style of include used by make... GNU
checking dependency style of /usr/bin/llvm-gcc... gcc3
checking for ar... ar
checking the archiver (ar) interface... ar
checking for ranlib... ranlib
checking that generated files are newer than configure... done
configure: creating ./config.status
config.status: creating Makefile
config.status: executing depfiles commands
+ make all
/usr/bin/llvm-gcc -DPACKAGE_NAME=\"instspc\" -DPACKAGE_TARNAME=\"instspc\" -DPACKAGE_VERSION=\"1.0\" -DPACKAGE_STRING=\"instspc\ 1.0\" -DPACKAGE_BUGREPORT=\"\" -DPACKAGE_URL=\"\" -DPACKAGE=\"instspc\" -DVERSION=\"1.0\" -I. -I..   -I/usr/local/Cellar/libffi/3.0.10/include -I/usr/local/Cellar/gettext/0.18.1.1/include  -Os -w -pipe   -march=core2 -msse4 -MT source.o -MD -MP -MF .deps/source.Tpo -c -o source.o ../source.c
mv -f .deps/source.Tpo .deps/source.Po
rm -f sub/libbase.a
ar cru sub/libbase.a source.o 
ranlib sub/libbase.a
rm -f sub/libnobase.a
ar cru sub/libnobase.a source.o 
ranlib sub/libnobase.a
/usr/bin/llvm-gcc  -Os -w -pipe   -march=core2 -msse4  -L/usr/local/Cellar/libffi/3.0.10/lib -L/usr/local/Cellar/gettext/0.18.1.1/lib -o sub/base source.o  
/usr/bin/llvm-gcc  -Os -w -pipe   -march=core2 -msse4  -L/usr/local/Cellar/libffi/3.0.10/lib -L/usr/local/Cellar/gettext/0.18.1.1/lib -o sub/nobase source.o  
+ DESTDIR=/private/tmp/homebrew-automake-HEAD-mfsB/tests/instspc.dir/dest-pipe
+ file='./|'
+ make -e test-inst
test -z "/|-prefix/foo" || ../install-sh -c -d "/private/tmp/homebrew-automake-HEAD-mfsB/tests/instspc.dir/dest-pipe/|-prefix/foo"
 /usr/bin/install -c ../sub/base.sh '/private/tmp/homebrew-automake-HEAD-mfsB/tests/instspc.dir/dest-pipe/|-prefix/foo'
test -z "/|-prefix/foo" || ../install-sh -c -d "/private/tmp/homebrew-automake-HEAD-mfsB/tests/instspc.dir/dest-pipe/|-prefix/foo"
 /usr/bin/install -c -m 644  sub/libbase.a '/private/tmp/homebrew-automake-HEAD-mfsB/tests/instspc.dir/dest-pipe/|-prefix/foo'
 ( cd '/private/tmp/homebrew-automake-HEAD-mfsB/tests/instspc.dir/dest-pipe/|-prefix/foo' && ranlib libbase.a )
test -z "/|-prefix/foo" || ../install-sh -c -d "/private/tmp/homebrew-automake-HEAD-mfsB/tests/instspc.dir/dest-pipe/|-prefix/foo"
  /usr/bin/install -c sub/base '/private/tmp/homebrew-automake-HEAD-mfsB/tests/instspc.dir/dest-pipe/|-prefix/foo'
test -z "/|-prefix/foo" || ../install-sh -c -d "/private/tmp/homebrew-automake-HEAD-mfsB/tests/instspc.dir/dest-pipe/|-prefix/foo"
 ../install-sh -c -d '/private/tmp/homebrew-automake-HEAD-mfsB/tests/instspc.dir/dest-pipe/|-prefix/foo/sub/'
 /usr/bin/install -c ../sub/nobase.sh '/private/tmp/homebrew-automake-HEAD-mfsB/tests/instspc.dir/dest-pipe/|-prefix/foo/sub/'
test -z "/|-prefix/foo" || ../install-sh -c -d "/private/tmp/homebrew-automake-HEAD-mfsB/tests/instspc.dir/dest-pipe/|-prefix/foo"
../install-sh -c -d '/private/tmp/homebrew-automake-HEAD-mfsB/tests/instspc.dir/dest-pipe/|-prefix/foo/sub'
 /usr/bin/install -c -m 644  sub/libnobase.a '/private/tmp/homebrew-automake-HEAD-mfsB/tests/instspc.dir/dest-pipe/|-prefix/foo/sub'
 ( cd '/private/tmp/homebrew-automake-HEAD-mfsB/tests/instspc.dir/dest-pipe/|-prefix/foo' && ranlib sub/libnobase.a )
test -z "/|-prefix/foo" || ../install-sh -c -d "/private/tmp/homebrew-automake-HEAD-mfsB/tests/instspc.dir/dest-pipe/|-prefix/foo"
 ../install-sh -c -d '/private/tmp/homebrew-automake-HEAD-mfsB/tests/instspc.dir/dest-pipe/|-prefix/foo/sub/'
  /usr/bin/install -c sub/nobase '/private/tmp/homebrew-automake-HEAD-mfsB/tests/instspc.dir/dest-pipe/|-prefix/foo/sub/'
test -z "/|-prefix/foo" || ../install-sh -c -d "/private/tmp/homebrew-automake-HEAD-mfsB/tests/instspc.dir/dest-pipe/|-prefix/foo"
 /usr/bin/install -c -m 644 ../sub/base.dat '/private/tmp/homebrew-automake-HEAD-mfsB/tests/instspc.dir/dest-pipe/|-prefix/foo'
test -z "/|-prefix/foo" || ../install-sh -c -d "/private/tmp/homebrew-automake-HEAD-mfsB/tests/instspc.dir/dest-pipe/|-prefix/foo"
 /usr/bin/install -c -m 644 ../sub/base.h '/private/tmp/homebrew-automake-HEAD-mfsB/tests/instspc.dir/dest-pipe/|-prefix/foo'
test -z "/|-prefix/foo" || ../install-sh -c -d "/private/tmp/homebrew-automake-HEAD-mfsB/tests/instspc.dir/dest-pipe/|-prefix/foo"
../install-sh -c -d '/private/tmp/homebrew-automake-HEAD-mfsB/tests/instspc.dir/dest-pipe/|-prefix/foo/sub'
 /usr/bin/install -c -m 644  ../sub/nobase.dat '/private/tmp/homebrew-automake-HEAD-mfsB/tests/instspc.dir/dest-pipe/|-prefix/foo/sub'
test -z "/|-prefix/foo" || ../install-sh -c -d "/private/tmp/homebrew-automake-HEAD-mfsB/tests/instspc.dir/dest-pipe/|-prefix/foo"
../install-sh -c -d '/private/tmp/homebrew-automake-HEAD-mfsB/tests/instspc.dir/dest-pipe/|-prefix/foo/sub'
 /usr/bin/install -c -m 644  ../sub/nobase.h '/private/tmp/homebrew-automake-HEAD-mfsB/tests/instspc.dir/dest-pipe/|-prefix/foo/sub'
test   -f '/private/tmp/homebrew-automake-HEAD-mfsB/tests/instspc.dir/dest-pipe/./|-prefix/foo/sub/nobase.h'
test ! -f '/private/tmp/homebrew-automake-HEAD-mfsB/tests/instspc.dir/dest-pipe/./|-prefix/foo/nobase.h'
test   -f '/private/tmp/homebrew-automake-HEAD-mfsB/tests/instspc.dir/dest-pipe/./|-prefix/foo/base.h'
test   -f '/private/tmp/homebrew-automake-HEAD-mfsB/tests/instspc.dir/dest-pipe/./|-prefix/foo/sub/nobase.dat'
test ! -f '/private/tmp/homebrew-automake-HEAD-mfsB/tests/instspc.dir/dest-pipe/./|-prefix/foo/nobase.dat'
test   -f '/private/tmp/homebrew-automake-HEAD-mfsB/tests/instspc.dir/dest-pipe/./|-prefix/foo/base.dat'
test   -f '/private/tmp/homebrew-automake-HEAD-mfsB/tests/instspc.dir/dest-pipe/./|-prefix/foo/sub/nobase.sh'
test ! -f '/private/tmp/homebrew-automake-HEAD-mfsB/tests/instspc.dir/dest-pipe/./|-prefix/foo/nobase.sh'
test   -f '/private/tmp/homebrew-automake-HEAD-mfsB/tests/instspc.dir/dest-pipe/./|-prefix/foo/base.sh'
test   -f '/private/tmp/homebrew-automake-HEAD-mfsB/tests/instspc.dir/dest-pipe/./|-prefix/foo/sub/nobase'
test ! -f '/private/tmp/homebrew-automake-HEAD-mfsB/tests/instspc.dir/dest-pipe/./|-prefix/foo/nobase'
test   -f '/private/tmp/homebrew-automake-HEAD-mfsB/tests/instspc.dir/dest-pipe/./|-prefix/foo/base'
test   -f '/private/tmp/homebrew-automake-HEAD-mfsB/tests/instspc.dir/dest-pipe/./|-prefix/foo/sub/libnobase.a'
test ! -f '/private/tmp/homebrew-automake-HEAD-mfsB/tests/instspc.dir/dest-pipe/./|-prefix/foo/libnobase.a'
test   -f '/private/tmp/homebrew-automake-HEAD-mfsB/tests/instspc.dir/dest-pipe/./|-prefix/foo/libbase.a'
+ description='pipe in builddir'
+ expected_to_fail build pipe
+ case $1 in
+ is_in_list pipe squote dquote bquote sharp dollar bslash ampersand linefeed quadrigraph0 a_lf_b
+ item=pipe
+ shift
+ case " $* " in
+ return 1
+ directive=
+ reason=
+ result_ ok -D '' -r '' -- 'pipe in builddir'
+ set +x
ok 23 - pipe in builddir
PASS: instspc.tap 23 - pipe in builddir
+ cd /private/tmp/homebrew-automake-HEAD-mfsB/tests/instspc.dir
+ not am_keeping_testdirs
+ am_keeping_testdirs
+ case $keep_testdirs in
+ return 1
+ return 0
+ test ok = ok
+ rm_rf_ './|' /private/tmp/homebrew-automake-HEAD-mfsB/tests/instspc.dir/dest-pipe
+ test 2 -gt 0
+ find './|' /private/tmp/homebrew-automake-HEAD-mfsB/tests/instspc.dir/dest-pipe -type d '!' -perm -700 -exec chmod u+rwx '{}' ';'
+ rm -rf './|' /private/tmp/homebrew-automake-HEAD-mfsB/tests/instspc.dir/dest-pipe
+ for where in build dest
+ case $where in
+ build=build-pipe
+ dest='/private/tmp/homebrew-automake-HEAD-mfsB/tests/instspc.dir/|'
+ mkdir build-pipe
+ cd build-pipe
+ r=ok
+ ../configure --prefix '/|-prefix'
checking for a BSD-compatible install... /usr/bin/install -c
checking whether build environment is sane... yes
checking for a thread-safe mkdir -p... ../install-sh -c -d
checking for gawk... gawk
checking whether make sets $(MAKE)... yes
checking for gcc... /usr/bin/llvm-gcc
checking whether the C compiler works... yes
checking for C compiler default output file name... a.out
checking for suffix of executables... 
checking whether we are cross compiling... no
checking for suffix of object files... o
checking whether we are using the GNU C compiler... yes
checking whether /usr/bin/llvm-gcc accepts -g... yes
checking for /usr/bin/llvm-gcc option to accept ISO C89... none needed
checking for style of include used by make... GNU
checking dependency style of /usr/bin/llvm-gcc... gcc3
checking for ar... ar
checking the archiver (ar) interface... ar
checking for ranlib... ranlib
checking that generated files are newer than configure... done
configure: creating ./config.status
config.status: creating Makefile
config.status: executing depfiles commands
+ make all
/usr/bin/llvm-gcc -DPACKAGE_NAME=\"instspc\" -DPACKAGE_TARNAME=\"instspc\" -DPACKAGE_VERSION=\"1.0\" -DPACKAGE_STRING=\"instspc\ 1.0\" -DPACKAGE_BUGREPORT=\"\" -DPACKAGE_URL=\"\" -DPACKAGE=\"instspc\" -DVERSION=\"1.0\" -I. -I..   -I/usr/local/Cellar/libffi/3.0.10/include -I/usr/local/Cellar/gettext/0.18.1.1/include  -Os -w -pipe   -march=core2 -msse4 -MT source.o -MD -MP -MF .deps/source.Tpo -c -o source.o ../source.c
mv -f .deps/source.Tpo .deps/source.Po
rm -f sub/libbase.a
ar cru sub/libbase.a source.o 
ranlib sub/libbase.a
rm -f sub/libnobase.a
ar cru sub/libnobase.a source.o 
ranlib sub/libnobase.a
/usr/bin/llvm-gcc  -Os -w -pipe   -march=core2 -msse4  -L/usr/local/Cellar/libffi/3.0.10/lib -L/usr/local/Cellar/gettext/0.18.1.1/lib -o sub/base source.o  
/usr/bin/llvm-gcc  -Os -w -pipe   -march=core2 -msse4  -L/usr/local/Cellar/libffi/3.0.10/lib -L/usr/local/Cellar/gettext/0.18.1.1/lib -o sub/nobase source.o  
+ DESTDIR='/private/tmp/homebrew-automake-HEAD-mfsB/tests/instspc.dir/|'
+ file='./|'
+ make -e test-inst
test -z "/|-prefix/foo" || ../install-sh -c -d "/private/tmp/homebrew-automake-HEAD-mfsB/tests/instspc.dir/|/|-prefix/foo"
 /usr/bin/install -c ../sub/base.sh '/private/tmp/homebrew-automake-HEAD-mfsB/tests/instspc.dir/|/|-prefix/foo'
test -z "/|-prefix/foo" || ../install-sh -c -d "/private/tmp/homebrew-automake-HEAD-mfsB/tests/instspc.dir/|/|-prefix/foo"
 /usr/bin/install -c -m 644  sub/libbase.a '/private/tmp/homebrew-automake-HEAD-mfsB/tests/instspc.dir/|/|-prefix/foo'
 ( cd '/private/tmp/homebrew-automake-HEAD-mfsB/tests/instspc.dir/|/|-prefix/foo' && ranlib libbase.a )
test -z "/|-prefix/foo" || ../install-sh -c -d "/private/tmp/homebrew-automake-HEAD-mfsB/tests/instspc.dir/|/|-prefix/foo"
  /usr/bin/install -c sub/base '/private/tmp/homebrew-automake-HEAD-mfsB/tests/instspc.dir/|/|-prefix/foo'
test -z "/|-prefix/foo" || ../install-sh -c -d "/private/tmp/homebrew-automake-HEAD-mfsB/tests/instspc.dir/|/|-prefix/foo"
 ../install-sh -c -d '/private/tmp/homebrew-automake-HEAD-mfsB/tests/instspc.dir/|/|-prefix/foo/sub/'
 /usr/bin/install -c ../sub/nobase.sh '/private/tmp/homebrew-automake-HEAD-mfsB/tests/instspc.dir/|/|-prefix/foo/sub/'
test -z "/|-prefix/foo" || ../install-sh -c -d "/private/tmp/homebrew-automake-HEAD-mfsB/tests/instspc.dir/|/|-prefix/foo"
../install-sh -c -d '/private/tmp/homebrew-automake-HEAD-mfsB/tests/instspc.dir/|/|-prefix/foo/sub'
 /usr/bin/install -c -m 644  sub/libnobase.a '/private/tmp/homebrew-automake-HEAD-mfsB/tests/instspc.dir/|/|-prefix/foo/sub'
 ( cd '/private/tmp/homebrew-automake-HEAD-mfsB/tests/instspc.dir/|/|-prefix/foo' && ranlib sub/libnobase.a )
test -z "/|-prefix/foo" || ../install-sh -c -d "/private/tmp/homebrew-automake-HEAD-mfsB/tests/instspc.dir/|/|-prefix/foo"
 ../install-sh -c -d '/private/tmp/homebrew-automake-HEAD-mfsB/tests/instspc.dir/|/|-prefix/foo/sub/'
  /usr/bin/install -c sub/nobase '/private/tmp/homebrew-automake-HEAD-mfsB/tests/instspc.dir/|/|-prefix/foo/sub/'
test -z "/|-prefix/foo" || ../install-sh -c -d "/private/tmp/homebrew-automake-HEAD-mfsB/tests/instspc.dir/|/|-prefix/foo"
 /usr/bin/install -c -m 644 ../sub/base.dat '/private/tmp/homebrew-automake-HEAD-mfsB/tests/instspc.dir/|/|-prefix/foo'
test -z "/|-prefix/foo" || ../install-sh -c -d "/private/tmp/homebrew-automake-HEAD-mfsB/tests/instspc.dir/|/|-prefix/foo"
 /usr/bin/install -c -m 644 ../sub/base.h '/private/tmp/homebrew-automake-HEAD-mfsB/tests/instspc.dir/|/|-prefix/foo'
test -z "/|-prefix/foo" || ../install-sh -c -d "/private/tmp/homebrew-automake-HEAD-mfsB/tests/instspc.dir/|/|-prefix/foo"
../install-sh -c -d '/private/tmp/homebrew-automake-HEAD-mfsB/tests/instspc.dir/|/|-prefix/foo/sub'
 /usr/bin/install -c -m 644  ../sub/nobase.dat '/private/tmp/homebrew-automake-HEAD-mfsB/tests/instspc.dir/|/|-prefix/foo/sub'
test -z "/|-prefix/foo" || ../install-sh -c -d "/private/tmp/homebrew-automake-HEAD-mfsB/tests/instspc.dir/|/|-prefix/foo"
../install-sh -c -d '/private/tmp/homebrew-automake-HEAD-mfsB/tests/instspc.dir/|/|-prefix/foo/sub'
 /usr/bin/install -c -m 644  ../sub/nobase.h '/private/tmp/homebrew-automake-HEAD-mfsB/tests/instspc.dir/|/|-prefix/foo/sub'
test   -f '/private/tmp/homebrew-automake-HEAD-mfsB/tests/instspc.dir/|/./|-prefix/foo/sub/nobase.h'
test ! -f '/private/tmp/homebrew-automake-HEAD-mfsB/tests/instspc.dir/|/./|-prefix/foo/nobase.h'
test   -f '/private/tmp/homebrew-automake-HEAD-mfsB/tests/instspc.dir/|/./|-prefix/foo/base.h'
test   -f '/private/tmp/homebrew-automake-HEAD-mfsB/tests/instspc.dir/|/./|-prefix/foo/sub/nobase.dat'
test ! -f '/private/tmp/homebrew-automake-HEAD-mfsB/tests/instspc.dir/|/./|-prefix/foo/nobase.dat'
test   -f '/private/tmp/homebrew-automake-HEAD-mfsB/tests/instspc.dir/|/./|-prefix/foo/base.dat'
test   -f '/private/tmp/homebrew-automake-HEAD-mfsB/tests/instspc.dir/|/./|-prefix/foo/sub/nobase.sh'
test ! -f '/private/tmp/homebrew-automake-HEAD-mfsB/tests/instspc.dir/|/./|-prefix/foo/nobase.sh'
test   -f '/private/tmp/homebrew-automake-HEAD-mfsB/tests/instspc.dir/|/./|-prefix/foo/base.sh'
test   -f '/private/tmp/homebrew-automake-HEAD-mfsB/tests/instspc.dir/|/./|-prefix/foo/sub/nobase'
test ! -f '/private/tmp/homebrew-automake-HEAD-mfsB/tests/instspc.dir/|/./|-prefix/foo/nobase'
test   -f '/private/tmp/homebrew-automake-HEAD-mfsB/tests/instspc.dir/|/./|-prefix/foo/base'
test   -f '/private/tmp/homebrew-automake-HEAD-mfsB/tests/instspc.dir/|/./|-prefix/foo/sub/libnobase.a'
test ! -f '/private/tmp/homebrew-automake-HEAD-mfsB/tests/instspc.dir/|/./|-prefix/foo/libnobase.a'
test   -f '/private/tmp/homebrew-automake-HEAD-mfsB/tests/instspc.dir/|/./|-prefix/foo/libbase.a'
+ description='pipe in destdir'
+ expected_to_fail dest pipe
+ case $1 in
+ is_in_list pipe squote dquote bquote sharp dollar linefeed a_lf_b
+ item=pipe
+ shift
+ case " $* " in
+ return 1
+ directive=
+ reason=
+ result_ ok -D '' -r '' -- 'pipe in destdir'
+ set +x
ok 24 - pipe in destdir
PASS: instspc.tap 24 - pipe in destdir
+ cd /private/tmp/homebrew-automake-HEAD-mfsB/tests/instspc.dir
+ not am_keeping_testdirs
+ am_keeping_testdirs
+ case $keep_testdirs in
+ return 1
+ return 0
+ test ok = ok
+ rm_rf_ build-pipe '/private/tmp/homebrew-automake-HEAD-mfsB/tests/instspc.dir/|'
+ test 2 -gt 0
+ find build-pipe '/private/tmp/homebrew-automake-HEAD-mfsB/tests/instspc.dir/|' -type d '!' -perm -700 -exec chmod u+rwx '{}' ';'
+ rm -rf build-pipe '/private/tmp/homebrew-automake-HEAD-mfsB/tests/instspc.dir/|'
+ for test_name in '$test_names_list'
+ eval 'test_string=${instspc__caret}'
++ test_string='^'
+ test 'x^' = x
+ mkdir './^'
+ case $test_string in
+ for where in build dest
+ case $where in
+ build='./^'
+ dest=/private/tmp/homebrew-automake-HEAD-mfsB/tests/instspc.dir/dest-caret
+ cd './^'
+ r=ok
+ ../configure --prefix '/^-prefix'
checking for a BSD-compatible install... /usr/bin/install -c
checking whether build environment is sane... yes
checking for a thread-safe mkdir -p... ../install-sh -c -d
checking for gawk... gawk
checking whether make sets $(MAKE)... yes
checking for gcc... /usr/bin/llvm-gcc
checking whether the C compiler works... yes
checking for C compiler default output file name... a.out
checking for suffix of executables... 
checking whether we are cross compiling... no
checking for suffix of object files... o
checking whether we are using the GNU C compiler... yes
checking whether /usr/bin/llvm-gcc accepts -g... yes
checking for /usr/bin/llvm-gcc option to accept ISO C89... none needed
checking for style of include used by make... GNU
checking dependency style of /usr/bin/llvm-gcc... gcc3
checking for ar... ar
checking the archiver (ar) interface... ar
checking for ranlib... ranlib
checking that generated files are newer than configure... done
configure: creating ./config.status
config.status: creating Makefile
config.status: executing depfiles commands
+ make all
/usr/bin/llvm-gcc -DPACKAGE_NAME=\"instspc\" -DPACKAGE_TARNAME=\"instspc\" -DPACKAGE_VERSION=\"1.0\" -DPACKAGE_STRING=\"instspc\ 1.0\" -DPACKAGE_BUGREPORT=\"\" -DPACKAGE_URL=\"\" -DPACKAGE=\"instspc\" -DVERSION=\"1.0\" -I. -I..   -I/usr/local/Cellar/libffi/3.0.10/include -I/usr/local/Cellar/gettext/0.18.1.1/include  -Os -w -pipe   -march=core2 -msse4 -MT source.o -MD -MP -MF .deps/source.Tpo -c -o source.o ../source.c
mv -f .deps/source.Tpo .deps/source.Po
rm -f sub/libbase.a
ar cru sub/libbase.a source.o 
ranlib sub/libbase.a
rm -f sub/libnobase.a
ar cru sub/libnobase.a source.o 
ranlib sub/libnobase.a
/usr/bin/llvm-gcc  -Os -w -pipe   -march=core2 -msse4  -L/usr/local/Cellar/libffi/3.0.10/lib -L/usr/local/Cellar/gettext/0.18.1.1/lib -o sub/base source.o  
/usr/bin/llvm-gcc  -Os -w -pipe   -march=core2 -msse4  -L/usr/local/Cellar/libffi/3.0.10/lib -L/usr/local/Cellar/gettext/0.18.1.1/lib -o sub/nobase source.o  
+ DESTDIR=/private/tmp/homebrew-automake-HEAD-mfsB/tests/instspc.dir/dest-caret
+ file='./^'
+ make -e test-inst
test -z "/^-prefix/foo" || ../install-sh -c -d "/private/tmp/homebrew-automake-HEAD-mfsB/tests/instspc.dir/dest-caret/^-prefix/foo"
 /usr/bin/install -c ../sub/base.sh '/private/tmp/homebrew-automake-HEAD-mfsB/tests/instspc.dir/dest-caret/^-prefix/foo'
test -z "/^-prefix/foo" || ../install-sh -c -d "/private/tmp/homebrew-automake-HEAD-mfsB/tests/instspc.dir/dest-caret/^-prefix/foo"
 /usr/bin/install -c -m 644  sub/libbase.a '/private/tmp/homebrew-automake-HEAD-mfsB/tests/instspc.dir/dest-caret/^-prefix/foo'
 ( cd '/private/tmp/homebrew-automake-HEAD-mfsB/tests/instspc.dir/dest-caret/^-prefix/foo' && ranlib libbase.a )
test -z "/^-prefix/foo" || ../install-sh -c -d "/private/tmp/homebrew-automake-HEAD-mfsB/tests/instspc.dir/dest-caret/^-prefix/foo"
  /usr/bin/install -c sub/base '/private/tmp/homebrew-automake-HEAD-mfsB/tests/instspc.dir/dest-caret/^-prefix/foo'
test -z "/^-prefix/foo" || ../install-sh -c -d "/private/tmp/homebrew-automake-HEAD-mfsB/tests/instspc.dir/dest-caret/^-prefix/foo"
 ../install-sh -c -d '/private/tmp/homebrew-automake-HEAD-mfsB/tests/instspc.dir/dest-caret/^-prefix/foo/sub/'
 /usr/bin/install -c ../sub/nobase.sh '/private/tmp/homebrew-automake-HEAD-mfsB/tests/instspc.dir/dest-caret/^-prefix/foo/sub/'
test -z "/^-prefix/foo" || ../install-sh -c -d "/private/tmp/homebrew-automake-HEAD-mfsB/tests/instspc.dir/dest-caret/^-prefix/foo"
../install-sh -c -d '/private/tmp/homebrew-automake-HEAD-mfsB/tests/instspc.dir/dest-caret/^-prefix/foo/sub'
 /usr/bin/install -c -m 644  sub/libnobase.a '/private/tmp/homebrew-automake-HEAD-mfsB/tests/instspc.dir/dest-caret/^-prefix/foo/sub'
 ( cd '/private/tmp/homebrew-automake-HEAD-mfsB/tests/instspc.dir/dest-caret/^-prefix/foo' && ranlib sub/libnobase.a )
test -z "/^-prefix/foo" || ../install-sh -c -d "/private/tmp/homebrew-automake-HEAD-mfsB/tests/instspc.dir/dest-caret/^-prefix/foo"
 ../install-sh -c -d '/private/tmp/homebrew-automake-HEAD-mfsB/tests/instspc.dir/dest-caret/^-prefix/foo/sub/'
  /usr/bin/install -c sub/nobase '/private/tmp/homebrew-automake-HEAD-mfsB/tests/instspc.dir/dest-caret/^-prefix/foo/sub/'
test -z "/^-prefix/foo" || ../install-sh -c -d "/private/tmp/homebrew-automake-HEAD-mfsB/tests/instspc.dir/dest-caret/^-prefix/foo"
 /usr/bin/install -c -m 644 ../sub/base.dat '/private/tmp/homebrew-automake-HEAD-mfsB/tests/instspc.dir/dest-caret/^-prefix/foo'
test -z "/^-prefix/foo" || ../install-sh -c -d "/private/tmp/homebrew-automake-HEAD-mfsB/tests/instspc.dir/dest-caret/^-prefix/foo"
 /usr/bin/install -c -m 644 ../sub/base.h '/private/tmp/homebrew-automake-HEAD-mfsB/tests/instspc.dir/dest-caret/^-prefix/foo'
test -z "/^-prefix/foo" || ../install-sh -c -d "/private/tmp/homebrew-automake-HEAD-mfsB/tests/instspc.dir/dest-caret/^-prefix/foo"
../install-sh -c -d '/private/tmp/homebrew-automake-HEAD-mfsB/tests/instspc.dir/dest-caret/^-prefix/foo/sub'
 /usr/bin/install -c -m 644  ../sub/nobase.dat '/private/tmp/homebrew-automake-HEAD-mfsB/tests/instspc.dir/dest-caret/^-prefix/foo/sub'
test -z "/^-prefix/foo" || ../install-sh -c -d "/private/tmp/homebrew-automake-HEAD-mfsB/tests/instspc.dir/dest-caret/^-prefix/foo"
../install-sh -c -d '/private/tmp/homebrew-automake-HEAD-mfsB/tests/instspc.dir/dest-caret/^-prefix/foo/sub'
 /usr/bin/install -c -m 644  ../sub/nobase.h '/private/tmp/homebrew-automake-HEAD-mfsB/tests/instspc.dir/dest-caret/^-prefix/foo/sub'
test   -f '/private/tmp/homebrew-automake-HEAD-mfsB/tests/instspc.dir/dest-caret/./^-prefix/foo/sub/nobase.h'
test ! -f '/private/tmp/homebrew-automake-HEAD-mfsB/tests/instspc.dir/dest-caret/./^-prefix/foo/nobase.h'
test   -f '/private/tmp/homebrew-automake-HEAD-mfsB/tests/instspc.dir/dest-caret/./^-prefix/foo/base.h'
test   -f '/private/tmp/homebrew-automake-HEAD-mfsB/tests/instspc.dir/dest-caret/./^-prefix/foo/sub/nobase.dat'
test ! -f '/private/tmp/homebrew-automake-HEAD-mfsB/tests/instspc.dir/dest-caret/./^-prefix/foo/nobase.dat'
test   -f '/private/tmp/homebrew-automake-HEAD-mfsB/tests/instspc.dir/dest-caret/./^-prefix/foo/base.dat'
test   -f '/private/tmp/homebrew-automake-HEAD-mfsB/tests/instspc.dir/dest-caret/./^-prefix/foo/sub/nobase.sh'
test ! -f '/private/tmp/homebrew-automake-HEAD-mfsB/tests/instspc.dir/dest-caret/./^-prefix/foo/nobase.sh'
test   -f '/private/tmp/homebrew-automake-HEAD-mfsB/tests/instspc.dir/dest-caret/./^-prefix/foo/base.sh'
test   -f '/private/tmp/homebrew-automake-HEAD-mfsB/tests/instspc.dir/dest-caret/./^-prefix/foo/sub/nobase'
test ! -f '/private/tmp/homebrew-automake-HEAD-mfsB/tests/instspc.dir/dest-caret/./^-prefix/foo/nobase'
test   -f '/private/tmp/homebrew-automake-HEAD-mfsB/tests/instspc.dir/dest-caret/./^-prefix/foo/base'
test   -f '/private/tmp/homebrew-automake-HEAD-mfsB/tests/instspc.dir/dest-caret/./^-prefix/foo/sub/libnobase.a'
test ! -f '/private/tmp/homebrew-automake-HEAD-mfsB/tests/instspc.dir/dest-caret/./^-prefix/foo/libnobase.a'
test   -f '/private/tmp/homebrew-automake-HEAD-mfsB/tests/instspc.dir/dest-caret/./^-prefix/foo/libbase.a'
+ description='caret in builddir'
+ expected_to_fail build caret
+ case $1 in
+ is_in_list caret squote dquote bquote sharp dollar bslash ampersand linefeed quadrigraph0 a_lf_b
+ item=caret
+ shift
+ case " $* " in
+ return 1
+ directive=
+ reason=
+ result_ ok -D '' -r '' -- 'caret in builddir'
+ set +x
ok 25 - caret in builddir
PASS: instspc.tap 25 - caret in builddir
+ cd /private/tmp/homebrew-automake-HEAD-mfsB/tests/instspc.dir
+ not am_keeping_testdirs
+ am_keeping_testdirs
+ case $keep_testdirs in
+ return 1
+ return 0
+ test ok = ok
+ rm_rf_ './^' /private/tmp/homebrew-automake-HEAD-mfsB/tests/instspc.dir/dest-caret
+ test 2 -gt 0
+ find './^' /private/tmp/homebrew-automake-HEAD-mfsB/tests/instspc.dir/dest-caret -type d '!' -perm -700 -exec chmod u+rwx '{}' ';'
+ rm -rf './^' /private/tmp/homebrew-automake-HEAD-mfsB/tests/instspc.dir/dest-caret
+ for where in build dest
+ case $where in
+ build=build-caret
+ dest='/private/tmp/homebrew-automake-HEAD-mfsB/tests/instspc.dir/^'
+ mkdir build-caret
+ cd build-caret
+ r=ok
+ ../configure --prefix '/^-prefix'
checking for a BSD-compatible install... /usr/bin/install -c
checking whether build environment is sane... yes
checking for a thread-safe mkdir -p... ../install-sh -c -d
checking for gawk... gawk
checking whether make sets $(MAKE)... yes
checking for gcc... /usr/bin/llvm-gcc
checking whether the C compiler works... yes
checking for C compiler default output file name... a.out
checking for suffix of executables... 
checking whether we are cross compiling... no
checking for suffix of object files... o
checking whether we are using the GNU C compiler... yes
checking whether /usr/bin/llvm-gcc accepts -g... yes
checking for /usr/bin/llvm-gcc option to accept ISO C89... none needed
checking for style of include used by make... GNU
checking dependency style of /usr/bin/llvm-gcc... gcc3
checking for ar... ar
checking the archiver (ar) interface... ar
checking for ranlib... ranlib
checking that generated files are newer than configure... done
configure: creating ./config.status
config.status: creating Makefile
config.status: executing depfiles commands
+ make all
/usr/bin/llvm-gcc -DPACKAGE_NAME=\"instspc\" -DPACKAGE_TARNAME=\"instspc\" -DPACKAGE_VERSION=\"1.0\" -DPACKAGE_STRING=\"instspc\ 1.0\" -DPACKAGE_BUGREPORT=\"\" -DPACKAGE_URL=\"\" -DPACKAGE=\"instspc\" -DVERSION=\"1.0\" -I. -I..   -I/usr/local/Cellar/libffi/3.0.10/include -I/usr/local/Cellar/gettext/0.18.1.1/include  -Os -w -pipe   -march=core2 -msse4 -MT source.o -MD -MP -MF .deps/source.Tpo -c -o source.o ../source.c
mv -f .deps/source.Tpo .deps/source.Po
rm -f sub/libbase.a
ar cru sub/libbase.a source.o 
ranlib sub/libbase.a
rm -f sub/libnobase.a
ar cru sub/libnobase.a source.o 
ranlib sub/libnobase.a
/usr/bin/llvm-gcc  -Os -w -pipe   -march=core2 -msse4  -L/usr/local/Cellar/libffi/3.0.10/lib -L/usr/local/Cellar/gettext/0.18.1.1/lib -o sub/base source.o  
/usr/bin/llvm-gcc  -Os -w -pipe   -march=core2 -msse4  -L/usr/local/Cellar/libffi/3.0.10/lib -L/usr/local/Cellar/gettext/0.18.1.1/lib -o sub/nobase source.o  
+ DESTDIR='/private/tmp/homebrew-automake-HEAD-mfsB/tests/instspc.dir/^'
+ file='./^'
+ make -e test-inst
test -z "/^-prefix/foo" || ../install-sh -c -d "/private/tmp/homebrew-automake-HEAD-mfsB/tests/instspc.dir/^/^-prefix/foo"
 /usr/bin/install -c ../sub/base.sh '/private/tmp/homebrew-automake-HEAD-mfsB/tests/instspc.dir/^/^-prefix/foo'
test -z "/^-prefix/foo" || ../install-sh -c -d "/private/tmp/homebrew-automake-HEAD-mfsB/tests/instspc.dir/^/^-prefix/foo"
 /usr/bin/install -c -m 644  sub/libbase.a '/private/tmp/homebrew-automake-HEAD-mfsB/tests/instspc.dir/^/^-prefix/foo'
 ( cd '/private/tmp/homebrew-automake-HEAD-mfsB/tests/instspc.dir/^/^-prefix/foo' && ranlib libbase.a )
test -z "/^-prefix/foo" || ../install-sh -c -d "/private/tmp/homebrew-automake-HEAD-mfsB/tests/instspc.dir/^/^-prefix/foo"
  /usr/bin/install -c sub/base '/private/tmp/homebrew-automake-HEAD-mfsB/tests/instspc.dir/^/^-prefix/foo'
test -z "/^-prefix/foo" || ../install-sh -c -d "/private/tmp/homebrew-automake-HEAD-mfsB/tests/instspc.dir/^/^-prefix/foo"
 ../install-sh -c -d '/private/tmp/homebrew-automake-HEAD-mfsB/tests/instspc.dir/^/^-prefix/foo/sub/'
 /usr/bin/install -c ../sub/nobase.sh '/private/tmp/homebrew-automake-HEAD-mfsB/tests/instspc.dir/^/^-prefix/foo/sub/'
test -z "/^-prefix/foo" || ../install-sh -c -d "/private/tmp/homebrew-automake-HEAD-mfsB/tests/instspc.dir/^/^-prefix/foo"
../install-sh -c -d '/private/tmp/homebrew-automake-HEAD-mfsB/tests/instspc.dir/^/^-prefix/foo/sub'
 /usr/bin/install -c -m 644  sub/libnobase.a '/private/tmp/homebrew-automake-HEAD-mfsB/tests/instspc.dir/^/^-prefix/foo/sub'
 ( cd '/private/tmp/homebrew-automake-HEAD-mfsB/tests/instspc.dir/^/^-prefix/foo' && ranlib sub/libnobase.a )
test -z "/^-prefix/foo" || ../install-sh -c -d "/private/tmp/homebrew-automake-HEAD-mfsB/tests/instspc.dir/^/^-prefix/foo"
 ../install-sh -c -d '/private/tmp/homebrew-automake-HEAD-mfsB/tests/instspc.dir/^/^-prefix/foo/sub/'
  /usr/bin/install -c sub/nobase '/private/tmp/homebrew-automake-HEAD-mfsB/tests/instspc.dir/^/^-prefix/foo/sub/'
test -z "/^-prefix/foo" || ../install-sh -c -d "/private/tmp/homebrew-automake-HEAD-mfsB/tests/instspc.dir/^/^-prefix/foo"
 /usr/bin/install -c -m 644 ../sub/base.dat '/private/tmp/homebrew-automake-HEAD-mfsB/tests/instspc.dir/^/^-prefix/foo'
test -z "/^-prefix/foo" || ../install-sh -c -d "/private/tmp/homebrew-automake-HEAD-mfsB/tests/instspc.dir/^/^-prefix/foo"
 /usr/bin/install -c -m 644 ../sub/base.h '/private/tmp/homebrew-automake-HEAD-mfsB/tests/instspc.dir/^/^-prefix/foo'
test -z "/^-prefix/foo" || ../install-sh -c -d "/private/tmp/homebrew-automake-HEAD-mfsB/tests/instspc.dir/^/^-prefix/foo"
../install-sh -c -d '/private/tmp/homebrew-automake-HEAD-mfsB/tests/instspc.dir/^/^-prefix/foo/sub'
 /usr/bin/install -c -m 644  ../sub/nobase.dat '/private/tmp/homebrew-automake-HEAD-mfsB/tests/instspc.dir/^/^-prefix/foo/sub'
test -z "/^-prefix/foo" || ../install-sh -c -d "/private/tmp/homebrew-automake-HEAD-mfsB/tests/instspc.dir/^/^-prefix/foo"
../install-sh -c -d '/private/tmp/homebrew-automake-HEAD-mfsB/tests/instspc.dir/^/^-prefix/foo/sub'
 /usr/bin/install -c -m 644  ../sub/nobase.h '/private/tmp/homebrew-automake-HEAD-mfsB/tests/instspc.dir/^/^-prefix/foo/sub'
test   -f '/private/tmp/homebrew-automake-HEAD-mfsB/tests/instspc.dir/^/./^-prefix/foo/sub/nobase.h'
test ! -f '/private/tmp/homebrew-automake-HEAD-mfsB/tests/instspc.dir/^/./^-prefix/foo/nobase.h'
test   -f '/private/tmp/homebrew-automake-HEAD-mfsB/tests/instspc.dir/^/./^-prefix/foo/base.h'
test   -f '/private/tmp/homebrew-automake-HEAD-mfsB/tests/instspc.dir/^/./^-prefix/foo/sub/nobase.dat'
test ! -f '/private/tmp/homebrew-automake-HEAD-mfsB/tests/instspc.dir/^/./^-prefix/foo/nobase.dat'
test   -f '/private/tmp/homebrew-automake-HEAD-mfsB/tests/instspc.dir/^/./^-prefix/foo/base.dat'
test   -f '/private/tmp/homebrew-automake-HEAD-mfsB/tests/instspc.dir/^/./^-prefix/foo/sub/nobase.sh'
test ! -f '/private/tmp/homebrew-automake-HEAD-mfsB/tests/instspc.dir/^/./^-prefix/foo/nobase.sh'
test   -f '/private/tmp/homebrew-automake-HEAD-mfsB/tests/instspc.dir/^/./^-prefix/foo/base.sh'
test   -f '/private/tmp/homebrew-automake-HEAD-mfsB/tests/instspc.dir/^/./^-prefix/foo/sub/nobase'
test ! -f '/private/tmp/homebrew-automake-HEAD-mfsB/tests/instspc.dir/^/./^-prefix/foo/nobase'
test   -f '/private/tmp/homebrew-automake-HEAD-mfsB/tests/instspc.dir/^/./^-prefix/foo/base'
test   -f '/private/tmp/homebrew-automake-HEAD-mfsB/tests/instspc.dir/^/./^-prefix/foo/sub/libnobase.a'
test ! -f '/private/tmp/homebrew-automake-HEAD-mfsB/tests/instspc.dir/^/./^-prefix/foo/libnobase.a'
test   -f '/private/tmp/homebrew-automake-HEAD-mfsB/tests/instspc.dir/^/./^-prefix/foo/libbase.a'
+ description='caret in destdir'
+ expected_to_fail dest caret
+ case $1 in
+ is_in_list caret squote dquote bquote sharp dollar linefeed a_lf_b
+ item=caret
+ shift
+ case " $* " in
+ return 1
+ directive=
+ reason=
+ result_ ok -D '' -r '' -- 'caret in destdir'
+ set +x
ok 26 - caret in destdir
PASS: instspc.tap 26 - caret in destdir
+ cd /private/tmp/homebrew-automake-HEAD-mfsB/tests/instspc.dir
+ not am_keeping_testdirs
+ am_keeping_testdirs
+ case $keep_testdirs in
+ return 1
+ return 0
+ test ok = ok
+ rm_rf_ build-caret '/private/tmp/homebrew-automake-HEAD-mfsB/tests/instspc.dir/^'
+ test 2 -gt 0
+ find build-caret '/private/tmp/homebrew-automake-HEAD-mfsB/tests/instspc.dir/^' -type d '!' -perm -700 -exec chmod u+rwx '{}' ';'
+ rm -rf build-caret '/private/tmp/homebrew-automake-HEAD-mfsB/tests/instspc.dir/^'
+ for test_name in '$test_names_list'
+ eval 'test_string=${instspc__tilde}'
++ test_string='~'
+ test x~ = x
+ mkdir ./~
+ case $test_string in
+ for where in build dest
+ case $where in
+ build=./~
+ dest=/private/tmp/homebrew-automake-HEAD-mfsB/tests/instspc.dir/dest-tilde
+ cd ./~
+ r=ok
+ ../configure --prefix /~-prefix
checking for a BSD-compatible install... /usr/bin/install -c
checking whether build environment is sane... yes
checking for a thread-safe mkdir -p... ../install-sh -c -d
checking for gawk... gawk
checking whether make sets $(MAKE)... yes
checking for gcc... /usr/bin/llvm-gcc
checking whether the C compiler works... yes
checking for C compiler default output file name... a.out
checking for suffix of executables... 
checking whether we are cross compiling... no
checking for suffix of object files... o
checking whether we are using the GNU C compiler... yes
checking whether /usr/bin/llvm-gcc accepts -g... yes
checking for /usr/bin/llvm-gcc option to accept ISO C89... none needed
checking for style of include used by make... GNU
checking dependency style of /usr/bin/llvm-gcc... gcc3
checking for ar... ar
checking the archiver (ar) interface... ar
checking for ranlib... ranlib
checking that generated files are newer than configure... done
configure: creating ./config.status
config.status: creating Makefile
config.status: executing depfiles commands
+ make all
/usr/bin/llvm-gcc -DPACKAGE_NAME=\"instspc\" -DPACKAGE_TARNAME=\"instspc\" -DPACKAGE_VERSION=\"1.0\" -DPACKAGE_STRING=\"instspc\ 1.0\" -DPACKAGE_BUGREPORT=\"\" -DPACKAGE_URL=\"\" -DPACKAGE=\"instspc\" -DVERSION=\"1.0\" -I. -I..   -I/usr/local/Cellar/libffi/3.0.10/include -I/usr/local/Cellar/gettext/0.18.1.1/include  -Os -w -pipe   -march=core2 -msse4 -MT source.o -MD -MP -MF .deps/source.Tpo -c -o source.o ../source.c
mv -f .deps/source.Tpo .deps/source.Po
rm -f sub/libbase.a
ar cru sub/libbase.a source.o 
ranlib sub/libbase.a
rm -f sub/libnobase.a
ar cru sub/libnobase.a source.o 
ranlib sub/libnobase.a
/usr/bin/llvm-gcc  -Os -w -pipe   -march=core2 -msse4  -L/usr/local/Cellar/libffi/3.0.10/lib -L/usr/local/Cellar/gettext/0.18.1.1/lib -o sub/base source.o  
/usr/bin/llvm-gcc  -Os -w -pipe   -march=core2 -msse4  -L/usr/local/Cellar/libffi/3.0.10/lib -L/usr/local/Cellar/gettext/0.18.1.1/lib -o sub/nobase source.o  
+ DESTDIR=/private/tmp/homebrew-automake-HEAD-mfsB/tests/instspc.dir/dest-tilde
+ file=./~
+ make -e test-inst
test -z "/~-prefix/foo" || ../install-sh -c -d "/private/tmp/homebrew-automake-HEAD-mfsB/tests/instspc.dir/dest-tilde/~-prefix/foo"
 /usr/bin/install -c ../sub/base.sh '/private/tmp/homebrew-automake-HEAD-mfsB/tests/instspc.dir/dest-tilde/~-prefix/foo'
test -z "/~-prefix/foo" || ../install-sh -c -d "/private/tmp/homebrew-automake-HEAD-mfsB/tests/instspc.dir/dest-tilde/~-prefix/foo"
 /usr/bin/install -c -m 644  sub/libbase.a '/private/tmp/homebrew-automake-HEAD-mfsB/tests/instspc.dir/dest-tilde/~-prefix/foo'
 ( cd '/private/tmp/homebrew-automake-HEAD-mfsB/tests/instspc.dir/dest-tilde/~-prefix/foo' && ranlib libbase.a )
test -z "/~-prefix/foo" || ../install-sh -c -d "/private/tmp/homebrew-automake-HEAD-mfsB/tests/instspc.dir/dest-tilde/~-prefix/foo"
  /usr/bin/install -c sub/base '/private/tmp/homebrew-automake-HEAD-mfsB/tests/instspc.dir/dest-tilde/~-prefix/foo'
test -z "/~-prefix/foo" || ../install-sh -c -d "/private/tmp/homebrew-automake-HEAD-mfsB/tests/instspc.dir/dest-tilde/~-prefix/foo"
 ../install-sh -c -d '/private/tmp/homebrew-automake-HEAD-mfsB/tests/instspc.dir/dest-tilde/~-prefix/foo/sub/'
 /usr/bin/install -c ../sub/nobase.sh '/private/tmp/homebrew-automake-HEAD-mfsB/tests/instspc.dir/dest-tilde/~-prefix/foo/sub/'
test -z "/~-prefix/foo" || ../install-sh -c -d "/private/tmp/homebrew-automake-HEAD-mfsB/tests/instspc.dir/dest-tilde/~-prefix/foo"
../install-sh -c -d '/private/tmp/homebrew-automake-HEAD-mfsB/tests/instspc.dir/dest-tilde/~-prefix/foo/sub'
 /usr/bin/install -c -m 644  sub/libnobase.a '/private/tmp/homebrew-automake-HEAD-mfsB/tests/instspc.dir/dest-tilde/~-prefix/foo/sub'
 ( cd '/private/tmp/homebrew-automake-HEAD-mfsB/tests/instspc.dir/dest-tilde/~-prefix/foo' && ranlib sub/libnobase.a )
test -z "/~-prefix/foo" || ../install-sh -c -d "/private/tmp/homebrew-automake-HEAD-mfsB/tests/instspc.dir/dest-tilde/~-prefix/foo"
 ../install-sh -c -d '/private/tmp/homebrew-automake-HEAD-mfsB/tests/instspc.dir/dest-tilde/~-prefix/foo/sub/'
  /usr/bin/install -c sub/nobase '/private/tmp/homebrew-automake-HEAD-mfsB/tests/instspc.dir/dest-tilde/~-prefix/foo/sub/'
test -z "/~-prefix/foo" || ../install-sh -c -d "/private/tmp/homebrew-automake-HEAD-mfsB/tests/instspc.dir/dest-tilde/~-prefix/foo"
 /usr/bin/install -c -m 644 ../sub/base.dat '/private/tmp/homebrew-automake-HEAD-mfsB/tests/instspc.dir/dest-tilde/~-prefix/foo'
test -z "/~-prefix/foo" || ../install-sh -c -d "/private/tmp/homebrew-automake-HEAD-mfsB/tests/instspc.dir/dest-tilde/~-prefix/foo"
 /usr/bin/install -c -m 644 ../sub/base.h '/private/tmp/homebrew-automake-HEAD-mfsB/tests/instspc.dir/dest-tilde/~-prefix/foo'
test -z "/~-prefix/foo" || ../install-sh -c -d "/private/tmp/homebrew-automake-HEAD-mfsB/tests/instspc.dir/dest-tilde/~-prefix/foo"
../install-sh -c -d '/private/tmp/homebrew-automake-HEAD-mfsB/tests/instspc.dir/dest-tilde/~-prefix/foo/sub'
 /usr/bin/install -c -m 644  ../sub/nobase.dat '/private/tmp/homebrew-automake-HEAD-mfsB/tests/instspc.dir/dest-tilde/~-prefix/foo/sub'
test -z "/~-prefix/foo" || ../install-sh -c -d "/private/tmp/homebrew-automake-HEAD-mfsB/tests/instspc.dir/dest-tilde/~-prefix/foo"
../install-sh -c -d '/private/tmp/homebrew-automake-HEAD-mfsB/tests/instspc.dir/dest-tilde/~-prefix/foo/sub'
 /usr/bin/install -c -m 644  ../sub/nobase.h '/private/tmp/homebrew-automake-HEAD-mfsB/tests/instspc.dir/dest-tilde/~-prefix/foo/sub'
test   -f '/private/tmp/homebrew-automake-HEAD-mfsB/tests/instspc.dir/dest-tilde/./~-prefix/foo/sub/nobase.h'
test ! -f '/private/tmp/homebrew-automake-HEAD-mfsB/tests/instspc.dir/dest-tilde/./~-prefix/foo/nobase.h'
test   -f '/private/tmp/homebrew-automake-HEAD-mfsB/tests/instspc.dir/dest-tilde/./~-prefix/foo/base.h'
test   -f '/private/tmp/homebrew-automake-HEAD-mfsB/tests/instspc.dir/dest-tilde/./~-prefix/foo/sub/nobase.dat'
test ! -f '/private/tmp/homebrew-automake-HEAD-mfsB/tests/instspc.dir/dest-tilde/./~-prefix/foo/nobase.dat'
test   -f '/private/tmp/homebrew-automake-HEAD-mfsB/tests/instspc.dir/dest-tilde/./~-prefix/foo/base.dat'
test   -f '/private/tmp/homebrew-automake-HEAD-mfsB/tests/instspc.dir/dest-tilde/./~-prefix/foo/sub/nobase.sh'
test ! -f '/private/tmp/homebrew-automake-HEAD-mfsB/tests/instspc.dir/dest-tilde/./~-prefix/foo/nobase.sh'
test   -f '/private/tmp/homebrew-automake-HEAD-mfsB/tests/instspc.dir/dest-tilde/./~-prefix/foo/base.sh'
test   -f '/private/tmp/homebrew-automake-HEAD-mfsB/tests/instspc.dir/dest-tilde/./~-prefix/foo/sub/nobase'
test ! -f '/private/tmp/homebrew-automake-HEAD-mfsB/tests/instspc.dir/dest-tilde/./~-prefix/foo/nobase'
test   -f '/private/tmp/homebrew-automake-HEAD-mfsB/tests/instspc.dir/dest-tilde/./~-prefix/foo/base'
test   -f '/private/tmp/homebrew-automake-HEAD-mfsB/tests/instspc.dir/dest-tilde/./~-prefix/foo/sub/libnobase.a'
test ! -f '/private/tmp/homebrew-automake-HEAD-mfsB/tests/instspc.dir/dest-tilde/./~-prefix/foo/libnobase.a'
test   -f '/private/tmp/homebrew-automake-HEAD-mfsB/tests/instspc.dir/dest-tilde/./~-prefix/foo/libbase.a'
+ description='tilde in builddir'
+ expected_to_fail build tilde
+ case $1 in
+ is_in_list tilde squote dquote bquote sharp dollar bslash ampersand linefeed quadrigraph0 a_lf_b
+ item=tilde
+ shift
+ case " $* " in
+ return 1
+ directive=
+ reason=
+ result_ ok -D '' -r '' -- 'tilde in builddir'
+ set +x
ok 27 - tilde in builddir
PASS: instspc.tap 27 - tilde in builddir
+ cd /private/tmp/homebrew-automake-HEAD-mfsB/tests/instspc.dir
+ not am_keeping_testdirs
+ am_keeping_testdirs
+ case $keep_testdirs in
+ return 1
+ return 0
+ test ok = ok
+ rm_rf_ ./~ /private/tmp/homebrew-automake-HEAD-mfsB/tests/instspc.dir/dest-tilde
+ test 2 -gt 0
+ find ./~ /private/tmp/homebrew-automake-HEAD-mfsB/tests/instspc.dir/dest-tilde -type d '!' -perm -700 -exec chmod u+rwx '{}' ';'
+ rm -rf ./~ /private/tmp/homebrew-automake-HEAD-mfsB/tests/instspc.dir/dest-tilde
+ for where in build dest
+ case $where in
+ build=build-tilde
+ dest=/private/tmp/homebrew-automake-HEAD-mfsB/tests/instspc.dir/~
+ mkdir build-tilde
+ cd build-tilde
+ r=ok
+ ../configure --prefix /~-prefix
checking for a BSD-compatible install... /usr/bin/install -c
checking whether build environment is sane... yes
checking for a thread-safe mkdir -p... ../install-sh -c -d
checking for gawk... gawk
checking whether make sets $(MAKE)... yes
checking for gcc... /usr/bin/llvm-gcc
checking whether the C compiler works... yes
checking for C compiler default output file name... a.out
checking for suffix of executables... 
checking whether we are cross compiling... no
checking for suffix of object files... o
checking whether we are using the GNU C compiler... yes
checking whether /usr/bin/llvm-gcc accepts -g... yes
checking for /usr/bin/llvm-gcc option to accept ISO C89... none needed
checking for style of include used by make... GNU
checking dependency style of /usr/bin/llvm-gcc... gcc3
checking for ar... ar
checking the archiver (ar) interface... ar
checking for ranlib... ranlib
checking that generated files are newer than configure... done
configure: creating ./config.status
config.status: creating Makefile
config.status: executing depfiles commands
+ make all
/usr/bin/llvm-gcc -DPACKAGE_NAME=\"instspc\" -DPACKAGE_TARNAME=\"instspc\" -DPACKAGE_VERSION=\"1.0\" -DPACKAGE_STRING=\"instspc\ 1.0\" -DPACKAGE_BUGREPORT=\"\" -DPACKAGE_URL=\"\" -DPACKAGE=\"instspc\" -DVERSION=\"1.0\" -I. -I..   -I/usr/local/Cellar/libffi/3.0.10/include -I/usr/local/Cellar/gettext/0.18.1.1/include  -Os -w -pipe   -march=core2 -msse4 -MT source.o -MD -MP -MF .deps/source.Tpo -c -o source.o ../source.c
mv -f .deps/source.Tpo .deps/source.Po
rm -f sub/libbase.a
ar cru sub/libbase.a source.o 
ranlib sub/libbase.a
rm -f sub/libnobase.a
ar cru sub/libnobase.a source.o 
ranlib sub/libnobase.a
/usr/bin/llvm-gcc  -Os -w -pipe   -march=core2 -msse4  -L/usr/local/Cellar/libffi/3.0.10/lib -L/usr/local/Cellar/gettext/0.18.1.1/lib -o sub/base source.o  
/usr/bin/llvm-gcc  -Os -w -pipe   -march=core2 -msse4  -L/usr/local/Cellar/libffi/3.0.10/lib -L/usr/local/Cellar/gettext/0.18.1.1/lib -o sub/nobase source.o  
+ DESTDIR=/private/tmp/homebrew-automake-HEAD-mfsB/tests/instspc.dir/~
+ file=./~
+ make -e test-inst
test -z "/~-prefix/foo" || ../install-sh -c -d "/private/tmp/homebrew-automake-HEAD-mfsB/tests/instspc.dir/~/~-prefix/foo"
 /usr/bin/install -c ../sub/base.sh '/private/tmp/homebrew-automake-HEAD-mfsB/tests/instspc.dir/~/~-prefix/foo'
test -z "/~-prefix/foo" || ../install-sh -c -d "/private/tmp/homebrew-automake-HEAD-mfsB/tests/instspc.dir/~/~-prefix/foo"
 /usr/bin/install -c -m 644  sub/libbase.a '/private/tmp/homebrew-automake-HEAD-mfsB/tests/instspc.dir/~/~-prefix/foo'
 ( cd '/private/tmp/homebrew-automake-HEAD-mfsB/tests/instspc.dir/~/~-prefix/foo' && ranlib libbase.a )
test -z "/~-prefix/foo" || ../install-sh -c -d "/private/tmp/homebrew-automake-HEAD-mfsB/tests/instspc.dir/~/~-prefix/foo"
  /usr/bin/install -c sub/base '/private/tmp/homebrew-automake-HEAD-mfsB/tests/instspc.dir/~/~-prefix/foo'
test -z "/~-prefix/foo" || ../install-sh -c -d "/private/tmp/homebrew-automake-HEAD-mfsB/tests/instspc.dir/~/~-prefix/foo"
 ../install-sh -c -d '/private/tmp/homebrew-automake-HEAD-mfsB/tests/instspc.dir/~/~-prefix/foo/sub/'
 /usr/bin/install -c ../sub/nobase.sh '/private/tmp/homebrew-automake-HEAD-mfsB/tests/instspc.dir/~/~-prefix/foo/sub/'
test -z "/~-prefix/foo" || ../install-sh -c -d "/private/tmp/homebrew-automake-HEAD-mfsB/tests/instspc.dir/~/~-prefix/foo"
../install-sh -c -d '/private/tmp/homebrew-automake-HEAD-mfsB/tests/instspc.dir/~/~-prefix/foo/sub'
 /usr/bin/install -c -m 644  sub/libnobase.a '/private/tmp/homebrew-automake-HEAD-mfsB/tests/instspc.dir/~/~-prefix/foo/sub'
 ( cd '/private/tmp/homebrew-automake-HEAD-mfsB/tests/instspc.dir/~/~-prefix/foo' && ranlib sub/libnobase.a )
test -z "/~-prefix/foo" || ../install-sh -c -d "/private/tmp/homebrew-automake-HEAD-mfsB/tests/instspc.dir/~/~-prefix/foo"
 ../install-sh -c -d '/private/tmp/homebrew-automake-HEAD-mfsB/tests/instspc.dir/~/~-prefix/foo/sub/'
  /usr/bin/install -c sub/nobase '/private/tmp/homebrew-automake-HEAD-mfsB/tests/instspc.dir/~/~-prefix/foo/sub/'
test -z "/~-prefix/foo" || ../install-sh -c -d "/private/tmp/homebrew-automake-HEAD-mfsB/tests/instspc.dir/~/~-prefix/foo"
 /usr/bin/install -c -m 644 ../sub/base.dat '/private/tmp/homebrew-automake-HEAD-mfsB/tests/instspc.dir/~/~-prefix/foo'
test -z "/~-prefix/foo" || ../install-sh -c -d "/private/tmp/homebrew-automake-HEAD-mfsB/tests/instspc.dir/~/~-prefix/foo"
 /usr/bin/install -c -m 644 ../sub/base.h '/private/tmp/homebrew-automake-HEAD-mfsB/tests/instspc.dir/~/~-prefix/foo'
test -z "/~-prefix/foo" || ../install-sh -c -d "/private/tmp/homebrew-automake-HEAD-mfsB/tests/instspc.dir/~/~-prefix/foo"
../install-sh -c -d '/private/tmp/homebrew-automake-HEAD-mfsB/tests/instspc.dir/~/~-prefix/foo/sub'
 /usr/bin/install -c -m 644  ../sub/nobase.dat '/private/tmp/homebrew-automake-HEAD-mfsB/tests/instspc.dir/~/~-prefix/foo/sub'
test -z "/~-prefix/foo" || ../install-sh -c -d "/private/tmp/homebrew-automake-HEAD-mfsB/tests/instspc.dir/~/~-prefix/foo"
../install-sh -c -d '/private/tmp/homebrew-automake-HEAD-mfsB/tests/instspc.dir/~/~-prefix/foo/sub'
 /usr/bin/install -c -m 644  ../sub/nobase.h '/private/tmp/homebrew-automake-HEAD-mfsB/tests/instspc.dir/~/~-prefix/foo/sub'
test   -f '/private/tmp/homebrew-automake-HEAD-mfsB/tests/instspc.dir/~/./~-prefix/foo/sub/nobase.h'
test ! -f '/private/tmp/homebrew-automake-HEAD-mfsB/tests/instspc.dir/~/./~-prefix/foo/nobase.h'
test   -f '/private/tmp/homebrew-automake-HEAD-mfsB/tests/instspc.dir/~/./~-prefix/foo/base.h'
test   -f '/private/tmp/homebrew-automake-HEAD-mfsB/tests/instspc.dir/~/./~-prefix/foo/sub/nobase.dat'
test ! -f '/private/tmp/homebrew-automake-HEAD-mfsB/tests/instspc.dir/~/./~-prefix/foo/nobase.dat'
test   -f '/private/tmp/homebrew-automake-HEAD-mfsB/tests/instspc.dir/~/./~-prefix/foo/base.dat'
test   -f '/private/tmp/homebrew-automake-HEAD-mfsB/tests/instspc.dir/~/./~-prefix/foo/sub/nobase.sh'
test ! -f '/private/tmp/homebrew-automake-HEAD-mfsB/tests/instspc.dir/~/./~-prefix/foo/nobase.sh'
test   -f '/private/tmp/homebrew-automake-HEAD-mfsB/tests/instspc.dir/~/./~-prefix/foo/base.sh'
test   -f '/private/tmp/homebrew-automake-HEAD-mfsB/tests/instspc.dir/~/./~-prefix/foo/sub/nobase'
test ! -f '/private/tmp/homebrew-automake-HEAD-mfsB/tests/instspc.dir/~/./~-prefix/foo/nobase'
test   -f '/private/tmp/homebrew-automake-HEAD-mfsB/tests/instspc.dir/~/./~-prefix/foo/base'
test   -f '/private/tmp/homebrew-automake-HEAD-mfsB/tests/instspc.dir/~/./~-prefix/foo/sub/libnobase.a'
test ! -f '/private/tmp/homebrew-automake-HEAD-mfsB/tests/instspc.dir/~/./~-prefix/foo/libnobase.a'
test   -f '/private/tmp/homebrew-automake-HEAD-mfsB/tests/instspc.dir/~/./~-prefix/foo/libbase.a'
+ description='tilde in destdir'
+ expected_to_fail dest tilde
+ case $1 in
+ is_in_list tilde squote dquote bquote sharp dollar linefeed a_lf_b
+ item=tilde
+ shift
+ case " $* " in
+ return 1
+ directive=
+ reason=
+ result_ ok -D '' -r '' -- 'tilde in destdir'
+ set +x
ok 28 - tilde in destdir
PASS: instspc.tap 28 - tilde in destdir
+ cd /private/tmp/homebrew-automake-HEAD-mfsB/tests/instspc.dir
+ not am_keeping_testdirs
+ am_keeping_testdirs
+ case $keep_testdirs in
+ return 1
+ return 0
+ test ok = ok
+ rm_rf_ build-tilde /private/tmp/homebrew-automake-HEAD-mfsB/tests/instspc.dir/~
+ test 2 -gt 0
+ find build-tilde /private/tmp/homebrew-automake-HEAD-mfsB/tests/instspc.dir/~ -type d '!' -perm -700 -exec chmod u+rwx '{}' ';'
+ rm -rf build-tilde /private/tmp/homebrew-automake-HEAD-mfsB/tests/instspc.dir/~
+ for test_name in '$test_names_list'
+ eval 'test_string=${instspc__qmark}'
++ test_string='?'
+ test 'x?' = x
+ mkdir './?'
+ case $test_string in
+ for where in build dest
+ case $where in
+ build='./?'
+ dest=/private/tmp/homebrew-automake-HEAD-mfsB/tests/instspc.dir/dest-qmark
+ cd './?'
+ r=ok
+ ../configure --prefix '/?-prefix'
checking for a BSD-compatible install... /usr/bin/install -c
checking whether build environment is sane... yes
checking for a thread-safe mkdir -p... ../install-sh -c -d
checking for gawk... gawk
checking whether make sets $(MAKE)... yes
checking for gcc... /usr/bin/llvm-gcc
checking whether the C compiler works... yes
checking for C compiler default output file name... a.out
checking for suffix of executables... 
checking whether we are cross compiling... no
checking for suffix of object files... o
checking whether we are using the GNU C compiler... yes
checking whether /usr/bin/llvm-gcc accepts -g... yes
checking for /usr/bin/llvm-gcc option to accept ISO C89... none needed
checking for style of include used by make... GNU
checking dependency style of /usr/bin/llvm-gcc... gcc3
checking for ar... ar
checking the archiver (ar) interface... ar
checking for ranlib... ranlib
checking that generated files are newer than configure... done
configure: creating ./config.status
config.status: creating Makefile
config.status: executing depfiles commands
+ make all
/usr/bin/llvm-gcc -DPACKAGE_NAME=\"instspc\" -DPACKAGE_TARNAME=\"instspc\" -DPACKAGE_VERSION=\"1.0\" -DPACKAGE_STRING=\"instspc\ 1.0\" -DPACKAGE_BUGREPORT=\"\" -DPACKAGE_URL=\"\" -DPACKAGE=\"instspc\" -DVERSION=\"1.0\" -I. -I..   -I/usr/local/Cellar/libffi/3.0.10/include -I/usr/local/Cellar/gettext/0.18.1.1/include  -Os -w -pipe   -march=core2 -msse4 -MT source.o -MD -MP -MF .deps/source.Tpo -c -o source.o ../source.c
mv -f .deps/source.Tpo .deps/source.Po
rm -f sub/libbase.a
ar cru sub/libbase.a source.o 
ranlib sub/libbase.a
rm -f sub/libnobase.a
ar cru sub/libnobase.a source.o 
ranlib sub/libnobase.a
/usr/bin/llvm-gcc  -Os -w -pipe   -march=core2 -msse4  -L/usr/local/Cellar/libffi/3.0.10/lib -L/usr/local/Cellar/gettext/0.18.1.1/lib -o sub/base source.o  
/usr/bin/llvm-gcc  -Os -w -pipe   -march=core2 -msse4  -L/usr/local/Cellar/libffi/3.0.10/lib -L/usr/local/Cellar/gettext/0.18.1.1/lib -o sub/nobase source.o  
+ DESTDIR=/private/tmp/homebrew-automake-HEAD-mfsB/tests/instspc.dir/dest-qmark
+ file='./?'
+ make -e test-inst
test -z "/?-prefix/foo" || ../install-sh -c -d "/private/tmp/homebrew-automake-HEAD-mfsB/tests/instspc.dir/dest-qmark/?-prefix/foo"
 /usr/bin/install -c ../sub/base.sh '/private/tmp/homebrew-automake-HEAD-mfsB/tests/instspc.dir/dest-qmark/?-prefix/foo'
test -z "/?-prefix/foo" || ../install-sh -c -d "/private/tmp/homebrew-automake-HEAD-mfsB/tests/instspc.dir/dest-qmark/?-prefix/foo"
 /usr/bin/install -c -m 644  sub/libbase.a '/private/tmp/homebrew-automake-HEAD-mfsB/tests/instspc.dir/dest-qmark/?-prefix/foo'
 ( cd '/private/tmp/homebrew-automake-HEAD-mfsB/tests/instspc.dir/dest-qmark/?-prefix/foo' && ranlib libbase.a )
test -z "/?-prefix/foo" || ../install-sh -c -d "/private/tmp/homebrew-automake-HEAD-mfsB/tests/instspc.dir/dest-qmark/?-prefix/foo"
  /usr/bin/install -c sub/base '/private/tmp/homebrew-automake-HEAD-mfsB/tests/instspc.dir/dest-qmark/?-prefix/foo'
test -z "/?-prefix/foo" || ../install-sh -c -d "/private/tmp/homebrew-automake-HEAD-mfsB/tests/instspc.dir/dest-qmark/?-prefix/foo"
 ../install-sh -c -d '/private/tmp/homebrew-automake-HEAD-mfsB/tests/instspc.dir/dest-qmark/?-prefix/foo/sub/'
 /usr/bin/install -c ../sub/nobase.sh '/private/tmp/homebrew-automake-HEAD-mfsB/tests/instspc.dir/dest-qmark/?-prefix/foo/sub/'
test -z "/?-prefix/foo" || ../install-sh -c -d "/private/tmp/homebrew-automake-HEAD-mfsB/tests/instspc.dir/dest-qmark/?-prefix/foo"
../install-sh -c -d '/private/tmp/homebrew-automake-HEAD-mfsB/tests/instspc.dir/dest-qmark/?-prefix/foo/sub'
 /usr/bin/install -c -m 644  sub/libnobase.a '/private/tmp/homebrew-automake-HEAD-mfsB/tests/instspc.dir/dest-qmark/?-prefix/foo/sub'
 ( cd '/private/tmp/homebrew-automake-HEAD-mfsB/tests/instspc.dir/dest-qmark/?-prefix/foo' && ranlib sub/libnobase.a )
test -z "/?-prefix/foo" || ../install-sh -c -d "/private/tmp/homebrew-automake-HEAD-mfsB/tests/instspc.dir/dest-qmark/?-prefix/foo"
 ../install-sh -c -d '/private/tmp/homebrew-automake-HEAD-mfsB/tests/instspc.dir/dest-qmark/?-prefix/foo/sub/'
  /usr/bin/install -c sub/nobase '/private/tmp/homebrew-automake-HEAD-mfsB/tests/instspc.dir/dest-qmark/?-prefix/foo/sub/'
test -z "/?-prefix/foo" || ../install-sh -c -d "/private/tmp/homebrew-automake-HEAD-mfsB/tests/instspc.dir/dest-qmark/?-prefix/foo"
 /usr/bin/install -c -m 644 ../sub/base.dat '/private/tmp/homebrew-automake-HEAD-mfsB/tests/instspc.dir/dest-qmark/?-prefix/foo'
test -z "/?-prefix/foo" || ../install-sh -c -d "/private/tmp/homebrew-automake-HEAD-mfsB/tests/instspc.dir/dest-qmark/?-prefix/foo"
 /usr/bin/install -c -m 644 ../sub/base.h '/private/tmp/homebrew-automake-HEAD-mfsB/tests/instspc.dir/dest-qmark/?-prefix/foo'
test -z "/?-prefix/foo" || ../install-sh -c -d "/private/tmp/homebrew-automake-HEAD-mfsB/tests/instspc.dir/dest-qmark/?-prefix/foo"
../install-sh -c -d '/private/tmp/homebrew-automake-HEAD-mfsB/tests/instspc.dir/dest-qmark/?-prefix/foo/sub'
 /usr/bin/install -c -m 644  ../sub/nobase.dat '/private/tmp/homebrew-automake-HEAD-mfsB/tests/instspc.dir/dest-qmark/?-prefix/foo/sub'
test -z "/?-prefix/foo" || ../install-sh -c -d "/private/tmp/homebrew-automake-HEAD-mfsB/tests/instspc.dir/dest-qmark/?-prefix/foo"
../install-sh -c -d '/private/tmp/homebrew-automake-HEAD-mfsB/tests/instspc.dir/dest-qmark/?-prefix/foo/sub'
 /usr/bin/install -c -m 644  ../sub/nobase.h '/private/tmp/homebrew-automake-HEAD-mfsB/tests/instspc.dir/dest-qmark/?-prefix/foo/sub'
test   -f '/private/tmp/homebrew-automake-HEAD-mfsB/tests/instspc.dir/dest-qmark/./?-prefix/foo/sub/nobase.h'
test ! -f '/private/tmp/homebrew-automake-HEAD-mfsB/tests/instspc.dir/dest-qmark/./?-prefix/foo/nobase.h'
test   -f '/private/tmp/homebrew-automake-HEAD-mfsB/tests/instspc.dir/dest-qmark/./?-prefix/foo/base.h'
test   -f '/private/tmp/homebrew-automake-HEAD-mfsB/tests/instspc.dir/dest-qmark/./?-prefix/foo/sub/nobase.dat'
test ! -f '/private/tmp/homebrew-automake-HEAD-mfsB/tests/instspc.dir/dest-qmark/./?-prefix/foo/nobase.dat'
test   -f '/private/tmp/homebrew-automake-HEAD-mfsB/tests/instspc.dir/dest-qmark/./?-prefix/foo/base.dat'
test   -f '/private/tmp/homebrew-automake-HEAD-mfsB/tests/instspc.dir/dest-qmark/./?-prefix/foo/sub/nobase.sh'
test ! -f '/private/tmp/homebrew-automake-HEAD-mfsB/tests/instspc.dir/dest-qmark/./?-prefix/foo/nobase.sh'
test   -f '/private/tmp/homebrew-automake-HEAD-mfsB/tests/instspc.dir/dest-qmark/./?-prefix/foo/base.sh'
test   -f '/private/tmp/homebrew-automake-HEAD-mfsB/tests/instspc.dir/dest-qmark/./?-prefix/foo/sub/nobase'
test ! -f '/private/tmp/homebrew-automake-HEAD-mfsB/tests/instspc.dir/dest-qmark/./?-prefix/foo/nobase'
test   -f '/private/tmp/homebrew-automake-HEAD-mfsB/tests/instspc.dir/dest-qmark/./?-prefix/foo/base'
test   -f '/private/tmp/homebrew-automake-HEAD-mfsB/tests/instspc.dir/dest-qmark/./?-prefix/foo/sub/libnobase.a'
test ! -f '/private/tmp/homebrew-automake-HEAD-mfsB/tests/instspc.dir/dest-qmark/./?-prefix/foo/libnobase.a'
test   -f '/private/tmp/homebrew-automake-HEAD-mfsB/tests/instspc.dir/dest-qmark/./?-prefix/foo/libbase.a'
+ description='qmark in builddir'
+ expected_to_fail build qmark
+ case $1 in
+ is_in_list qmark squote dquote bquote sharp dollar bslash ampersand linefeed quadrigraph0 a_lf_b
+ item=qmark
+ shift
+ case " $* " in
+ return 1
+ directive=
+ reason=
+ result_ ok -D '' -r '' -- 'qmark in builddir'
+ set +x
ok 29 - qmark in builddir
PASS: instspc.tap 29 - qmark in builddir
+ cd /private/tmp/homebrew-automake-HEAD-mfsB/tests/instspc.dir
+ not am_keeping_testdirs
+ am_keeping_testdirs
+ case $keep_testdirs in
+ return 1
+ return 0
+ test ok = ok
+ rm_rf_ './?' /private/tmp/homebrew-automake-HEAD-mfsB/tests/instspc.dir/dest-qmark
+ test 2 -gt 0
+ find './?' /private/tmp/homebrew-automake-HEAD-mfsB/tests/instspc.dir/dest-qmark -type d '!' -perm -700 -exec chmod u+rwx '{}' ';'
+ rm -rf './?' /private/tmp/homebrew-automake-HEAD-mfsB/tests/instspc.dir/dest-qmark
+ for where in build dest
+ case $where in
+ build=build-qmark
+ dest='/private/tmp/homebrew-automake-HEAD-mfsB/tests/instspc.dir/?'
+ mkdir build-qmark
+ cd build-qmark
+ r=ok
+ ../configure --prefix '/?-prefix'
checking for a BSD-compatible install... /usr/bin/install -c
checking whether build environment is sane... yes
checking for a thread-safe mkdir -p... ../install-sh -c -d
checking for gawk... gawk
checking whether make sets $(MAKE)... yes
checking for gcc... /usr/bin/llvm-gcc
checking whether the C compiler works... yes
checking for C compiler default output file name... a.out
checking for suffix of executables... 
checking whether we are cross compiling... no
checking for suffix of object files... o
checking whether we are using the GNU C compiler... yes
checking whether /usr/bin/llvm-gcc accepts -g... yes
checking for /usr/bin/llvm-gcc option to accept ISO C89... none needed
checking for style of include used by make... GNU
checking dependency style of /usr/bin/llvm-gcc... gcc3
checking for ar... ar
checking the archiver (ar) interface... ar
checking for ranlib... ranlib
checking that generated files are newer than configure... done
configure: creating ./config.status
config.status: creating Makefile
config.status: executing depfiles commands
+ make all
/usr/bin/llvm-gcc -DPACKAGE_NAME=\"instspc\" -DPACKAGE_TARNAME=\"instspc\" -DPACKAGE_VERSION=\"1.0\" -DPACKAGE_STRING=\"instspc\ 1.0\" -DPACKAGE_BUGREPORT=\"\" -DPACKAGE_URL=\"\" -DPACKAGE=\"instspc\" -DVERSION=\"1.0\" -I. -I..   -I/usr/local/Cellar/libffi/3.0.10/include -I/usr/local/Cellar/gettext/0.18.1.1/include  -Os -w -pipe   -march=core2 -msse4 -MT source.o -MD -MP -MF .deps/source.Tpo -c -o source.o ../source.c
mv -f .deps/source.Tpo .deps/source.Po
rm -f sub/libbase.a
ar cru sub/libbase.a source.o 
ranlib sub/libbase.a
rm -f sub/libnobase.a
ar cru sub/libnobase.a source.o 
ranlib sub/libnobase.a
/usr/bin/llvm-gcc  -Os -w -pipe   -march=core2 -msse4  -L/usr/local/Cellar/libffi/3.0.10/lib -L/usr/local/Cellar/gettext/0.18.1.1/lib -o sub/base source.o  
/usr/bin/llvm-gcc  -Os -w -pipe   -march=core2 -msse4  -L/usr/local/Cellar/libffi/3.0.10/lib -L/usr/local/Cellar/gettext/0.18.1.1/lib -o sub/nobase source.o  
+ DESTDIR='/private/tmp/homebrew-automake-HEAD-mfsB/tests/instspc.dir/?'
+ file='./?'
+ make -e test-inst
test -z "/?-prefix/foo" || ../install-sh -c -d "/private/tmp/homebrew-automake-HEAD-mfsB/tests/instspc.dir/?/?-prefix/foo"
 /usr/bin/install -c ../sub/base.sh '/private/tmp/homebrew-automake-HEAD-mfsB/tests/instspc.dir/?/?-prefix/foo'
test -z "/?-prefix/foo" || ../install-sh -c -d "/private/tmp/homebrew-automake-HEAD-mfsB/tests/instspc.dir/?/?-prefix/foo"
 /usr/bin/install -c -m 644  sub/libbase.a '/private/tmp/homebrew-automake-HEAD-mfsB/tests/instspc.dir/?/?-prefix/foo'
 ( cd '/private/tmp/homebrew-automake-HEAD-mfsB/tests/instspc.dir/?/?-prefix/foo' && ranlib libbase.a )
test -z "/?-prefix/foo" || ../install-sh -c -d "/private/tmp/homebrew-automake-HEAD-mfsB/tests/instspc.dir/?/?-prefix/foo"
  /usr/bin/install -c sub/base '/private/tmp/homebrew-automake-HEAD-mfsB/tests/instspc.dir/?/?-prefix/foo'
test -z "/?-prefix/foo" || ../install-sh -c -d "/private/tmp/homebrew-automake-HEAD-mfsB/tests/instspc.dir/?/?-prefix/foo"
 ../install-sh -c -d '/private/tmp/homebrew-automake-HEAD-mfsB/tests/instspc.dir/?/?-prefix/foo/sub/'
 /usr/bin/install -c ../sub/nobase.sh '/private/tmp/homebrew-automake-HEAD-mfsB/tests/instspc.dir/?/?-prefix/foo/sub/'
test -z "/?-prefix/foo" || ../install-sh -c -d "/private/tmp/homebrew-automake-HEAD-mfsB/tests/instspc.dir/?/?-prefix/foo"
../install-sh -c -d '/private/tmp/homebrew-automake-HEAD-mfsB/tests/instspc.dir/?/?-prefix/foo/sub'
 /usr/bin/install -c -m 644  sub/libnobase.a '/private/tmp/homebrew-automake-HEAD-mfsB/tests/instspc.dir/?/?-prefix/foo/sub'
 ( cd '/private/tmp/homebrew-automake-HEAD-mfsB/tests/instspc.dir/?/?-prefix/foo' && ranlib sub/libnobase.a )
test -z "/?-prefix/foo" || ../install-sh -c -d "/private/tmp/homebrew-automake-HEAD-mfsB/tests/instspc.dir/?/?-prefix/foo"
 ../install-sh -c -d '/private/tmp/homebrew-automake-HEAD-mfsB/tests/instspc.dir/?/?-prefix/foo/sub/'
  /usr/bin/install -c sub/nobase '/private/tmp/homebrew-automake-HEAD-mfsB/tests/instspc.dir/?/?-prefix/foo/sub/'
test -z "/?-prefix/foo" || ../install-sh -c -d "/private/tmp/homebrew-automake-HEAD-mfsB/tests/instspc.dir/?/?-prefix/foo"
 /usr/bin/install -c -m 644 ../sub/base.dat '/private/tmp/homebrew-automake-HEAD-mfsB/tests/instspc.dir/?/?-prefix/foo'
test -z "/?-prefix/foo" || ../install-sh -c -d "/private/tmp/homebrew-automake-HEAD-mfsB/tests/instspc.dir/?/?-prefix/foo"
 /usr/bin/install -c -m 644 ../sub/base.h '/private/tmp/homebrew-automake-HEAD-mfsB/tests/instspc.dir/?/?-prefix/foo'
test -z "/?-prefix/foo" || ../install-sh -c -d "/private/tmp/homebrew-automake-HEAD-mfsB/tests/instspc.dir/?/?-prefix/foo"
../install-sh -c -d '/private/tmp/homebrew-automake-HEAD-mfsB/tests/instspc.dir/?/?-prefix/foo/sub'
 /usr/bin/install -c -m 644  ../sub/nobase.dat '/private/tmp/homebrew-automake-HEAD-mfsB/tests/instspc.dir/?/?-prefix/foo/sub'
test -z "/?-prefix/foo" || ../install-sh -c -d "/private/tmp/homebrew-automake-HEAD-mfsB/tests/instspc.dir/?/?-prefix/foo"
../install-sh -c -d '/private/tmp/homebrew-automake-HEAD-mfsB/tests/instspc.dir/?/?-prefix/foo/sub'
 /usr/bin/install -c -m 644  ../sub/nobase.h '/private/tmp/homebrew-automake-HEAD-mfsB/tests/instspc.dir/?/?-prefix/foo/sub'
test   -f '/private/tmp/homebrew-automake-HEAD-mfsB/tests/instspc.dir/?/./?-prefix/foo/sub/nobase.h'
test ! -f '/private/tmp/homebrew-automake-HEAD-mfsB/tests/instspc.dir/?/./?-prefix/foo/nobase.h'
test   -f '/private/tmp/homebrew-automake-HEAD-mfsB/tests/instspc.dir/?/./?-prefix/foo/base.h'
test   -f '/private/tmp/homebrew-automake-HEAD-mfsB/tests/instspc.dir/?/./?-prefix/foo/sub/nobase.dat'
test ! -f '/private/tmp/homebrew-automake-HEAD-mfsB/tests/instspc.dir/?/./?-prefix/foo/nobase.dat'
test   -f '/private/tmp/homebrew-automake-HEAD-mfsB/tests/instspc.dir/?/./?-prefix/foo/base.dat'
test   -f '/private/tmp/homebrew-automake-HEAD-mfsB/tests/instspc.dir/?/./?-prefix/foo/sub/nobase.sh'
test ! -f '/private/tmp/homebrew-automake-HEAD-mfsB/tests/instspc.dir/?/./?-prefix/foo/nobase.sh'
test   -f '/private/tmp/homebrew-automake-HEAD-mfsB/tests/instspc.dir/?/./?-prefix/foo/base.sh'
test   -f '/private/tmp/homebrew-automake-HEAD-mfsB/tests/instspc.dir/?/./?-prefix/foo/sub/nobase'
test ! -f '/private/tmp/homebrew-automake-HEAD-mfsB/tests/instspc.dir/?/./?-prefix/foo/nobase'
test   -f '/private/tmp/homebrew-automake-HEAD-mfsB/tests/instspc.dir/?/./?-prefix/foo/base'
test   -f '/private/tmp/homebrew-automake-HEAD-mfsB/tests/instspc.dir/?/./?-prefix/foo/sub/libnobase.a'
test ! -f '/private/tmp/homebrew-automake-HEAD-mfsB/tests/instspc.dir/?/./?-prefix/foo/libnobase.a'
test   -f '/private/tmp/homebrew-automake-HEAD-mfsB/tests/instspc.dir/?/./?-prefix/foo/libbase.a'
+ description='qmark in destdir'
+ expected_to_fail dest qmark
+ case $1 in
+ is_in_list qmark squote dquote bquote sharp dollar linefeed a_lf_b
+ item=qmark
+ shift
+ case " $* " in
+ return 1
+ directive=
+ reason=
+ result_ ok -D '' -r '' -- 'qmark in destdir'
+ set +x
ok 30 - qmark in destdir
PASS: instspc.tap 30 - qmark in destdir
+ cd /private/tmp/homebrew-automake-HEAD-mfsB/tests/instspc.dir
+ not am_keeping_testdirs
+ am_keeping_testdirs
+ case $keep_testdirs in
+ return 1
+ return 0
+ test ok = ok
+ rm_rf_ build-qmark '/private/tmp/homebrew-automake-HEAD-mfsB/tests/instspc.dir/?'
+ test 2 -gt 0
+ find build-qmark '/private/tmp/homebrew-automake-HEAD-mfsB/tests/instspc.dir/?' -type d '!' -perm -700 -exec chmod u+rwx '{}' ';'
+ rm -rf build-qmark '/private/tmp/homebrew-automake-HEAD-mfsB/tests/instspc.dir/?'
+ for test_name in '$test_names_list'
+ eval 'test_string=${instspc__star}'
++ test_string='*'
+ test 'x*' = x
+ mkdir './*'
+ case $test_string in
+ for where in build dest
+ case $where in
+ build='./*'
+ dest=/private/tmp/homebrew-automake-HEAD-mfsB/tests/instspc.dir/dest-star
+ cd './*'
+ r=ok
+ ../configure --prefix '/*-prefix'
checking for a BSD-compatible install... /usr/bin/install -c
checking whether build environment is sane... yes
checking for a thread-safe mkdir -p... ../install-sh -c -d
checking for gawk... gawk
checking whether make sets $(MAKE)... yes
checking for gcc... /usr/bin/llvm-gcc
checking whether the C compiler works... yes
checking for C compiler default output file name... a.out
checking for suffix of executables... 
checking whether we are cross compiling... no
checking for suffix of object files... o
checking whether we are using the GNU C compiler... yes
checking whether /usr/bin/llvm-gcc accepts -g... yes
checking for /usr/bin/llvm-gcc option to accept ISO C89... none needed
checking for style of include used by make... GNU
checking dependency style of /usr/bin/llvm-gcc... gcc3
checking for ar... ar
checking the archiver (ar) interface... ar
checking for ranlib... ranlib
checking that generated files are newer than configure... done
configure: creating ./config.status
config.status: creating Makefile
config.status: executing depfiles commands
+ make all
/usr/bin/llvm-gcc -DPACKAGE_NAME=\"instspc\" -DPACKAGE_TARNAME=\"instspc\" -DPACKAGE_VERSION=\"1.0\" -DPACKAGE_STRING=\"instspc\ 1.0\" -DPACKAGE_BUGREPORT=\"\" -DPACKAGE_URL=\"\" -DPACKAGE=\"instspc\" -DVERSION=\"1.0\" -I. -I..   -I/usr/local/Cellar/libffi/3.0.10/include -I/usr/local/Cellar/gettext/0.18.1.1/include  -Os -w -pipe   -march=core2 -msse4 -MT source.o -MD -MP -MF .deps/source.Tpo -c -o source.o ../source.c
mv -f .deps/source.Tpo .deps/source.Po
rm -f sub/libbase.a
ar cru sub/libbase.a source.o 
ranlib sub/libbase.a
rm -f sub/libnobase.a
ar cru sub/libnobase.a source.o 
ranlib sub/libnobase.a
/usr/bin/llvm-gcc  -Os -w -pipe   -march=core2 -msse4  -L/usr/local/Cellar/libffi/3.0.10/lib -L/usr/local/Cellar/gettext/0.18.1.1/lib -o sub/base source.o  
/usr/bin/llvm-gcc  -Os -w -pipe   -march=core2 -msse4  -L/usr/local/Cellar/libffi/3.0.10/lib -L/usr/local/Cellar/gettext/0.18.1.1/lib -o sub/nobase source.o  
+ DESTDIR=/private/tmp/homebrew-automake-HEAD-mfsB/tests/instspc.dir/dest-star
+ file='./*'
+ make -e test-inst
test -z "/*-prefix/foo" || ../install-sh -c -d "/private/tmp/homebrew-automake-HEAD-mfsB/tests/instspc.dir/dest-star/*-prefix/foo"
 /usr/bin/install -c ../sub/base.sh '/private/tmp/homebrew-automake-HEAD-mfsB/tests/instspc.dir/dest-star/*-prefix/foo'
test -z "/*-prefix/foo" || ../install-sh -c -d "/private/tmp/homebrew-automake-HEAD-mfsB/tests/instspc.dir/dest-star/*-prefix/foo"
 /usr/bin/install -c -m 644  sub/libbase.a '/private/tmp/homebrew-automake-HEAD-mfsB/tests/instspc.dir/dest-star/*-prefix/foo'
 ( cd '/private/tmp/homebrew-automake-HEAD-mfsB/tests/instspc.dir/dest-star/*-prefix/foo' && ranlib libbase.a )
test -z "/*-prefix/foo" || ../install-sh -c -d "/private/tmp/homebrew-automake-HEAD-mfsB/tests/instspc.dir/dest-star/*-prefix/foo"
  /usr/bin/install -c sub/base '/private/tmp/homebrew-automake-HEAD-mfsB/tests/instspc.dir/dest-star/*-prefix/foo'
test -z "/*-prefix/foo" || ../install-sh -c -d "/private/tmp/homebrew-automake-HEAD-mfsB/tests/instspc.dir/dest-star/*-prefix/foo"
 ../install-sh -c -d '/private/tmp/homebrew-automake-HEAD-mfsB/tests/instspc.dir/dest-star/*-prefix/foo/sub/'
 /usr/bin/install -c ../sub/nobase.sh '/private/tmp/homebrew-automake-HEAD-mfsB/tests/instspc.dir/dest-star/*-prefix/foo/sub/'
test -z "/*-prefix/foo" || ../install-sh -c -d "/private/tmp/homebrew-automake-HEAD-mfsB/tests/instspc.dir/dest-star/*-prefix/foo"
../install-sh -c -d '/private/tmp/homebrew-automake-HEAD-mfsB/tests/instspc.dir/dest-star/*-prefix/foo/sub'
 /usr/bin/install -c -m 644  sub/libnobase.a '/private/tmp/homebrew-automake-HEAD-mfsB/tests/instspc.dir/dest-star/*-prefix/foo/sub'
 ( cd '/private/tmp/homebrew-automake-HEAD-mfsB/tests/instspc.dir/dest-star/*-prefix/foo' && ranlib sub/libnobase.a )
test -z "/*-prefix/foo" || ../install-sh -c -d "/private/tmp/homebrew-automake-HEAD-mfsB/tests/instspc.dir/dest-star/*-prefix/foo"
 ../install-sh -c -d '/private/tmp/homebrew-automake-HEAD-mfsB/tests/instspc.dir/dest-star/*-prefix/foo/sub/'
  /usr/bin/install -c sub/nobase '/private/tmp/homebrew-automake-HEAD-mfsB/tests/instspc.dir/dest-star/*-prefix/foo/sub/'
test -z "/*-prefix/foo" || ../install-sh -c -d "/private/tmp/homebrew-automake-HEAD-mfsB/tests/instspc.dir/dest-star/*-prefix/foo"
 /usr/bin/install -c -m 644 ../sub/base.dat '/private/tmp/homebrew-automake-HEAD-mfsB/tests/instspc.dir/dest-star/*-prefix/foo'
test -z "/*-prefix/foo" || ../install-sh -c -d "/private/tmp/homebrew-automake-HEAD-mfsB/tests/instspc.dir/dest-star/*-prefix/foo"
 /usr/bin/install -c -m 644 ../sub/base.h '/private/tmp/homebrew-automake-HEAD-mfsB/tests/instspc.dir/dest-star/*-prefix/foo'
test -z "/*-prefix/foo" || ../install-sh -c -d "/private/tmp/homebrew-automake-HEAD-mfsB/tests/instspc.dir/dest-star/*-prefix/foo"
../install-sh -c -d '/private/tmp/homebrew-automake-HEAD-mfsB/tests/instspc.dir/dest-star/*-prefix/foo/sub'
 /usr/bin/install -c -m 644  ../sub/nobase.dat '/private/tmp/homebrew-automake-HEAD-mfsB/tests/instspc.dir/dest-star/*-prefix/foo/sub'
test -z "/*-prefix/foo" || ../install-sh -c -d "/private/tmp/homebrew-automake-HEAD-mfsB/tests/instspc.dir/dest-star/*-prefix/foo"
../install-sh -c -d '/private/tmp/homebrew-automake-HEAD-mfsB/tests/instspc.dir/dest-star/*-prefix/foo/sub'
 /usr/bin/install -c -m 644  ../sub/nobase.h '/private/tmp/homebrew-automake-HEAD-mfsB/tests/instspc.dir/dest-star/*-prefix/foo/sub'
test   -f '/private/tmp/homebrew-automake-HEAD-mfsB/tests/instspc.dir/dest-star/./*-prefix/foo/sub/nobase.h'
test ! -f '/private/tmp/homebrew-automake-HEAD-mfsB/tests/instspc.dir/dest-star/./*-prefix/foo/nobase.h'
test   -f '/private/tmp/homebrew-automake-HEAD-mfsB/tests/instspc.dir/dest-star/./*-prefix/foo/base.h'
test   -f '/private/tmp/homebrew-automake-HEAD-mfsB/tests/instspc.dir/dest-star/./*-prefix/foo/sub/nobase.dat'
test ! -f '/private/tmp/homebrew-automake-HEAD-mfsB/tests/instspc.dir/dest-star/./*-prefix/foo/nobase.dat'
test   -f '/private/tmp/homebrew-automake-HEAD-mfsB/tests/instspc.dir/dest-star/./*-prefix/foo/base.dat'
test   -f '/private/tmp/homebrew-automake-HEAD-mfsB/tests/instspc.dir/dest-star/./*-prefix/foo/sub/nobase.sh'
test ! -f '/private/tmp/homebrew-automake-HEAD-mfsB/tests/instspc.dir/dest-star/./*-prefix/foo/nobase.sh'
test   -f '/private/tmp/homebrew-automake-HEAD-mfsB/tests/instspc.dir/dest-star/./*-prefix/foo/base.sh'
test   -f '/private/tmp/homebrew-automake-HEAD-mfsB/tests/instspc.dir/dest-star/./*-prefix/foo/sub/nobase'
test ! -f '/private/tmp/homebrew-automake-HEAD-mfsB/tests/instspc.dir/dest-star/./*-prefix/foo/nobase'
test   -f '/private/tmp/homebrew-automake-HEAD-mfsB/tests/instspc.dir/dest-star/./*-prefix/foo/base'
test   -f '/private/tmp/homebrew-automake-HEAD-mfsB/tests/instspc.dir/dest-star/./*-prefix/foo/sub/libnobase.a'
test ! -f '/private/tmp/homebrew-automake-HEAD-mfsB/tests/instspc.dir/dest-star/./*-prefix/foo/libnobase.a'
test   -f '/private/tmp/homebrew-automake-HEAD-mfsB/tests/instspc.dir/dest-star/./*-prefix/foo/libbase.a'
+ description='star in builddir'
+ expected_to_fail build star
+ case $1 in
+ is_in_list star squote dquote bquote sharp dollar bslash ampersand linefeed quadrigraph0 a_lf_b
+ item=star
+ shift
+ case " $* " in
+ return 1
+ directive=
+ reason=
+ result_ ok -D '' -r '' -- 'star in builddir'
+ set +x
ok 31 - star in builddir
PASS: instspc.tap 31 - star in builddir
+ cd /private/tmp/homebrew-automake-HEAD-mfsB/tests/instspc.dir
+ not am_keeping_testdirs
+ am_keeping_testdirs
+ case $keep_testdirs in
+ return 1
+ return 0
+ test ok = ok
+ rm_rf_ './*' /private/tmp/homebrew-automake-HEAD-mfsB/tests/instspc.dir/dest-star
+ test 2 -gt 0
+ find './*' /private/tmp/homebrew-automake-HEAD-mfsB/tests/instspc.dir/dest-star -type d '!' -perm -700 -exec chmod u+rwx '{}' ';'
+ rm -rf './*' /private/tmp/homebrew-automake-HEAD-mfsB/tests/instspc.dir/dest-star
+ for where in build dest
+ case $where in
+ build=build-star
+ dest='/private/tmp/homebrew-automake-HEAD-mfsB/tests/instspc.dir/*'
+ mkdir build-star
+ cd build-star
+ r=ok
+ ../configure --prefix '/*-prefix'
checking for a BSD-compatible install... /usr/bin/install -c
checking whether build environment is sane... yes
checking for a thread-safe mkdir -p... ../install-sh -c -d
checking for gawk... gawk
checking whether make sets $(MAKE)... yes
checking for gcc... /usr/bin/llvm-gcc
checking whether the C compiler works... yes
checking for C compiler default output file name... a.out
checking for suffix of executables... 
checking whether we are cross compiling... no
checking for suffix of object files... o
checking whether we are using the GNU C compiler... yes
checking whether /usr/bin/llvm-gcc accepts -g... yes
checking for /usr/bin/llvm-gcc option to accept ISO C89... none needed
checking for style of include used by make... GNU
checking dependency style of /usr/bin/llvm-gcc... gcc3
checking for ar... ar
checking the archiver (ar) interface... ar
checking for ranlib... ranlib
checking that generated files are newer than configure... done
configure: creating ./config.status
config.status: creating Makefile
config.status: executing depfiles commands
+ make all
/usr/bin/llvm-gcc -DPACKAGE_NAME=\"instspc\" -DPACKAGE_TARNAME=\"instspc\" -DPACKAGE_VERSION=\"1.0\" -DPACKAGE_STRING=\"instspc\ 1.0\" -DPACKAGE_BUGREPORT=\"\" -DPACKAGE_URL=\"\" -DPACKAGE=\"instspc\" -DVERSION=\"1.0\" -I. -I..   -I/usr/local/Cellar/libffi/3.0.10/include -I/usr/local/Cellar/gettext/0.18.1.1/include  -Os -w -pipe   -march=core2 -msse4 -MT source.o -MD -MP -MF .deps/source.Tpo -c -o source.o ../source.c
mv -f .deps/source.Tpo .deps/source.Po
rm -f sub/libbase.a
ar cru sub/libbase.a source.o 
ranlib sub/libbase.a
rm -f sub/libnobase.a
ar cru sub/libnobase.a source.o 
ranlib sub/libnobase.a
/usr/bin/llvm-gcc  -Os -w -pipe   -march=core2 -msse4  -L/usr/local/Cellar/libffi/3.0.10/lib -L/usr/local/Cellar/gettext/0.18.1.1/lib -o sub/base source.o  
/usr/bin/llvm-gcc  -Os -w -pipe   -march=core2 -msse4  -L/usr/local/Cellar/libffi/3.0.10/lib -L/usr/local/Cellar/gettext/0.18.1.1/lib -o sub/nobase source.o  
+ DESTDIR='/private/tmp/homebrew-automake-HEAD-mfsB/tests/instspc.dir/*'
+ file='./*'
+ make -e test-inst
test -z "/*-prefix/foo" || ../install-sh -c -d "/private/tmp/homebrew-automake-HEAD-mfsB/tests/instspc.dir/*/*-prefix/foo"
 /usr/bin/install -c ../sub/base.sh '/private/tmp/homebrew-automake-HEAD-mfsB/tests/instspc.dir/*/*-prefix/foo'
test -z "/*-prefix/foo" || ../install-sh -c -d "/private/tmp/homebrew-automake-HEAD-mfsB/tests/instspc.dir/*/*-prefix/foo"
 /usr/bin/install -c -m 644  sub/libbase.a '/private/tmp/homebrew-automake-HEAD-mfsB/tests/instspc.dir/*/*-prefix/foo'
 ( cd '/private/tmp/homebrew-automake-HEAD-mfsB/tests/instspc.dir/*/*-prefix/foo' && ranlib libbase.a )
test -z "/*-prefix/foo" || ../install-sh -c -d "/private/tmp/homebrew-automake-HEAD-mfsB/tests/instspc.dir/*/*-prefix/foo"
  /usr/bin/install -c sub/base '/private/tmp/homebrew-automake-HEAD-mfsB/tests/instspc.dir/*/*-prefix/foo'
test -z "/*-prefix/foo" || ../install-sh -c -d "/private/tmp/homebrew-automake-HEAD-mfsB/tests/instspc.dir/*/*-prefix/foo"
 ../install-sh -c -d '/private/tmp/homebrew-automake-HEAD-mfsB/tests/instspc.dir/*/*-prefix/foo/sub/'
 /usr/bin/install -c ../sub/nobase.sh '/private/tmp/homebrew-automake-HEAD-mfsB/tests/instspc.dir/*/*-prefix/foo/sub/'
test -z "/*-prefix/foo" || ../install-sh -c -d "/private/tmp/homebrew-automake-HEAD-mfsB/tests/instspc.dir/*/*-prefix/foo"
../install-sh -c -d '/private/tmp/homebrew-automake-HEAD-mfsB/tests/instspc.dir/*/*-prefix/foo/sub'
 /usr/bin/install -c -m 644  sub/libnobase.a '/private/tmp/homebrew-automake-HEAD-mfsB/tests/instspc.dir/*/*-prefix/foo/sub'
 ( cd '/private/tmp/homebrew-automake-HEAD-mfsB/tests/instspc.dir/*/*-prefix/foo' && ranlib sub/libnobase.a )
test -z "/*-prefix/foo" || ../install-sh -c -d "/private/tmp/homebrew-automake-HEAD-mfsB/tests/instspc.dir/*/*-prefix/foo"
 ../install-sh -c -d '/private/tmp/homebrew-automake-HEAD-mfsB/tests/instspc.dir/*/*-prefix/foo/sub/'
  /usr/bin/install -c sub/nobase '/private/tmp/homebrew-automake-HEAD-mfsB/tests/instspc.dir/*/*-prefix/foo/sub/'
test -z "/*-prefix/foo" || ../install-sh -c -d "/private/tmp/homebrew-automake-HEAD-mfsB/tests/instspc.dir/*/*-prefix/foo"
 /usr/bin/install -c -m 644 ../sub/base.dat '/private/tmp/homebrew-automake-HEAD-mfsB/tests/instspc.dir/*/*-prefix/foo'
test -z "/*-prefix/foo" || ../install-sh -c -d "/private/tmp/homebrew-automake-HEAD-mfsB/tests/instspc.dir/*/*-prefix/foo"
 /usr/bin/install -c -m 644 ../sub/base.h '/private/tmp/homebrew-automake-HEAD-mfsB/tests/instspc.dir/*/*-prefix/foo'
test -z "/*-prefix/foo" || ../install-sh -c -d "/private/tmp/homebrew-automake-HEAD-mfsB/tests/instspc.dir/*/*-prefix/foo"
../install-sh -c -d '/private/tmp/homebrew-automake-HEAD-mfsB/tests/instspc.dir/*/*-prefix/foo/sub'
 /usr/bin/install -c -m 644  ../sub/nobase.dat '/private/tmp/homebrew-automake-HEAD-mfsB/tests/instspc.dir/*/*-prefix/foo/sub'
test -z "/*-prefix/foo" || ../install-sh -c -d "/private/tmp/homebrew-automake-HEAD-mfsB/tests/instspc.dir/*/*-prefix/foo"
../install-sh -c -d '/private/tmp/homebrew-automake-HEAD-mfsB/tests/instspc.dir/*/*-prefix/foo/sub'
 /usr/bin/install -c -m 644  ../sub/nobase.h '/private/tmp/homebrew-automake-HEAD-mfsB/tests/instspc.dir/*/*-prefix/foo/sub'
test   -f '/private/tmp/homebrew-automake-HEAD-mfsB/tests/instspc.dir/*/./*-prefix/foo/sub/nobase.h'
test ! -f '/private/tmp/homebrew-automake-HEAD-mfsB/tests/instspc.dir/*/./*-prefix/foo/nobase.h'
test   -f '/private/tmp/homebrew-automake-HEAD-mfsB/tests/instspc.dir/*/./*-prefix/foo/base.h'
test   -f '/private/tmp/homebrew-automake-HEAD-mfsB/tests/instspc.dir/*/./*-prefix/foo/sub/nobase.dat'
test ! -f '/private/tmp/homebrew-automake-HEAD-mfsB/tests/instspc.dir/*/./*-prefix/foo/nobase.dat'
test   -f '/private/tmp/homebrew-automake-HEAD-mfsB/tests/instspc.dir/*/./*-prefix/foo/base.dat'
test   -f '/private/tmp/homebrew-automake-HEAD-mfsB/tests/instspc.dir/*/./*-prefix/foo/sub/nobase.sh'
test ! -f '/private/tmp/homebrew-automake-HEAD-mfsB/tests/instspc.dir/*/./*-prefix/foo/nobase.sh'
test   -f '/private/tmp/homebrew-automake-HEAD-mfsB/tests/instspc.dir/*/./*-prefix/foo/base.sh'
test   -f '/private/tmp/homebrew-automake-HEAD-mfsB/tests/instspc.dir/*/./*-prefix/foo/sub/nobase'
test ! -f '/private/tmp/homebrew-automake-HEAD-mfsB/tests/instspc.dir/*/./*-prefix/foo/nobase'
test   -f '/private/tmp/homebrew-automake-HEAD-mfsB/tests/instspc.dir/*/./*-prefix/foo/base'
test   -f '/private/tmp/homebrew-automake-HEAD-mfsB/tests/instspc.dir/*/./*-prefix/foo/sub/libnobase.a'
test ! -f '/private/tmp/homebrew-automake-HEAD-mfsB/tests/instspc.dir/*/./*-prefix/foo/libnobase.a'
test   -f '/private/tmp/homebrew-automake-HEAD-mfsB/tests/instspc.dir/*/./*-prefix/foo/libbase.a'
+ description='star in destdir'
+ expected_to_fail dest star
+ case $1 in
+ is_in_list star squote dquote bquote sharp dollar linefeed a_lf_b
+ item=star
+ shift
+ case " $* " in
+ return 1
+ directive=
+ reason=
+ result_ ok -D '' -r '' -- 'star in destdir'
+ set +x
ok 32 - star in destdir
PASS: instspc.tap 32 - star in destdir
+ cd /private/tmp/homebrew-automake-HEAD-mfsB/tests/instspc.dir
+ not am_keeping_testdirs
+ am_keeping_testdirs
+ case $keep_testdirs in
+ return 1
+ return 0
+ test ok = ok
+ rm_rf_ build-star '/private/tmp/homebrew-automake-HEAD-mfsB/tests/instspc.dir/*'
+ test 2 -gt 0
+ find build-star '/private/tmp/homebrew-automake-HEAD-mfsB/tests/instspc.dir/*' -type d '!' -perm -700 -exec chmod u+rwx '{}' ';'
+ rm -rf build-star '/private/tmp/homebrew-automake-HEAD-mfsB/tests/instspc.dir/*'
+ for test_name in '$test_names_list'
+ eval 'test_string=${instspc__plus}'
++ test_string=+
+ test x+ = x
+ mkdir ./+
+ case $test_string in
+ for where in build dest
+ case $where in
+ build=./+
+ dest=/private/tmp/homebrew-automake-HEAD-mfsB/tests/instspc.dir/dest-plus
+ cd ./+
+ r=ok
+ ../configure --prefix /+-prefix
checking for a BSD-compatible install... /usr/bin/install -c
checking whether build environment is sane... yes
checking for a thread-safe mkdir -p... ../install-sh -c -d
checking for gawk... gawk
checking whether make sets $(MAKE)... yes
checking for gcc... /usr/bin/llvm-gcc
checking whether the C compiler works... yes
checking for C compiler default output file name... a.out
checking for suffix of executables... 
checking whether we are cross compiling... no
checking for suffix of object files... o
checking whether we are using the GNU C compiler... yes
checking whether /usr/bin/llvm-gcc accepts -g... yes
checking for /usr/bin/llvm-gcc option to accept ISO C89... none needed
checking for style of include used by make... GNU
checking dependency style of /usr/bin/llvm-gcc... gcc3
checking for ar... ar
checking the archiver (ar) interface... ar
checking for ranlib... ranlib
checking that generated files are newer than configure... done
configure: creating ./config.status
config.status: creating Makefile
config.status: executing depfiles commands
+ make all
/usr/bin/llvm-gcc -DPACKAGE_NAME=\"instspc\" -DPACKAGE_TARNAME=\"instspc\" -DPACKAGE_VERSION=\"1.0\" -DPACKAGE_STRING=\"instspc\ 1.0\" -DPACKAGE_BUGREPORT=\"\" -DPACKAGE_URL=\"\" -DPACKAGE=\"instspc\" -DVERSION=\"1.0\" -I. -I..   -I/usr/local/Cellar/libffi/3.0.10/include -I/usr/local/Cellar/gettext/0.18.1.1/include  -Os -w -pipe   -march=core2 -msse4 -MT source.o -MD -MP -MF .deps/source.Tpo -c -o source.o ../source.c
mv -f .deps/source.Tpo .deps/source.Po
rm -f sub/libbase.a
ar cru sub/libbase.a source.o 
ranlib sub/libbase.a
rm -f sub/libnobase.a
ar cru sub/libnobase.a source.o 
ranlib sub/libnobase.a
/usr/bin/llvm-gcc  -Os -w -pipe   -march=core2 -msse4  -L/usr/local/Cellar/libffi/3.0.10/lib -L/usr/local/Cellar/gettext/0.18.1.1/lib -o sub/base source.o  
/usr/bin/llvm-gcc  -Os -w -pipe   -march=core2 -msse4  -L/usr/local/Cellar/libffi/3.0.10/lib -L/usr/local/Cellar/gettext/0.18.1.1/lib -o sub/nobase source.o  
+ DESTDIR=/private/tmp/homebrew-automake-HEAD-mfsB/tests/instspc.dir/dest-plus
+ file=./+
+ make -e test-inst
test -z "/+-prefix/foo" || ../install-sh -c -d "/private/tmp/homebrew-automake-HEAD-mfsB/tests/instspc.dir/dest-plus/+-prefix/foo"
 /usr/bin/install -c ../sub/base.sh '/private/tmp/homebrew-automake-HEAD-mfsB/tests/instspc.dir/dest-plus/+-prefix/foo'
test -z "/+-prefix/foo" || ../install-sh -c -d "/private/tmp/homebrew-automake-HEAD-mfsB/tests/instspc.dir/dest-plus/+-prefix/foo"
 /usr/bin/install -c -m 644  sub/libbase.a '/private/tmp/homebrew-automake-HEAD-mfsB/tests/instspc.dir/dest-plus/+-prefix/foo'
 ( cd '/private/tmp/homebrew-automake-HEAD-mfsB/tests/instspc.dir/dest-plus/+-prefix/foo' && ranlib libbase.a )
test -z "/+-prefix/foo" || ../install-sh -c -d "/private/tmp/homebrew-automake-HEAD-mfsB/tests/instspc.dir/dest-plus/+-prefix/foo"
  /usr/bin/install -c sub/base '/private/tmp/homebrew-automake-HEAD-mfsB/tests/instspc.dir/dest-plus/+-prefix/foo'
test -z "/+-prefix/foo" || ../install-sh -c -d "/private/tmp/homebrew-automake-HEAD-mfsB/tests/instspc.dir/dest-plus/+-prefix/foo"
 ../install-sh -c -d '/private/tmp/homebrew-automake-HEAD-mfsB/tests/instspc.dir/dest-plus/+-prefix/foo/sub/'
 /usr/bin/install -c ../sub/nobase.sh '/private/tmp/homebrew-automake-HEAD-mfsB/tests/instspc.dir/dest-plus/+-prefix/foo/sub/'
test -z "/+-prefix/foo" || ../install-sh -c -d "/private/tmp/homebrew-automake-HEAD-mfsB/tests/instspc.dir/dest-plus/+-prefix/foo"
../install-sh -c -d '/private/tmp/homebrew-automake-HEAD-mfsB/tests/instspc.dir/dest-plus/+-prefix/foo/sub'
 /usr/bin/install -c -m 644  sub/libnobase.a '/private/tmp/homebrew-automake-HEAD-mfsB/tests/instspc.dir/dest-plus/+-prefix/foo/sub'
 ( cd '/private/tmp/homebrew-automake-HEAD-mfsB/tests/instspc.dir/dest-plus/+-prefix/foo' && ranlib sub/libnobase.a )
test -z "/+-prefix/foo" || ../install-sh -c -d "/private/tmp/homebrew-automake-HEAD-mfsB/tests/instspc.dir/dest-plus/+-prefix/foo"
 ../install-sh -c -d '/private/tmp/homebrew-automake-HEAD-mfsB/tests/instspc.dir/dest-plus/+-prefix/foo/sub/'
  /usr/bin/install -c sub/nobase '/private/tmp/homebrew-automake-HEAD-mfsB/tests/instspc.dir/dest-plus/+-prefix/foo/sub/'
test -z "/+-prefix/foo" || ../install-sh -c -d "/private/tmp/homebrew-automake-HEAD-mfsB/tests/instspc.dir/dest-plus/+-prefix/foo"
 /usr/bin/install -c -m 644 ../sub/base.dat '/private/tmp/homebrew-automake-HEAD-mfsB/tests/instspc.dir/dest-plus/+-prefix/foo'
test -z "/+-prefix/foo" || ../install-sh -c -d "/private/tmp/homebrew-automake-HEAD-mfsB/tests/instspc.dir/dest-plus/+-prefix/foo"
 /usr/bin/install -c -m 644 ../sub/base.h '/private/tmp/homebrew-automake-HEAD-mfsB/tests/instspc.dir/dest-plus/+-prefix/foo'
test -z "/+-prefix/foo" || ../install-sh -c -d "/private/tmp/homebrew-automake-HEAD-mfsB/tests/instspc.dir/dest-plus/+-prefix/foo"
../install-sh -c -d '/private/tmp/homebrew-automake-HEAD-mfsB/tests/instspc.dir/dest-plus/+-prefix/foo/sub'
 /usr/bin/install -c -m 644  ../sub/nobase.dat '/private/tmp/homebrew-automake-HEAD-mfsB/tests/instspc.dir/dest-plus/+-prefix/foo/sub'
test -z "/+-prefix/foo" || ../install-sh -c -d "/private/tmp/homebrew-automake-HEAD-mfsB/tests/instspc.dir/dest-plus/+-prefix/foo"
../install-sh -c -d '/private/tmp/homebrew-automake-HEAD-mfsB/tests/instspc.dir/dest-plus/+-prefix/foo/sub'
 /usr/bin/install -c -m 644  ../sub/nobase.h '/private/tmp/homebrew-automake-HEAD-mfsB/tests/instspc.dir/dest-plus/+-prefix/foo/sub'
test   -f '/private/tmp/homebrew-automake-HEAD-mfsB/tests/instspc.dir/dest-plus/./+-prefix/foo/sub/nobase.h'
test ! -f '/private/tmp/homebrew-automake-HEAD-mfsB/tests/instspc.dir/dest-plus/./+-prefix/foo/nobase.h'
test   -f '/private/tmp/homebrew-automake-HEAD-mfsB/tests/instspc.dir/dest-plus/./+-prefix/foo/base.h'
test   -f '/private/tmp/homebrew-automake-HEAD-mfsB/tests/instspc.dir/dest-plus/./+-prefix/foo/sub/nobase.dat'
test ! -f '/private/tmp/homebrew-automake-HEAD-mfsB/tests/instspc.dir/dest-plus/./+-prefix/foo/nobase.dat'
test   -f '/private/tmp/homebrew-automake-HEAD-mfsB/tests/instspc.dir/dest-plus/./+-prefix/foo/base.dat'
test   -f '/private/tmp/homebrew-automake-HEAD-mfsB/tests/instspc.dir/dest-plus/./+-prefix/foo/sub/nobase.sh'
test ! -f '/private/tmp/homebrew-automake-HEAD-mfsB/tests/instspc.dir/dest-plus/./+-prefix/foo/nobase.sh'
test   -f '/private/tmp/homebrew-automake-HEAD-mfsB/tests/instspc.dir/dest-plus/./+-prefix/foo/base.sh'
test   -f '/private/tmp/homebrew-automake-HEAD-mfsB/tests/instspc.dir/dest-plus/./+-prefix/foo/sub/nobase'
test ! -f '/private/tmp/homebrew-automake-HEAD-mfsB/tests/instspc.dir/dest-plus/./+-prefix/foo/nobase'
test   -f '/private/tmp/homebrew-automake-HEAD-mfsB/tests/instspc.dir/dest-plus/./+-prefix/foo/base'
test   -f '/private/tmp/homebrew-automake-HEAD-mfsB/tests/instspc.dir/dest-plus/./+-prefix/foo/sub/libnobase.a'
test ! -f '/private/tmp/homebrew-automake-HEAD-mfsB/tests/instspc.dir/dest-plus/./+-prefix/foo/libnobase.a'
test   -f '/private/tmp/homebrew-automake-HEAD-mfsB/tests/instspc.dir/dest-plus/./+-prefix/foo/libbase.a'
+ description='plus in builddir'
+ expected_to_fail build plus
+ case $1 in
+ is_in_list plus squote dquote bquote sharp dollar bslash ampersand linefeed quadrigraph0 a_lf_b
+ item=plus
+ shift
+ case " $* " in
+ return 1
+ directive=
+ reason=
+ result_ ok -D '' -r '' -- 'plus in builddir'
+ set +x
ok 33 - plus in builddir
PASS: instspc.tap 33 - plus in builddir
+ cd /private/tmp/homebrew-automake-HEAD-mfsB/tests/instspc.dir
+ not am_keeping_testdirs
+ am_keeping_testdirs
+ case $keep_testdirs in
+ return 1
+ return 0
+ test ok = ok
+ rm_rf_ ./+ /private/tmp/homebrew-automake-HEAD-mfsB/tests/instspc.dir/dest-plus
+ test 2 -gt 0
+ find ./+ /private/tmp/homebrew-automake-HEAD-mfsB/tests/instspc.dir/dest-plus -type d '!' -perm -700 -exec chmod u+rwx '{}' ';'
+ rm -rf ./+ /private/tmp/homebrew-automake-HEAD-mfsB/tests/instspc.dir/dest-plus
+ for where in build dest
+ case $where in
+ build=build-plus
+ dest=/private/tmp/homebrew-automake-HEAD-mfsB/tests/instspc.dir/+
+ mkdir build-plus
+ cd build-plus
+ r=ok
+ ../configure --prefix /+-prefix
checking for a BSD-compatible install... /usr/bin/install -c
checking whether build environment is sane... yes
checking for a thread-safe mkdir -p... ../install-sh -c -d
checking for gawk... gawk
checking whether make sets $(MAKE)... yes
checking for gcc... /usr/bin/llvm-gcc
checking whether the C compiler works... yes
checking for C compiler default output file name... a.out
checking for suffix of executables... 
checking whether we are cross compiling... no
checking for suffix of object files... o
checking whether we are using the GNU C compiler... yes
checking whether /usr/bin/llvm-gcc accepts -g... yes
checking for /usr/bin/llvm-gcc option to accept ISO C89... none needed
checking for style of include used by make... GNU
checking dependency style of /usr/bin/llvm-gcc... gcc3
checking for ar... ar
checking the archiver (ar) interface... ar
checking for ranlib... ranlib
checking that generated files are newer than configure... done
configure: creating ./config.status
config.status: creating Makefile
config.status: executing depfiles commands
+ make all
/usr/bin/llvm-gcc -DPACKAGE_NAME=\"instspc\" -DPACKAGE_TARNAME=\"instspc\" -DPACKAGE_VERSION=\"1.0\" -DPACKAGE_STRING=\"instspc\ 1.0\" -DPACKAGE_BUGREPORT=\"\" -DPACKAGE_URL=\"\" -DPACKAGE=\"instspc\" -DVERSION=\"1.0\" -I. -I..   -I/usr/local/Cellar/libffi/3.0.10/include -I/usr/local/Cellar/gettext/0.18.1.1/include  -Os -w -pipe   -march=core2 -msse4 -MT source.o -MD -MP -MF .deps/source.Tpo -c -o source.o ../source.c
mv -f .deps/source.Tpo .deps/source.Po
rm -f sub/libbase.a
ar cru sub/libbase.a source.o 
ranlib sub/libbase.a
rm -f sub/libnobase.a
ar cru sub/libnobase.a source.o 
ranlib sub/libnobase.a
/usr/bin/llvm-gcc  -Os -w -pipe   -march=core2 -msse4  -L/usr/local/Cellar/libffi/3.0.10/lib -L/usr/local/Cellar/gettext/0.18.1.1/lib -o sub/base source.o  
/usr/bin/llvm-gcc  -Os -w -pipe   -march=core2 -msse4  -L/usr/local/Cellar/libffi/3.0.10/lib -L/usr/local/Cellar/gettext/0.18.1.1/lib -o sub/nobase source.o  
+ DESTDIR=/private/tmp/homebrew-automake-HEAD-mfsB/tests/instspc.dir/+
+ file=./+
+ make -e test-inst
test -z "/+-prefix/foo" || ../install-sh -c -d "/private/tmp/homebrew-automake-HEAD-mfsB/tests/instspc.dir/+/+-prefix/foo"
 /usr/bin/install -c ../sub/base.sh '/private/tmp/homebrew-automake-HEAD-mfsB/tests/instspc.dir/+/+-prefix/foo'
test -z "/+-prefix/foo" || ../install-sh -c -d "/private/tmp/homebrew-automake-HEAD-mfsB/tests/instspc.dir/+/+-prefix/foo"
 /usr/bin/install -c -m 644  sub/libbase.a '/private/tmp/homebrew-automake-HEAD-mfsB/tests/instspc.dir/+/+-prefix/foo'
 ( cd '/private/tmp/homebrew-automake-HEAD-mfsB/tests/instspc.dir/+/+-prefix/foo' && ranlib libbase.a )
test -z "/+-prefix/foo" || ../install-sh -c -d "/private/tmp/homebrew-automake-HEAD-mfsB/tests/instspc.dir/+/+-prefix/foo"
  /usr/bin/install -c sub/base '/private/tmp/homebrew-automake-HEAD-mfsB/tests/instspc.dir/+/+-prefix/foo'
test -z "/+-prefix/foo" || ../install-sh -c -d "/private/tmp/homebrew-automake-HEAD-mfsB/tests/instspc.dir/+/+-prefix/foo"
 ../install-sh -c -d '/private/tmp/homebrew-automake-HEAD-mfsB/tests/instspc.dir/+/+-prefix/foo/sub/'
 /usr/bin/install -c ../sub/nobase.sh '/private/tmp/homebrew-automake-HEAD-mfsB/tests/instspc.dir/+/+-prefix/foo/sub/'
test -z "/+-prefix/foo" || ../install-sh -c -d "/private/tmp/homebrew-automake-HEAD-mfsB/tests/instspc.dir/+/+-prefix/foo"
../install-sh -c -d '/private/tmp/homebrew-automake-HEAD-mfsB/tests/instspc.dir/+/+-prefix/foo/sub'
 /usr/bin/install -c -m 644  sub/libnobase.a '/private/tmp/homebrew-automake-HEAD-mfsB/tests/instspc.dir/+/+-prefix/foo/sub'
 ( cd '/private/tmp/homebrew-automake-HEAD-mfsB/tests/instspc.dir/+/+-prefix/foo' && ranlib sub/libnobase.a )
test -z "/+-prefix/foo" || ../install-sh -c -d "/private/tmp/homebrew-automake-HEAD-mfsB/tests/instspc.dir/+/+-prefix/foo"
 ../install-sh -c -d '/private/tmp/homebrew-automake-HEAD-mfsB/tests/instspc.dir/+/+-prefix/foo/sub/'
  /usr/bin/install -c sub/nobase '/private/tmp/homebrew-automake-HEAD-mfsB/tests/instspc.dir/+/+-prefix/foo/sub/'
test -z "/+-prefix/foo" || ../install-sh -c -d "/private/tmp/homebrew-automake-HEAD-mfsB/tests/instspc.dir/+/+-prefix/foo"
 /usr/bin/install -c -m 644 ../sub/base.dat '/private/tmp/homebrew-automake-HEAD-mfsB/tests/instspc.dir/+/+-prefix/foo'
test -z "/+-prefix/foo" || ../install-sh -c -d "/private/tmp/homebrew-automake-HEAD-mfsB/tests/instspc.dir/+/+-prefix/foo"
 /usr/bin/install -c -m 644 ../sub/base.h '/private/tmp/homebrew-automake-HEAD-mfsB/tests/instspc.dir/+/+-prefix/foo'
test -z "/+-prefix/foo" || ../install-sh -c -d "/private/tmp/homebrew-automake-HEAD-mfsB/tests/instspc.dir/+/+-prefix/foo"
../install-sh -c -d '/private/tmp/homebrew-automake-HEAD-mfsB/tests/instspc.dir/+/+-prefix/foo/sub'
 /usr/bin/install -c -m 644  ../sub/nobase.dat '/private/tmp/homebrew-automake-HEAD-mfsB/tests/instspc.dir/+/+-prefix/foo/sub'
test -z "/+-prefix/foo" || ../install-sh -c -d "/private/tmp/homebrew-automake-HEAD-mfsB/tests/instspc.dir/+/+-prefix/foo"
../install-sh -c -d '/private/tmp/homebrew-automake-HEAD-mfsB/tests/instspc.dir/+/+-prefix/foo/sub'
 /usr/bin/install -c -m 644  ../sub/nobase.h '/private/tmp/homebrew-automake-HEAD-mfsB/tests/instspc.dir/+/+-prefix/foo/sub'
test   -f '/private/tmp/homebrew-automake-HEAD-mfsB/tests/instspc.dir/+/./+-prefix/foo/sub/nobase.h'
test ! -f '/private/tmp/homebrew-automake-HEAD-mfsB/tests/instspc.dir/+/./+-prefix/foo/nobase.h'
test   -f '/private/tmp/homebrew-automake-HEAD-mfsB/tests/instspc.dir/+/./+-prefix/foo/base.h'
test   -f '/private/tmp/homebrew-automake-HEAD-mfsB/tests/instspc.dir/+/./+-prefix/foo/sub/nobase.dat'
test ! -f '/private/tmp/homebrew-automake-HEAD-mfsB/tests/instspc.dir/+/./+-prefix/foo/nobase.dat'
test   -f '/private/tmp/homebrew-automake-HEAD-mfsB/tests/instspc.dir/+/./+-prefix/foo/base.dat'
test   -f '/private/tmp/homebrew-automake-HEAD-mfsB/tests/instspc.dir/+/./+-prefix/foo/sub/nobase.sh'
test ! -f '/private/tmp/homebrew-automake-HEAD-mfsB/tests/instspc.dir/+/./+-prefix/foo/nobase.sh'
test   -f '/private/tmp/homebrew-automake-HEAD-mfsB/tests/instspc.dir/+/./+-prefix/foo/base.sh'
test   -f '/private/tmp/homebrew-automake-HEAD-mfsB/tests/instspc.dir/+/./+-prefix/foo/sub/nobase'
test ! -f '/private/tmp/homebrew-automake-HEAD-mfsB/tests/instspc.dir/+/./+-prefix/foo/nobase'
test   -f '/private/tmp/homebrew-automake-HEAD-mfsB/tests/instspc.dir/+/./+-prefix/foo/base'
test   -f '/private/tmp/homebrew-automake-HEAD-mfsB/tests/instspc.dir/+/./+-prefix/foo/sub/libnobase.a'
test ! -f '/private/tmp/homebrew-automake-HEAD-mfsB/tests/instspc.dir/+/./+-prefix/foo/libnobase.a'
test   -f '/private/tmp/homebrew-automake-HEAD-mfsB/tests/instspc.dir/+/./+-prefix/foo/libbase.a'
+ description='plus in destdir'
+ expected_to_fail dest plus
+ case $1 in
+ is_in_list plus squote dquote bquote sharp dollar linefeed a_lf_b
+ item=plus
+ shift
+ case " $* " in
+ return 1
+ directive=
+ reason=
+ result_ ok -D '' -r '' -- 'plus in destdir'
+ set +x
ok 34 - plus in destdir
PASS: instspc.tap 34 - plus in destdir
+ cd /private/tmp/homebrew-automake-HEAD-mfsB/tests/instspc.dir
+ not am_keeping_testdirs
+ am_keeping_testdirs
+ case $keep_testdirs in
+ return 1
+ return 0
+ test ok = ok
+ rm_rf_ build-plus /private/tmp/homebrew-automake-HEAD-mfsB/tests/instspc.dir/+
+ test 2 -gt 0
+ find build-plus /private/tmp/homebrew-automake-HEAD-mfsB/tests/instspc.dir/+ -type d '!' -perm -700 -exec chmod u+rwx '{}' ';'
+ rm -rf build-plus /private/tmp/homebrew-automake-HEAD-mfsB/tests/instspc.dir/+
+ for test_name in '$test_names_list'
+ eval 'test_string=${instspc__minus}'
++ test_string=-
+ test x- = x
+ mkdir ./-
+ case $test_string in
+ for where in build dest
+ case $where in
+ build=./-
+ dest=/private/tmp/homebrew-automake-HEAD-mfsB/tests/instspc.dir/dest-minus
+ cd ./-
+ r=ok
+ ../configure --prefix /--prefix
checking for a BSD-compatible install... /usr/bin/install -c
checking whether build environment is sane... yes
checking for a thread-safe mkdir -p... ../install-sh -c -d
checking for gawk... gawk
checking whether make sets $(MAKE)... yes
checking for gcc... /usr/bin/llvm-gcc
checking whether the C compiler works... yes
checking for C compiler default output file name... a.out
checking for suffix of executables... 
checking whether we are cross compiling... no
checking for suffix of object files... o
checking whether we are using the GNU C compiler... yes
checking whether /usr/bin/llvm-gcc accepts -g... yes
checking for /usr/bin/llvm-gcc option to accept ISO C89... none needed
checking for style of include used by make... GNU
checking dependency style of /usr/bin/llvm-gcc... gcc3
checking for ar... ar
checking the archiver (ar) interface... ar
checking for ranlib... ranlib
checking that generated files are newer than configure... done
configure: creating ./config.status
config.status: creating Makefile
config.status: executing depfiles commands
+ make all
/usr/bin/llvm-gcc -DPACKAGE_NAME=\"instspc\" -DPACKAGE_TARNAME=\"instspc\" -DPACKAGE_VERSION=\"1.0\" -DPACKAGE_STRING=\"instspc\ 1.0\" -DPACKAGE_BUGREPORT=\"\" -DPACKAGE_URL=\"\" -DPACKAGE=\"instspc\" -DVERSION=\"1.0\" -I. -I..   -I/usr/local/Cellar/libffi/3.0.10/include -I/usr/local/Cellar/gettext/0.18.1.1/include  -Os -w -pipe   -march=core2 -msse4 -MT source.o -MD -MP -MF .deps/source.Tpo -c -o source.o ../source.c
mv -f .deps/source.Tpo .deps/source.Po
rm -f sub/libbase.a
ar cru sub/libbase.a source.o 
ranlib sub/libbase.a
rm -f sub/libnobase.a
ar cru sub/libnobase.a source.o 
ranlib sub/libnobase.a
/usr/bin/llvm-gcc  -Os -w -pipe   -march=core2 -msse4  -L/usr/local/Cellar/libffi/3.0.10/lib -L/usr/local/Cellar/gettext/0.18.1.1/lib -o sub/base source.o  
/usr/bin/llvm-gcc  -Os -w -pipe   -march=core2 -msse4  -L/usr/local/Cellar/libffi/3.0.10/lib -L/usr/local/Cellar/gettext/0.18.1.1/lib -o sub/nobase source.o  
+ DESTDIR=/private/tmp/homebrew-automake-HEAD-mfsB/tests/instspc.dir/dest-minus
+ file=./-
+ make -e test-inst
test -z "/--prefix/foo" || ../install-sh -c -d "/private/tmp/homebrew-automake-HEAD-mfsB/tests/instspc.dir/dest-minus/--prefix/foo"
 /usr/bin/install -c ../sub/base.sh '/private/tmp/homebrew-automake-HEAD-mfsB/tests/instspc.dir/dest-minus/--prefix/foo'
test -z "/--prefix/foo" || ../install-sh -c -d "/private/tmp/homebrew-automake-HEAD-mfsB/tests/instspc.dir/dest-minus/--prefix/foo"
 /usr/bin/install -c -m 644  sub/libbase.a '/private/tmp/homebrew-automake-HEAD-mfsB/tests/instspc.dir/dest-minus/--prefix/foo'
 ( cd '/private/tmp/homebrew-automake-HEAD-mfsB/tests/instspc.dir/dest-minus/--prefix/foo' && ranlib libbase.a )
test -z "/--prefix/foo" || ../install-sh -c -d "/private/tmp/homebrew-automake-HEAD-mfsB/tests/instspc.dir/dest-minus/--prefix/foo"
  /usr/bin/install -c sub/base '/private/tmp/homebrew-automake-HEAD-mfsB/tests/instspc.dir/dest-minus/--prefix/foo'
test -z "/--prefix/foo" || ../install-sh -c -d "/private/tmp/homebrew-automake-HEAD-mfsB/tests/instspc.dir/dest-minus/--prefix/foo"
 ../install-sh -c -d '/private/tmp/homebrew-automake-HEAD-mfsB/tests/instspc.dir/dest-minus/--prefix/foo/sub/'
 /usr/bin/install -c ../sub/nobase.sh '/private/tmp/homebrew-automake-HEAD-mfsB/tests/instspc.dir/dest-minus/--prefix/foo/sub/'
test -z "/--prefix/foo" || ../install-sh -c -d "/private/tmp/homebrew-automake-HEAD-mfsB/tests/instspc.dir/dest-minus/--prefix/foo"
../install-sh -c -d '/private/tmp/homebrew-automake-HEAD-mfsB/tests/instspc.dir/dest-minus/--prefix/foo/sub'
 /usr/bin/install -c -m 644  sub/libnobase.a '/private/tmp/homebrew-automake-HEAD-mfsB/tests/instspc.dir/dest-minus/--prefix/foo/sub'
 ( cd '/private/tmp/homebrew-automake-HEAD-mfsB/tests/instspc.dir/dest-minus/--prefix/foo' && ranlib sub/libnobase.a )
test -z "/--prefix/foo" || ../install-sh -c -d "/private/tmp/homebrew-automake-HEAD-mfsB/tests/instspc.dir/dest-minus/--prefix/foo"
 ../install-sh -c -d '/private/tmp/homebrew-automake-HEAD-mfsB/tests/instspc.dir/dest-minus/--prefix/foo/sub/'
  /usr/bin/install -c sub/nobase '/private/tmp/homebrew-automake-HEAD-mfsB/tests/instspc.dir/dest-minus/--prefix/foo/sub/'
test -z "/--prefix/foo" || ../install-sh -c -d "/private/tmp/homebrew-automake-HEAD-mfsB/tests/instspc.dir/dest-minus/--prefix/foo"
 /usr/bin/install -c -m 644 ../sub/base.dat '/private/tmp/homebrew-automake-HEAD-mfsB/tests/instspc.dir/dest-minus/--prefix/foo'
test -z "/--prefix/foo" || ../install-sh -c -d "/private/tmp/homebrew-automake-HEAD-mfsB/tests/instspc.dir/dest-minus/--prefix/foo"
 /usr/bin/install -c -m 644 ../sub/base.h '/private/tmp/homebrew-automake-HEAD-mfsB/tests/instspc.dir/dest-minus/--prefix/foo'
test -z "/--prefix/foo" || ../install-sh -c -d "/private/tmp/homebrew-automake-HEAD-mfsB/tests/instspc.dir/dest-minus/--prefix/foo"
../install-sh -c -d '/private/tmp/homebrew-automake-HEAD-mfsB/tests/instspc.dir/dest-minus/--prefix/foo/sub'
 /usr/bin/install -c -m 644  ../sub/nobase.dat '/private/tmp/homebrew-automake-HEAD-mfsB/tests/instspc.dir/dest-minus/--prefix/foo/sub'
test -z "/--prefix/foo" || ../install-sh -c -d "/private/tmp/homebrew-automake-HEAD-mfsB/tests/instspc.dir/dest-minus/--prefix/foo"
../install-sh -c -d '/private/tmp/homebrew-automake-HEAD-mfsB/tests/instspc.dir/dest-minus/--prefix/foo/sub'
 /usr/bin/install -c -m 644  ../sub/nobase.h '/private/tmp/homebrew-automake-HEAD-mfsB/tests/instspc.dir/dest-minus/--prefix/foo/sub'
test   -f '/private/tmp/homebrew-automake-HEAD-mfsB/tests/instspc.dir/dest-minus/./--prefix/foo/sub/nobase.h'
test ! -f '/private/tmp/homebrew-automake-HEAD-mfsB/tests/instspc.dir/dest-minus/./--prefix/foo/nobase.h'
test   -f '/private/tmp/homebrew-automake-HEAD-mfsB/tests/instspc.dir/dest-minus/./--prefix/foo/base.h'
test   -f '/private/tmp/homebrew-automake-HEAD-mfsB/tests/instspc.dir/dest-minus/./--prefix/foo/sub/nobase.dat'
test ! -f '/private/tmp/homebrew-automake-HEAD-mfsB/tests/instspc.dir/dest-minus/./--prefix/foo/nobase.dat'
test   -f '/private/tmp/homebrew-automake-HEAD-mfsB/tests/instspc.dir/dest-minus/./--prefix/foo/base.dat'
test   -f '/private/tmp/homebrew-automake-HEAD-mfsB/tests/instspc.dir/dest-minus/./--prefix/foo/sub/nobase.sh'
test ! -f '/private/tmp/homebrew-automake-HEAD-mfsB/tests/instspc.dir/dest-minus/./--prefix/foo/nobase.sh'
test   -f '/private/tmp/homebrew-automake-HEAD-mfsB/tests/instspc.dir/dest-minus/./--prefix/foo/base.sh'
test   -f '/private/tmp/homebrew-automake-HEAD-mfsB/tests/instspc.dir/dest-minus/./--prefix/foo/sub/nobase'
test ! -f '/private/tmp/homebrew-automake-HEAD-mfsB/tests/instspc.dir/dest-minus/./--prefix/foo/nobase'
test   -f '/private/tmp/homebrew-automake-HEAD-mfsB/tests/instspc.dir/dest-minus/./--prefix/foo/base'
test   -f '/private/tmp/homebrew-automake-HEAD-mfsB/tests/instspc.dir/dest-minus/./--prefix/foo/sub/libnobase.a'
test ! -f '/private/tmp/homebrew-automake-HEAD-mfsB/tests/instspc.dir/dest-minus/./--prefix/foo/libnobase.a'
test   -f '/private/tmp/homebrew-automake-HEAD-mfsB/tests/instspc.dir/dest-minus/./--prefix/foo/libbase.a'
+ description='minus in builddir'
+ expected_to_fail build minus
+ case $1 in
+ is_in_list minus squote dquote bquote sharp dollar bslash ampersand linefeed quadrigraph0 a_lf_b
+ item=minus
+ shift
+ case " $* " in
+ return 1
+ directive=
+ reason=
+ result_ ok -D '' -r '' -- 'minus in builddir'
+ set +x
ok 35 - minus in builddir
PASS: instspc.tap 35 - minus in builddir
+ cd /private/tmp/homebrew-automake-HEAD-mfsB/tests/instspc.dir
+ not am_keeping_testdirs
+ am_keeping_testdirs
+ case $keep_testdirs in
+ return 1
+ return 0
+ test ok = ok
+ rm_rf_ ./- /private/tmp/homebrew-automake-HEAD-mfsB/tests/instspc.dir/dest-minus
+ test 2 -gt 0
+ find ./- /private/tmp/homebrew-automake-HEAD-mfsB/tests/instspc.dir/dest-minus -type d '!' -perm -700 -exec chmod u+rwx '{}' ';'
+ rm -rf ./- /private/tmp/homebrew-automake-HEAD-mfsB/tests/instspc.dir/dest-minus
+ for where in build dest
+ case $where in
+ build=build-minus
+ dest=/private/tmp/homebrew-automake-HEAD-mfsB/tests/instspc.dir/-
+ mkdir build-minus
+ cd build-minus
+ r=ok
+ ../configure --prefix /--prefix
checking for a BSD-compatible install... /usr/bin/install -c
checking whether build environment is sane... yes
checking for a thread-safe mkdir -p... ../install-sh -c -d
checking for gawk... gawk
checking whether make sets $(MAKE)... yes
checking for gcc... /usr/bin/llvm-gcc
checking whether the C compiler works... yes
checking for C compiler default output file name... a.out
checking for suffix of executables... 
checking whether we are cross compiling... no
checking for suffix of object files... o
checking whether we are using the GNU C compiler... yes
checking whether /usr/bin/llvm-gcc accepts -g... yes
checking for /usr/bin/llvm-gcc option to accept ISO C89... none needed
checking for style of include used by make... GNU
checking dependency style of /usr/bin/llvm-gcc... gcc3
checking for ar... ar
checking the archiver (ar) interface... ar
checking for ranlib... ranlib
checking that generated files are newer than configure... done
configure: creating ./config.status
config.status: creating Makefile
config.status: executing depfiles commands
+ make all
/usr/bin/llvm-gcc -DPACKAGE_NAME=\"instspc\" -DPACKAGE_TARNAME=\"instspc\" -DPACKAGE_VERSION=\"1.0\" -DPACKAGE_STRING=\"instspc\ 1.0\" -DPACKAGE_BUGREPORT=\"\" -DPACKAGE_URL=\"\" -DPACKAGE=\"instspc\" -DVERSION=\"1.0\" -I. -I..   -I/usr/local/Cellar/libffi/3.0.10/include -I/usr/local/Cellar/gettext/0.18.1.1/include  -Os -w -pipe   -march=core2 -msse4 -MT source.o -MD -MP -MF .deps/source.Tpo -c -o source.o ../source.c
mv -f .deps/source.Tpo .deps/source.Po
rm -f sub/libbase.a
ar cru sub/libbase.a source.o 
ranlib sub/libbase.a
rm -f sub/libnobase.a
ar cru sub/libnobase.a source.o 
ranlib sub/libnobase.a
/usr/bin/llvm-gcc  -Os -w -pipe   -march=core2 -msse4  -L/usr/local/Cellar/libffi/3.0.10/lib -L/usr/local/Cellar/gettext/0.18.1.1/lib -o sub/base source.o  
/usr/bin/llvm-gcc  -Os -w -pipe   -march=core2 -msse4  -L/usr/local/Cellar/libffi/3.0.10/lib -L/usr/local/Cellar/gettext/0.18.1.1/lib -o sub/nobase source.o  
+ DESTDIR=/private/tmp/homebrew-automake-HEAD-mfsB/tests/instspc.dir/-
+ file=./-
+ make -e test-inst
test -z "/--prefix/foo" || ../install-sh -c -d "/private/tmp/homebrew-automake-HEAD-mfsB/tests/instspc.dir/-/--prefix/foo"
 /usr/bin/install -c ../sub/base.sh '/private/tmp/homebrew-automake-HEAD-mfsB/tests/instspc.dir/-/--prefix/foo'
test -z "/--prefix/foo" || ../install-sh -c -d "/private/tmp/homebrew-automake-HEAD-mfsB/tests/instspc.dir/-/--prefix/foo"
 /usr/bin/install -c -m 644  sub/libbase.a '/private/tmp/homebrew-automake-HEAD-mfsB/tests/instspc.dir/-/--prefix/foo'
 ( cd '/private/tmp/homebrew-automake-HEAD-mfsB/tests/instspc.dir/-/--prefix/foo' && ranlib libbase.a )
test -z "/--prefix/foo" || ../install-sh -c -d "/private/tmp/homebrew-automake-HEAD-mfsB/tests/instspc.dir/-/--prefix/foo"
  /usr/bin/install -c sub/base '/private/tmp/homebrew-automake-HEAD-mfsB/tests/instspc.dir/-/--prefix/foo'
test -z "/--prefix/foo" || ../install-sh -c -d "/private/tmp/homebrew-automake-HEAD-mfsB/tests/instspc.dir/-/--prefix/foo"
 ../install-sh -c -d '/private/tmp/homebrew-automake-HEAD-mfsB/tests/instspc.dir/-/--prefix/foo/sub/'
 /usr/bin/install -c ../sub/nobase.sh '/private/tmp/homebrew-automake-HEAD-mfsB/tests/instspc.dir/-/--prefix/foo/sub/'
test -z "/--prefix/foo" || ../install-sh -c -d "/private/tmp/homebrew-automake-HEAD-mfsB/tests/instspc.dir/-/--prefix/foo"
../install-sh -c -d '/private/tmp/homebrew-automake-HEAD-mfsB/tests/instspc.dir/-/--prefix/foo/sub'
 /usr/bin/install -c -m 644  sub/libnobase.a '/private/tmp/homebrew-automake-HEAD-mfsB/tests/instspc.dir/-/--prefix/foo/sub'
 ( cd '/private/tmp/homebrew-automake-HEAD-mfsB/tests/instspc.dir/-/--prefix/foo' && ranlib sub/libnobase.a )
test -z "/--prefix/foo" || ../install-sh -c -d "/private/tmp/homebrew-automake-HEAD-mfsB/tests/instspc.dir/-/--prefix/foo"
 ../install-sh -c -d '/private/tmp/homebrew-automake-HEAD-mfsB/tests/instspc.dir/-/--prefix/foo/sub/'
  /usr/bin/install -c sub/nobase '/private/tmp/homebrew-automake-HEAD-mfsB/tests/instspc.dir/-/--prefix/foo/sub/'
test -z "/--prefix/foo" || ../install-sh -c -d "/private/tmp/homebrew-automake-HEAD-mfsB/tests/instspc.dir/-/--prefix/foo"
 /usr/bin/install -c -m 644 ../sub/base.dat '/private/tmp/homebrew-automake-HEAD-mfsB/tests/instspc.dir/-/--prefix/foo'
test -z "/--prefix/foo" || ../install-sh -c -d "/private/tmp/homebrew-automake-HEAD-mfsB/tests/instspc.dir/-/--prefix/foo"
 /usr/bin/install -c -m 644 ../sub/base.h '/private/tmp/homebrew-automake-HEAD-mfsB/tests/instspc.dir/-/--prefix/foo'
test -z "/--prefix/foo" || ../install-sh -c -d "/private/tmp/homebrew-automake-HEAD-mfsB/tests/instspc.dir/-/--prefix/foo"
../install-sh -c -d '/private/tmp/homebrew-automake-HEAD-mfsB/tests/instspc.dir/-/--prefix/foo/sub'
 /usr/bin/install -c -m 644  ../sub/nobase.dat '/private/tmp/homebrew-automake-HEAD-mfsB/tests/instspc.dir/-/--prefix/foo/sub'
test -z "/--prefix/foo" || ../install-sh -c -d "/private/tmp/homebrew-automake-HEAD-mfsB/tests/instspc.dir/-/--prefix/foo"
../install-sh -c -d '/private/tmp/homebrew-automake-HEAD-mfsB/tests/instspc.dir/-/--prefix/foo/sub'
 /usr/bin/install -c -m 644  ../sub/nobase.h '/private/tmp/homebrew-automake-HEAD-mfsB/tests/instspc.dir/-/--prefix/foo/sub'
test   -f '/private/tmp/homebrew-automake-HEAD-mfsB/tests/instspc.dir/-/./--prefix/foo/sub/nobase.h'
test ! -f '/private/tmp/homebrew-automake-HEAD-mfsB/tests/instspc.dir/-/./--prefix/foo/nobase.h'
test   -f '/private/tmp/homebrew-automake-HEAD-mfsB/tests/instspc.dir/-/./--prefix/foo/base.h'
test   -f '/private/tmp/homebrew-automake-HEAD-mfsB/tests/instspc.dir/-/./--prefix/foo/sub/nobase.dat'
test ! -f '/private/tmp/homebrew-automake-HEAD-mfsB/tests/instspc.dir/-/./--prefix/foo/nobase.dat'
test   -f '/private/tmp/homebrew-automake-HEAD-mfsB/tests/instspc.dir/-/./--prefix/foo/base.dat'
test   -f '/private/tmp/homebrew-automake-HEAD-mfsB/tests/instspc.dir/-/./--prefix/foo/sub/nobase.sh'
test ! -f '/private/tmp/homebrew-automake-HEAD-mfsB/tests/instspc.dir/-/./--prefix/foo/nobase.sh'
test   -f '/private/tmp/homebrew-automake-HEAD-mfsB/tests/instspc.dir/-/./--prefix/foo/base.sh'
test   -f '/private/tmp/homebrew-automake-HEAD-mfsB/tests/instspc.dir/-/./--prefix/foo/sub/nobase'
test ! -f '/private/tmp/homebrew-automake-HEAD-mfsB/tests/instspc.dir/-/./--prefix/foo/nobase'
test   -f '/private/tmp/homebrew-automake-HEAD-mfsB/tests/instspc.dir/-/./--prefix/foo/base'
test   -f '/private/tmp/homebrew-automake-HEAD-mfsB/tests/instspc.dir/-/./--prefix/foo/sub/libnobase.a'
test ! -f '/private/tmp/homebrew-automake-HEAD-mfsB/tests/instspc.dir/-/./--prefix/foo/libnobase.a'
test   -f '/private/tmp/homebrew-automake-HEAD-mfsB/tests/instspc.dir/-/./--prefix/foo/libbase.a'
+ description='minus in destdir'
+ expected_to_fail dest minus
+ case $1 in
+ is_in_list minus squote dquote bquote sharp dollar linefeed a_lf_b
+ item=minus
+ shift
+ case " $* " in
+ return 1
+ directive=
+ reason=
+ result_ ok -D '' -r '' -- 'minus in destdir'
+ set +x
ok 36 - minus in destdir
PASS: instspc.tap 36 - minus in destdir
+ cd /private/tmp/homebrew-automake-HEAD-mfsB/tests/instspc.dir
+ not am_keeping_testdirs
+ am_keeping_testdirs
+ case $keep_testdirs in
+ return 1
+ return 0
+ test ok = ok
+ rm_rf_ build-minus /private/tmp/homebrew-automake-HEAD-mfsB/tests/instspc.dir/-
+ test 2 -gt 0
+ find build-minus /private/tmp/homebrew-automake-HEAD-mfsB/tests/instspc.dir/- -type d '!' -perm -700 -exec chmod u+rwx '{}' ';'
+ rm -rf build-minus /private/tmp/homebrew-automake-HEAD-mfsB/tests/instspc.dir/-
+ for test_name in '$test_names_list'
+ eval 'test_string=${instspc__comma}'
++ test_string=,
+ test x, = x
+ mkdir ./,
+ case $test_string in
+ for where in build dest
+ case $where in
+ build=./,
+ dest=/private/tmp/homebrew-automake-HEAD-mfsB/tests/instspc.dir/dest-comma
+ cd ./,
+ r=ok
+ ../configure --prefix /,-prefix
checking for a BSD-compatible install... /usr/bin/install -c
checking whether build environment is sane... yes
checking for a thread-safe mkdir -p... ../install-sh -c -d
checking for gawk... gawk
checking whether make sets $(MAKE)... yes
checking for gcc... /usr/bin/llvm-gcc
checking whether the C compiler works... yes
checking for C compiler default output file name... a.out
checking for suffix of executables... 
checking whether we are cross compiling... no
checking for suffix of object files... o
checking whether we are using the GNU C compiler... yes
checking whether /usr/bin/llvm-gcc accepts -g... yes
checking for /usr/bin/llvm-gcc option to accept ISO C89... none needed
checking for style of include used by make... GNU
checking dependency style of /usr/bin/llvm-gcc... gcc3
checking for ar... ar
checking the archiver (ar) interface... ar
checking for ranlib... ranlib
checking that generated files are newer than configure... done
configure: creating ./config.status
config.status: creating Makefile
config.status: executing depfiles commands
+ make all
/usr/bin/llvm-gcc -DPACKAGE_NAME=\"instspc\" -DPACKAGE_TARNAME=\"instspc\" -DPACKAGE_VERSION=\"1.0\" -DPACKAGE_STRING=\"instspc\ 1.0\" -DPACKAGE_BUGREPORT=\"\" -DPACKAGE_URL=\"\" -DPACKAGE=\"instspc\" -DVERSION=\"1.0\" -I. -I..   -I/usr/local/Cellar/libffi/3.0.10/include -I/usr/local/Cellar/gettext/0.18.1.1/include  -Os -w -pipe   -march=core2 -msse4 -MT source.o -MD -MP -MF .deps/source.Tpo -c -o source.o ../source.c
mv -f .deps/source.Tpo .deps/source.Po
rm -f sub/libbase.a
ar cru sub/libbase.a source.o 
ranlib sub/libbase.a
rm -f sub/libnobase.a
ar cru sub/libnobase.a source.o 
ranlib sub/libnobase.a
/usr/bin/llvm-gcc  -Os -w -pipe   -march=core2 -msse4  -L/usr/local/Cellar/libffi/3.0.10/lib -L/usr/local/Cellar/gettext/0.18.1.1/lib -o sub/base source.o  
/usr/bin/llvm-gcc  -Os -w -pipe   -march=core2 -msse4  -L/usr/local/Cellar/libffi/3.0.10/lib -L/usr/local/Cellar/gettext/0.18.1.1/lib -o sub/nobase source.o  
+ DESTDIR=/private/tmp/homebrew-automake-HEAD-mfsB/tests/instspc.dir/dest-comma
+ file=./,
+ make -e test-inst
test -z "/,-prefix/foo" || ../install-sh -c -d "/private/tmp/homebrew-automake-HEAD-mfsB/tests/instspc.dir/dest-comma/,-prefix/foo"
 /usr/bin/install -c ../sub/base.sh '/private/tmp/homebrew-automake-HEAD-mfsB/tests/instspc.dir/dest-comma/,-prefix/foo'
test -z "/,-prefix/foo" || ../install-sh -c -d "/private/tmp/homebrew-automake-HEAD-mfsB/tests/instspc.dir/dest-comma/,-prefix/foo"
 /usr/bin/install -c -m 644  sub/libbase.a '/private/tmp/homebrew-automake-HEAD-mfsB/tests/instspc.dir/dest-comma/,-prefix/foo'
 ( cd '/private/tmp/homebrew-automake-HEAD-mfsB/tests/instspc.dir/dest-comma/,-prefix/foo' && ranlib libbase.a )
test -z "/,-prefix/foo" || ../install-sh -c -d "/private/tmp/homebrew-automake-HEAD-mfsB/tests/instspc.dir/dest-comma/,-prefix/foo"
  /usr/bin/install -c sub/base '/private/tmp/homebrew-automake-HEAD-mfsB/tests/instspc.dir/dest-comma/,-prefix/foo'
test -z "/,-prefix/foo" || ../install-sh -c -d "/private/tmp/homebrew-automake-HEAD-mfsB/tests/instspc.dir/dest-comma/,-prefix/foo"
 ../install-sh -c -d '/private/tmp/homebrew-automake-HEAD-mfsB/tests/instspc.dir/dest-comma/,-prefix/foo/sub/'
 /usr/bin/install -c ../sub/nobase.sh '/private/tmp/homebrew-automake-HEAD-mfsB/tests/instspc.dir/dest-comma/,-prefix/foo/sub/'
test -z "/,-prefix/foo" || ../install-sh -c -d "/private/tmp/homebrew-automake-HEAD-mfsB/tests/instspc.dir/dest-comma/,-prefix/foo"
../install-sh -c -d '/private/tmp/homebrew-automake-HEAD-mfsB/tests/instspc.dir/dest-comma/,-prefix/foo/sub'
 /usr/bin/install -c -m 644  sub/libnobase.a '/private/tmp/homebrew-automake-HEAD-mfsB/tests/instspc.dir/dest-comma/,-prefix/foo/sub'
 ( cd '/private/tmp/homebrew-automake-HEAD-mfsB/tests/instspc.dir/dest-comma/,-prefix/foo' && ranlib sub/libnobase.a )
test -z "/,-prefix/foo" || ../install-sh -c -d "/private/tmp/homebrew-automake-HEAD-mfsB/tests/instspc.dir/dest-comma/,-prefix/foo"
 ../install-sh -c -d '/private/tmp/homebrew-automake-HEAD-mfsB/tests/instspc.dir/dest-comma/,-prefix/foo/sub/'
  /usr/bin/install -c sub/nobase '/private/tmp/homebrew-automake-HEAD-mfsB/tests/instspc.dir/dest-comma/,-prefix/foo/sub/'
test -z "/,-prefix/foo" || ../install-sh -c -d "/private/tmp/homebrew-automake-HEAD-mfsB/tests/instspc.dir/dest-comma/,-prefix/foo"
 /usr/bin/install -c -m 644 ../sub/base.dat '/private/tmp/homebrew-automake-HEAD-mfsB/tests/instspc.dir/dest-comma/,-prefix/foo'
test -z "/,-prefix/foo" || ../install-sh -c -d "/private/tmp/homebrew-automake-HEAD-mfsB/tests/instspc.dir/dest-comma/,-prefix/foo"
 /usr/bin/install -c -m 644 ../sub/base.h '/private/tmp/homebrew-automake-HEAD-mfsB/tests/instspc.dir/dest-comma/,-prefix/foo'
test -z "/,-prefix/foo" || ../install-sh -c -d "/private/tmp/homebrew-automake-HEAD-mfsB/tests/instspc.dir/dest-comma/,-prefix/foo"
../install-sh -c -d '/private/tmp/homebrew-automake-HEAD-mfsB/tests/instspc.dir/dest-comma/,-prefix/foo/sub'
 /usr/bin/install -c -m 644  ../sub/nobase.dat '/private/tmp/homebrew-automake-HEAD-mfsB/tests/instspc.dir/dest-comma/,-prefix/foo/sub'
test -z "/,-prefix/foo" || ../install-sh -c -d "/private/tmp/homebrew-automake-HEAD-mfsB/tests/instspc.dir/dest-comma/,-prefix/foo"
../install-sh -c -d '/private/tmp/homebrew-automake-HEAD-mfsB/tests/instspc.dir/dest-comma/,-prefix/foo/sub'
 /usr/bin/install -c -m 644  ../sub/nobase.h '/private/tmp/homebrew-automake-HEAD-mfsB/tests/instspc.dir/dest-comma/,-prefix/foo/sub'
test   -f '/private/tmp/homebrew-automake-HEAD-mfsB/tests/instspc.dir/dest-comma/./,-prefix/foo/sub/nobase.h'
test ! -f '/private/tmp/homebrew-automake-HEAD-mfsB/tests/instspc.dir/dest-comma/./,-prefix/foo/nobase.h'
test   -f '/private/tmp/homebrew-automake-HEAD-mfsB/tests/instspc.dir/dest-comma/./,-prefix/foo/base.h'
test   -f '/private/tmp/homebrew-automake-HEAD-mfsB/tests/instspc.dir/dest-comma/./,-prefix/foo/sub/nobase.dat'
test ! -f '/private/tmp/homebrew-automake-HEAD-mfsB/tests/instspc.dir/dest-comma/./,-prefix/foo/nobase.dat'
test   -f '/private/tmp/homebrew-automake-HEAD-mfsB/tests/instspc.dir/dest-comma/./,-prefix/foo/base.dat'
test   -f '/private/tmp/homebrew-automake-HEAD-mfsB/tests/instspc.dir/dest-comma/./,-prefix/foo/sub/nobase.sh'
test ! -f '/private/tmp/homebrew-automake-HEAD-mfsB/tests/instspc.dir/dest-comma/./,-prefix/foo/nobase.sh'
test   -f '/private/tmp/homebrew-automake-HEAD-mfsB/tests/instspc.dir/dest-comma/./,-prefix/foo/base.sh'
test   -f '/private/tmp/homebrew-automake-HEAD-mfsB/tests/instspc.dir/dest-comma/./,-prefix/foo/sub/nobase'
test ! -f '/private/tmp/homebrew-automake-HEAD-mfsB/tests/instspc.dir/dest-comma/./,-prefix/foo/nobase'
test   -f '/private/tmp/homebrew-automake-HEAD-mfsB/tests/instspc.dir/dest-comma/./,-prefix/foo/base'
test   -f '/private/tmp/homebrew-automake-HEAD-mfsB/tests/instspc.dir/dest-comma/./,-prefix/foo/sub/libnobase.a'
test ! -f '/private/tmp/homebrew-automake-HEAD-mfsB/tests/instspc.dir/dest-comma/./,-prefix/foo/libnobase.a'
test   -f '/private/tmp/homebrew-automake-HEAD-mfsB/tests/instspc.dir/dest-comma/./,-prefix/foo/libbase.a'
+ description='comma in builddir'
+ expected_to_fail build comma
+ case $1 in
+ is_in_list comma squote dquote bquote sharp dollar bslash ampersand linefeed quadrigraph0 a_lf_b
+ item=comma
+ shift
+ case " $* " in
+ return 1
+ directive=
+ reason=
+ result_ ok -D '' -r '' -- 'comma in builddir'
+ set +x
ok 37 - comma in builddir
PASS: instspc.tap 37 - comma in builddir
+ cd /private/tmp/homebrew-automake-HEAD-mfsB/tests/instspc.dir
+ not am_keeping_testdirs
+ am_keeping_testdirs
+ case $keep_testdirs in
+ return 1
+ return 0
+ test ok = ok
+ rm_rf_ ./, /private/tmp/homebrew-automake-HEAD-mfsB/tests/instspc.dir/dest-comma
+ test 2 -gt 0
+ find ./, /private/tmp/homebrew-automake-HEAD-mfsB/tests/instspc.dir/dest-comma -type d '!' -perm -700 -exec chmod u+rwx '{}' ';'
+ rm -rf ./, /private/tmp/homebrew-automake-HEAD-mfsB/tests/instspc.dir/dest-comma
+ for where in build dest
+ case $where in
+ build=build-comma
+ dest=/private/tmp/homebrew-automake-HEAD-mfsB/tests/instspc.dir/,
+ mkdir build-comma
+ cd build-comma
+ r=ok
+ ../configure --prefix /,-prefix
checking for a BSD-compatible install... /usr/bin/install -c
checking whether build environment is sane... yes
checking for a thread-safe mkdir -p... ../install-sh -c -d
checking for gawk... gawk
checking whether make sets $(MAKE)... yes
checking for gcc... /usr/bin/llvm-gcc
checking whether the C compiler works... yes
checking for C compiler default output file name... a.out
checking for suffix of executables... 
checking whether we are cross compiling... no
checking for suffix of object files... o
checking whether we are using the GNU C compiler... yes
checking whether /usr/bin/llvm-gcc accepts -g... yes
checking for /usr/bin/llvm-gcc option to accept ISO C89... none needed
checking for style of include used by make... GNU
checking dependency style of /usr/bin/llvm-gcc... gcc3
checking for ar... ar
checking the archiver (ar) interface... ar
checking for ranlib... ranlib
checking that generated files are newer than configure... done
configure: creating ./config.status
config.status: creating Makefile
config.status: executing depfiles commands
+ make all
/usr/bin/llvm-gcc -DPACKAGE_NAME=\"instspc\" -DPACKAGE_TARNAME=\"instspc\" -DPACKAGE_VERSION=\"1.0\" -DPACKAGE_STRING=\"instspc\ 1.0\" -DPACKAGE_BUGREPORT=\"\" -DPACKAGE_URL=\"\" -DPACKAGE=\"instspc\" -DVERSION=\"1.0\" -I. -I..   -I/usr/local/Cellar/libffi/3.0.10/include -I/usr/local/Cellar/gettext/0.18.1.1/include  -Os -w -pipe   -march=core2 -msse4 -MT source.o -MD -MP -MF .deps/source.Tpo -c -o source.o ../source.c
mv -f .deps/source.Tpo .deps/source.Po
rm -f sub/libbase.a
ar cru sub/libbase.a source.o 
ranlib sub/libbase.a
rm -f sub/libnobase.a
ar cru sub/libnobase.a source.o 
ranlib sub/libnobase.a
/usr/bin/llvm-gcc  -Os -w -pipe   -march=core2 -msse4  -L/usr/local/Cellar/libffi/3.0.10/lib -L/usr/local/Cellar/gettext/0.18.1.1/lib -o sub/base source.o  
/usr/bin/llvm-gcc  -Os -w -pipe   -march=core2 -msse4  -L/usr/local/Cellar/libffi/3.0.10/lib -L/usr/local/Cellar/gettext/0.18.1.1/lib -o sub/nobase source.o  
+ DESTDIR=/private/tmp/homebrew-automake-HEAD-mfsB/tests/instspc.dir/,
+ file=./,
+ make -e test-inst
test -z "/,-prefix/foo" || ../install-sh -c -d "/private/tmp/homebrew-automake-HEAD-mfsB/tests/instspc.dir/,/,-prefix/foo"
 /usr/bin/install -c ../sub/base.sh '/private/tmp/homebrew-automake-HEAD-mfsB/tests/instspc.dir/,/,-prefix/foo'
test -z "/,-prefix/foo" || ../install-sh -c -d "/private/tmp/homebrew-automake-HEAD-mfsB/tests/instspc.dir/,/,-prefix/foo"
 /usr/bin/install -c -m 644  sub/libbase.a '/private/tmp/homebrew-automake-HEAD-mfsB/tests/instspc.dir/,/,-prefix/foo'
 ( cd '/private/tmp/homebrew-automake-HEAD-mfsB/tests/instspc.dir/,/,-prefix/foo' && ranlib libbase.a )
test -z "/,-prefix/foo" || ../install-sh -c -d "/private/tmp/homebrew-automake-HEAD-mfsB/tests/instspc.dir/,/,-prefix/foo"
  /usr/bin/install -c sub/base '/private/tmp/homebrew-automake-HEAD-mfsB/tests/instspc.dir/,/,-prefix/foo'
test -z "/,-prefix/foo" || ../install-sh -c -d "/private/tmp/homebrew-automake-HEAD-mfsB/tests/instspc.dir/,/,-prefix/foo"
 ../install-sh -c -d '/private/tmp/homebrew-automake-HEAD-mfsB/tests/instspc.dir/,/,-prefix/foo/sub/'
 /usr/bin/install -c ../sub/nobase.sh '/private/tmp/homebrew-automake-HEAD-mfsB/tests/instspc.dir/,/,-prefix/foo/sub/'
test -z "/,-prefix/foo" || ../install-sh -c -d "/private/tmp/homebrew-automake-HEAD-mfsB/tests/instspc.dir/,/,-prefix/foo"
../install-sh -c -d '/private/tmp/homebrew-automake-HEAD-mfsB/tests/instspc.dir/,/,-prefix/foo/sub'
 /usr/bin/install -c -m 644  sub/libnobase.a '/private/tmp/homebrew-automake-HEAD-mfsB/tests/instspc.dir/,/,-prefix/foo/sub'
 ( cd '/private/tmp/homebrew-automake-HEAD-mfsB/tests/instspc.dir/,/,-prefix/foo' && ranlib sub/libnobase.a )
test -z "/,-prefix/foo" || ../install-sh -c -d "/private/tmp/homebrew-automake-HEAD-mfsB/tests/instspc.dir/,/,-prefix/foo"
 ../install-sh -c -d '/private/tmp/homebrew-automake-HEAD-mfsB/tests/instspc.dir/,/,-prefix/foo/sub/'
  /usr/bin/install -c sub/nobase '/private/tmp/homebrew-automake-HEAD-mfsB/tests/instspc.dir/,/,-prefix/foo/sub/'
test -z "/,-prefix/foo" || ../install-sh -c -d "/private/tmp/homebrew-automake-HEAD-mfsB/tests/instspc.dir/,/,-prefix/foo"
 /usr/bin/install -c -m 644 ../sub/base.dat '/private/tmp/homebrew-automake-HEAD-mfsB/tests/instspc.dir/,/,-prefix/foo'
test -z "/,-prefix/foo" || ../install-sh -c -d "/private/tmp/homebrew-automake-HEAD-mfsB/tests/instspc.dir/,/,-prefix/foo"
 /usr/bin/install -c -m 644 ../sub/base.h '/private/tmp/homebrew-automake-HEAD-mfsB/tests/instspc.dir/,/,-prefix/foo'
test -z "/,-prefix/foo" || ../install-sh -c -d "/private/tmp/homebrew-automake-HEAD-mfsB/tests/instspc.dir/,/,-prefix/foo"
../install-sh -c -d '/private/tmp/homebrew-automake-HEAD-mfsB/tests/instspc.dir/,/,-prefix/foo/sub'
 /usr/bin/install -c -m 644  ../sub/nobase.dat '/private/tmp/homebrew-automake-HEAD-mfsB/tests/instspc.dir/,/,-prefix/foo/sub'
test -z "/,-prefix/foo" || ../install-sh -c -d "/private/tmp/homebrew-automake-HEAD-mfsB/tests/instspc.dir/,/,-prefix/foo"
../install-sh -c -d '/private/tmp/homebrew-automake-HEAD-mfsB/tests/instspc.dir/,/,-prefix/foo/sub'
 /usr/bin/install -c -m 644  ../sub/nobase.h '/private/tmp/homebrew-automake-HEAD-mfsB/tests/instspc.dir/,/,-prefix/foo/sub'
test   -f '/private/tmp/homebrew-automake-HEAD-mfsB/tests/instspc.dir/,/./,-prefix/foo/sub/nobase.h'
test ! -f '/private/tmp/homebrew-automake-HEAD-mfsB/tests/instspc.dir/,/./,-prefix/foo/nobase.h'
test   -f '/private/tmp/homebrew-automake-HEAD-mfsB/tests/instspc.dir/,/./,-prefix/foo/base.h'
test   -f '/private/tmp/homebrew-automake-HEAD-mfsB/tests/instspc.dir/,/./,-prefix/foo/sub/nobase.dat'
test ! -f '/private/tmp/homebrew-automake-HEAD-mfsB/tests/instspc.dir/,/./,-prefix/foo/nobase.dat'
test   -f '/private/tmp/homebrew-automake-HEAD-mfsB/tests/instspc.dir/,/./,-prefix/foo/base.dat'
test   -f '/private/tmp/homebrew-automake-HEAD-mfsB/tests/instspc.dir/,/./,-prefix/foo/sub/nobase.sh'
test ! -f '/private/tmp/homebrew-automake-HEAD-mfsB/tests/instspc.dir/,/./,-prefix/foo/nobase.sh'
test   -f '/private/tmp/homebrew-automake-HEAD-mfsB/tests/instspc.dir/,/./,-prefix/foo/base.sh'
test   -f '/private/tmp/homebrew-automake-HEAD-mfsB/tests/instspc.dir/,/./,-prefix/foo/sub/nobase'
test ! -f '/private/tmp/homebrew-automake-HEAD-mfsB/tests/instspc.dir/,/./,-prefix/foo/nobase'
test   -f '/private/tmp/homebrew-automake-HEAD-mfsB/tests/instspc.dir/,/./,-prefix/foo/base'
test   -f '/private/tmp/homebrew-automake-HEAD-mfsB/tests/instspc.dir/,/./,-prefix/foo/sub/libnobase.a'
test ! -f '/private/tmp/homebrew-automake-HEAD-mfsB/tests/instspc.dir/,/./,-prefix/foo/libnobase.a'
test   -f '/private/tmp/homebrew-automake-HEAD-mfsB/tests/instspc.dir/,/./,-prefix/foo/libbase.a'
+ description='comma in destdir'
+ expected_to_fail dest comma
+ case $1 in
+ is_in_list comma squote dquote bquote sharp dollar linefeed a_lf_b
+ item=comma
+ shift
+ case " $* " in
+ return 1
+ directive=
+ reason=
+ result_ ok -D '' -r '' -- 'comma in destdir'
+ set +x
ok 38 - comma in destdir
PASS: instspc.tap 38 - comma in destdir
+ cd /private/tmp/homebrew-automake-HEAD-mfsB/tests/instspc.dir
+ not am_keeping_testdirs
+ am_keeping_testdirs
+ case $keep_testdirs in
+ return 1
+ return 0
+ test ok = ok
+ rm_rf_ build-comma /private/tmp/homebrew-automake-HEAD-mfsB/tests/instspc.dir/,
+ test 2 -gt 0
+ find build-comma /private/tmp/homebrew-automake-HEAD-mfsB/tests/instspc.dir/, -type d '!' -perm -700 -exec chmod u+rwx '{}' ';'
+ rm -rf build-comma /private/tmp/homebrew-automake-HEAD-mfsB/tests/instspc.dir/,
+ for test_name in '$test_names_list'
+ eval 'test_string=${instspc__colon}'
++ test_string=:
+ test x: = x
+ mkdir ./:
+ case $test_string in
+ cd ./:
+ for where in build dest
+ case $where in
+ build=./:
+ dest=/private/tmp/homebrew-automake-HEAD-mfsB/tests/instspc.dir/dest-colon
+ cd ./:
+ r=ok
+ ../configure --prefix /:-prefix
checking for a BSD-compatible install... /usr/bin/install -c
checking whether build environment is sane... yes
checking for a thread-safe mkdir -p... ../install-sh -c -d
checking for gawk... gawk
checking whether make sets $(MAKE)... yes
checking for gcc... /usr/bin/llvm-gcc
checking whether the C compiler works... yes
checking for C compiler default output file name... a.out
checking for suffix of executables... 
checking whether we are cross compiling... no
checking for suffix of object files... o
checking whether we are using the GNU C compiler... yes
checking whether /usr/bin/llvm-gcc accepts -g... yes
checking for /usr/bin/llvm-gcc option to accept ISO C89... none needed
checking for style of include used by make... GNU
checking dependency style of /usr/bin/llvm-gcc... gcc3
checking for ar... ar
checking the archiver (ar) interface... ar
checking for ranlib... ranlib
checking that generated files are newer than configure... done
configure: creating ./config.status
config.status: creating Makefile
config.status: executing depfiles commands
+ make all
/usr/bin/llvm-gcc -DPACKAGE_NAME=\"instspc\" -DPACKAGE_TARNAME=\"instspc\" -DPACKAGE_VERSION=\"1.0\" -DPACKAGE_STRING=\"instspc\ 1.0\" -DPACKAGE_BUGREPORT=\"\" -DPACKAGE_URL=\"\" -DPACKAGE=\"instspc\" -DVERSION=\"1.0\" -I. -I..   -I/usr/local/Cellar/libffi/3.0.10/include -I/usr/local/Cellar/gettext/0.18.1.1/include  -Os -w -pipe   -march=core2 -msse4 -MT source.o -MD -MP -MF .deps/source.Tpo -c -o source.o ../source.c
mv -f .deps/source.Tpo .deps/source.Po
rm -f sub/libbase.a
ar cru sub/libbase.a source.o 
ranlib sub/libbase.a
rm -f sub/libnobase.a
ar cru sub/libnobase.a source.o 
ranlib sub/libnobase.a
/usr/bin/llvm-gcc  -Os -w -pipe   -march=core2 -msse4  -L/usr/local/Cellar/libffi/3.0.10/lib -L/usr/local/Cellar/gettext/0.18.1.1/lib -o sub/base source.o  
/usr/bin/llvm-gcc  -Os -w -pipe   -march=core2 -msse4  -L/usr/local/Cellar/libffi/3.0.10/lib -L/usr/local/Cellar/gettext/0.18.1.1/lib -o sub/nobase source.o  
+ DESTDIR=/private/tmp/homebrew-automake-HEAD-mfsB/tests/instspc.dir/dest-colon
+ file=./:
+ make -e test-inst
test -z "/:-prefix/foo" || ../install-sh -c -d "/private/tmp/homebrew-automake-HEAD-mfsB/tests/instspc.dir/dest-colon/:-prefix/foo"
 /usr/bin/install -c ../sub/base.sh '/private/tmp/homebrew-automake-HEAD-mfsB/tests/instspc.dir/dest-colon/:-prefix/foo'
test -z "/:-prefix/foo" || ../install-sh -c -d "/private/tmp/homebrew-automake-HEAD-mfsB/tests/instspc.dir/dest-colon/:-prefix/foo"
 /usr/bin/install -c -m 644  sub/libbase.a '/private/tmp/homebrew-automake-HEAD-mfsB/tests/instspc.dir/dest-colon/:-prefix/foo'
 ( cd '/private/tmp/homebrew-automake-HEAD-mfsB/tests/instspc.dir/dest-colon/:-prefix/foo' && ranlib libbase.a )
test -z "/:-prefix/foo" || ../install-sh -c -d "/private/tmp/homebrew-automake-HEAD-mfsB/tests/instspc.dir/dest-colon/:-prefix/foo"
  /usr/bin/install -c sub/base '/private/tmp/homebrew-automake-HEAD-mfsB/tests/instspc.dir/dest-colon/:-prefix/foo'
test -z "/:-prefix/foo" || ../install-sh -c -d "/private/tmp/homebrew-automake-HEAD-mfsB/tests/instspc.dir/dest-colon/:-prefix/foo"
 ../install-sh -c -d '/private/tmp/homebrew-automake-HEAD-mfsB/tests/instspc.dir/dest-colon/:-prefix/foo/sub/'
 /usr/bin/install -c ../sub/nobase.sh '/private/tmp/homebrew-automake-HEAD-mfsB/tests/instspc.dir/dest-colon/:-prefix/foo/sub/'
test -z "/:-prefix/foo" || ../install-sh -c -d "/private/tmp/homebrew-automake-HEAD-mfsB/tests/instspc.dir/dest-colon/:-prefix/foo"
../install-sh -c -d '/private/tmp/homebrew-automake-HEAD-mfsB/tests/instspc.dir/dest-colon/:-prefix/foo/sub'
 /usr/bin/install -c -m 644  sub/libnobase.a '/private/tmp/homebrew-automake-HEAD-mfsB/tests/instspc.dir/dest-colon/:-prefix/foo/sub'
 ( cd '/private/tmp/homebrew-automake-HEAD-mfsB/tests/instspc.dir/dest-colon/:-prefix/foo' && ranlib sub/libnobase.a )
test -z "/:-prefix/foo" || ../install-sh -c -d "/private/tmp/homebrew-automake-HEAD-mfsB/tests/instspc.dir/dest-colon/:-prefix/foo"
 ../install-sh -c -d '/private/tmp/homebrew-automake-HEAD-mfsB/tests/instspc.dir/dest-colon/:-prefix/foo/sub/'
  /usr/bin/install -c sub/nobase '/private/tmp/homebrew-automake-HEAD-mfsB/tests/instspc.dir/dest-colon/:-prefix/foo/sub/'
test -z "/:-prefix/foo" || ../install-sh -c -d "/private/tmp/homebrew-automake-HEAD-mfsB/tests/instspc.dir/dest-colon/:-prefix/foo"
 /usr/bin/install -c -m 644 ../sub/base.dat '/private/tmp/homebrew-automake-HEAD-mfsB/tests/instspc.dir/dest-colon/:-prefix/foo'
test -z "/:-prefix/foo" || ../install-sh -c -d "/private/tmp/homebrew-automake-HEAD-mfsB/tests/instspc.dir/dest-colon/:-prefix/foo"
 /usr/bin/install -c -m 644 ../sub/base.h '/private/tmp/homebrew-automake-HEAD-mfsB/tests/instspc.dir/dest-colon/:-prefix/foo'
test -z "/:-prefix/foo" || ../install-sh -c -d "/private/tmp/homebrew-automake-HEAD-mfsB/tests/instspc.dir/dest-colon/:-prefix/foo"
../install-sh -c -d '/private/tmp/homebrew-automake-HEAD-mfsB/tests/instspc.dir/dest-colon/:-prefix/foo/sub'
 /usr/bin/install -c -m 644  ../sub/nobase.dat '/private/tmp/homebrew-automake-HEAD-mfsB/tests/instspc.dir/dest-colon/:-prefix/foo/sub'
test -z "/:-prefix/foo" || ../install-sh -c -d "/private/tmp/homebrew-automake-HEAD-mfsB/tests/instspc.dir/dest-colon/:-prefix/foo"
../install-sh -c -d '/private/tmp/homebrew-automake-HEAD-mfsB/tests/instspc.dir/dest-colon/:-prefix/foo/sub'
 /usr/bin/install -c -m 644  ../sub/nobase.h '/private/tmp/homebrew-automake-HEAD-mfsB/tests/instspc.dir/dest-colon/:-prefix/foo/sub'
test   -f '/private/tmp/homebrew-automake-HEAD-mfsB/tests/instspc.dir/dest-colon/./:-prefix/foo/sub/nobase.h'
test ! -f '/private/tmp/homebrew-automake-HEAD-mfsB/tests/instspc.dir/dest-colon/./:-prefix/foo/nobase.h'
test   -f '/private/tmp/homebrew-automake-HEAD-mfsB/tests/instspc.dir/dest-colon/./:-prefix/foo/base.h'
test   -f '/private/tmp/homebrew-automake-HEAD-mfsB/tests/instspc.dir/dest-colon/./:-prefix/foo/sub/nobase.dat'
test ! -f '/private/tmp/homebrew-automake-HEAD-mfsB/tests/instspc.dir/dest-colon/./:-prefix/foo/nobase.dat'
test   -f '/private/tmp/homebrew-automake-HEAD-mfsB/tests/instspc.dir/dest-colon/./:-prefix/foo/base.dat'
test   -f '/private/tmp/homebrew-automake-HEAD-mfsB/tests/instspc.dir/dest-colon/./:-prefix/foo/sub/nobase.sh'
test ! -f '/private/tmp/homebrew-automake-HEAD-mfsB/tests/instspc.dir/dest-colon/./:-prefix/foo/nobase.sh'
test   -f '/private/tmp/homebrew-automake-HEAD-mfsB/tests/instspc.dir/dest-colon/./:-prefix/foo/base.sh'
test   -f '/private/tmp/homebrew-automake-HEAD-mfsB/tests/instspc.dir/dest-colon/./:-prefix/foo/sub/nobase'
test ! -f '/private/tmp/homebrew-automake-HEAD-mfsB/tests/instspc.dir/dest-colon/./:-prefix/foo/nobase'
test   -f '/private/tmp/homebrew-automake-HEAD-mfsB/tests/instspc.dir/dest-colon/./:-prefix/foo/base'
test   -f '/private/tmp/homebrew-automake-HEAD-mfsB/tests/instspc.dir/dest-colon/./:-prefix/foo/sub/libnobase.a'
test ! -f '/private/tmp/homebrew-automake-HEAD-mfsB/tests/instspc.dir/dest-colon/./:-prefix/foo/libnobase.a'
test   -f '/private/tmp/homebrew-automake-HEAD-mfsB/tests/instspc.dir/dest-colon/./:-prefix/foo/libbase.a'
+ description='colon in builddir'
+ expected_to_fail build colon
+ case $1 in
+ is_in_list colon squote dquote bquote sharp dollar bslash ampersand linefeed quadrigraph0 a_lf_b
+ item=colon
+ shift
+ case " $* " in
+ return 1
+ directive=
+ reason=
+ result_ ok -D '' -r '' -- 'colon in builddir'
+ set +x
ok 39 - colon in builddir
PASS: instspc.tap 39 - colon in builddir
+ cd /private/tmp/homebrew-automake-HEAD-mfsB/tests/instspc.dir
+ not am_keeping_testdirs
+ am_keeping_testdirs
+ case $keep_testdirs in
+ return 1
+ return 0
+ test ok = ok
+ rm_rf_ ./: /private/tmp/homebrew-automake-HEAD-mfsB/tests/instspc.dir/dest-colon
+ test 2 -gt 0
+ find ./: /private/tmp/homebrew-automake-HEAD-mfsB/tests/instspc.dir/dest-colon -type d '!' -perm -700 -exec chmod u+rwx '{}' ';'
+ rm -rf ./: /private/tmp/homebrew-automake-HEAD-mfsB/tests/instspc.dir/dest-colon
+ for where in build dest
+ case $where in
+ build=build-colon
+ dest=/private/tmp/homebrew-automake-HEAD-mfsB/tests/instspc.dir/:
+ mkdir build-colon
+ cd build-colon
+ r=ok
+ ../configure --prefix /:-prefix
checking for a BSD-compatible install... /usr/bin/install -c
checking whether build environment is sane... yes
checking for a thread-safe mkdir -p... ../install-sh -c -d
checking for gawk... gawk
checking whether make sets $(MAKE)... yes
checking for gcc... /usr/bin/llvm-gcc
checking whether the C compiler works... yes
checking for C compiler default output file name... a.out
checking for suffix of executables... 
checking whether we are cross compiling... no
checking for suffix of object files... o
checking whether we are using the GNU C compiler... yes
checking whether /usr/bin/llvm-gcc accepts -g... yes
checking for /usr/bin/llvm-gcc option to accept ISO C89... none needed
checking for style of include used by make... GNU
checking dependency style of /usr/bin/llvm-gcc... gcc3
checking for ar... ar
checking the archiver (ar) interface... ar
checking for ranlib... ranlib
checking that generated files are newer than configure... done
configure: creating ./config.status
config.status: creating Makefile
config.status: executing depfiles commands
+ make all
/usr/bin/llvm-gcc -DPACKAGE_NAME=\"instspc\" -DPACKAGE_TARNAME=\"instspc\" -DPACKAGE_VERSION=\"1.0\" -DPACKAGE_STRING=\"instspc\ 1.0\" -DPACKAGE_BUGREPORT=\"\" -DPACKAGE_URL=\"\" -DPACKAGE=\"instspc\" -DVERSION=\"1.0\" -I. -I..   -I/usr/local/Cellar/libffi/3.0.10/include -I/usr/local/Cellar/gettext/0.18.1.1/include  -Os -w -pipe   -march=core2 -msse4 -MT source.o -MD -MP -MF .deps/source.Tpo -c -o source.o ../source.c
mv -f .deps/source.Tpo .deps/source.Po
rm -f sub/libbase.a
ar cru sub/libbase.a source.o 
ranlib sub/libbase.a
rm -f sub/libnobase.a
ar cru sub/libnobase.a source.o 
ranlib sub/libnobase.a
/usr/bin/llvm-gcc  -Os -w -pipe   -march=core2 -msse4  -L/usr/local/Cellar/libffi/3.0.10/lib -L/usr/local/Cellar/gettext/0.18.1.1/lib -o sub/base source.o  
/usr/bin/llvm-gcc  -Os -w -pipe   -march=core2 -msse4  -L/usr/local/Cellar/libffi/3.0.10/lib -L/usr/local/Cellar/gettext/0.18.1.1/lib -o sub/nobase source.o  
+ DESTDIR=/private/tmp/homebrew-automake-HEAD-mfsB/tests/instspc.dir/:
+ file=./:
+ make -e test-inst
test -z "/:-prefix/foo" || ../install-sh -c -d "/private/tmp/homebrew-automake-HEAD-mfsB/tests/instspc.dir/:/:-prefix/foo"
 /usr/bin/install -c ../sub/base.sh '/private/tmp/homebrew-automake-HEAD-mfsB/tests/instspc.dir/:/:-prefix/foo'
test -z "/:-prefix/foo" || ../install-sh -c -d "/private/tmp/homebrew-automake-HEAD-mfsB/tests/instspc.dir/:/:-prefix/foo"
 /usr/bin/install -c -m 644  sub/libbase.a '/private/tmp/homebrew-automake-HEAD-mfsB/tests/instspc.dir/:/:-prefix/foo'
 ( cd '/private/tmp/homebrew-automake-HEAD-mfsB/tests/instspc.dir/:/:-prefix/foo' && ranlib libbase.a )
test -z "/:-prefix/foo" || ../install-sh -c -d "/private/tmp/homebrew-automake-HEAD-mfsB/tests/instspc.dir/:/:-prefix/foo"
  /usr/bin/install -c sub/base '/private/tmp/homebrew-automake-HEAD-mfsB/tests/instspc.dir/:/:-prefix/foo'
test -z "/:-prefix/foo" || ../install-sh -c -d "/private/tmp/homebrew-automake-HEAD-mfsB/tests/instspc.dir/:/:-prefix/foo"
 ../install-sh -c -d '/private/tmp/homebrew-automake-HEAD-mfsB/tests/instspc.dir/:/:-prefix/foo/sub/'
 /usr/bin/install -c ../sub/nobase.sh '/private/tmp/homebrew-automake-HEAD-mfsB/tests/instspc.dir/:/:-prefix/foo/sub/'
test -z "/:-prefix/foo" || ../install-sh -c -d "/private/tmp/homebrew-automake-HEAD-mfsB/tests/instspc.dir/:/:-prefix/foo"
../install-sh -c -d '/private/tmp/homebrew-automake-HEAD-mfsB/tests/instspc.dir/:/:-prefix/foo/sub'
 /usr/bin/install -c -m 644  sub/libnobase.a '/private/tmp/homebrew-automake-HEAD-mfsB/tests/instspc.dir/:/:-prefix/foo/sub'
 ( cd '/private/tmp/homebrew-automake-HEAD-mfsB/tests/instspc.dir/:/:-prefix/foo' && ranlib sub/libnobase.a )
test -z "/:-prefix/foo" || ../install-sh -c -d "/private/tmp/homebrew-automake-HEAD-mfsB/tests/instspc.dir/:/:-prefix/foo"
 ../install-sh -c -d '/private/tmp/homebrew-automake-HEAD-mfsB/tests/instspc.dir/:/:-prefix/foo/sub/'
  /usr/bin/install -c sub/nobase '/private/tmp/homebrew-automake-HEAD-mfsB/tests/instspc.dir/:/:-prefix/foo/sub/'
test -z "/:-prefix/foo" || ../install-sh -c -d "/private/tmp/homebrew-automake-HEAD-mfsB/tests/instspc.dir/:/:-prefix/foo"
 /usr/bin/install -c -m 644 ../sub/base.dat '/private/tmp/homebrew-automake-HEAD-mfsB/tests/instspc.dir/:/:-prefix/foo'
test -z "/:-prefix/foo" || ../install-sh -c -d "/private/tmp/homebrew-automake-HEAD-mfsB/tests/instspc.dir/:/:-prefix/foo"
 /usr/bin/install -c -m 644 ../sub/base.h '/private/tmp/homebrew-automake-HEAD-mfsB/tests/instspc.dir/:/:-prefix/foo'
test -z "/:-prefix/foo" || ../install-sh -c -d "/private/tmp/homebrew-automake-HEAD-mfsB/tests/instspc.dir/:/:-prefix/foo"
../install-sh -c -d '/private/tmp/homebrew-automake-HEAD-mfsB/tests/instspc.dir/:/:-prefix/foo/sub'
 /usr/bin/install -c -m 644  ../sub/nobase.dat '/private/tmp/homebrew-automake-HEAD-mfsB/tests/instspc.dir/:/:-prefix/foo/sub'
test -z "/:-prefix/foo" || ../install-sh -c -d "/private/tmp/homebrew-automake-HEAD-mfsB/tests/instspc.dir/:/:-prefix/foo"
../install-sh -c -d '/private/tmp/homebrew-automake-HEAD-mfsB/tests/instspc.dir/:/:-prefix/foo/sub'
 /usr/bin/install -c -m 644  ../sub/nobase.h '/private/tmp/homebrew-automake-HEAD-mfsB/tests/instspc.dir/:/:-prefix/foo/sub'
test   -f '/private/tmp/homebrew-automake-HEAD-mfsB/tests/instspc.dir/:/./:-prefix/foo/sub/nobase.h'
test ! -f '/private/tmp/homebrew-automake-HEAD-mfsB/tests/instspc.dir/:/./:-prefix/foo/nobase.h'
test   -f '/private/tmp/homebrew-automake-HEAD-mfsB/tests/instspc.dir/:/./:-prefix/foo/base.h'
test   -f '/private/tmp/homebrew-automake-HEAD-mfsB/tests/instspc.dir/:/./:-prefix/foo/sub/nobase.dat'
test ! -f '/private/tmp/homebrew-automake-HEAD-mfsB/tests/instspc.dir/:/./:-prefix/foo/nobase.dat'
test   -f '/private/tmp/homebrew-automake-HEAD-mfsB/tests/instspc.dir/:/./:-prefix/foo/base.dat'
test   -f '/private/tmp/homebrew-automake-HEAD-mfsB/tests/instspc.dir/:/./:-prefix/foo/sub/nobase.sh'
test ! -f '/private/tmp/homebrew-automake-HEAD-mfsB/tests/instspc.dir/:/./:-prefix/foo/nobase.sh'
test   -f '/private/tmp/homebrew-automake-HEAD-mfsB/tests/instspc.dir/:/./:-prefix/foo/base.sh'
test   -f '/private/tmp/homebrew-automake-HEAD-mfsB/tests/instspc.dir/:/./:-prefix/foo/sub/nobase'
test ! -f '/private/tmp/homebrew-automake-HEAD-mfsB/tests/instspc.dir/:/./:-prefix/foo/nobase'
test   -f '/private/tmp/homebrew-automake-HEAD-mfsB/tests/instspc.dir/:/./:-prefix/foo/base'
test   -f '/private/tmp/homebrew-automake-HEAD-mfsB/tests/instspc.dir/:/./:-prefix/foo/sub/libnobase.a'
test ! -f '/private/tmp/homebrew-automake-HEAD-mfsB/tests/instspc.dir/:/./:-prefix/foo/libnobase.a'
test   -f '/private/tmp/homebrew-automake-HEAD-mfsB/tests/instspc.dir/:/./:-prefix/foo/libbase.a'
+ description='colon in destdir'
+ expected_to_fail dest colon
+ case $1 in
+ is_in_list colon squote dquote bquote sharp dollar linefeed a_lf_b
+ item=colon
+ shift
+ case " $* " in
+ return 1
+ directive=
+ reason=
+ result_ ok -D '' -r '' -- 'colon in destdir'
+ set +x
ok 40 - colon in destdir
PASS: instspc.tap 40 - colon in destdir
+ cd /private/tmp/homebrew-automake-HEAD-mfsB/tests/instspc.dir
+ not am_keeping_testdirs
+ am_keeping_testdirs
+ case $keep_testdirs in
+ return 1
+ return 0
+ test ok = ok
+ rm_rf_ build-colon /private/tmp/homebrew-automake-HEAD-mfsB/tests/instspc.dir/:
+ test 2 -gt 0
+ find build-colon /private/tmp/homebrew-automake-HEAD-mfsB/tests/instspc.dir/: -type d '!' -perm -700 -exec chmod u+rwx '{}' ';'
+ rm -rf build-colon /private/tmp/homebrew-automake-HEAD-mfsB/tests/instspc.dir/:
+ for test_name in '$test_names_list'
+ eval 'test_string=${instspc__semicol}'
++ test_string=';'
+ test 'x;' = x
+ mkdir './;'
+ case $test_string in
+ for where in build dest
+ case $where in
+ build='./;'
+ dest=/private/tmp/homebrew-automake-HEAD-mfsB/tests/instspc.dir/dest-semicol
+ cd './;'
+ r=ok
+ ../configure --prefix '/;-prefix'
checking for a BSD-compatible install... /usr/bin/install -c
checking whether build environment is sane... yes
checking for a thread-safe mkdir -p... ../install-sh -c -d
checking for gawk... gawk
checking whether make sets $(MAKE)... yes
checking for gcc... /usr/bin/llvm-gcc
checking whether the C compiler works... yes
checking for C compiler default output file name... a.out
checking for suffix of executables... 
checking whether we are cross compiling... no
checking for suffix of object files... o
checking whether we are using the GNU C compiler... yes
checking whether /usr/bin/llvm-gcc accepts -g... yes
checking for /usr/bin/llvm-gcc option to accept ISO C89... none needed
checking for style of include used by make... GNU
checking dependency style of /usr/bin/llvm-gcc... gcc3
checking for ar... ar
checking the archiver (ar) interface... ar
checking for ranlib... ranlib
checking that generated files are newer than configure... done
configure: creating ./config.status
config.status: creating Makefile
config.status: executing depfiles commands
+ make all
/usr/bin/llvm-gcc -DPACKAGE_NAME=\"instspc\" -DPACKAGE_TARNAME=\"instspc\" -DPACKAGE_VERSION=\"1.0\" -DPACKAGE_STRING=\"instspc\ 1.0\" -DPACKAGE_BUGREPORT=\"\" -DPACKAGE_URL=\"\" -DPACKAGE=\"instspc\" -DVERSION=\"1.0\" -I. -I..   -I/usr/local/Cellar/libffi/3.0.10/include -I/usr/local/Cellar/gettext/0.18.1.1/include  -Os -w -pipe   -march=core2 -msse4 -MT source.o -MD -MP -MF .deps/source.Tpo -c -o source.o ../source.c
mv -f .deps/source.Tpo .deps/source.Po
rm -f sub/libbase.a
ar cru sub/libbase.a source.o 
ranlib sub/libbase.a
rm -f sub/libnobase.a
ar cru sub/libnobase.a source.o 
ranlib sub/libnobase.a
/usr/bin/llvm-gcc  -Os -w -pipe   -march=core2 -msse4  -L/usr/local/Cellar/libffi/3.0.10/lib -L/usr/local/Cellar/gettext/0.18.1.1/lib -o sub/base source.o  
/usr/bin/llvm-gcc  -Os -w -pipe   -march=core2 -msse4  -L/usr/local/Cellar/libffi/3.0.10/lib -L/usr/local/Cellar/gettext/0.18.1.1/lib -o sub/nobase source.o  
+ DESTDIR=/private/tmp/homebrew-automake-HEAD-mfsB/tests/instspc.dir/dest-semicol
+ file='./;'
+ make -e test-inst
test -z "/;-prefix/foo" || ../install-sh -c -d "/private/tmp/homebrew-automake-HEAD-mfsB/tests/instspc.dir/dest-semicol/;-prefix/foo"
 /usr/bin/install -c ../sub/base.sh '/private/tmp/homebrew-automake-HEAD-mfsB/tests/instspc.dir/dest-semicol/;-prefix/foo'
test -z "/;-prefix/foo" || ../install-sh -c -d "/private/tmp/homebrew-automake-HEAD-mfsB/tests/instspc.dir/dest-semicol/;-prefix/foo"
 /usr/bin/install -c -m 644  sub/libbase.a '/private/tmp/homebrew-automake-HEAD-mfsB/tests/instspc.dir/dest-semicol/;-prefix/foo'
 ( cd '/private/tmp/homebrew-automake-HEAD-mfsB/tests/instspc.dir/dest-semicol/;-prefix/foo' && ranlib libbase.a )
test -z "/;-prefix/foo" || ../install-sh -c -d "/private/tmp/homebrew-automake-HEAD-mfsB/tests/instspc.dir/dest-semicol/;-prefix/foo"
  /usr/bin/install -c sub/base '/private/tmp/homebrew-automake-HEAD-mfsB/tests/instspc.dir/dest-semicol/;-prefix/foo'
test -z "/;-prefix/foo" || ../install-sh -c -d "/private/tmp/homebrew-automake-HEAD-mfsB/tests/instspc.dir/dest-semicol/;-prefix/foo"
 ../install-sh -c -d '/private/tmp/homebrew-automake-HEAD-mfsB/tests/instspc.dir/dest-semicol/;-prefix/foo/sub/'
 /usr/bin/install -c ../sub/nobase.sh '/private/tmp/homebrew-automake-HEAD-mfsB/tests/instspc.dir/dest-semicol/;-prefix/foo/sub/'
test -z "/;-prefix/foo" || ../install-sh -c -d "/private/tmp/homebrew-automake-HEAD-mfsB/tests/instspc.dir/dest-semicol/;-prefix/foo"
../install-sh -c -d '/private/tmp/homebrew-automake-HEAD-mfsB/tests/instspc.dir/dest-semicol/;-prefix/foo/sub'
 /usr/bin/install -c -m 644  sub/libnobase.a '/private/tmp/homebrew-automake-HEAD-mfsB/tests/instspc.dir/dest-semicol/;-prefix/foo/sub'
 ( cd '/private/tmp/homebrew-automake-HEAD-mfsB/tests/instspc.dir/dest-semicol/;-prefix/foo' && ranlib sub/libnobase.a )
test -z "/;-prefix/foo" || ../install-sh -c -d "/private/tmp/homebrew-automake-HEAD-mfsB/tests/instspc.dir/dest-semicol/;-prefix/foo"
 ../install-sh -c -d '/private/tmp/homebrew-automake-HEAD-mfsB/tests/instspc.dir/dest-semicol/;-prefix/foo/sub/'
  /usr/bin/install -c sub/nobase '/private/tmp/homebrew-automake-HEAD-mfsB/tests/instspc.dir/dest-semicol/;-prefix/foo/sub/'
test -z "/;-prefix/foo" || ../install-sh -c -d "/private/tmp/homebrew-automake-HEAD-mfsB/tests/instspc.dir/dest-semicol/;-prefix/foo"
 /usr/bin/install -c -m 644 ../sub/base.dat '/private/tmp/homebrew-automake-HEAD-mfsB/tests/instspc.dir/dest-semicol/;-prefix/foo'
test -z "/;-prefix/foo" || ../install-sh -c -d "/private/tmp/homebrew-automake-HEAD-mfsB/tests/instspc.dir/dest-semicol/;-prefix/foo"
 /usr/bin/install -c -m 644 ../sub/base.h '/private/tmp/homebrew-automake-HEAD-mfsB/tests/instspc.dir/dest-semicol/;-prefix/foo'
test -z "/;-prefix/foo" || ../install-sh -c -d "/private/tmp/homebrew-automake-HEAD-mfsB/tests/instspc.dir/dest-semicol/;-prefix/foo"
../install-sh -c -d '/private/tmp/homebrew-automake-HEAD-mfsB/tests/instspc.dir/dest-semicol/;-prefix/foo/sub'
 /usr/bin/install -c -m 644  ../sub/nobase.dat '/private/tmp/homebrew-automake-HEAD-mfsB/tests/instspc.dir/dest-semicol/;-prefix/foo/sub'
test -z "/;-prefix/foo" || ../install-sh -c -d "/private/tmp/homebrew-automake-HEAD-mfsB/tests/instspc.dir/dest-semicol/;-prefix/foo"
../install-sh -c -d '/private/tmp/homebrew-automake-HEAD-mfsB/tests/instspc.dir/dest-semicol/;-prefix/foo/sub'
 /usr/bin/install -c -m 644  ../sub/nobase.h '/private/tmp/homebrew-automake-HEAD-mfsB/tests/instspc.dir/dest-semicol/;-prefix/foo/sub'
test   -f '/private/tmp/homebrew-automake-HEAD-mfsB/tests/instspc.dir/dest-semicol/./;-prefix/foo/sub/nobase.h'
test ! -f '/private/tmp/homebrew-automake-HEAD-mfsB/tests/instspc.dir/dest-semicol/./;-prefix/foo/nobase.h'
test   -f '/private/tmp/homebrew-automake-HEAD-mfsB/tests/instspc.dir/dest-semicol/./;-prefix/foo/base.h'
test   -f '/private/tmp/homebrew-automake-HEAD-mfsB/tests/instspc.dir/dest-semicol/./;-prefix/foo/sub/nobase.dat'
test ! -f '/private/tmp/homebrew-automake-HEAD-mfsB/tests/instspc.dir/dest-semicol/./;-prefix/foo/nobase.dat'
test   -f '/private/tmp/homebrew-automake-HEAD-mfsB/tests/instspc.dir/dest-semicol/./;-prefix/foo/base.dat'
test   -f '/private/tmp/homebrew-automake-HEAD-mfsB/tests/instspc.dir/dest-semicol/./;-prefix/foo/sub/nobase.sh'
test ! -f '/private/tmp/homebrew-automake-HEAD-mfsB/tests/instspc.dir/dest-semicol/./;-prefix/foo/nobase.sh'
test   -f '/private/tmp/homebrew-automake-HEAD-mfsB/tests/instspc.dir/dest-semicol/./;-prefix/foo/base.sh'
test   -f '/private/tmp/homebrew-automake-HEAD-mfsB/tests/instspc.dir/dest-semicol/./;-prefix/foo/sub/nobase'
test ! -f '/private/tmp/homebrew-automake-HEAD-mfsB/tests/instspc.dir/dest-semicol/./;-prefix/foo/nobase'
test   -f '/private/tmp/homebrew-automake-HEAD-mfsB/tests/instspc.dir/dest-semicol/./;-prefix/foo/base'
test   -f '/private/tmp/homebrew-automake-HEAD-mfsB/tests/instspc.dir/dest-semicol/./;-prefix/foo/sub/libnobase.a'
test ! -f '/private/tmp/homebrew-automake-HEAD-mfsB/tests/instspc.dir/dest-semicol/./;-prefix/foo/libnobase.a'
test   -f '/private/tmp/homebrew-automake-HEAD-mfsB/tests/instspc.dir/dest-semicol/./;-prefix/foo/libbase.a'
+ description='semicol in builddir'
+ expected_to_fail build semicol
+ case $1 in
+ is_in_list semicol squote dquote bquote sharp dollar bslash ampersand linefeed quadrigraph0 a_lf_b
+ item=semicol
+ shift
+ case " $* " in
+ return 1
+ directive=
+ reason=
+ result_ ok -D '' -r '' -- 'semicol in builddir'
+ set +x
ok 41 - semicol in builddir
PASS: instspc.tap 41 - semicol in builddir
+ cd /private/tmp/homebrew-automake-HEAD-mfsB/tests/instspc.dir
+ not am_keeping_testdirs
+ am_keeping_testdirs
+ case $keep_testdirs in
+ return 1
+ return 0
+ test ok = ok
+ rm_rf_ './;' /private/tmp/homebrew-automake-HEAD-mfsB/tests/instspc.dir/dest-semicol
+ test 2 -gt 0
+ find './;' /private/tmp/homebrew-automake-HEAD-mfsB/tests/instspc.dir/dest-semicol -type d '!' -perm -700 -exec chmod u+rwx '{}' ';'
+ rm -rf './;' /private/tmp/homebrew-automake-HEAD-mfsB/tests/instspc.dir/dest-semicol
+ for where in build dest
+ case $where in
+ build=build-semicol
+ dest='/private/tmp/homebrew-automake-HEAD-mfsB/tests/instspc.dir/;'
+ mkdir build-semicol
+ cd build-semicol
+ r=ok
+ ../configure --prefix '/;-prefix'
checking for a BSD-compatible install... /usr/bin/install -c
checking whether build environment is sane... yes
checking for a thread-safe mkdir -p... ../install-sh -c -d
checking for gawk... gawk
checking whether make sets $(MAKE)... yes
checking for gcc... /usr/bin/llvm-gcc
checking whether the C compiler works... yes
checking for C compiler default output file name... a.out
checking for suffix of executables... 
checking whether we are cross compiling... no
checking for suffix of object files... o
checking whether we are using the GNU C compiler... yes
checking whether /usr/bin/llvm-gcc accepts -g... yes
checking for /usr/bin/llvm-gcc option to accept ISO C89... none needed
checking for style of include used by make... GNU
checking dependency style of /usr/bin/llvm-gcc... gcc3
checking for ar... ar
checking the archiver (ar) interface... ar
checking for ranlib... ranlib
checking that generated files are newer than configure... done
configure: creating ./config.status
config.status: creating Makefile
config.status: executing depfiles commands
+ make all
/usr/bin/llvm-gcc -DPACKAGE_NAME=\"instspc\" -DPACKAGE_TARNAME=\"instspc\" -DPACKAGE_VERSION=\"1.0\" -DPACKAGE_STRING=\"instspc\ 1.0\" -DPACKAGE_BUGREPORT=\"\" -DPACKAGE_URL=\"\" -DPACKAGE=\"instspc\" -DVERSION=\"1.0\" -I. -I..   -I/usr/local/Cellar/libffi/3.0.10/include -I/usr/local/Cellar/gettext/0.18.1.1/include  -Os -w -pipe   -march=core2 -msse4 -MT source.o -MD -MP -MF .deps/source.Tpo -c -o source.o ../source.c
mv -f .deps/source.Tpo .deps/source.Po
rm -f sub/libbase.a
ar cru sub/libbase.a source.o 
ranlib sub/libbase.a
rm -f sub/libnobase.a
ar cru sub/libnobase.a source.o 
ranlib sub/libnobase.a
/usr/bin/llvm-gcc  -Os -w -pipe   -march=core2 -msse4  -L/usr/local/Cellar/libffi/3.0.10/lib -L/usr/local/Cellar/gettext/0.18.1.1/lib -o sub/base source.o  
/usr/bin/llvm-gcc  -Os -w -pipe   -march=core2 -msse4  -L/usr/local/Cellar/libffi/3.0.10/lib -L/usr/local/Cellar/gettext/0.18.1.1/lib -o sub/nobase source.o  
+ DESTDIR='/private/tmp/homebrew-automake-HEAD-mfsB/tests/instspc.dir/;'
+ file='./;'
+ make -e test-inst
test -z "/;-prefix/foo" || ../install-sh -c -d "/private/tmp/homebrew-automake-HEAD-mfsB/tests/instspc.dir/;/;-prefix/foo"
 /usr/bin/install -c ../sub/base.sh '/private/tmp/homebrew-automake-HEAD-mfsB/tests/instspc.dir/;/;-prefix/foo'
test -z "/;-prefix/foo" || ../install-sh -c -d "/private/tmp/homebrew-automake-HEAD-mfsB/tests/instspc.dir/;/;-prefix/foo"
 /usr/bin/install -c -m 644  sub/libbase.a '/private/tmp/homebrew-automake-HEAD-mfsB/tests/instspc.dir/;/;-prefix/foo'
 ( cd '/private/tmp/homebrew-automake-HEAD-mfsB/tests/instspc.dir/;/;-prefix/foo' && ranlib libbase.a )
test -z "/;-prefix/foo" || ../install-sh -c -d "/private/tmp/homebrew-automake-HEAD-mfsB/tests/instspc.dir/;/;-prefix/foo"
  /usr/bin/install -c sub/base '/private/tmp/homebrew-automake-HEAD-mfsB/tests/instspc.dir/;/;-prefix/foo'
test -z "/;-prefix/foo" || ../install-sh -c -d "/private/tmp/homebrew-automake-HEAD-mfsB/tests/instspc.dir/;/;-prefix/foo"
 ../install-sh -c -d '/private/tmp/homebrew-automake-HEAD-mfsB/tests/instspc.dir/;/;-prefix/foo/sub/'
 /usr/bin/install -c ../sub/nobase.sh '/private/tmp/homebrew-automake-HEAD-mfsB/tests/instspc.dir/;/;-prefix/foo/sub/'
test -z "/;-prefix/foo" || ../install-sh -c -d "/private/tmp/homebrew-automake-HEAD-mfsB/tests/instspc.dir/;/;-prefix/foo"
../install-sh -c -d '/private/tmp/homebrew-automake-HEAD-mfsB/tests/instspc.dir/;/;-prefix/foo/sub'
 /usr/bin/install -c -m 644  sub/libnobase.a '/private/tmp/homebrew-automake-HEAD-mfsB/tests/instspc.dir/;/;-prefix/foo/sub'
 ( cd '/private/tmp/homebrew-automake-HEAD-mfsB/tests/instspc.dir/;/;-prefix/foo' && ranlib sub/libnobase.a )
test -z "/;-prefix/foo" || ../install-sh -c -d "/private/tmp/homebrew-automake-HEAD-mfsB/tests/instspc.dir/;/;-prefix/foo"
 ../install-sh -c -d '/private/tmp/homebrew-automake-HEAD-mfsB/tests/instspc.dir/;/;-prefix/foo/sub/'
  /usr/bin/install -c sub/nobase '/private/tmp/homebrew-automake-HEAD-mfsB/tests/instspc.dir/;/;-prefix/foo/sub/'
test -z "/;-prefix/foo" || ../install-sh -c -d "/private/tmp/homebrew-automake-HEAD-mfsB/tests/instspc.dir/;/;-prefix/foo"
 /usr/bin/install -c -m 644 ../sub/base.dat '/private/tmp/homebrew-automake-HEAD-mfsB/tests/instspc.dir/;/;-prefix/foo'
test -z "/;-prefix/foo" || ../install-sh -c -d "/private/tmp/homebrew-automake-HEAD-mfsB/tests/instspc.dir/;/;-prefix/foo"
 /usr/bin/install -c -m 644 ../sub/base.h '/private/tmp/homebrew-automake-HEAD-mfsB/tests/instspc.dir/;/;-prefix/foo'
test -z "/;-prefix/foo" || ../install-sh -c -d "/private/tmp/homebrew-automake-HEAD-mfsB/tests/instspc.dir/;/;-prefix/foo"
../install-sh -c -d '/private/tmp/homebrew-automake-HEAD-mfsB/tests/instspc.dir/;/;-prefix/foo/sub'
 /usr/bin/install -c -m 644  ../sub/nobase.dat '/private/tmp/homebrew-automake-HEAD-mfsB/tests/instspc.dir/;/;-prefix/foo/sub'
test -z "/;-prefix/foo" || ../install-sh -c -d "/private/tmp/homebrew-automake-HEAD-mfsB/tests/instspc.dir/;/;-prefix/foo"
../install-sh -c -d '/private/tmp/homebrew-automake-HEAD-mfsB/tests/instspc.dir/;/;-prefix/foo/sub'
 /usr/bin/install -c -m 644  ../sub/nobase.h '/private/tmp/homebrew-automake-HEAD-mfsB/tests/instspc.dir/;/;-prefix/foo/sub'
test   -f '/private/tmp/homebrew-automake-HEAD-mfsB/tests/instspc.dir/;/./;-prefix/foo/sub/nobase.h'
test ! -f '/private/tmp/homebrew-automake-HEAD-mfsB/tests/instspc.dir/;/./;-prefix/foo/nobase.h'
test   -f '/private/tmp/homebrew-automake-HEAD-mfsB/tests/instspc.dir/;/./;-prefix/foo/base.h'
test   -f '/private/tmp/homebrew-automake-HEAD-mfsB/tests/instspc.dir/;/./;-prefix/foo/sub/nobase.dat'
test ! -f '/private/tmp/homebrew-automake-HEAD-mfsB/tests/instspc.dir/;/./;-prefix/foo/nobase.dat'
test   -f '/private/tmp/homebrew-automake-HEAD-mfsB/tests/instspc.dir/;/./;-prefix/foo/base.dat'
test   -f '/private/tmp/homebrew-automake-HEAD-mfsB/tests/instspc.dir/;/./;-prefix/foo/sub/nobase.sh'
test ! -f '/private/tmp/homebrew-automake-HEAD-mfsB/tests/instspc.dir/;/./;-prefix/foo/nobase.sh'
test   -f '/private/tmp/homebrew-automake-HEAD-mfsB/tests/instspc.dir/;/./;-prefix/foo/base.sh'
test   -f '/private/tmp/homebrew-automake-HEAD-mfsB/tests/instspc.dir/;/./;-prefix/foo/sub/nobase'
test ! -f '/private/tmp/homebrew-automake-HEAD-mfsB/tests/instspc.dir/;/./;-prefix/foo/nobase'
test   -f '/private/tmp/homebrew-automake-HEAD-mfsB/tests/instspc.dir/;/./;-prefix/foo/base'
test   -f '/private/tmp/homebrew-automake-HEAD-mfsB/tests/instspc.dir/;/./;-prefix/foo/sub/libnobase.a'
test ! -f '/private/tmp/homebrew-automake-HEAD-mfsB/tests/instspc.dir/;/./;-prefix/foo/libnobase.a'
test   -f '/private/tmp/homebrew-automake-HEAD-mfsB/tests/instspc.dir/;/./;-prefix/foo/libbase.a'
+ description='semicol in destdir'
+ expected_to_fail dest semicol
+ case $1 in
+ is_in_list semicol squote dquote bquote sharp dollar linefeed a_lf_b
+ item=semicol
+ shift
+ case " $* " in
+ return 1
+ directive=
+ reason=
+ result_ ok -D '' -r '' -- 'semicol in destdir'
+ set +x
ok 42 - semicol in destdir
PASS: instspc.tap 42 - semicol in destdir
+ cd /private/tmp/homebrew-automake-HEAD-mfsB/tests/instspc.dir
+ not am_keeping_testdirs
+ am_keeping_testdirs
+ case $keep_testdirs in
+ return 1
+ return 0
+ test ok = ok
+ rm_rf_ build-semicol '/private/tmp/homebrew-automake-HEAD-mfsB/tests/instspc.dir/;'
+ test 2 -gt 0
+ find build-semicol '/private/tmp/homebrew-automake-HEAD-mfsB/tests/instspc.dir/;' -type d '!' -perm -700 -exec chmod u+rwx '{}' ';'
+ rm -rf build-semicol '/private/tmp/homebrew-automake-HEAD-mfsB/tests/instspc.dir/;'
+ for test_name in '$test_names_list'
+ eval 'test_string=${instspc__equal}'
++ test_string==
+ test x= = x
+ mkdir ./=
+ case $test_string in
+ for where in build dest
+ case $where in
+ build=./=
+ dest=/private/tmp/homebrew-automake-HEAD-mfsB/tests/instspc.dir/dest-equal
+ cd ./=
+ r=ok
+ ../configure --prefix /=-prefix
checking for a BSD-compatible install... /usr/bin/install -c
checking whether build environment is sane... yes
checking for a thread-safe mkdir -p... ../install-sh -c -d
checking for gawk... gawk
checking whether make sets $(MAKE)... yes
checking for gcc... /usr/bin/llvm-gcc
checking whether the C compiler works... yes
checking for C compiler default output file name... a.out
checking for suffix of executables... 
checking whether we are cross compiling... no
checking for suffix of object files... o
checking whether we are using the GNU C compiler... yes
checking whether /usr/bin/llvm-gcc accepts -g... yes
checking for /usr/bin/llvm-gcc option to accept ISO C89... none needed
checking for style of include used by make... GNU
checking dependency style of /usr/bin/llvm-gcc... gcc3
checking for ar... ar
checking the archiver (ar) interface... ar
checking for ranlib... ranlib
checking that generated files are newer than configure... done
configure: creating ./config.status
config.status: creating Makefile
config.status: executing depfiles commands
+ make all
/usr/bin/llvm-gcc -DPACKAGE_NAME=\"instspc\" -DPACKAGE_TARNAME=\"instspc\" -DPACKAGE_VERSION=\"1.0\" -DPACKAGE_STRING=\"instspc\ 1.0\" -DPACKAGE_BUGREPORT=\"\" -DPACKAGE_URL=\"\" -DPACKAGE=\"instspc\" -DVERSION=\"1.0\" -I. -I..   -I/usr/local/Cellar/libffi/3.0.10/include -I/usr/local/Cellar/gettext/0.18.1.1/include  -Os -w -pipe   -march=core2 -msse4 -MT source.o -MD -MP -MF .deps/source.Tpo -c -o source.o ../source.c
mv -f .deps/source.Tpo .deps/source.Po
rm -f sub/libbase.a
ar cru sub/libbase.a source.o 
ranlib sub/libbase.a
rm -f sub/libnobase.a
ar cru sub/libnobase.a source.o 
ranlib sub/libnobase.a
/usr/bin/llvm-gcc  -Os -w -pipe   -march=core2 -msse4  -L/usr/local/Cellar/libffi/3.0.10/lib -L/usr/local/Cellar/gettext/0.18.1.1/lib -o sub/base source.o  
/usr/bin/llvm-gcc  -Os -w -pipe   -march=core2 -msse4  -L/usr/local/Cellar/libffi/3.0.10/lib -L/usr/local/Cellar/gettext/0.18.1.1/lib -o sub/nobase source.o  
+ DESTDIR=/private/tmp/homebrew-automake-HEAD-mfsB/tests/instspc.dir/dest-equal
+ file=./=
+ make -e test-inst
test -z "/=-prefix/foo" || ../install-sh -c -d "/private/tmp/homebrew-automake-HEAD-mfsB/tests/instspc.dir/dest-equal/=-prefix/foo"
 /usr/bin/install -c ../sub/base.sh '/private/tmp/homebrew-automake-HEAD-mfsB/tests/instspc.dir/dest-equal/=-prefix/foo'
test -z "/=-prefix/foo" || ../install-sh -c -d "/private/tmp/homebrew-automake-HEAD-mfsB/tests/instspc.dir/dest-equal/=-prefix/foo"
 /usr/bin/install -c -m 644  sub/libbase.a '/private/tmp/homebrew-automake-HEAD-mfsB/tests/instspc.dir/dest-equal/=-prefix/foo'
 ( cd '/private/tmp/homebrew-automake-HEAD-mfsB/tests/instspc.dir/dest-equal/=-prefix/foo' && ranlib libbase.a )
test -z "/=-prefix/foo" || ../install-sh -c -d "/private/tmp/homebrew-automake-HEAD-mfsB/tests/instspc.dir/dest-equal/=-prefix/foo"
  /usr/bin/install -c sub/base '/private/tmp/homebrew-automake-HEAD-mfsB/tests/instspc.dir/dest-equal/=-prefix/foo'
test -z "/=-prefix/foo" || ../install-sh -c -d "/private/tmp/homebrew-automake-HEAD-mfsB/tests/instspc.dir/dest-equal/=-prefix/foo"
 ../install-sh -c -d '/private/tmp/homebrew-automake-HEAD-mfsB/tests/instspc.dir/dest-equal/=-prefix/foo/sub/'
 /usr/bin/install -c ../sub/nobase.sh '/private/tmp/homebrew-automake-HEAD-mfsB/tests/instspc.dir/dest-equal/=-prefix/foo/sub/'
test -z "/=-prefix/foo" || ../install-sh -c -d "/private/tmp/homebrew-automake-HEAD-mfsB/tests/instspc.dir/dest-equal/=-prefix/foo"
../install-sh -c -d '/private/tmp/homebrew-automake-HEAD-mfsB/tests/instspc.dir/dest-equal/=-prefix/foo/sub'
 /usr/bin/install -c -m 644  sub/libnobase.a '/private/tmp/homebrew-automake-HEAD-mfsB/tests/instspc.dir/dest-equal/=-prefix/foo/sub'
 ( cd '/private/tmp/homebrew-automake-HEAD-mfsB/tests/instspc.dir/dest-equal/=-prefix/foo' && ranlib sub/libnobase.a )
test -z "/=-prefix/foo" || ../install-sh -c -d "/private/tmp/homebrew-automake-HEAD-mfsB/tests/instspc.dir/dest-equal/=-prefix/foo"
 ../install-sh -c -d '/private/tmp/homebrew-automake-HEAD-mfsB/tests/instspc.dir/dest-equal/=-prefix/foo/sub/'
  /usr/bin/install -c sub/nobase '/private/tmp/homebrew-automake-HEAD-mfsB/tests/instspc.dir/dest-equal/=-prefix/foo/sub/'
test -z "/=-prefix/foo" || ../install-sh -c -d "/private/tmp/homebrew-automake-HEAD-mfsB/tests/instspc.dir/dest-equal/=-prefix/foo"
 /usr/bin/install -c -m 644 ../sub/base.dat '/private/tmp/homebrew-automake-HEAD-mfsB/tests/instspc.dir/dest-equal/=-prefix/foo'
test -z "/=-prefix/foo" || ../install-sh -c -d "/private/tmp/homebrew-automake-HEAD-mfsB/tests/instspc.dir/dest-equal/=-prefix/foo"
 /usr/bin/install -c -m 644 ../sub/base.h '/private/tmp/homebrew-automake-HEAD-mfsB/tests/instspc.dir/dest-equal/=-prefix/foo'
test -z "/=-prefix/foo" || ../install-sh -c -d "/private/tmp/homebrew-automake-HEAD-mfsB/tests/instspc.dir/dest-equal/=-prefix/foo"
../install-sh -c -d '/private/tmp/homebrew-automake-HEAD-mfsB/tests/instspc.dir/dest-equal/=-prefix/foo/sub'
 /usr/bin/install -c -m 644  ../sub/nobase.dat '/private/tmp/homebrew-automake-HEAD-mfsB/tests/instspc.dir/dest-equal/=-prefix/foo/sub'
test -z "/=-prefix/foo" || ../install-sh -c -d "/private/tmp/homebrew-automake-HEAD-mfsB/tests/instspc.dir/dest-equal/=-prefix/foo"
../install-sh -c -d '/private/tmp/homebrew-automake-HEAD-mfsB/tests/instspc.dir/dest-equal/=-prefix/foo/sub'
 /usr/bin/install -c -m 644  ../sub/nobase.h '/private/tmp/homebrew-automake-HEAD-mfsB/tests/instspc.dir/dest-equal/=-prefix/foo/sub'
test   -f '/private/tmp/homebrew-automake-HEAD-mfsB/tests/instspc.dir/dest-equal/./=-prefix/foo/sub/nobase.h'
test ! -f '/private/tmp/homebrew-automake-HEAD-mfsB/tests/instspc.dir/dest-equal/./=-prefix/foo/nobase.h'
test   -f '/private/tmp/homebrew-automake-HEAD-mfsB/tests/instspc.dir/dest-equal/./=-prefix/foo/base.h'
test   -f '/private/tmp/homebrew-automake-HEAD-mfsB/tests/instspc.dir/dest-equal/./=-prefix/foo/sub/nobase.dat'
test ! -f '/private/tmp/homebrew-automake-HEAD-mfsB/tests/instspc.dir/dest-equal/./=-prefix/foo/nobase.dat'
test   -f '/private/tmp/homebrew-automake-HEAD-mfsB/tests/instspc.dir/dest-equal/./=-prefix/foo/base.dat'
test   -f '/private/tmp/homebrew-automake-HEAD-mfsB/tests/instspc.dir/dest-equal/./=-prefix/foo/sub/nobase.sh'
test ! -f '/private/tmp/homebrew-automake-HEAD-mfsB/tests/instspc.dir/dest-equal/./=-prefix/foo/nobase.sh'
test   -f '/private/tmp/homebrew-automake-HEAD-mfsB/tests/instspc.dir/dest-equal/./=-prefix/foo/base.sh'
test   -f '/private/tmp/homebrew-automake-HEAD-mfsB/tests/instspc.dir/dest-equal/./=-prefix/foo/sub/nobase'
test ! -f '/private/tmp/homebrew-automake-HEAD-mfsB/tests/instspc.dir/dest-equal/./=-prefix/foo/nobase'
test   -f '/private/tmp/homebrew-automake-HEAD-mfsB/tests/instspc.dir/dest-equal/./=-prefix/foo/base'
test   -f '/private/tmp/homebrew-automake-HEAD-mfsB/tests/instspc.dir/dest-equal/./=-prefix/foo/sub/libnobase.a'
test ! -f '/private/tmp/homebrew-automake-HEAD-mfsB/tests/instspc.dir/dest-equal/./=-prefix/foo/libnobase.a'
test   -f '/private/tmp/homebrew-automake-HEAD-mfsB/tests/instspc.dir/dest-equal/./=-prefix/foo/libbase.a'
+ description='equal in builddir'
+ expected_to_fail build equal
+ case $1 in
+ is_in_list equal squote dquote bquote sharp dollar bslash ampersand linefeed quadrigraph0 a_lf_b
+ item=equal
+ shift
+ case " $* " in
+ return 1
+ directive=
+ reason=
+ result_ ok -D '' -r '' -- 'equal in builddir'
+ set +x
ok 43 - equal in builddir
PASS: instspc.tap 43 - equal in builddir
+ cd /private/tmp/homebrew-automake-HEAD-mfsB/tests/instspc.dir
+ not am_keeping_testdirs
+ am_keeping_testdirs
+ case $keep_testdirs in
+ return 1
+ return 0
+ test ok = ok
+ rm_rf_ ./= /private/tmp/homebrew-automake-HEAD-mfsB/tests/instspc.dir/dest-equal
+ test 2 -gt 0
+ find ./= /private/tmp/homebrew-automake-HEAD-mfsB/tests/instspc.dir/dest-equal -type d '!' -perm -700 -exec chmod u+rwx '{}' ';'
+ rm -rf ./= /private/tmp/homebrew-automake-HEAD-mfsB/tests/instspc.dir/dest-equal
+ for where in build dest
+ case $where in
+ build=build-equal
+ dest=/private/tmp/homebrew-automake-HEAD-mfsB/tests/instspc.dir/=
+ mkdir build-equal
+ cd build-equal
+ r=ok
+ ../configure --prefix /=-prefix
checking for a BSD-compatible install... /usr/bin/install -c
checking whether build environment is sane... yes
checking for a thread-safe mkdir -p... ../install-sh -c -d
checking for gawk... gawk
checking whether make sets $(MAKE)... yes
checking for gcc... /usr/bin/llvm-gcc
checking whether the C compiler works... yes
checking for C compiler default output file name... a.out
checking for suffix of executables... 
checking whether we are cross compiling... no
checking for suffix of object files... o
checking whether we are using the GNU C compiler... yes
checking whether /usr/bin/llvm-gcc accepts -g... yes
checking for /usr/bin/llvm-gcc option to accept ISO C89... none needed
checking for style of include used by make... GNU
checking dependency style of /usr/bin/llvm-gcc... gcc3
checking for ar... ar
checking the archiver (ar) interface... ar
checking for ranlib... ranlib
checking that generated files are newer than configure... done
configure: creating ./config.status
config.status: creating Makefile
config.status: executing depfiles commands
+ make all
/usr/bin/llvm-gcc -DPACKAGE_NAME=\"instspc\" -DPACKAGE_TARNAME=\"instspc\" -DPACKAGE_VERSION=\"1.0\" -DPACKAGE_STRING=\"instspc\ 1.0\" -DPACKAGE_BUGREPORT=\"\" -DPACKAGE_URL=\"\" -DPACKAGE=\"instspc\" -DVERSION=\"1.0\" -I. -I..   -I/usr/local/Cellar/libffi/3.0.10/include -I/usr/local/Cellar/gettext/0.18.1.1/include  -Os -w -pipe   -march=core2 -msse4 -MT source.o -MD -MP -MF .deps/source.Tpo -c -o source.o ../source.c
mv -f .deps/source.Tpo .deps/source.Po
rm -f sub/libbase.a
ar cru sub/libbase.a source.o 
ranlib sub/libbase.a
rm -f sub/libnobase.a
ar cru sub/libnobase.a source.o 
ranlib sub/libnobase.a
/usr/bin/llvm-gcc  -Os -w -pipe   -march=core2 -msse4  -L/usr/local/Cellar/libffi/3.0.10/lib -L/usr/local/Cellar/gettext/0.18.1.1/lib -o sub/base source.o  
/usr/bin/llvm-gcc  -Os -w -pipe   -march=core2 -msse4  -L/usr/local/Cellar/libffi/3.0.10/lib -L/usr/local/Cellar/gettext/0.18.1.1/lib -o sub/nobase source.o  
+ DESTDIR=/private/tmp/homebrew-automake-HEAD-mfsB/tests/instspc.dir/=
+ file=./=
+ make -e test-inst
test -z "/=-prefix/foo" || ../install-sh -c -d "/private/tmp/homebrew-automake-HEAD-mfsB/tests/instspc.dir/=/=-prefix/foo"
 /usr/bin/install -c ../sub/base.sh '/private/tmp/homebrew-automake-HEAD-mfsB/tests/instspc.dir/=/=-prefix/foo'
test -z "/=-prefix/foo" || ../install-sh -c -d "/private/tmp/homebrew-automake-HEAD-mfsB/tests/instspc.dir/=/=-prefix/foo"
 /usr/bin/install -c -m 644  sub/libbase.a '/private/tmp/homebrew-automake-HEAD-mfsB/tests/instspc.dir/=/=-prefix/foo'
 ( cd '/private/tmp/homebrew-automake-HEAD-mfsB/tests/instspc.dir/=/=-prefix/foo' && ranlib libbase.a )
test -z "/=-prefix/foo" || ../install-sh -c -d "/private/tmp/homebrew-automake-HEAD-mfsB/tests/instspc.dir/=/=-prefix/foo"
  /usr/bin/install -c sub/base '/private/tmp/homebrew-automake-HEAD-mfsB/tests/instspc.dir/=/=-prefix/foo'
test -z "/=-prefix/foo" || ../install-sh -c -d "/private/tmp/homebrew-automake-HEAD-mfsB/tests/instspc.dir/=/=-prefix/foo"
 ../install-sh -c -d '/private/tmp/homebrew-automake-HEAD-mfsB/tests/instspc.dir/=/=-prefix/foo/sub/'
 /usr/bin/install -c ../sub/nobase.sh '/private/tmp/homebrew-automake-HEAD-mfsB/tests/instspc.dir/=/=-prefix/foo/sub/'
test -z "/=-prefix/foo" || ../install-sh -c -d "/private/tmp/homebrew-automake-HEAD-mfsB/tests/instspc.dir/=/=-prefix/foo"
../install-sh -c -d '/private/tmp/homebrew-automake-HEAD-mfsB/tests/instspc.dir/=/=-prefix/foo/sub'
 /usr/bin/install -c -m 644  sub/libnobase.a '/private/tmp/homebrew-automake-HEAD-mfsB/tests/instspc.dir/=/=-prefix/foo/sub'
 ( cd '/private/tmp/homebrew-automake-HEAD-mfsB/tests/instspc.dir/=/=-prefix/foo' && ranlib sub/libnobase.a )
test -z "/=-prefix/foo" || ../install-sh -c -d "/private/tmp/homebrew-automake-HEAD-mfsB/tests/instspc.dir/=/=-prefix/foo"
 ../install-sh -c -d '/private/tmp/homebrew-automake-HEAD-mfsB/tests/instspc.dir/=/=-prefix/foo/sub/'
  /usr/bin/install -c sub/nobase '/private/tmp/homebrew-automake-HEAD-mfsB/tests/instspc.dir/=/=-prefix/foo/sub/'
test -z "/=-prefix/foo" || ../install-sh -c -d "/private/tmp/homebrew-automake-HEAD-mfsB/tests/instspc.dir/=/=-prefix/foo"
 /usr/bin/install -c -m 644 ../sub/base.dat '/private/tmp/homebrew-automake-HEAD-mfsB/tests/instspc.dir/=/=-prefix/foo'
test -z "/=-prefix/foo" || ../install-sh -c -d "/private/tmp/homebrew-automake-HEAD-mfsB/tests/instspc.dir/=/=-prefix/foo"
 /usr/bin/install -c -m 644 ../sub/base.h '/private/tmp/homebrew-automake-HEAD-mfsB/tests/instspc.dir/=/=-prefix/foo'
test -z "/=-prefix/foo" || ../install-sh -c -d "/private/tmp/homebrew-automake-HEAD-mfsB/tests/instspc.dir/=/=-prefix/foo"
../install-sh -c -d '/private/tmp/homebrew-automake-HEAD-mfsB/tests/instspc.dir/=/=-prefix/foo/sub'
 /usr/bin/install -c -m 644  ../sub/nobase.dat '/private/tmp/homebrew-automake-HEAD-mfsB/tests/instspc.dir/=/=-prefix/foo/sub'
test -z "/=-prefix/foo" || ../install-sh -c -d "/private/tmp/homebrew-automake-HEAD-mfsB/tests/instspc.dir/=/=-prefix/foo"
../install-sh -c -d '/private/tmp/homebrew-automake-HEAD-mfsB/tests/instspc.dir/=/=-prefix/foo/sub'
 /usr/bin/install -c -m 644  ../sub/nobase.h '/private/tmp/homebrew-automake-HEAD-mfsB/tests/instspc.dir/=/=-prefix/foo/sub'
test   -f '/private/tmp/homebrew-automake-HEAD-mfsB/tests/instspc.dir/=/./=-prefix/foo/sub/nobase.h'
test ! -f '/private/tmp/homebrew-automake-HEAD-mfsB/tests/instspc.dir/=/./=-prefix/foo/nobase.h'
test   -f '/private/tmp/homebrew-automake-HEAD-mfsB/tests/instspc.dir/=/./=-prefix/foo/base.h'
test   -f '/private/tmp/homebrew-automake-HEAD-mfsB/tests/instspc.dir/=/./=-prefix/foo/sub/nobase.dat'
test ! -f '/private/tmp/homebrew-automake-HEAD-mfsB/tests/instspc.dir/=/./=-prefix/foo/nobase.dat'
test   -f '/private/tmp/homebrew-automake-HEAD-mfsB/tests/instspc.dir/=/./=-prefix/foo/base.dat'
test   -f '/private/tmp/homebrew-automake-HEAD-mfsB/tests/instspc.dir/=/./=-prefix/foo/sub/nobase.sh'
test ! -f '/private/tmp/homebrew-automake-HEAD-mfsB/tests/instspc.dir/=/./=-prefix/foo/nobase.sh'
test   -f '/private/tmp/homebrew-automake-HEAD-mfsB/tests/instspc.dir/=/./=-prefix/foo/base.sh'
test   -f '/private/tmp/homebrew-automake-HEAD-mfsB/tests/instspc.dir/=/./=-prefix/foo/sub/nobase'
test ! -f '/private/tmp/homebrew-automake-HEAD-mfsB/tests/instspc.dir/=/./=-prefix/foo/nobase'
test   -f '/private/tmp/homebrew-automake-HEAD-mfsB/tests/instspc.dir/=/./=-prefix/foo/base'
test   -f '/private/tmp/homebrew-automake-HEAD-mfsB/tests/instspc.dir/=/./=-prefix/foo/sub/libnobase.a'
test ! -f '/private/tmp/homebrew-automake-HEAD-mfsB/tests/instspc.dir/=/./=-prefix/foo/libnobase.a'
test   -f '/private/tmp/homebrew-automake-HEAD-mfsB/tests/instspc.dir/=/./=-prefix/foo/libbase.a'
+ description='equal in destdir'
+ expected_to_fail dest equal
+ case $1 in
+ is_in_list equal squote dquote bquote sharp dollar linefeed a_lf_b
+ item=equal
+ shift
+ case " $* " in
+ return 1
+ directive=
+ reason=
+ result_ ok -D '' -r '' -- 'equal in destdir'
+ set +x
ok 44 - equal in destdir
PASS: instspc.tap 44 - equal in destdir
+ cd /private/tmp/homebrew-automake-HEAD-mfsB/tests/instspc.dir
+ not am_keeping_testdirs
+ am_keeping_testdirs
+ case $keep_testdirs in
+ return 1
+ return 0
+ test ok = ok
+ rm_rf_ build-equal /private/tmp/homebrew-automake-HEAD-mfsB/tests/instspc.dir/=
+ test 2 -gt 0
+ find build-equal /private/tmp/homebrew-automake-HEAD-mfsB/tests/instspc.dir/= -type d '!' -perm -700 -exec chmod u+rwx '{}' ';'
+ rm -rf build-equal /private/tmp/homebrew-automake-HEAD-mfsB/tests/instspc.dir/=
+ for test_name in '$test_names_list'
+ eval 'test_string=${instspc__less}'
++ test_string='<'
+ test 'x<' = x
+ mkdir './<'
+ case $test_string in
+ for where in build dest
+ case $where in
+ build='./<'
+ dest=/private/tmp/homebrew-automake-HEAD-mfsB/tests/instspc.dir/dest-less
+ cd './<'
+ r=ok
+ ../configure --prefix '/<-prefix'
checking for a BSD-compatible install... /usr/bin/install -c
checking whether build environment is sane... yes
checking for a thread-safe mkdir -p... ../install-sh -c -d
checking for gawk... gawk
checking whether make sets $(MAKE)... yes
checking for gcc... /usr/bin/llvm-gcc
checking whether the C compiler works... yes
checking for C compiler default output file name... a.out
checking for suffix of executables... 
checking whether we are cross compiling... no
checking for suffix of object files... o
checking whether we are using the GNU C compiler... yes
checking whether /usr/bin/llvm-gcc accepts -g... yes
checking for /usr/bin/llvm-gcc option to accept ISO C89... none needed
checking for style of include used by make... GNU
checking dependency style of /usr/bin/llvm-gcc... gcc3
checking for ar... ar
checking the archiver (ar) interface... ar
checking for ranlib... ranlib
checking that generated files are newer than configure... done
configure: creating ./config.status
config.status: creating Makefile
config.status: executing depfiles commands
+ make all
/usr/bin/llvm-gcc -DPACKAGE_NAME=\"instspc\" -DPACKAGE_TARNAME=\"instspc\" -DPACKAGE_VERSION=\"1.0\" -DPACKAGE_STRING=\"instspc\ 1.0\" -DPACKAGE_BUGREPORT=\"\" -DPACKAGE_URL=\"\" -DPACKAGE=\"instspc\" -DVERSION=\"1.0\" -I. -I..   -I/usr/local/Cellar/libffi/3.0.10/include -I/usr/local/Cellar/gettext/0.18.1.1/include  -Os -w -pipe   -march=core2 -msse4 -MT source.o -MD -MP -MF .deps/source.Tpo -c -o source.o ../source.c
mv -f .deps/source.Tpo .deps/source.Po
rm -f sub/libbase.a
ar cru sub/libbase.a source.o 
ranlib sub/libbase.a
rm -f sub/libnobase.a
ar cru sub/libnobase.a source.o 
ranlib sub/libnobase.a
/usr/bin/llvm-gcc  -Os -w -pipe   -march=core2 -msse4  -L/usr/local/Cellar/libffi/3.0.10/lib -L/usr/local/Cellar/gettext/0.18.1.1/lib -o sub/base source.o  
/usr/bin/llvm-gcc  -Os -w -pipe   -march=core2 -msse4  -L/usr/local/Cellar/libffi/3.0.10/lib -L/usr/local/Cellar/gettext/0.18.1.1/lib -o sub/nobase source.o  
+ DESTDIR=/private/tmp/homebrew-automake-HEAD-mfsB/tests/instspc.dir/dest-less
+ file='./<'
+ make -e test-inst
test -z "/<-prefix/foo" || ../install-sh -c -d "/private/tmp/homebrew-automake-HEAD-mfsB/tests/instspc.dir/dest-less/<-prefix/foo"
 /usr/bin/install -c ../sub/base.sh '/private/tmp/homebrew-automake-HEAD-mfsB/tests/instspc.dir/dest-less/<-prefix/foo'
test -z "/<-prefix/foo" || ../install-sh -c -d "/private/tmp/homebrew-automake-HEAD-mfsB/tests/instspc.dir/dest-less/<-prefix/foo"
 /usr/bin/install -c -m 644  sub/libbase.a '/private/tmp/homebrew-automake-HEAD-mfsB/tests/instspc.dir/dest-less/<-prefix/foo'
 ( cd '/private/tmp/homebrew-automake-HEAD-mfsB/tests/instspc.dir/dest-less/<-prefix/foo' && ranlib libbase.a )
test -z "/<-prefix/foo" || ../install-sh -c -d "/private/tmp/homebrew-automake-HEAD-mfsB/tests/instspc.dir/dest-less/<-prefix/foo"
  /usr/bin/install -c sub/base '/private/tmp/homebrew-automake-HEAD-mfsB/tests/instspc.dir/dest-less/<-prefix/foo'
test -z "/<-prefix/foo" || ../install-sh -c -d "/private/tmp/homebrew-automake-HEAD-mfsB/tests/instspc.dir/dest-less/<-prefix/foo"
 ../install-sh -c -d '/private/tmp/homebrew-automake-HEAD-mfsB/tests/instspc.dir/dest-less/<-prefix/foo/sub/'
 /usr/bin/install -c ../sub/nobase.sh '/private/tmp/homebrew-automake-HEAD-mfsB/tests/instspc.dir/dest-less/<-prefix/foo/sub/'
test -z "/<-prefix/foo" || ../install-sh -c -d "/private/tmp/homebrew-automake-HEAD-mfsB/tests/instspc.dir/dest-less/<-prefix/foo"
../install-sh -c -d '/private/tmp/homebrew-automake-HEAD-mfsB/tests/instspc.dir/dest-less/<-prefix/foo/sub'
 /usr/bin/install -c -m 644  sub/libnobase.a '/private/tmp/homebrew-automake-HEAD-mfsB/tests/instspc.dir/dest-less/<-prefix/foo/sub'
 ( cd '/private/tmp/homebrew-automake-HEAD-mfsB/tests/instspc.dir/dest-less/<-prefix/foo' && ranlib sub/libnobase.a )
test -z "/<-prefix/foo" || ../install-sh -c -d "/private/tmp/homebrew-automake-HEAD-mfsB/tests/instspc.dir/dest-less/<-prefix/foo"
 ../install-sh -c -d '/private/tmp/homebrew-automake-HEAD-mfsB/tests/instspc.dir/dest-less/<-prefix/foo/sub/'
  /usr/bin/install -c sub/nobase '/private/tmp/homebrew-automake-HEAD-mfsB/tests/instspc.dir/dest-less/<-prefix/foo/sub/'
test -z "/<-prefix/foo" || ../install-sh -c -d "/private/tmp/homebrew-automake-HEAD-mfsB/tests/instspc.dir/dest-less/<-prefix/foo"
 /usr/bin/install -c -m 644 ../sub/base.dat '/private/tmp/homebrew-automake-HEAD-mfsB/tests/instspc.dir/dest-less/<-prefix/foo'
test -z "/<-prefix/foo" || ../install-sh -c -d "/private/tmp/homebrew-automake-HEAD-mfsB/tests/instspc.dir/dest-less/<-prefix/foo"
 /usr/bin/install -c -m 644 ../sub/base.h '/private/tmp/homebrew-automake-HEAD-mfsB/tests/instspc.dir/dest-less/<-prefix/foo'
test -z "/<-prefix/foo" || ../install-sh -c -d "/private/tmp/homebrew-automake-HEAD-mfsB/tests/instspc.dir/dest-less/<-prefix/foo"
../install-sh -c -d '/private/tmp/homebrew-automake-HEAD-mfsB/tests/instspc.dir/dest-less/<-prefix/foo/sub'
 /usr/bin/install -c -m 644  ../sub/nobase.dat '/private/tmp/homebrew-automake-HEAD-mfsB/tests/instspc.dir/dest-less/<-prefix/foo/sub'
test -z "/<-prefix/foo" || ../install-sh -c -d "/private/tmp/homebrew-automake-HEAD-mfsB/tests/instspc.dir/dest-less/<-prefix/foo"
../install-sh -c -d '/private/tmp/homebrew-automake-HEAD-mfsB/tests/instspc.dir/dest-less/<-prefix/foo/sub'
 /usr/bin/install -c -m 644  ../sub/nobase.h '/private/tmp/homebrew-automake-HEAD-mfsB/tests/instspc.dir/dest-less/<-prefix/foo/sub'
test   -f '/private/tmp/homebrew-automake-HEAD-mfsB/tests/instspc.dir/dest-less/./<-prefix/foo/sub/nobase.h'
test ! -f '/private/tmp/homebrew-automake-HEAD-mfsB/tests/instspc.dir/dest-less/./<-prefix/foo/nobase.h'
test   -f '/private/tmp/homebrew-automake-HEAD-mfsB/tests/instspc.dir/dest-less/./<-prefix/foo/base.h'
test   -f '/private/tmp/homebrew-automake-HEAD-mfsB/tests/instspc.dir/dest-less/./<-prefix/foo/sub/nobase.dat'
test ! -f '/private/tmp/homebrew-automake-HEAD-mfsB/tests/instspc.dir/dest-less/./<-prefix/foo/nobase.dat'
test   -f '/private/tmp/homebrew-automake-HEAD-mfsB/tests/instspc.dir/dest-less/./<-prefix/foo/base.dat'
test   -f '/private/tmp/homebrew-automake-HEAD-mfsB/tests/instspc.dir/dest-less/./<-prefix/foo/sub/nobase.sh'
test ! -f '/private/tmp/homebrew-automake-HEAD-mfsB/tests/instspc.dir/dest-less/./<-prefix/foo/nobase.sh'
test   -f '/private/tmp/homebrew-automake-HEAD-mfsB/tests/instspc.dir/dest-less/./<-prefix/foo/base.sh'
test   -f '/private/tmp/homebrew-automake-HEAD-mfsB/tests/instspc.dir/dest-less/./<-prefix/foo/sub/nobase'
test ! -f '/private/tmp/homebrew-automake-HEAD-mfsB/tests/instspc.dir/dest-less/./<-prefix/foo/nobase'
test   -f '/private/tmp/homebrew-automake-HEAD-mfsB/tests/instspc.dir/dest-less/./<-prefix/foo/base'
test   -f '/private/tmp/homebrew-automake-HEAD-mfsB/tests/instspc.dir/dest-less/./<-prefix/foo/sub/libnobase.a'
test ! -f '/private/tmp/homebrew-automake-HEAD-mfsB/tests/instspc.dir/dest-less/./<-prefix/foo/libnobase.a'
test   -f '/private/tmp/homebrew-automake-HEAD-mfsB/tests/instspc.dir/dest-less/./<-prefix/foo/libbase.a'
+ description='less in builddir'
+ expected_to_fail build less
+ case $1 in
+ is_in_list less squote dquote bquote sharp dollar bslash ampersand linefeed quadrigraph0 a_lf_b
+ item=less
+ shift
+ case " $* " in
+ return 1
+ directive=
+ reason=
+ result_ ok -D '' -r '' -- 'less in builddir'
+ set +x
ok 45 - less in builddir
PASS: instspc.tap 45 - less in builddir
+ cd /private/tmp/homebrew-automake-HEAD-mfsB/tests/instspc.dir
+ not am_keeping_testdirs
+ am_keeping_testdirs
+ case $keep_testdirs in
+ return 1
+ return 0
+ test ok = ok
+ rm_rf_ './<' /private/tmp/homebrew-automake-HEAD-mfsB/tests/instspc.dir/dest-less
+ test 2 -gt 0
+ find './<' /private/tmp/homebrew-automake-HEAD-mfsB/tests/instspc.dir/dest-less -type d '!' -perm -700 -exec chmod u+rwx '{}' ';'
+ rm -rf './<' /private/tmp/homebrew-automake-HEAD-mfsB/tests/instspc.dir/dest-less
+ for where in build dest
+ case $where in
+ build=build-less
+ dest='/private/tmp/homebrew-automake-HEAD-mfsB/tests/instspc.dir/<'
+ mkdir build-less
+ cd build-less
+ r=ok
+ ../configure --prefix '/<-prefix'
checking for a BSD-compatible install... /usr/bin/install -c
checking whether build environment is sane... yes
checking for a thread-safe mkdir -p... ../install-sh -c -d
checking for gawk... gawk
checking whether make sets $(MAKE)... yes
checking for gcc... /usr/bin/llvm-gcc
checking whether the C compiler works... yes
checking for C compiler default output file name... a.out
checking for suffix of executables... 
checking whether we are cross compiling... no
checking for suffix of object files... o
checking whether we are using the GNU C compiler... yes
checking whether /usr/bin/llvm-gcc accepts -g... yes
checking for /usr/bin/llvm-gcc option to accept ISO C89... none needed
checking for style of include used by make... GNU
checking dependency style of /usr/bin/llvm-gcc... gcc3
checking for ar... ar
checking the archiver (ar) interface... ar
checking for ranlib... ranlib
checking that generated files are newer than configure... done
configure: creating ./config.status
config.status: creating Makefile
config.status: executing depfiles commands
+ make all
/usr/bin/llvm-gcc -DPACKAGE_NAME=\"instspc\" -DPACKAGE_TARNAME=\"instspc\" -DPACKAGE_VERSION=\"1.0\" -DPACKAGE_STRING=\"instspc\ 1.0\" -DPACKAGE_BUGREPORT=\"\" -DPACKAGE_URL=\"\" -DPACKAGE=\"instspc\" -DVERSION=\"1.0\" -I. -I..   -I/usr/local/Cellar/libffi/3.0.10/include -I/usr/local/Cellar/gettext/0.18.1.1/include  -Os -w -pipe   -march=core2 -msse4 -MT source.o -MD -MP -MF .deps/source.Tpo -c -o source.o ../source.c
mv -f .deps/source.Tpo .deps/source.Po
rm -f sub/libbase.a
ar cru sub/libbase.a source.o 
ranlib sub/libbase.a
rm -f sub/libnobase.a
ar cru sub/libnobase.a source.o 
ranlib sub/libnobase.a
/usr/bin/llvm-gcc  -Os -w -pipe   -march=core2 -msse4  -L/usr/local/Cellar/libffi/3.0.10/lib -L/usr/local/Cellar/gettext/0.18.1.1/lib -o sub/base source.o  
/usr/bin/llvm-gcc  -Os -w -pipe   -march=core2 -msse4  -L/usr/local/Cellar/libffi/3.0.10/lib -L/usr/local/Cellar/gettext/0.18.1.1/lib -o sub/nobase source.o  
+ DESTDIR='/private/tmp/homebrew-automake-HEAD-mfsB/tests/instspc.dir/<'
+ file='./<'
+ make -e test-inst
test -z "/<-prefix/foo" || ../install-sh -c -d "/private/tmp/homebrew-automake-HEAD-mfsB/tests/instspc.dir/</<-prefix/foo"
 /usr/bin/install -c ../sub/base.sh '/private/tmp/homebrew-automake-HEAD-mfsB/tests/instspc.dir/</<-prefix/foo'
test -z "/<-prefix/foo" || ../install-sh -c -d "/private/tmp/homebrew-automake-HEAD-mfsB/tests/instspc.dir/</<-prefix/foo"
 /usr/bin/install -c -m 644  sub/libbase.a '/private/tmp/homebrew-automake-HEAD-mfsB/tests/instspc.dir/</<-prefix/foo'
 ( cd '/private/tmp/homebrew-automake-HEAD-mfsB/tests/instspc.dir/</<-prefix/foo' && ranlib libbase.a )
test -z "/<-prefix/foo" || ../install-sh -c -d "/private/tmp/homebrew-automake-HEAD-mfsB/tests/instspc.dir/</<-prefix/foo"
  /usr/bin/install -c sub/base '/private/tmp/homebrew-automake-HEAD-mfsB/tests/instspc.dir/</<-prefix/foo'
test -z "/<-prefix/foo" || ../install-sh -c -d "/private/tmp/homebrew-automake-HEAD-mfsB/tests/instspc.dir/</<-prefix/foo"
 ../install-sh -c -d '/private/tmp/homebrew-automake-HEAD-mfsB/tests/instspc.dir/</<-prefix/foo/sub/'
 /usr/bin/install -c ../sub/nobase.sh '/private/tmp/homebrew-automake-HEAD-mfsB/tests/instspc.dir/</<-prefix/foo/sub/'
test -z "/<-prefix/foo" || ../install-sh -c -d "/private/tmp/homebrew-automake-HEAD-mfsB/tests/instspc.dir/</<-prefix/foo"
../install-sh -c -d '/private/tmp/homebrew-automake-HEAD-mfsB/tests/instspc.dir/</<-prefix/foo/sub'
 /usr/bin/install -c -m 644  sub/libnobase.a '/private/tmp/homebrew-automake-HEAD-mfsB/tests/instspc.dir/</<-prefix/foo/sub'
 ( cd '/private/tmp/homebrew-automake-HEAD-mfsB/tests/instspc.dir/</<-prefix/foo' && ranlib sub/libnobase.a )
test -z "/<-prefix/foo" || ../install-sh -c -d "/private/tmp/homebrew-automake-HEAD-mfsB/tests/instspc.dir/</<-prefix/foo"
 ../install-sh -c -d '/private/tmp/homebrew-automake-HEAD-mfsB/tests/instspc.dir/</<-prefix/foo/sub/'
  /usr/bin/install -c sub/nobase '/private/tmp/homebrew-automake-HEAD-mfsB/tests/instspc.dir/</<-prefix/foo/sub/'
test -z "/<-prefix/foo" || ../install-sh -c -d "/private/tmp/homebrew-automake-HEAD-mfsB/tests/instspc.dir/</<-prefix/foo"
 /usr/bin/install -c -m 644 ../sub/base.dat '/private/tmp/homebrew-automake-HEAD-mfsB/tests/instspc.dir/</<-prefix/foo'
test -z "/<-prefix/foo" || ../install-sh -c -d "/private/tmp/homebrew-automake-HEAD-mfsB/tests/instspc.dir/</<-prefix/foo"
 /usr/bin/install -c -m 644 ../sub/base.h '/private/tmp/homebrew-automake-HEAD-mfsB/tests/instspc.dir/</<-prefix/foo'
test -z "/<-prefix/foo" || ../install-sh -c -d "/private/tmp/homebrew-automake-HEAD-mfsB/tests/instspc.dir/</<-prefix/foo"
../install-sh -c -d '/private/tmp/homebrew-automake-HEAD-mfsB/tests/instspc.dir/</<-prefix/foo/sub'
 /usr/bin/install -c -m 644  ../sub/nobase.dat '/private/tmp/homebrew-automake-HEAD-mfsB/tests/instspc.dir/</<-prefix/foo/sub'
test -z "/<-prefix/foo" || ../install-sh -c -d "/private/tmp/homebrew-automake-HEAD-mfsB/tests/instspc.dir/</<-prefix/foo"
../install-sh -c -d '/private/tmp/homebrew-automake-HEAD-mfsB/tests/instspc.dir/</<-prefix/foo/sub'
 /usr/bin/install -c -m 644  ../sub/nobase.h '/private/tmp/homebrew-automake-HEAD-mfsB/tests/instspc.dir/</<-prefix/foo/sub'
test   -f '/private/tmp/homebrew-automake-HEAD-mfsB/tests/instspc.dir/</./<-prefix/foo/sub/nobase.h'
test ! -f '/private/tmp/homebrew-automake-HEAD-mfsB/tests/instspc.dir/</./<-prefix/foo/nobase.h'
test   -f '/private/tmp/homebrew-automake-HEAD-mfsB/tests/instspc.dir/</./<-prefix/foo/base.h'
test   -f '/private/tmp/homebrew-automake-HEAD-mfsB/tests/instspc.dir/</./<-prefix/foo/sub/nobase.dat'
test ! -f '/private/tmp/homebrew-automake-HEAD-mfsB/tests/instspc.dir/</./<-prefix/foo/nobase.dat'
test   -f '/private/tmp/homebrew-automake-HEAD-mfsB/tests/instspc.dir/</./<-prefix/foo/base.dat'
test   -f '/private/tmp/homebrew-automake-HEAD-mfsB/tests/instspc.dir/</./<-prefix/foo/sub/nobase.sh'
test ! -f '/private/tmp/homebrew-automake-HEAD-mfsB/tests/instspc.dir/</./<-prefix/foo/nobase.sh'
test   -f '/private/tmp/homebrew-automake-HEAD-mfsB/tests/instspc.dir/</./<-prefix/foo/base.sh'
test   -f '/private/tmp/homebrew-automake-HEAD-mfsB/tests/instspc.dir/</./<-prefix/foo/sub/nobase'
test ! -f '/private/tmp/homebrew-automake-HEAD-mfsB/tests/instspc.dir/</./<-prefix/foo/nobase'
test   -f '/private/tmp/homebrew-automake-HEAD-mfsB/tests/instspc.dir/</./<-prefix/foo/base'
test   -f '/private/tmp/homebrew-automake-HEAD-mfsB/tests/instspc.dir/</./<-prefix/foo/sub/libnobase.a'
test ! -f '/private/tmp/homebrew-automake-HEAD-mfsB/tests/instspc.dir/</./<-prefix/foo/libnobase.a'
test   -f '/private/tmp/homebrew-automake-HEAD-mfsB/tests/instspc.dir/</./<-prefix/foo/libbase.a'
+ description='less in destdir'
+ expected_to_fail dest less
+ case $1 in
+ is_in_list less squote dquote bquote sharp dollar linefeed a_lf_b
+ item=less
+ shift
+ case " $* " in
+ return 1
+ directive=
+ reason=
+ result_ ok -D '' -r '' -- 'less in destdir'
+ set +x
ok 46 - less in destdir
PASS: instspc.tap 46 - less in destdir
+ cd /private/tmp/homebrew-automake-HEAD-mfsB/tests/instspc.dir
+ not am_keeping_testdirs
+ am_keeping_testdirs
+ case $keep_testdirs in
+ return 1
+ return 0
+ test ok = ok
+ rm_rf_ build-less '/private/tmp/homebrew-automake-HEAD-mfsB/tests/instspc.dir/<'
+ test 2 -gt 0
+ find build-less '/private/tmp/homebrew-automake-HEAD-mfsB/tests/instspc.dir/<' -type d '!' -perm -700 -exec chmod u+rwx '{}' ';'
+ rm -rf build-less '/private/tmp/homebrew-automake-HEAD-mfsB/tests/instspc.dir/<'
+ for test_name in '$test_names_list'
+ eval 'test_string=${instspc__more}'
++ test_string='>'
+ test 'x>' = x
+ mkdir './>'
+ case $test_string in
+ for where in build dest
+ case $where in
+ build='./>'
+ dest=/private/tmp/homebrew-automake-HEAD-mfsB/tests/instspc.dir/dest-more
+ cd './>'
+ r=ok
+ ../configure --prefix '/>-prefix'
checking for a BSD-compatible install... /usr/bin/install -c
checking whether build environment is sane... yes
checking for a thread-safe mkdir -p... ../install-sh -c -d
checking for gawk... gawk
checking whether make sets $(MAKE)... yes
checking for gcc... /usr/bin/llvm-gcc
checking whether the C compiler works... yes
checking for C compiler default output file name... a.out
checking for suffix of executables... 
checking whether we are cross compiling... no
checking for suffix of object files... o
checking whether we are using the GNU C compiler... yes
checking whether /usr/bin/llvm-gcc accepts -g... yes
checking for /usr/bin/llvm-gcc option to accept ISO C89... none needed
checking for style of include used by make... GNU
checking dependency style of /usr/bin/llvm-gcc... gcc3
checking for ar... ar
checking the archiver (ar) interface... ar
checking for ranlib... ranlib
checking that generated files are newer than configure... done
configure: creating ./config.status
config.status: creating Makefile
config.status: executing depfiles commands
+ make all
/usr/bin/llvm-gcc -DPACKAGE_NAME=\"instspc\" -DPACKAGE_TARNAME=\"instspc\" -DPACKAGE_VERSION=\"1.0\" -DPACKAGE_STRING=\"instspc\ 1.0\" -DPACKAGE_BUGREPORT=\"\" -DPACKAGE_URL=\"\" -DPACKAGE=\"instspc\" -DVERSION=\"1.0\" -I. -I..   -I/usr/local/Cellar/libffi/3.0.10/include -I/usr/local/Cellar/gettext/0.18.1.1/include  -Os -w -pipe   -march=core2 -msse4 -MT source.o -MD -MP -MF .deps/source.Tpo -c -o source.o ../source.c
mv -f .deps/source.Tpo .deps/source.Po
rm -f sub/libbase.a
ar cru sub/libbase.a source.o 
ranlib sub/libbase.a
rm -f sub/libnobase.a
ar cru sub/libnobase.a source.o 
ranlib sub/libnobase.a
/usr/bin/llvm-gcc  -Os -w -pipe   -march=core2 -msse4  -L/usr/local/Cellar/libffi/3.0.10/lib -L/usr/local/Cellar/gettext/0.18.1.1/lib -o sub/base source.o  
/usr/bin/llvm-gcc  -Os -w -pipe   -march=core2 -msse4  -L/usr/local/Cellar/libffi/3.0.10/lib -L/usr/local/Cellar/gettext/0.18.1.1/lib -o sub/nobase source.o  
+ DESTDIR=/private/tmp/homebrew-automake-HEAD-mfsB/tests/instspc.dir/dest-more
+ file='./>'
+ make -e test-inst
test -z "/>-prefix/foo" || ../install-sh -c -d "/private/tmp/homebrew-automake-HEAD-mfsB/tests/instspc.dir/dest-more/>-prefix/foo"
 /usr/bin/install -c ../sub/base.sh '/private/tmp/homebrew-automake-HEAD-mfsB/tests/instspc.dir/dest-more/>-prefix/foo'
test -z "/>-prefix/foo" || ../install-sh -c -d "/private/tmp/homebrew-automake-HEAD-mfsB/tests/instspc.dir/dest-more/>-prefix/foo"
 /usr/bin/install -c -m 644  sub/libbase.a '/private/tmp/homebrew-automake-HEAD-mfsB/tests/instspc.dir/dest-more/>-prefix/foo'
 ( cd '/private/tmp/homebrew-automake-HEAD-mfsB/tests/instspc.dir/dest-more/>-prefix/foo' && ranlib libbase.a )
test -z "/>-prefix/foo" || ../install-sh -c -d "/private/tmp/homebrew-automake-HEAD-mfsB/tests/instspc.dir/dest-more/>-prefix/foo"
  /usr/bin/install -c sub/base '/private/tmp/homebrew-automake-HEAD-mfsB/tests/instspc.dir/dest-more/>-prefix/foo'
test -z "/>-prefix/foo" || ../install-sh -c -d "/private/tmp/homebrew-automake-HEAD-mfsB/tests/instspc.dir/dest-more/>-prefix/foo"
 ../install-sh -c -d '/private/tmp/homebrew-automake-HEAD-mfsB/tests/instspc.dir/dest-more/>-prefix/foo/sub/'
 /usr/bin/install -c ../sub/nobase.sh '/private/tmp/homebrew-automake-HEAD-mfsB/tests/instspc.dir/dest-more/>-prefix/foo/sub/'
test -z "/>-prefix/foo" || ../install-sh -c -d "/private/tmp/homebrew-automake-HEAD-mfsB/tests/instspc.dir/dest-more/>-prefix/foo"
../install-sh -c -d '/private/tmp/homebrew-automake-HEAD-mfsB/tests/instspc.dir/dest-more/>-prefix/foo/sub'
 /usr/bin/install -c -m 644  sub/libnobase.a '/private/tmp/homebrew-automake-HEAD-mfsB/tests/instspc.dir/dest-more/>-prefix/foo/sub'
 ( cd '/private/tmp/homebrew-automake-HEAD-mfsB/tests/instspc.dir/dest-more/>-prefix/foo' && ranlib sub/libnobase.a )
test -z "/>-prefix/foo" || ../install-sh -c -d "/private/tmp/homebrew-automake-HEAD-mfsB/tests/instspc.dir/dest-more/>-prefix/foo"
 ../install-sh -c -d '/private/tmp/homebrew-automake-HEAD-mfsB/tests/instspc.dir/dest-more/>-prefix/foo/sub/'
  /usr/bin/install -c sub/nobase '/private/tmp/homebrew-automake-HEAD-mfsB/tests/instspc.dir/dest-more/>-prefix/foo/sub/'
test -z "/>-prefix/foo" || ../install-sh -c -d "/private/tmp/homebrew-automake-HEAD-mfsB/tests/instspc.dir/dest-more/>-prefix/foo"
 /usr/bin/install -c -m 644 ../sub/base.dat '/private/tmp/homebrew-automake-HEAD-mfsB/tests/instspc.dir/dest-more/>-prefix/foo'
test -z "/>-prefix/foo" || ../install-sh -c -d "/private/tmp/homebrew-automake-HEAD-mfsB/tests/instspc.dir/dest-more/>-prefix/foo"
 /usr/bin/install -c -m 644 ../sub/base.h '/private/tmp/homebrew-automake-HEAD-mfsB/tests/instspc.dir/dest-more/>-prefix/foo'
test -z "/>-prefix/foo" || ../install-sh -c -d "/private/tmp/homebrew-automake-HEAD-mfsB/tests/instspc.dir/dest-more/>-prefix/foo"
../install-sh -c -d '/private/tmp/homebrew-automake-HEAD-mfsB/tests/instspc.dir/dest-more/>-prefix/foo/sub'
 /usr/bin/install -c -m 644  ../sub/nobase.dat '/private/tmp/homebrew-automake-HEAD-mfsB/tests/instspc.dir/dest-more/>-prefix/foo/sub'
test -z "/>-prefix/foo" || ../install-sh -c -d "/private/tmp/homebrew-automake-HEAD-mfsB/tests/instspc.dir/dest-more/>-prefix/foo"
../install-sh -c -d '/private/tmp/homebrew-automake-HEAD-mfsB/tests/instspc.dir/dest-more/>-prefix/foo/sub'
 /usr/bin/install -c -m 644  ../sub/nobase.h '/private/tmp/homebrew-automake-HEAD-mfsB/tests/instspc.dir/dest-more/>-prefix/foo/sub'
test   -f '/private/tmp/homebrew-automake-HEAD-mfsB/tests/instspc.dir/dest-more/./>-prefix/foo/sub/nobase.h'
test ! -f '/private/tmp/homebrew-automake-HEAD-mfsB/tests/instspc.dir/dest-more/./>-prefix/foo/nobase.h'
test   -f '/private/tmp/homebrew-automake-HEAD-mfsB/tests/instspc.dir/dest-more/./>-prefix/foo/base.h'
test   -f '/private/tmp/homebrew-automake-HEAD-mfsB/tests/instspc.dir/dest-more/./>-prefix/foo/sub/nobase.dat'
test ! -f '/private/tmp/homebrew-automake-HEAD-mfsB/tests/instspc.dir/dest-more/./>-prefix/foo/nobase.dat'
test   -f '/private/tmp/homebrew-automake-HEAD-mfsB/tests/instspc.dir/dest-more/./>-prefix/foo/base.dat'
test   -f '/private/tmp/homebrew-automake-HEAD-mfsB/tests/instspc.dir/dest-more/./>-prefix/foo/sub/nobase.sh'
test ! -f '/private/tmp/homebrew-automake-HEAD-mfsB/tests/instspc.dir/dest-more/./>-prefix/foo/nobase.sh'
test   -f '/private/tmp/homebrew-automake-HEAD-mfsB/tests/instspc.dir/dest-more/./>-prefix/foo/base.sh'
test   -f '/private/tmp/homebrew-automake-HEAD-mfsB/tests/instspc.dir/dest-more/./>-prefix/foo/sub/nobase'
test ! -f '/private/tmp/homebrew-automake-HEAD-mfsB/tests/instspc.dir/dest-more/./>-prefix/foo/nobase'
test   -f '/private/tmp/homebrew-automake-HEAD-mfsB/tests/instspc.dir/dest-more/./>-prefix/foo/base'
test   -f '/private/tmp/homebrew-automake-HEAD-mfsB/tests/instspc.dir/dest-more/./>-prefix/foo/sub/libnobase.a'
test ! -f '/private/tmp/homebrew-automake-HEAD-mfsB/tests/instspc.dir/dest-more/./>-prefix/foo/libnobase.a'
test   -f '/private/tmp/homebrew-automake-HEAD-mfsB/tests/instspc.dir/dest-more/./>-prefix/foo/libbase.a'
+ description='more in builddir'
+ expected_to_fail build more
+ case $1 in
+ is_in_list more squote dquote bquote sharp dollar bslash ampersand linefeed quadrigraph0 a_lf_b
+ item=more
+ shift
+ case " $* " in
+ return 1
+ directive=
+ reason=
+ result_ ok -D '' -r '' -- 'more in builddir'
+ set +x
ok 47 - more in builddir
PASS: instspc.tap 47 - more in builddir
+ cd /private/tmp/homebrew-automake-HEAD-mfsB/tests/instspc.dir
+ not am_keeping_testdirs
+ am_keeping_testdirs
+ case $keep_testdirs in
+ return 1
+ return 0
+ test ok = ok
+ rm_rf_ './>' /private/tmp/homebrew-automake-HEAD-mfsB/tests/instspc.dir/dest-more
+ test 2 -gt 0
+ find './>' /private/tmp/homebrew-automake-HEAD-mfsB/tests/instspc.dir/dest-more -type d '!' -perm -700 -exec chmod u+rwx '{}' ';'
+ rm -rf './>' /private/tmp/homebrew-automake-HEAD-mfsB/tests/instspc.dir/dest-more
+ for where in build dest
+ case $where in
+ build=build-more
+ dest='/private/tmp/homebrew-automake-HEAD-mfsB/tests/instspc.dir/>'
+ mkdir build-more
+ cd build-more
+ r=ok
+ ../configure --prefix '/>-prefix'
checking for a BSD-compatible install... /usr/bin/install -c
checking whether build environment is sane... yes
checking for a thread-safe mkdir -p... ../install-sh -c -d
checking for gawk... gawk
checking whether make sets $(MAKE)... yes
checking for gcc... /usr/bin/llvm-gcc
checking whether the C compiler works... yes
checking for C compiler default output file name... a.out
checking for suffix of executables... 
checking whether we are cross compiling... no
checking for suffix of object files... o
checking whether we are using the GNU C compiler... yes
checking whether /usr/bin/llvm-gcc accepts -g... yes
checking for /usr/bin/llvm-gcc option to accept ISO C89... none needed
checking for style of include used by make... GNU
checking dependency style of /usr/bin/llvm-gcc... gcc3
checking for ar... ar
checking the archiver (ar) interface... ar
checking for ranlib... ranlib
checking that generated files are newer than configure... done
configure: creating ./config.status
config.status: creating Makefile
config.status: executing depfiles commands
+ make all
/usr/bin/llvm-gcc -DPACKAGE_NAME=\"instspc\" -DPACKAGE_TARNAME=\"instspc\" -DPACKAGE_VERSION=\"1.0\" -DPACKAGE_STRING=\"instspc\ 1.0\" -DPACKAGE_BUGREPORT=\"\" -DPACKAGE_URL=\"\" -DPACKAGE=\"instspc\" -DVERSION=\"1.0\" -I. -I..   -I/usr/local/Cellar/libffi/3.0.10/include -I/usr/local/Cellar/gettext/0.18.1.1/include  -Os -w -pipe   -march=core2 -msse4 -MT source.o -MD -MP -MF .deps/source.Tpo -c -o source.o ../source.c
mv -f .deps/source.Tpo .deps/source.Po
rm -f sub/libbase.a
ar cru sub/libbase.a source.o 
ranlib sub/libbase.a
rm -f sub/libnobase.a
ar cru sub/libnobase.a source.o 
ranlib sub/libnobase.a
/usr/bin/llvm-gcc  -Os -w -pipe   -march=core2 -msse4  -L/usr/local/Cellar/libffi/3.0.10/lib -L/usr/local/Cellar/gettext/0.18.1.1/lib -o sub/base source.o  
/usr/bin/llvm-gcc  -Os -w -pipe   -march=core2 -msse4  -L/usr/local/Cellar/libffi/3.0.10/lib -L/usr/local/Cellar/gettext/0.18.1.1/lib -o sub/nobase source.o  
+ DESTDIR='/private/tmp/homebrew-automake-HEAD-mfsB/tests/instspc.dir/>'
+ file='./>'
+ make -e test-inst
test -z "/>-prefix/foo" || ../install-sh -c -d "/private/tmp/homebrew-automake-HEAD-mfsB/tests/instspc.dir/>/>-prefix/foo"
 /usr/bin/install -c ../sub/base.sh '/private/tmp/homebrew-automake-HEAD-mfsB/tests/instspc.dir/>/>-prefix/foo'
test -z "/>-prefix/foo" || ../install-sh -c -d "/private/tmp/homebrew-automake-HEAD-mfsB/tests/instspc.dir/>/>-prefix/foo"
 /usr/bin/install -c -m 644  sub/libbase.a '/private/tmp/homebrew-automake-HEAD-mfsB/tests/instspc.dir/>/>-prefix/foo'
 ( cd '/private/tmp/homebrew-automake-HEAD-mfsB/tests/instspc.dir/>/>-prefix/foo' && ranlib libbase.a )
test -z "/>-prefix/foo" || ../install-sh -c -d "/private/tmp/homebrew-automake-HEAD-mfsB/tests/instspc.dir/>/>-prefix/foo"
  /usr/bin/install -c sub/base '/private/tmp/homebrew-automake-HEAD-mfsB/tests/instspc.dir/>/>-prefix/foo'
test -z "/>-prefix/foo" || ../install-sh -c -d "/private/tmp/homebrew-automake-HEAD-mfsB/tests/instspc.dir/>/>-prefix/foo"
 ../install-sh -c -d '/private/tmp/homebrew-automake-HEAD-mfsB/tests/instspc.dir/>/>-prefix/foo/sub/'
 /usr/bin/install -c ../sub/nobase.sh '/private/tmp/homebrew-automake-HEAD-mfsB/tests/instspc.dir/>/>-prefix/foo/sub/'
test -z "/>-prefix/foo" || ../install-sh -c -d "/private/tmp/homebrew-automake-HEAD-mfsB/tests/instspc.dir/>/>-prefix/foo"
../install-sh -c -d '/private/tmp/homebrew-automake-HEAD-mfsB/tests/instspc.dir/>/>-prefix/foo/sub'
 /usr/bin/install -c -m 644  sub/libnobase.a '/private/tmp/homebrew-automake-HEAD-mfsB/tests/instspc.dir/>/>-prefix/foo/sub'
 ( cd '/private/tmp/homebrew-automake-HEAD-mfsB/tests/instspc.dir/>/>-prefix/foo' && ranlib sub/libnobase.a )
test -z "/>-prefix/foo" || ../install-sh -c -d "/private/tmp/homebrew-automake-HEAD-mfsB/tests/instspc.dir/>/>-prefix/foo"
 ../install-sh -c -d '/private/tmp/homebrew-automake-HEAD-mfsB/tests/instspc.dir/>/>-prefix/foo/sub/'
  /usr/bin/install -c sub/nobase '/private/tmp/homebrew-automake-HEAD-mfsB/tests/instspc.dir/>/>-prefix/foo/sub/'
test -z "/>-prefix/foo" || ../install-sh -c -d "/private/tmp/homebrew-automake-HEAD-mfsB/tests/instspc.dir/>/>-prefix/foo"
 /usr/bin/install -c -m 644 ../sub/base.dat '/private/tmp/homebrew-automake-HEAD-mfsB/tests/instspc.dir/>/>-prefix/foo'
test -z "/>-prefix/foo" || ../install-sh -c -d "/private/tmp/homebrew-automake-HEAD-mfsB/tests/instspc.dir/>/>-prefix/foo"
 /usr/bin/install -c -m 644 ../sub/base.h '/private/tmp/homebrew-automake-HEAD-mfsB/tests/instspc.dir/>/>-prefix/foo'
test -z "/>-prefix/foo" || ../install-sh -c -d "/private/tmp/homebrew-automake-HEAD-mfsB/tests/instspc.dir/>/>-prefix/foo"
../install-sh -c -d '/private/tmp/homebrew-automake-HEAD-mfsB/tests/instspc.dir/>/>-prefix/foo/sub'
 /usr/bin/install -c -m 644  ../sub/nobase.dat '/private/tmp/homebrew-automake-HEAD-mfsB/tests/instspc.dir/>/>-prefix/foo/sub'
test -z "/>-prefix/foo" || ../install-sh -c -d "/private/tmp/homebrew-automake-HEAD-mfsB/tests/instspc.dir/>/>-prefix/foo"
../install-sh -c -d '/private/tmp/homebrew-automake-HEAD-mfsB/tests/instspc.dir/>/>-prefix/foo/sub'
 /usr/bin/install -c -m 644  ../sub/nobase.h '/private/tmp/homebrew-automake-HEAD-mfsB/tests/instspc.dir/>/>-prefix/foo/sub'
test   -f '/private/tmp/homebrew-automake-HEAD-mfsB/tests/instspc.dir/>/./>-prefix/foo/sub/nobase.h'
test ! -f '/private/tmp/homebrew-automake-HEAD-mfsB/tests/instspc.dir/>/./>-prefix/foo/nobase.h'
test   -f '/private/tmp/homebrew-automake-HEAD-mfsB/tests/instspc.dir/>/./>-prefix/foo/base.h'
test   -f '/private/tmp/homebrew-automake-HEAD-mfsB/tests/instspc.dir/>/./>-prefix/foo/sub/nobase.dat'
test ! -f '/private/tmp/homebrew-automake-HEAD-mfsB/tests/instspc.dir/>/./>-prefix/foo/nobase.dat'
test   -f '/private/tmp/homebrew-automake-HEAD-mfsB/tests/instspc.dir/>/./>-prefix/foo/base.dat'
test   -f '/private/tmp/homebrew-automake-HEAD-mfsB/tests/instspc.dir/>/./>-prefix/foo/sub/nobase.sh'
test ! -f '/private/tmp/homebrew-automake-HEAD-mfsB/tests/instspc.dir/>/./>-prefix/foo/nobase.sh'
test   -f '/private/tmp/homebrew-automake-HEAD-mfsB/tests/instspc.dir/>/./>-prefix/foo/base.sh'
test   -f '/private/tmp/homebrew-automake-HEAD-mfsB/tests/instspc.dir/>/./>-prefix/foo/sub/nobase'
test ! -f '/private/tmp/homebrew-automake-HEAD-mfsB/tests/instspc.dir/>/./>-prefix/foo/nobase'
test   -f '/private/tmp/homebrew-automake-HEAD-mfsB/tests/instspc.dir/>/./>-prefix/foo/base'
test   -f '/private/tmp/homebrew-automake-HEAD-mfsB/tests/instspc.dir/>/./>-prefix/foo/sub/libnobase.a'
test ! -f '/private/tmp/homebrew-automake-HEAD-mfsB/tests/instspc.dir/>/./>-prefix/foo/libnobase.a'
test   -f '/private/tmp/homebrew-automake-HEAD-mfsB/tests/instspc.dir/>/./>-prefix/foo/libbase.a'
+ description='more in destdir'
+ expected_to_fail dest more
+ case $1 in
+ is_in_list more squote dquote bquote sharp dollar linefeed a_lf_b
+ item=more
+ shift
+ case " $* " in
+ return 1
+ directive=
+ reason=
+ result_ ok -D '' -r '' -- 'more in destdir'
+ set +x
ok 48 - more in destdir
PASS: instspc.tap 48 - more in destdir
+ cd /private/tmp/homebrew-automake-HEAD-mfsB/tests/instspc.dir
+ not am_keeping_testdirs
+ am_keeping_testdirs
+ case $keep_testdirs in
+ return 1
+ return 0
+ test ok = ok
+ rm_rf_ build-more '/private/tmp/homebrew-automake-HEAD-mfsB/tests/instspc.dir/>'
+ test 2 -gt 0
+ find build-more '/private/tmp/homebrew-automake-HEAD-mfsB/tests/instspc.dir/>' -type d '!' -perm -700 -exec chmod u+rwx '{}' ';'
+ rm -rf build-more '/private/tmp/homebrew-automake-HEAD-mfsB/tests/instspc.dir/>'
+ for test_name in '$test_names_list'
+ eval 'test_string=${instspc__at}'
++ test_string=@
+ test x@ = x
+ mkdir ./@
+ case $test_string in
+ for where in build dest
+ case $where in
+ build=./@
+ dest=/private/tmp/homebrew-automake-HEAD-mfsB/tests/instspc.dir/dest-at
+ cd ./@
+ r=ok
+ ../configure --prefix /@-prefix
checking for a BSD-compatible install... /usr/bin/install -c
checking whether build environment is sane... yes
checking for a thread-safe mkdir -p... ../install-sh -c -d
checking for gawk... gawk
checking whether make sets $(MAKE)... yes
checking for gcc... /usr/bin/llvm-gcc
checking whether the C compiler works... yes
checking for C compiler default output file name... a.out
checking for suffix of executables... 
checking whether we are cross compiling... no
checking for suffix of object files... o
checking whether we are using the GNU C compiler... yes
checking whether /usr/bin/llvm-gcc accepts -g... yes
checking for /usr/bin/llvm-gcc option to accept ISO C89... none needed
checking for style of include used by make... GNU
checking dependency style of /usr/bin/llvm-gcc... gcc3
checking for ar... ar
checking the archiver (ar) interface... ar
checking for ranlib... ranlib
checking that generated files are newer than configure... done
configure: creating ./config.status
config.status: creating Makefile
config.status: executing depfiles commands
+ make all
/usr/bin/llvm-gcc -DPACKAGE_NAME=\"instspc\" -DPACKAGE_TARNAME=\"instspc\" -DPACKAGE_VERSION=\"1.0\" -DPACKAGE_STRING=\"instspc\ 1.0\" -DPACKAGE_BUGREPORT=\"\" -DPACKAGE_URL=\"\" -DPACKAGE=\"instspc\" -DVERSION=\"1.0\" -I. -I..   -I/usr/local/Cellar/libffi/3.0.10/include -I/usr/local/Cellar/gettext/0.18.1.1/include  -Os -w -pipe   -march=core2 -msse4 -MT source.o -MD -MP -MF .deps/source.Tpo -c -o source.o ../source.c
mv -f .deps/source.Tpo .deps/source.Po
rm -f sub/libbase.a
ar cru sub/libbase.a source.o 
ranlib sub/libbase.a
rm -f sub/libnobase.a
ar cru sub/libnobase.a source.o 
ranlib sub/libnobase.a
/usr/bin/llvm-gcc  -Os -w -pipe   -march=core2 -msse4  -L/usr/local/Cellar/libffi/3.0.10/lib -L/usr/local/Cellar/gettext/0.18.1.1/lib -o sub/base source.o  
/usr/bin/llvm-gcc  -Os -w -pipe   -march=core2 -msse4  -L/usr/local/Cellar/libffi/3.0.10/lib -L/usr/local/Cellar/gettext/0.18.1.1/lib -o sub/nobase source.o  
+ DESTDIR=/private/tmp/homebrew-automake-HEAD-mfsB/tests/instspc.dir/dest-at
+ file=./@
+ make -e test-inst
test -z "/@-prefix/foo" || ../install-sh -c -d "/private/tmp/homebrew-automake-HEAD-mfsB/tests/instspc.dir/dest-at/@-prefix/foo"
 /usr/bin/install -c ../sub/base.sh '/private/tmp/homebrew-automake-HEAD-mfsB/tests/instspc.dir/dest-at/@-prefix/foo'
test -z "/@-prefix/foo" || ../install-sh -c -d "/private/tmp/homebrew-automake-HEAD-mfsB/tests/instspc.dir/dest-at/@-prefix/foo"
 /usr/bin/install -c -m 644  sub/libbase.a '/private/tmp/homebrew-automake-HEAD-mfsB/tests/instspc.dir/dest-at/@-prefix/foo'
 ( cd '/private/tmp/homebrew-automake-HEAD-mfsB/tests/instspc.dir/dest-at/@-prefix/foo' && ranlib libbase.a )
test -z "/@-prefix/foo" || ../install-sh -c -d "/private/tmp/homebrew-automake-HEAD-mfsB/tests/instspc.dir/dest-at/@-prefix/foo"
  /usr/bin/install -c sub/base '/private/tmp/homebrew-automake-HEAD-mfsB/tests/instspc.dir/dest-at/@-prefix/foo'
test -z "/@-prefix/foo" || ../install-sh -c -d "/private/tmp/homebrew-automake-HEAD-mfsB/tests/instspc.dir/dest-at/@-prefix/foo"
 ../install-sh -c -d '/private/tmp/homebrew-automake-HEAD-mfsB/tests/instspc.dir/dest-at/@-prefix/foo/sub/'
 /usr/bin/install -c ../sub/nobase.sh '/private/tmp/homebrew-automake-HEAD-mfsB/tests/instspc.dir/dest-at/@-prefix/foo/sub/'
test -z "/@-prefix/foo" || ../install-sh -c -d "/private/tmp/homebrew-automake-HEAD-mfsB/tests/instspc.dir/dest-at/@-prefix/foo"
../install-sh -c -d '/private/tmp/homebrew-automake-HEAD-mfsB/tests/instspc.dir/dest-at/@-prefix/foo/sub'
 /usr/bin/install -c -m 644  sub/libnobase.a '/private/tmp/homebrew-automake-HEAD-mfsB/tests/instspc.dir/dest-at/@-prefix/foo/sub'
 ( cd '/private/tmp/homebrew-automake-HEAD-mfsB/tests/instspc.dir/dest-at/@-prefix/foo' && ranlib sub/libnobase.a )
test -z "/@-prefix/foo" || ../install-sh -c -d "/private/tmp/homebrew-automake-HEAD-mfsB/tests/instspc.dir/dest-at/@-prefix/foo"
 ../install-sh -c -d '/private/tmp/homebrew-automake-HEAD-mfsB/tests/instspc.dir/dest-at/@-prefix/foo/sub/'
  /usr/bin/install -c sub/nobase '/private/tmp/homebrew-automake-HEAD-mfsB/tests/instspc.dir/dest-at/@-prefix/foo/sub/'
test -z "/@-prefix/foo" || ../install-sh -c -d "/private/tmp/homebrew-automake-HEAD-mfsB/tests/instspc.dir/dest-at/@-prefix/foo"
 /usr/bin/install -c -m 644 ../sub/base.dat '/private/tmp/homebrew-automake-HEAD-mfsB/tests/instspc.dir/dest-at/@-prefix/foo'
test -z "/@-prefix/foo" || ../install-sh -c -d "/private/tmp/homebrew-automake-HEAD-mfsB/tests/instspc.dir/dest-at/@-prefix/foo"
 /usr/bin/install -c -m 644 ../sub/base.h '/private/tmp/homebrew-automake-HEAD-mfsB/tests/instspc.dir/dest-at/@-prefix/foo'
test -z "/@-prefix/foo" || ../install-sh -c -d "/private/tmp/homebrew-automake-HEAD-mfsB/tests/instspc.dir/dest-at/@-prefix/foo"
../install-sh -c -d '/private/tmp/homebrew-automake-HEAD-mfsB/tests/instspc.dir/dest-at/@-prefix/foo/sub'
 /usr/bin/install -c -m 644  ../sub/nobase.dat '/private/tmp/homebrew-automake-HEAD-mfsB/tests/instspc.dir/dest-at/@-prefix/foo/sub'
test -z "/@-prefix/foo" || ../install-sh -c -d "/private/tmp/homebrew-automake-HEAD-mfsB/tests/instspc.dir/dest-at/@-prefix/foo"
../install-sh -c -d '/private/tmp/homebrew-automake-HEAD-mfsB/tests/instspc.dir/dest-at/@-prefix/foo/sub'
 /usr/bin/install -c -m 644  ../sub/nobase.h '/private/tmp/homebrew-automake-HEAD-mfsB/tests/instspc.dir/dest-at/@-prefix/foo/sub'
test   -f '/private/tmp/homebrew-automake-HEAD-mfsB/tests/instspc.dir/dest-at/./@-prefix/foo/sub/nobase.h'
test ! -f '/private/tmp/homebrew-automake-HEAD-mfsB/tests/instspc.dir/dest-at/./@-prefix/foo/nobase.h'
test   -f '/private/tmp/homebrew-automake-HEAD-mfsB/tests/instspc.dir/dest-at/./@-prefix/foo/base.h'
test   -f '/private/tmp/homebrew-automake-HEAD-mfsB/tests/instspc.dir/dest-at/./@-prefix/foo/sub/nobase.dat'
test ! -f '/private/tmp/homebrew-automake-HEAD-mfsB/tests/instspc.dir/dest-at/./@-prefix/foo/nobase.dat'
test   -f '/private/tmp/homebrew-automake-HEAD-mfsB/tests/instspc.dir/dest-at/./@-prefix/foo/base.dat'
test   -f '/private/tmp/homebrew-automake-HEAD-mfsB/tests/instspc.dir/dest-at/./@-prefix/foo/sub/nobase.sh'
test ! -f '/private/tmp/homebrew-automake-HEAD-mfsB/tests/instspc.dir/dest-at/./@-prefix/foo/nobase.sh'
test   -f '/private/tmp/homebrew-automake-HEAD-mfsB/tests/instspc.dir/dest-at/./@-prefix/foo/base.sh'
test   -f '/private/tmp/homebrew-automake-HEAD-mfsB/tests/instspc.dir/dest-at/./@-prefix/foo/sub/nobase'
test ! -f '/private/tmp/homebrew-automake-HEAD-mfsB/tests/instspc.dir/dest-at/./@-prefix/foo/nobase'
test   -f '/private/tmp/homebrew-automake-HEAD-mfsB/tests/instspc.dir/dest-at/./@-prefix/foo/base'
test   -f '/private/tmp/homebrew-automake-HEAD-mfsB/tests/instspc.dir/dest-at/./@-prefix/foo/sub/libnobase.a'
test ! -f '/private/tmp/homebrew-automake-HEAD-mfsB/tests/instspc.dir/dest-at/./@-prefix/foo/libnobase.a'
test   -f '/private/tmp/homebrew-automake-HEAD-mfsB/tests/instspc.dir/dest-at/./@-prefix/foo/libbase.a'
+ description='at in builddir'
+ expected_to_fail build at
+ case $1 in
+ is_in_list at squote dquote bquote sharp dollar bslash ampersand linefeed quadrigraph0 a_lf_b
+ item=at
+ shift
+ case " $* " in
+ return 1
+ directive=
+ reason=
+ result_ ok -D '' -r '' -- 'at in builddir'
+ set +x
ok 49 - at in builddir
PASS: instspc.tap 49 - at in builddir
+ cd /private/tmp/homebrew-automake-HEAD-mfsB/tests/instspc.dir
+ not am_keeping_testdirs
+ am_keeping_testdirs
+ case $keep_testdirs in
+ return 1
+ return 0
+ test ok = ok
+ rm_rf_ ./@ /private/tmp/homebrew-automake-HEAD-mfsB/tests/instspc.dir/dest-at
+ test 2 -gt 0
+ find ./@ /private/tmp/homebrew-automake-HEAD-mfsB/tests/instspc.dir/dest-at -type d '!' -perm -700 -exec chmod u+rwx '{}' ';'
+ rm -rf ./@ /private/tmp/homebrew-automake-HEAD-mfsB/tests/instspc.dir/dest-at
+ for where in build dest
+ case $where in
+ build=build-at
+ dest=/private/tmp/homebrew-automake-HEAD-mfsB/tests/instspc.dir/@
+ mkdir build-at
+ cd build-at
+ r=ok
+ ../configure --prefix /@-prefix
checking for a BSD-compatible install... /usr/bin/install -c
checking whether build environment is sane... yes
checking for a thread-safe mkdir -p... ../install-sh -c -d
checking for gawk... gawk
checking whether make sets $(MAKE)... yes
checking for gcc... /usr/bin/llvm-gcc
checking whether the C compiler works... yes
checking for C compiler default output file name... a.out
checking for suffix of executables... 
checking whether we are cross compiling... no
checking for suffix of object files... o
checking whether we are using the GNU C compiler... yes
checking whether /usr/bin/llvm-gcc accepts -g... yes
checking for /usr/bin/llvm-gcc option to accept ISO C89... none needed
checking for style of include used by make... GNU
checking dependency style of /usr/bin/llvm-gcc... gcc3
checking for ar... ar
checking the archiver (ar) interface... ar
checking for ranlib... ranlib
checking that generated files are newer than configure... done
configure: creating ./config.status
config.status: creating Makefile
config.status: executing depfiles commands
+ make all
/usr/bin/llvm-gcc -DPACKAGE_NAME=\"instspc\" -DPACKAGE_TARNAME=\"instspc\" -DPACKAGE_VERSION=\"1.0\" -DPACKAGE_STRING=\"instspc\ 1.0\" -DPACKAGE_BUGREPORT=\"\" -DPACKAGE_URL=\"\" -DPACKAGE=\"instspc\" -DVERSION=\"1.0\" -I. -I..   -I/usr/local/Cellar/libffi/3.0.10/include -I/usr/local/Cellar/gettext/0.18.1.1/include  -Os -w -pipe   -march=core2 -msse4 -MT source.o -MD -MP -MF .deps/source.Tpo -c -o source.o ../source.c
mv -f .deps/source.Tpo .deps/source.Po
rm -f sub/libbase.a
ar cru sub/libbase.a source.o 
ranlib sub/libbase.a
rm -f sub/libnobase.a
ar cru sub/libnobase.a source.o 
ranlib sub/libnobase.a
/usr/bin/llvm-gcc  -Os -w -pipe   -march=core2 -msse4  -L/usr/local/Cellar/libffi/3.0.10/lib -L/usr/local/Cellar/gettext/0.18.1.1/lib -o sub/base source.o  
/usr/bin/llvm-gcc  -Os -w -pipe   -march=core2 -msse4  -L/usr/local/Cellar/libffi/3.0.10/lib -L/usr/local/Cellar/gettext/0.18.1.1/lib -o sub/nobase source.o  
+ DESTDIR=/private/tmp/homebrew-automake-HEAD-mfsB/tests/instspc.dir/@
+ file=./@
+ make -e test-inst
test -z "/@-prefix/foo" || ../install-sh -c -d "/private/tmp/homebrew-automake-HEAD-mfsB/tests/instspc.dir/@/@-prefix/foo"
 /usr/bin/install -c ../sub/base.sh '/private/tmp/homebrew-automake-HEAD-mfsB/tests/instspc.dir/@/@-prefix/foo'
test -z "/@-prefix/foo" || ../install-sh -c -d "/private/tmp/homebrew-automake-HEAD-mfsB/tests/instspc.dir/@/@-prefix/foo"
 /usr/bin/install -c -m 644  sub/libbase.a '/private/tmp/homebrew-automake-HEAD-mfsB/tests/instspc.dir/@/@-prefix/foo'
 ( cd '/private/tmp/homebrew-automake-HEAD-mfsB/tests/instspc.dir/@/@-prefix/foo' && ranlib libbase.a )
test -z "/@-prefix/foo" || ../install-sh -c -d "/private/tmp/homebrew-automake-HEAD-mfsB/tests/instspc.dir/@/@-prefix/foo"
  /usr/bin/install -c sub/base '/private/tmp/homebrew-automake-HEAD-mfsB/tests/instspc.dir/@/@-prefix/foo'
test -z "/@-prefix/foo" || ../install-sh -c -d "/private/tmp/homebrew-automake-HEAD-mfsB/tests/instspc.dir/@/@-prefix/foo"
 ../install-sh -c -d '/private/tmp/homebrew-automake-HEAD-mfsB/tests/instspc.dir/@/@-prefix/foo/sub/'
 /usr/bin/install -c ../sub/nobase.sh '/private/tmp/homebrew-automake-HEAD-mfsB/tests/instspc.dir/@/@-prefix/foo/sub/'
test -z "/@-prefix/foo" || ../install-sh -c -d "/private/tmp/homebrew-automake-HEAD-mfsB/tests/instspc.dir/@/@-prefix/foo"
../install-sh -c -d '/private/tmp/homebrew-automake-HEAD-mfsB/tests/instspc.dir/@/@-prefix/foo/sub'
 /usr/bin/install -c -m 644  sub/libnobase.a '/private/tmp/homebrew-automake-HEAD-mfsB/tests/instspc.dir/@/@-prefix/foo/sub'
 ( cd '/private/tmp/homebrew-automake-HEAD-mfsB/tests/instspc.dir/@/@-prefix/foo' && ranlib sub/libnobase.a )
test -z "/@-prefix/foo" || ../install-sh -c -d "/private/tmp/homebrew-automake-HEAD-mfsB/tests/instspc.dir/@/@-prefix/foo"
 ../install-sh -c -d '/private/tmp/homebrew-automake-HEAD-mfsB/tests/instspc.dir/@/@-prefix/foo/sub/'
  /usr/bin/install -c sub/nobase '/private/tmp/homebrew-automake-HEAD-mfsB/tests/instspc.dir/@/@-prefix/foo/sub/'
test -z "/@-prefix/foo" || ../install-sh -c -d "/private/tmp/homebrew-automake-HEAD-mfsB/tests/instspc.dir/@/@-prefix/foo"
 /usr/bin/install -c -m 644 ../sub/base.dat '/private/tmp/homebrew-automake-HEAD-mfsB/tests/instspc.dir/@/@-prefix/foo'
test -z "/@-prefix/foo" || ../install-sh -c -d "/private/tmp/homebrew-automake-HEAD-mfsB/tests/instspc.dir/@/@-prefix/foo"
 /usr/bin/install -c -m 644 ../sub/base.h '/private/tmp/homebrew-automake-HEAD-mfsB/tests/instspc.dir/@/@-prefix/foo'
test -z "/@-prefix/foo" || ../install-sh -c -d "/private/tmp/homebrew-automake-HEAD-mfsB/tests/instspc.dir/@/@-prefix/foo"
../install-sh -c -d '/private/tmp/homebrew-automake-HEAD-mfsB/tests/instspc.dir/@/@-prefix/foo/sub'
 /usr/bin/install -c -m 644  ../sub/nobase.dat '/private/tmp/homebrew-automake-HEAD-mfsB/tests/instspc.dir/@/@-prefix/foo/sub'
test -z "/@-prefix/foo" || ../install-sh -c -d "/private/tmp/homebrew-automake-HEAD-mfsB/tests/instspc.dir/@/@-prefix/foo"
../install-sh -c -d '/private/tmp/homebrew-automake-HEAD-mfsB/tests/instspc.dir/@/@-prefix/foo/sub'
 /usr/bin/install -c -m 644  ../sub/nobase.h '/private/tmp/homebrew-automake-HEAD-mfsB/tests/instspc.dir/@/@-prefix/foo/sub'
test   -f '/private/tmp/homebrew-automake-HEAD-mfsB/tests/instspc.dir/@/./@-prefix/foo/sub/nobase.h'
test ! -f '/private/tmp/homebrew-automake-HEAD-mfsB/tests/instspc.dir/@/./@-prefix/foo/nobase.h'
test   -f '/private/tmp/homebrew-automake-HEAD-mfsB/tests/instspc.dir/@/./@-prefix/foo/base.h'
test   -f '/private/tmp/homebrew-automake-HEAD-mfsB/tests/instspc.dir/@/./@-prefix/foo/sub/nobase.dat'
test ! -f '/private/tmp/homebrew-automake-HEAD-mfsB/tests/instspc.dir/@/./@-prefix/foo/nobase.dat'
test   -f '/private/tmp/homebrew-automake-HEAD-mfsB/tests/instspc.dir/@/./@-prefix/foo/base.dat'
test   -f '/private/tmp/homebrew-automake-HEAD-mfsB/tests/instspc.dir/@/./@-prefix/foo/sub/nobase.sh'
test ! -f '/private/tmp/homebrew-automake-HEAD-mfsB/tests/instspc.dir/@/./@-prefix/foo/nobase.sh'
test   -f '/private/tmp/homebrew-automake-HEAD-mfsB/tests/instspc.dir/@/./@-prefix/foo/base.sh'
test   -f '/private/tmp/homebrew-automake-HEAD-mfsB/tests/instspc.dir/@/./@-prefix/foo/sub/nobase'
test ! -f '/private/tmp/homebrew-automake-HEAD-mfsB/tests/instspc.dir/@/./@-prefix/foo/nobase'
test   -f '/private/tmp/homebrew-automake-HEAD-mfsB/tests/instspc.dir/@/./@-prefix/foo/base'
test   -f '/private/tmp/homebrew-automake-HEAD-mfsB/tests/instspc.dir/@/./@-prefix/foo/sub/libnobase.a'
test ! -f '/private/tmp/homebrew-automake-HEAD-mfsB/tests/instspc.dir/@/./@-prefix/foo/libnobase.a'
test   -f '/private/tmp/homebrew-automake-HEAD-mfsB/tests/instspc.dir/@/./@-prefix/foo/libbase.a'
+ description='at in destdir'
+ expected_to_fail dest at
+ case $1 in
+ is_in_list at squote dquote bquote sharp dollar linefeed a_lf_b
+ item=at
+ shift
+ case " $* " in
+ return 1
+ directive=
+ reason=
+ result_ ok -D '' -r '' -- 'at in destdir'
+ set +x
ok 50 - at in destdir
PASS: instspc.tap 50 - at in destdir
+ cd /private/tmp/homebrew-automake-HEAD-mfsB/tests/instspc.dir
+ not am_keeping_testdirs
+ am_keeping_testdirs
+ case $keep_testdirs in
+ return 1
+ return 0
+ test ok = ok
+ rm_rf_ build-at /private/tmp/homebrew-automake-HEAD-mfsB/tests/instspc.dir/@
+ test 2 -gt 0
+ find build-at /private/tmp/homebrew-automake-HEAD-mfsB/tests/instspc.dir/@ -type d '!' -perm -700 -exec chmod u+rwx '{}' ';'
+ rm -rf build-at /private/tmp/homebrew-automake-HEAD-mfsB/tests/instspc.dir/@
+ for test_name in '$test_names_list'
+ eval 'test_string=${instspc__lqbrack}'
++ test_string='['
+ test 'x[' = x
+ mkdir './['
+ case $test_string in
+ for where in build dest
+ case $where in
+ build='./['
+ dest=/private/tmp/homebrew-automake-HEAD-mfsB/tests/instspc.dir/dest-lqbrack
+ cd './['
+ r=ok
+ ../configure --prefix '/[-prefix'
checking for a BSD-compatible install... /usr/bin/install -c
checking whether build environment is sane... yes
checking for a thread-safe mkdir -p... ../install-sh -c -d
checking for gawk... gawk
checking whether make sets $(MAKE)... yes
checking for gcc... /usr/bin/llvm-gcc
checking whether the C compiler works... yes
checking for C compiler default output file name... a.out
checking for suffix of executables... 
checking whether we are cross compiling... no
checking for suffix of object files... o
checking whether we are using the GNU C compiler... yes
checking whether /usr/bin/llvm-gcc accepts -g... yes
checking for /usr/bin/llvm-gcc option to accept ISO C89... none needed
checking for style of include used by make... GNU
checking dependency style of /usr/bin/llvm-gcc... gcc3
checking for ar... ar
checking the archiver (ar) interface... ar
checking for ranlib... ranlib
checking that generated files are newer than configure... done
configure: creating ./config.status
config.status: creating Makefile
config.status: executing depfiles commands
+ make all
/usr/bin/llvm-gcc -DPACKAGE_NAME=\"instspc\" -DPACKAGE_TARNAME=\"instspc\" -DPACKAGE_VERSION=\"1.0\" -DPACKAGE_STRING=\"instspc\ 1.0\" -DPACKAGE_BUGREPORT=\"\" -DPACKAGE_URL=\"\" -DPACKAGE=\"instspc\" -DVERSION=\"1.0\" -I. -I..   -I/usr/local/Cellar/libffi/3.0.10/include -I/usr/local/Cellar/gettext/0.18.1.1/include  -Os -w -pipe   -march=core2 -msse4 -MT source.o -MD -MP -MF .deps/source.Tpo -c -o source.o ../source.c
mv -f .deps/source.Tpo .deps/source.Po
rm -f sub/libbase.a
ar cru sub/libbase.a source.o 
ranlib sub/libbase.a
rm -f sub/libnobase.a
ar cru sub/libnobase.a source.o 
ranlib sub/libnobase.a
/usr/bin/llvm-gcc  -Os -w -pipe   -march=core2 -msse4  -L/usr/local/Cellar/libffi/3.0.10/lib -L/usr/local/Cellar/gettext/0.18.1.1/lib -o sub/base source.o  
/usr/bin/llvm-gcc  -Os -w -pipe   -march=core2 -msse4  -L/usr/local/Cellar/libffi/3.0.10/lib -L/usr/local/Cellar/gettext/0.18.1.1/lib -o sub/nobase source.o  
+ DESTDIR=/private/tmp/homebrew-automake-HEAD-mfsB/tests/instspc.dir/dest-lqbrack
+ file='./['
+ make -e test-inst
test -z "/[-prefix/foo" || ../install-sh -c -d "/private/tmp/homebrew-automake-HEAD-mfsB/tests/instspc.dir/dest-lqbrack/[-prefix/foo"
 /usr/bin/install -c ../sub/base.sh '/private/tmp/homebrew-automake-HEAD-mfsB/tests/instspc.dir/dest-lqbrack/[-prefix/foo'
test -z "/[-prefix/foo" || ../install-sh -c -d "/private/tmp/homebrew-automake-HEAD-mfsB/tests/instspc.dir/dest-lqbrack/[-prefix/foo"
 /usr/bin/install -c -m 644  sub/libbase.a '/private/tmp/homebrew-automake-HEAD-mfsB/tests/instspc.dir/dest-lqbrack/[-prefix/foo'
 ( cd '/private/tmp/homebrew-automake-HEAD-mfsB/tests/instspc.dir/dest-lqbrack/[-prefix/foo' && ranlib libbase.a )
test -z "/[-prefix/foo" || ../install-sh -c -d "/private/tmp/homebrew-automake-HEAD-mfsB/tests/instspc.dir/dest-lqbrack/[-prefix/foo"
  /usr/bin/install -c sub/base '/private/tmp/homebrew-automake-HEAD-mfsB/tests/instspc.dir/dest-lqbrack/[-prefix/foo'
test -z "/[-prefix/foo" || ../install-sh -c -d "/private/tmp/homebrew-automake-HEAD-mfsB/tests/instspc.dir/dest-lqbrack/[-prefix/foo"
 ../install-sh -c -d '/private/tmp/homebrew-automake-HEAD-mfsB/tests/instspc.dir/dest-lqbrack/[-prefix/foo/sub/'
 /usr/bin/install -c ../sub/nobase.sh '/private/tmp/homebrew-automake-HEAD-mfsB/tests/instspc.dir/dest-lqbrack/[-prefix/foo/sub/'
test -z "/[-prefix/foo" || ../install-sh -c -d "/private/tmp/homebrew-automake-HEAD-mfsB/tests/instspc.dir/dest-lqbrack/[-prefix/foo"
../install-sh -c -d '/private/tmp/homebrew-automake-HEAD-mfsB/tests/instspc.dir/dest-lqbrack/[-prefix/foo/sub'
 /usr/bin/install -c -m 644  sub/libnobase.a '/private/tmp/homebrew-automake-HEAD-mfsB/tests/instspc.dir/dest-lqbrack/[-prefix/foo/sub'
 ( cd '/private/tmp/homebrew-automake-HEAD-mfsB/tests/instspc.dir/dest-lqbrack/[-prefix/foo' && ranlib sub/libnobase.a )
test -z "/[-prefix/foo" || ../install-sh -c -d "/private/tmp/homebrew-automake-HEAD-mfsB/tests/instspc.dir/dest-lqbrack/[-prefix/foo"
 ../install-sh -c -d '/private/tmp/homebrew-automake-HEAD-mfsB/tests/instspc.dir/dest-lqbrack/[-prefix/foo/sub/'
  /usr/bin/install -c sub/nobase '/private/tmp/homebrew-automake-HEAD-mfsB/tests/instspc.dir/dest-lqbrack/[-prefix/foo/sub/'
test -z "/[-prefix/foo" || ../install-sh -c -d "/private/tmp/homebrew-automake-HEAD-mfsB/tests/instspc.dir/dest-lqbrack/[-prefix/foo"
 /usr/bin/install -c -m 644 ../sub/base.dat '/private/tmp/homebrew-automake-HEAD-mfsB/tests/instspc.dir/dest-lqbrack/[-prefix/foo'
test -z "/[-prefix/foo" || ../install-sh -c -d "/private/tmp/homebrew-automake-HEAD-mfsB/tests/instspc.dir/dest-lqbrack/[-prefix/foo"
 /usr/bin/install -c -m 644 ../sub/base.h '/private/tmp/homebrew-automake-HEAD-mfsB/tests/instspc.dir/dest-lqbrack/[-prefix/foo'
test -z "/[-prefix/foo" || ../install-sh -c -d "/private/tmp/homebrew-automake-HEAD-mfsB/tests/instspc.dir/dest-lqbrack/[-prefix/foo"
../install-sh -c -d '/private/tmp/homebrew-automake-HEAD-mfsB/tests/instspc.dir/dest-lqbrack/[-prefix/foo/sub'
 /usr/bin/install -c -m 644  ../sub/nobase.dat '/private/tmp/homebrew-automake-HEAD-mfsB/tests/instspc.dir/dest-lqbrack/[-prefix/foo/sub'
test -z "/[-prefix/foo" || ../install-sh -c -d "/private/tmp/homebrew-automake-HEAD-mfsB/tests/instspc.dir/dest-lqbrack/[-prefix/foo"
../install-sh -c -d '/private/tmp/homebrew-automake-HEAD-mfsB/tests/instspc.dir/dest-lqbrack/[-prefix/foo/sub'
 /usr/bin/install -c -m 644  ../sub/nobase.h '/private/tmp/homebrew-automake-HEAD-mfsB/tests/instspc.dir/dest-lqbrack/[-prefix/foo/sub'
test   -f '/private/tmp/homebrew-automake-HEAD-mfsB/tests/instspc.dir/dest-lqbrack/./[-prefix/foo/sub/nobase.h'
test ! -f '/private/tmp/homebrew-automake-HEAD-mfsB/tests/instspc.dir/dest-lqbrack/./[-prefix/foo/nobase.h'
test   -f '/private/tmp/homebrew-automake-HEAD-mfsB/tests/instspc.dir/dest-lqbrack/./[-prefix/foo/base.h'
test   -f '/private/tmp/homebrew-automake-HEAD-mfsB/tests/instspc.dir/dest-lqbrack/./[-prefix/foo/sub/nobase.dat'
test ! -f '/private/tmp/homebrew-automake-HEAD-mfsB/tests/instspc.dir/dest-lqbrack/./[-prefix/foo/nobase.dat'
test   -f '/private/tmp/homebrew-automake-HEAD-mfsB/tests/instspc.dir/dest-lqbrack/./[-prefix/foo/base.dat'
test   -f '/private/tmp/homebrew-automake-HEAD-mfsB/tests/instspc.dir/dest-lqbrack/./[-prefix/foo/sub/nobase.sh'
test ! -f '/private/tmp/homebrew-automake-HEAD-mfsB/tests/instspc.dir/dest-lqbrack/./[-prefix/foo/nobase.sh'
test   -f '/private/tmp/homebrew-automake-HEAD-mfsB/tests/instspc.dir/dest-lqbrack/./[-prefix/foo/base.sh'
test   -f '/private/tmp/homebrew-automake-HEAD-mfsB/tests/instspc.dir/dest-lqbrack/./[-prefix/foo/sub/nobase'
test ! -f '/private/tmp/homebrew-automake-HEAD-mfsB/tests/instspc.dir/dest-lqbrack/./[-prefix/foo/nobase'
test   -f '/private/tmp/homebrew-automake-HEAD-mfsB/tests/instspc.dir/dest-lqbrack/./[-prefix/foo/base'
test   -f '/private/tmp/homebrew-automake-HEAD-mfsB/tests/instspc.dir/dest-lqbrack/./[-prefix/foo/sub/libnobase.a'
test ! -f '/private/tmp/homebrew-automake-HEAD-mfsB/tests/instspc.dir/dest-lqbrack/./[-prefix/foo/libnobase.a'
test   -f '/private/tmp/homebrew-automake-HEAD-mfsB/tests/instspc.dir/dest-lqbrack/./[-prefix/foo/libbase.a'
+ description='lqbrack in builddir'
+ expected_to_fail build lqbrack
+ case $1 in
+ is_in_list lqbrack squote dquote bquote sharp dollar bslash ampersand linefeed quadrigraph0 a_lf_b
+ item=lqbrack
+ shift
+ case " $* " in
+ return 1
+ directive=
+ reason=
+ result_ ok -D '' -r '' -- 'lqbrack in builddir'
+ set +x
ok 51 - lqbrack in builddir
PASS: instspc.tap 51 - lqbrack in builddir
+ cd /private/tmp/homebrew-automake-HEAD-mfsB/tests/instspc.dir
+ not am_keeping_testdirs
+ am_keeping_testdirs
+ case $keep_testdirs in
+ return 1
+ return 0
+ test ok = ok
+ rm_rf_ './[' /private/tmp/homebrew-automake-HEAD-mfsB/tests/instspc.dir/dest-lqbrack
+ test 2 -gt 0
+ find './[' /private/tmp/homebrew-automake-HEAD-mfsB/tests/instspc.dir/dest-lqbrack -type d '!' -perm -700 -exec chmod u+rwx '{}' ';'
+ rm -rf './[' /private/tmp/homebrew-automake-HEAD-mfsB/tests/instspc.dir/dest-lqbrack
+ for where in build dest
+ case $where in
+ build=build-lqbrack
+ dest='/private/tmp/homebrew-automake-HEAD-mfsB/tests/instspc.dir/['
+ mkdir build-lqbrack
+ cd build-lqbrack
+ r=ok
+ ../configure --prefix '/[-prefix'
checking for a BSD-compatible install... /usr/bin/install -c
checking whether build environment is sane... yes
checking for a thread-safe mkdir -p... ../install-sh -c -d
checking for gawk... gawk
checking whether make sets $(MAKE)... yes
checking for gcc... /usr/bin/llvm-gcc
checking whether the C compiler works... yes
checking for C compiler default output file name... a.out
checking for suffix of executables... 
checking whether we are cross compiling... no
checking for suffix of object files... o
checking whether we are using the GNU C compiler... yes
checking whether /usr/bin/llvm-gcc accepts -g... yes
checking for /usr/bin/llvm-gcc option to accept ISO C89... none needed
checking for style of include used by make... GNU
checking dependency style of /usr/bin/llvm-gcc... gcc3
checking for ar... ar
checking the archiver (ar) interface... ar
checking for ranlib... ranlib
checking that generated files are newer than configure... done
configure: creating ./config.status
config.status: creating Makefile
config.status: executing depfiles commands
+ make all
/usr/bin/llvm-gcc -DPACKAGE_NAME=\"instspc\" -DPACKAGE_TARNAME=\"instspc\" -DPACKAGE_VERSION=\"1.0\" -DPACKAGE_STRING=\"instspc\ 1.0\" -DPACKAGE_BUGREPORT=\"\" -DPACKAGE_URL=\"\" -DPACKAGE=\"instspc\" -DVERSION=\"1.0\" -I. -I..   -I/usr/local/Cellar/libffi/3.0.10/include -I/usr/local/Cellar/gettext/0.18.1.1/include  -Os -w -pipe   -march=core2 -msse4 -MT source.o -MD -MP -MF .deps/source.Tpo -c -o source.o ../source.c
mv -f .deps/source.Tpo .deps/source.Po
rm -f sub/libbase.a
ar cru sub/libbase.a source.o 
ranlib sub/libbase.a
rm -f sub/libnobase.a
ar cru sub/libnobase.a source.o 
ranlib sub/libnobase.a
/usr/bin/llvm-gcc  -Os -w -pipe   -march=core2 -msse4  -L/usr/local/Cellar/libffi/3.0.10/lib -L/usr/local/Cellar/gettext/0.18.1.1/lib -o sub/base source.o  
/usr/bin/llvm-gcc  -Os -w -pipe   -march=core2 -msse4  -L/usr/local/Cellar/libffi/3.0.10/lib -L/usr/local/Cellar/gettext/0.18.1.1/lib -o sub/nobase source.o  
+ DESTDIR='/private/tmp/homebrew-automake-HEAD-mfsB/tests/instspc.dir/['
+ file='./['
+ make -e test-inst
test -z "/[-prefix/foo" || ../install-sh -c -d "/private/tmp/homebrew-automake-HEAD-mfsB/tests/instspc.dir/[/[-prefix/foo"
 /usr/bin/install -c ../sub/base.sh '/private/tmp/homebrew-automake-HEAD-mfsB/tests/instspc.dir/[/[-prefix/foo'
test -z "/[-prefix/foo" || ../install-sh -c -d "/private/tmp/homebrew-automake-HEAD-mfsB/tests/instspc.dir/[/[-prefix/foo"
 /usr/bin/install -c -m 644  sub/libbase.a '/private/tmp/homebrew-automake-HEAD-mfsB/tests/instspc.dir/[/[-prefix/foo'
 ( cd '/private/tmp/homebrew-automake-HEAD-mfsB/tests/instspc.dir/[/[-prefix/foo' && ranlib libbase.a )
test -z "/[-prefix/foo" || ../install-sh -c -d "/private/tmp/homebrew-automake-HEAD-mfsB/tests/instspc.dir/[/[-prefix/foo"
  /usr/bin/install -c sub/base '/private/tmp/homebrew-automake-HEAD-mfsB/tests/instspc.dir/[/[-prefix/foo'
test -z "/[-prefix/foo" || ../install-sh -c -d "/private/tmp/homebrew-automake-HEAD-mfsB/tests/instspc.dir/[/[-prefix/foo"
 ../install-sh -c -d '/private/tmp/homebrew-automake-HEAD-mfsB/tests/instspc.dir/[/[-prefix/foo/sub/'
 /usr/bin/install -c ../sub/nobase.sh '/private/tmp/homebrew-automake-HEAD-mfsB/tests/instspc.dir/[/[-prefix/foo/sub/'
test -z "/[-prefix/foo" || ../install-sh -c -d "/private/tmp/homebrew-automake-HEAD-mfsB/tests/instspc.dir/[/[-prefix/foo"
../install-sh -c -d '/private/tmp/homebrew-automake-HEAD-mfsB/tests/instspc.dir/[/[-prefix/foo/sub'
 /usr/bin/install -c -m 644  sub/libnobase.a '/private/tmp/homebrew-automake-HEAD-mfsB/tests/instspc.dir/[/[-prefix/foo/sub'
 ( cd '/private/tmp/homebrew-automake-HEAD-mfsB/tests/instspc.dir/[/[-prefix/foo' && ranlib sub/libnobase.a )
test -z "/[-prefix/foo" || ../install-sh -c -d "/private/tmp/homebrew-automake-HEAD-mfsB/tests/instspc.dir/[/[-prefix/foo"
 ../install-sh -c -d '/private/tmp/homebrew-automake-HEAD-mfsB/tests/instspc.dir/[/[-prefix/foo/sub/'
  /usr/bin/install -c sub/nobase '/private/tmp/homebrew-automake-HEAD-mfsB/tests/instspc.dir/[/[-prefix/foo/sub/'
test -z "/[-prefix/foo" || ../install-sh -c -d "/private/tmp/homebrew-automake-HEAD-mfsB/tests/instspc.dir/[/[-prefix/foo"
 /usr/bin/install -c -m 644 ../sub/base.dat '/private/tmp/homebrew-automake-HEAD-mfsB/tests/instspc.dir/[/[-prefix/foo'
test -z "/[-prefix/foo" || ../install-sh -c -d "/private/tmp/homebrew-automake-HEAD-mfsB/tests/instspc.dir/[/[-prefix/foo"
 /usr/bin/install -c -m 644 ../sub/base.h '/private/tmp/homebrew-automake-HEAD-mfsB/tests/instspc.dir/[/[-prefix/foo'
test -z "/[-prefix/foo" || ../install-sh -c -d "/private/tmp/homebrew-automake-HEAD-mfsB/tests/instspc.dir/[/[-prefix/foo"
../install-sh -c -d '/private/tmp/homebrew-automake-HEAD-mfsB/tests/instspc.dir/[/[-prefix/foo/sub'
 /usr/bin/install -c -m 644  ../sub/nobase.dat '/private/tmp/homebrew-automake-HEAD-mfsB/tests/instspc.dir/[/[-prefix/foo/sub'
test -z "/[-prefix/foo" || ../install-sh -c -d "/private/tmp/homebrew-automake-HEAD-mfsB/tests/instspc.dir/[/[-prefix/foo"
../install-sh -c -d '/private/tmp/homebrew-automake-HEAD-mfsB/tests/instspc.dir/[/[-prefix/foo/sub'
 /usr/bin/install -c -m 644  ../sub/nobase.h '/private/tmp/homebrew-automake-HEAD-mfsB/tests/instspc.dir/[/[-prefix/foo/sub'
test   -f '/private/tmp/homebrew-automake-HEAD-mfsB/tests/instspc.dir/[/./[-prefix/foo/sub/nobase.h'
test ! -f '/private/tmp/homebrew-automake-HEAD-mfsB/tests/instspc.dir/[/./[-prefix/foo/nobase.h'
test   -f '/private/tmp/homebrew-automake-HEAD-mfsB/tests/instspc.dir/[/./[-prefix/foo/base.h'
test   -f '/private/tmp/homebrew-automake-HEAD-mfsB/tests/instspc.dir/[/./[-prefix/foo/sub/nobase.dat'
test ! -f '/private/tmp/homebrew-automake-HEAD-mfsB/tests/instspc.dir/[/./[-prefix/foo/nobase.dat'
test   -f '/private/tmp/homebrew-automake-HEAD-mfsB/tests/instspc.dir/[/./[-prefix/foo/base.dat'
test   -f '/private/tmp/homebrew-automake-HEAD-mfsB/tests/instspc.dir/[/./[-prefix/foo/sub/nobase.sh'
test ! -f '/private/tmp/homebrew-automake-HEAD-mfsB/tests/instspc.dir/[/./[-prefix/foo/nobase.sh'
test   -f '/private/tmp/homebrew-automake-HEAD-mfsB/tests/instspc.dir/[/./[-prefix/foo/base.sh'
test   -f '/private/tmp/homebrew-automake-HEAD-mfsB/tests/instspc.dir/[/./[-prefix/foo/sub/nobase'
test ! -f '/private/tmp/homebrew-automake-HEAD-mfsB/tests/instspc.dir/[/./[-prefix/foo/nobase'
test   -f '/private/tmp/homebrew-automake-HEAD-mfsB/tests/instspc.dir/[/./[-prefix/foo/base'
test   -f '/private/tmp/homebrew-automake-HEAD-mfsB/tests/instspc.dir/[/./[-prefix/foo/sub/libnobase.a'
test ! -f '/private/tmp/homebrew-automake-HEAD-mfsB/tests/instspc.dir/[/./[-prefix/foo/libnobase.a'
test   -f '/private/tmp/homebrew-automake-HEAD-mfsB/tests/instspc.dir/[/./[-prefix/foo/libbase.a'
+ description='lqbrack in destdir'
+ expected_to_fail dest lqbrack
+ case $1 in
+ is_in_list lqbrack squote dquote bquote sharp dollar linefeed a_lf_b
+ item=lqbrack
+ shift
+ case " $* " in
+ return 1
+ directive=
+ reason=
+ result_ ok -D '' -r '' -- 'lqbrack in destdir'
+ set +x
ok 52 - lqbrack in destdir
PASS: instspc.tap 52 - lqbrack in destdir
+ cd /private/tmp/homebrew-automake-HEAD-mfsB/tests/instspc.dir
+ not am_keeping_testdirs
+ am_keeping_testdirs
+ case $keep_testdirs in
+ return 1
+ return 0
+ test ok = ok
+ rm_rf_ build-lqbrack '/private/tmp/homebrew-automake-HEAD-mfsB/tests/instspc.dir/['
+ test 2 -gt 0
+ find build-lqbrack '/private/tmp/homebrew-automake-HEAD-mfsB/tests/instspc.dir/[' -type d '!' -perm -700 -exec chmod u+rwx '{}' ';'
+ rm -rf build-lqbrack '/private/tmp/homebrew-automake-HEAD-mfsB/tests/instspc.dir/['
+ for test_name in '$test_names_list'
+ eval 'test_string=${instspc__rqbrack}'
++ test_string=']'
+ test 'x]' = x
+ mkdir './]'
+ case $test_string in
+ for where in build dest
+ case $where in
+ build='./]'
+ dest=/private/tmp/homebrew-automake-HEAD-mfsB/tests/instspc.dir/dest-rqbrack
+ cd './]'
+ r=ok
+ ../configure --prefix '/]-prefix'
checking for a BSD-compatible install... /usr/bin/install -c
checking whether build environment is sane... yes
checking for a thread-safe mkdir -p... ../install-sh -c -d
checking for gawk... gawk
checking whether make sets $(MAKE)... yes
checking for gcc... /usr/bin/llvm-gcc
checking whether the C compiler works... yes
checking for C compiler default output file name... a.out
checking for suffix of executables... 
checking whether we are cross compiling... no
checking for suffix of object files... o
checking whether we are using the GNU C compiler... yes
checking whether /usr/bin/llvm-gcc accepts -g... yes
checking for /usr/bin/llvm-gcc option to accept ISO C89... none needed
checking for style of include used by make... GNU
checking dependency style of /usr/bin/llvm-gcc... gcc3
checking for ar... ar
checking the archiver (ar) interface... ar
checking for ranlib... ranlib
checking that generated files are newer than configure... done
configure: creating ./config.status
config.status: creating Makefile
config.status: executing depfiles commands
+ make all
/usr/bin/llvm-gcc -DPACKAGE_NAME=\"instspc\" -DPACKAGE_TARNAME=\"instspc\" -DPACKAGE_VERSION=\"1.0\" -DPACKAGE_STRING=\"instspc\ 1.0\" -DPACKAGE_BUGREPORT=\"\" -DPACKAGE_URL=\"\" -DPACKAGE=\"instspc\" -DVERSION=\"1.0\" -I. -I..   -I/usr/local/Cellar/libffi/3.0.10/include -I/usr/local/Cellar/gettext/0.18.1.1/include  -Os -w -pipe   -march=core2 -msse4 -MT source.o -MD -MP -MF .deps/source.Tpo -c -o source.o ../source.c
mv -f .deps/source.Tpo .deps/source.Po
rm -f sub/libbase.a
ar cru sub/libbase.a source.o 
ranlib sub/libbase.a
rm -f sub/libnobase.a
ar cru sub/libnobase.a source.o 
ranlib sub/libnobase.a
/usr/bin/llvm-gcc  -Os -w -pipe   -march=core2 -msse4  -L/usr/local/Cellar/libffi/3.0.10/lib -L/usr/local/Cellar/gettext/0.18.1.1/lib -o sub/base source.o  
/usr/bin/llvm-gcc  -Os -w -pipe   -march=core2 -msse4  -L/usr/local/Cellar/libffi/3.0.10/lib -L/usr/local/Cellar/gettext/0.18.1.1/lib -o sub/nobase source.o  
+ DESTDIR=/private/tmp/homebrew-automake-HEAD-mfsB/tests/instspc.dir/dest-rqbrack
+ file='./]'
+ make -e test-inst
test -z "/]-prefix/foo" || ../install-sh -c -d "/private/tmp/homebrew-automake-HEAD-mfsB/tests/instspc.dir/dest-rqbrack/]-prefix/foo"
 /usr/bin/install -c ../sub/base.sh '/private/tmp/homebrew-automake-HEAD-mfsB/tests/instspc.dir/dest-rqbrack/]-prefix/foo'
test -z "/]-prefix/foo" || ../install-sh -c -d "/private/tmp/homebrew-automake-HEAD-mfsB/tests/instspc.dir/dest-rqbrack/]-prefix/foo"
 /usr/bin/install -c -m 644  sub/libbase.a '/private/tmp/homebrew-automake-HEAD-mfsB/tests/instspc.dir/dest-rqbrack/]-prefix/foo'
 ( cd '/private/tmp/homebrew-automake-HEAD-mfsB/tests/instspc.dir/dest-rqbrack/]-prefix/foo' && ranlib libbase.a )
test -z "/]-prefix/foo" || ../install-sh -c -d "/private/tmp/homebrew-automake-HEAD-mfsB/tests/instspc.dir/dest-rqbrack/]-prefix/foo"
  /usr/bin/install -c sub/base '/private/tmp/homebrew-automake-HEAD-mfsB/tests/instspc.dir/dest-rqbrack/]-prefix/foo'
test -z "/]-prefix/foo" || ../install-sh -c -d "/private/tmp/homebrew-automake-HEAD-mfsB/tests/instspc.dir/dest-rqbrack/]-prefix/foo"
 ../install-sh -c -d '/private/tmp/homebrew-automake-HEAD-mfsB/tests/instspc.dir/dest-rqbrack/]-prefix/foo/sub/'
 /usr/bin/install -c ../sub/nobase.sh '/private/tmp/homebrew-automake-HEAD-mfsB/tests/instspc.dir/dest-rqbrack/]-prefix/foo/sub/'
test -z "/]-prefix/foo" || ../install-sh -c -d "/private/tmp/homebrew-automake-HEAD-mfsB/tests/instspc.dir/dest-rqbrack/]-prefix/foo"
../install-sh -c -d '/private/tmp/homebrew-automake-HEAD-mfsB/tests/instspc.dir/dest-rqbrack/]-prefix/foo/sub'
 /usr/bin/install -c -m 644  sub/libnobase.a '/private/tmp/homebrew-automake-HEAD-mfsB/tests/instspc.dir/dest-rqbrack/]-prefix/foo/sub'
 ( cd '/private/tmp/homebrew-automake-HEAD-mfsB/tests/instspc.dir/dest-rqbrack/]-prefix/foo' && ranlib sub/libnobase.a )
test -z "/]-prefix/foo" || ../install-sh -c -d "/private/tmp/homebrew-automake-HEAD-mfsB/tests/instspc.dir/dest-rqbrack/]-prefix/foo"
 ../install-sh -c -d '/private/tmp/homebrew-automake-HEAD-mfsB/tests/instspc.dir/dest-rqbrack/]-prefix/foo/sub/'
  /usr/bin/install -c sub/nobase '/private/tmp/homebrew-automake-HEAD-mfsB/tests/instspc.dir/dest-rqbrack/]-prefix/foo/sub/'
test -z "/]-prefix/foo" || ../install-sh -c -d "/private/tmp/homebrew-automake-HEAD-mfsB/tests/instspc.dir/dest-rqbrack/]-prefix/foo"
 /usr/bin/install -c -m 644 ../sub/base.dat '/private/tmp/homebrew-automake-HEAD-mfsB/tests/instspc.dir/dest-rqbrack/]-prefix/foo'
test -z "/]-prefix/foo" || ../install-sh -c -d "/private/tmp/homebrew-automake-HEAD-mfsB/tests/instspc.dir/dest-rqbrack/]-prefix/foo"
 /usr/bin/install -c -m 644 ../sub/base.h '/private/tmp/homebrew-automake-HEAD-mfsB/tests/instspc.dir/dest-rqbrack/]-prefix/foo'
test -z "/]-prefix/foo" || ../install-sh -c -d "/private/tmp/homebrew-automake-HEAD-mfsB/tests/instspc.dir/dest-rqbrack/]-prefix/foo"
../install-sh -c -d '/private/tmp/homebrew-automake-HEAD-mfsB/tests/instspc.dir/dest-rqbrack/]-prefix/foo/sub'
 /usr/bin/install -c -m 644  ../sub/nobase.dat '/private/tmp/homebrew-automake-HEAD-mfsB/tests/instspc.dir/dest-rqbrack/]-prefix/foo/sub'
test -z "/]-prefix/foo" || ../install-sh -c -d "/private/tmp/homebrew-automake-HEAD-mfsB/tests/instspc.dir/dest-rqbrack/]-prefix/foo"
../install-sh -c -d '/private/tmp/homebrew-automake-HEAD-mfsB/tests/instspc.dir/dest-rqbrack/]-prefix/foo/sub'
 /usr/bin/install -c -m 644  ../sub/nobase.h '/private/tmp/homebrew-automake-HEAD-mfsB/tests/instspc.dir/dest-rqbrack/]-prefix/foo/sub'
test   -f '/private/tmp/homebrew-automake-HEAD-mfsB/tests/instspc.dir/dest-rqbrack/./]-prefix/foo/sub/nobase.h'
test ! -f '/private/tmp/homebrew-automake-HEAD-mfsB/tests/instspc.dir/dest-rqbrack/./]-prefix/foo/nobase.h'
test   -f '/private/tmp/homebrew-automake-HEAD-mfsB/tests/instspc.dir/dest-rqbrack/./]-prefix/foo/base.h'
test   -f '/private/tmp/homebrew-automake-HEAD-mfsB/tests/instspc.dir/dest-rqbrack/./]-prefix/foo/sub/nobase.dat'
test ! -f '/private/tmp/homebrew-automake-HEAD-mfsB/tests/instspc.dir/dest-rqbrack/./]-prefix/foo/nobase.dat'
test   -f '/private/tmp/homebrew-automake-HEAD-mfsB/tests/instspc.dir/dest-rqbrack/./]-prefix/foo/base.dat'
test   -f '/private/tmp/homebrew-automake-HEAD-mfsB/tests/instspc.dir/dest-rqbrack/./]-prefix/foo/sub/nobase.sh'
test ! -f '/private/tmp/homebrew-automake-HEAD-mfsB/tests/instspc.dir/dest-rqbrack/./]-prefix/foo/nobase.sh'
test   -f '/private/tmp/homebrew-automake-HEAD-mfsB/tests/instspc.dir/dest-rqbrack/./]-prefix/foo/base.sh'
test   -f '/private/tmp/homebrew-automake-HEAD-mfsB/tests/instspc.dir/dest-rqbrack/./]-prefix/foo/sub/nobase'
test ! -f '/private/tmp/homebrew-automake-HEAD-mfsB/tests/instspc.dir/dest-rqbrack/./]-prefix/foo/nobase'
test   -f '/private/tmp/homebrew-automake-HEAD-mfsB/tests/instspc.dir/dest-rqbrack/./]-prefix/foo/base'
test   -f '/private/tmp/homebrew-automake-HEAD-mfsB/tests/instspc.dir/dest-rqbrack/./]-prefix/foo/sub/libnobase.a'
test ! -f '/private/tmp/homebrew-automake-HEAD-mfsB/tests/instspc.dir/dest-rqbrack/./]-prefix/foo/libnobase.a'
test   -f '/private/tmp/homebrew-automake-HEAD-mfsB/tests/instspc.dir/dest-rqbrack/./]-prefix/foo/libbase.a'
+ description='rqbrack in builddir'
+ expected_to_fail build rqbrack
+ case $1 in
+ is_in_list rqbrack squote dquote bquote sharp dollar bslash ampersand linefeed quadrigraph0 a_lf_b
+ item=rqbrack
+ shift
+ case " $* " in
+ return 1
+ directive=
+ reason=
+ result_ ok -D '' -r '' -- 'rqbrack in builddir'
+ set +x
ok 53 - rqbrack in builddir
PASS: instspc.tap 53 - rqbrack in builddir
+ cd /private/tmp/homebrew-automake-HEAD-mfsB/tests/instspc.dir
+ not am_keeping_testdirs
+ am_keeping_testdirs
+ case $keep_testdirs in
+ return 1
+ return 0
+ test ok = ok
+ rm_rf_ './]' /private/tmp/homebrew-automake-HEAD-mfsB/tests/instspc.dir/dest-rqbrack
+ test 2 -gt 0
+ find './]' /private/tmp/homebrew-automake-HEAD-mfsB/tests/instspc.dir/dest-rqbrack -type d '!' -perm -700 -exec chmod u+rwx '{}' ';'
+ rm -rf './]' /private/tmp/homebrew-automake-HEAD-mfsB/tests/instspc.dir/dest-rqbrack
+ for where in build dest
+ case $where in
+ build=build-rqbrack
+ dest='/private/tmp/homebrew-automake-HEAD-mfsB/tests/instspc.dir/]'
+ mkdir build-rqbrack
+ cd build-rqbrack
+ r=ok
+ ../configure --prefix '/]-prefix'
checking for a BSD-compatible install... /usr/bin/install -c
checking whether build environment is sane... yes
checking for a thread-safe mkdir -p... ../install-sh -c -d
checking for gawk... gawk
checking whether make sets $(MAKE)... yes
checking for gcc... /usr/bin/llvm-gcc
checking whether the C compiler works... yes
checking for C compiler default output file name... a.out
checking for suffix of executables... 
checking whether we are cross compiling... no
checking for suffix of object files... o
checking whether we are using the GNU C compiler... yes
checking whether /usr/bin/llvm-gcc accepts -g... yes
checking for /usr/bin/llvm-gcc option to accept ISO C89... none needed
checking for style of include used by make... GNU
checking dependency style of /usr/bin/llvm-gcc... gcc3
checking for ar... ar
checking the archiver (ar) interface... ar
checking for ranlib... ranlib
checking that generated files are newer than configure... done
configure: creating ./config.status
config.status: creating Makefile
config.status: executing depfiles commands
+ make all
/usr/bin/llvm-gcc -DPACKAGE_NAME=\"instspc\" -DPACKAGE_TARNAME=\"instspc\" -DPACKAGE_VERSION=\"1.0\" -DPACKAGE_STRING=\"instspc\ 1.0\" -DPACKAGE_BUGREPORT=\"\" -DPACKAGE_URL=\"\" -DPACKAGE=\"instspc\" -DVERSION=\"1.0\" -I. -I..   -I/usr/local/Cellar/libffi/3.0.10/include -I/usr/local/Cellar/gettext/0.18.1.1/include  -Os -w -pipe   -march=core2 -msse4 -MT source.o -MD -MP -MF .deps/source.Tpo -c -o source.o ../source.c
mv -f .deps/source.Tpo .deps/source.Po
rm -f sub/libbase.a
ar cru sub/libbase.a source.o 
ranlib sub/libbase.a
rm -f sub/libnobase.a
ar cru sub/libnobase.a source.o 
ranlib sub/libnobase.a
/usr/bin/llvm-gcc  -Os -w -pipe   -march=core2 -msse4  -L/usr/local/Cellar/libffi/3.0.10/lib -L/usr/local/Cellar/gettext/0.18.1.1/lib -o sub/base source.o  
/usr/bin/llvm-gcc  -Os -w -pipe   -march=core2 -msse4  -L/usr/local/Cellar/libffi/3.0.10/lib -L/usr/local/Cellar/gettext/0.18.1.1/lib -o sub/nobase source.o  
+ DESTDIR='/private/tmp/homebrew-automake-HEAD-mfsB/tests/instspc.dir/]'
+ file='./]'
+ make -e test-inst
test -z "/]-prefix/foo" || ../install-sh -c -d "/private/tmp/homebrew-automake-HEAD-mfsB/tests/instspc.dir/]/]-prefix/foo"
 /usr/bin/install -c ../sub/base.sh '/private/tmp/homebrew-automake-HEAD-mfsB/tests/instspc.dir/]/]-prefix/foo'
test -z "/]-prefix/foo" || ../install-sh -c -d "/private/tmp/homebrew-automake-HEAD-mfsB/tests/instspc.dir/]/]-prefix/foo"
 /usr/bin/install -c -m 644  sub/libbase.a '/private/tmp/homebrew-automake-HEAD-mfsB/tests/instspc.dir/]/]-prefix/foo'
 ( cd '/private/tmp/homebrew-automake-HEAD-mfsB/tests/instspc.dir/]/]-prefix/foo' && ranlib libbase.a )
test -z "/]-prefix/foo" || ../install-sh -c -d "/private/tmp/homebrew-automake-HEAD-mfsB/tests/instspc.dir/]/]-prefix/foo"
  /usr/bin/install -c sub/base '/private/tmp/homebrew-automake-HEAD-mfsB/tests/instspc.dir/]/]-prefix/foo'
test -z "/]-prefix/foo" || ../install-sh -c -d "/private/tmp/homebrew-automake-HEAD-mfsB/tests/instspc.dir/]/]-prefix/foo"
 ../install-sh -c -d '/private/tmp/homebrew-automake-HEAD-mfsB/tests/instspc.dir/]/]-prefix/foo/sub/'
 /usr/bin/install -c ../sub/nobase.sh '/private/tmp/homebrew-automake-HEAD-mfsB/tests/instspc.dir/]/]-prefix/foo/sub/'
test -z "/]-prefix/foo" || ../install-sh -c -d "/private/tmp/homebrew-automake-HEAD-mfsB/tests/instspc.dir/]/]-prefix/foo"
../install-sh -c -d '/private/tmp/homebrew-automake-HEAD-mfsB/tests/instspc.dir/]/]-prefix/foo/sub'
 /usr/bin/install -c -m 644  sub/libnobase.a '/private/tmp/homebrew-automake-HEAD-mfsB/tests/instspc.dir/]/]-prefix/foo/sub'
 ( cd '/private/tmp/homebrew-automake-HEAD-mfsB/tests/instspc.dir/]/]-prefix/foo' && ranlib sub/libnobase.a )
test -z "/]-prefix/foo" || ../install-sh -c -d "/private/tmp/homebrew-automake-HEAD-mfsB/tests/instspc.dir/]/]-prefix/foo"
 ../install-sh -c -d '/private/tmp/homebrew-automake-HEAD-mfsB/tests/instspc.dir/]/]-prefix/foo/sub/'
  /usr/bin/install -c sub/nobase '/private/tmp/homebrew-automake-HEAD-mfsB/tests/instspc.dir/]/]-prefix/foo/sub/'
test -z "/]-prefix/foo" || ../install-sh -c -d "/private/tmp/homebrew-automake-HEAD-mfsB/tests/instspc.dir/]/]-prefix/foo"
 /usr/bin/install -c -m 644 ../sub/base.dat '/private/tmp/homebrew-automake-HEAD-mfsB/tests/instspc.dir/]/]-prefix/foo'
test -z "/]-prefix/foo" || ../install-sh -c -d "/private/tmp/homebrew-automake-HEAD-mfsB/tests/instspc.dir/]/]-prefix/foo"
 /usr/bin/install -c -m 644 ../sub/base.h '/private/tmp/homebrew-automake-HEAD-mfsB/tests/instspc.dir/]/]-prefix/foo'
test -z "/]-prefix/foo" || ../install-sh -c -d "/private/tmp/homebrew-automake-HEAD-mfsB/tests/instspc.dir/]/]-prefix/foo"
../install-sh -c -d '/private/tmp/homebrew-automake-HEAD-mfsB/tests/instspc.dir/]/]-prefix/foo/sub'
 /usr/bin/install -c -m 644  ../sub/nobase.dat '/private/tmp/homebrew-automake-HEAD-mfsB/tests/instspc.dir/]/]-prefix/foo/sub'
test -z "/]-prefix/foo" || ../install-sh -c -d "/private/tmp/homebrew-automake-HEAD-mfsB/tests/instspc.dir/]/]-prefix/foo"
../install-sh -c -d '/private/tmp/homebrew-automake-HEAD-mfsB/tests/instspc.dir/]/]-prefix/foo/sub'
 /usr/bin/install -c -m 644  ../sub/nobase.h '/private/tmp/homebrew-automake-HEAD-mfsB/tests/instspc.dir/]/]-prefix/foo/sub'
test   -f '/private/tmp/homebrew-automake-HEAD-mfsB/tests/instspc.dir/]/./]-prefix/foo/sub/nobase.h'
test ! -f '/private/tmp/homebrew-automake-HEAD-mfsB/tests/instspc.dir/]/./]-prefix/foo/nobase.h'
test   -f '/private/tmp/homebrew-automake-HEAD-mfsB/tests/instspc.dir/]/./]-prefix/foo/base.h'
test   -f '/private/tmp/homebrew-automake-HEAD-mfsB/tests/instspc.dir/]/./]-prefix/foo/sub/nobase.dat'
test ! -f '/private/tmp/homebrew-automake-HEAD-mfsB/tests/instspc.dir/]/./]-prefix/foo/nobase.dat'
test   -f '/private/tmp/homebrew-automake-HEAD-mfsB/tests/instspc.dir/]/./]-prefix/foo/base.dat'
test   -f '/private/tmp/homebrew-automake-HEAD-mfsB/tests/instspc.dir/]/./]-prefix/foo/sub/nobase.sh'
test ! -f '/private/tmp/homebrew-automake-HEAD-mfsB/tests/instspc.dir/]/./]-prefix/foo/nobase.sh'
test   -f '/private/tmp/homebrew-automake-HEAD-mfsB/tests/instspc.dir/]/./]-prefix/foo/base.sh'
test   -f '/private/tmp/homebrew-automake-HEAD-mfsB/tests/instspc.dir/]/./]-prefix/foo/sub/nobase'
test ! -f '/private/tmp/homebrew-automake-HEAD-mfsB/tests/instspc.dir/]/./]-prefix/foo/nobase'
test   -f '/private/tmp/homebrew-automake-HEAD-mfsB/tests/instspc.dir/]/./]-prefix/foo/base'
test   -f '/private/tmp/homebrew-automake-HEAD-mfsB/tests/instspc.dir/]/./]-prefix/foo/sub/libnobase.a'
test ! -f '/private/tmp/homebrew-automake-HEAD-mfsB/tests/instspc.dir/]/./]-prefix/foo/libnobase.a'
test   -f '/private/tmp/homebrew-automake-HEAD-mfsB/tests/instspc.dir/]/./]-prefix/foo/libbase.a'
+ description='rqbrack in destdir'
+ expected_to_fail dest rqbrack
+ case $1 in
+ is_in_list rqbrack squote dquote bquote sharp dollar linefeed a_lf_b
+ item=rqbrack
+ shift
+ case " $* " in
+ return 1
+ directive=
+ reason=
+ result_ ok -D '' -r '' -- 'rqbrack in destdir'
+ set +x
ok 54 - rqbrack in destdir
PASS: instspc.tap 54 - rqbrack in destdir
+ cd /private/tmp/homebrew-automake-HEAD-mfsB/tests/instspc.dir
+ not am_keeping_testdirs
+ am_keeping_testdirs
+ case $keep_testdirs in
+ return 1
+ return 0
+ test ok = ok
+ rm_rf_ build-rqbrack '/private/tmp/homebrew-automake-HEAD-mfsB/tests/instspc.dir/]'
+ test 2 -gt 0
+ find build-rqbrack '/private/tmp/homebrew-automake-HEAD-mfsB/tests/instspc.dir/]' -type d '!' -perm -700 -exec chmod u+rwx '{}' ';'
+ rm -rf build-rqbrack '/private/tmp/homebrew-automake-HEAD-mfsB/tests/instspc.dir/]'
+ for test_name in '$test_names_list'
+ eval 'test_string=${instspc__lcbrack}'
++ test_string='{'
+ test 'x{' = x
+ mkdir './{'
+ case $test_string in
+ for where in build dest
+ case $where in
+ build='./{'
+ dest=/private/tmp/homebrew-automake-HEAD-mfsB/tests/instspc.dir/dest-lcbrack
+ cd './{'
+ r=ok
+ ../configure --prefix '/{-prefix'
checking for a BSD-compatible install... /usr/bin/install -c
checking whether build environment is sane... yes
checking for a thread-safe mkdir -p... ../install-sh -c -d
checking for gawk... gawk
checking whether make sets $(MAKE)... yes
checking for gcc... /usr/bin/llvm-gcc
checking whether the C compiler works... yes
checking for C compiler default output file name... a.out
checking for suffix of executables... 
checking whether we are cross compiling... no
checking for suffix of object files... o
checking whether we are using the GNU C compiler... yes
checking whether /usr/bin/llvm-gcc accepts -g... yes
checking for /usr/bin/llvm-gcc option to accept ISO C89... none needed
checking for style of include used by make... GNU
checking dependency style of /usr/bin/llvm-gcc... gcc3
checking for ar... ar
checking the archiver (ar) interface... ar
checking for ranlib... ranlib
checking that generated files are newer than configure... done
configure: creating ./config.status
config.status: creating Makefile
config.status: executing depfiles commands
+ make all
/usr/bin/llvm-gcc -DPACKAGE_NAME=\"instspc\" -DPACKAGE_TARNAME=\"instspc\" -DPACKAGE_VERSION=\"1.0\" -DPACKAGE_STRING=\"instspc\ 1.0\" -DPACKAGE_BUGREPORT=\"\" -DPACKAGE_URL=\"\" -DPACKAGE=\"instspc\" -DVERSION=\"1.0\" -I. -I..   -I/usr/local/Cellar/libffi/3.0.10/include -I/usr/local/Cellar/gettext/0.18.1.1/include  -Os -w -pipe   -march=core2 -msse4 -MT source.o -MD -MP -MF .deps/source.Tpo -c -o source.o ../source.c
mv -f .deps/source.Tpo .deps/source.Po
rm -f sub/libbase.a
ar cru sub/libbase.a source.o 
ranlib sub/libbase.a
rm -f sub/libnobase.a
ar cru sub/libnobase.a source.o 
ranlib sub/libnobase.a
/usr/bin/llvm-gcc  -Os -w -pipe   -march=core2 -msse4  -L/usr/local/Cellar/libffi/3.0.10/lib -L/usr/local/Cellar/gettext/0.18.1.1/lib -o sub/base source.o  
/usr/bin/llvm-gcc  -Os -w -pipe   -march=core2 -msse4  -L/usr/local/Cellar/libffi/3.0.10/lib -L/usr/local/Cellar/gettext/0.18.1.1/lib -o sub/nobase source.o  
+ DESTDIR=/private/tmp/homebrew-automake-HEAD-mfsB/tests/instspc.dir/dest-lcbrack
+ file='./{'
+ make -e test-inst
test -z "/{-prefix/foo" || ../install-sh -c -d "/private/tmp/homebrew-automake-HEAD-mfsB/tests/instspc.dir/dest-lcbrack/{-prefix/foo"
 /usr/bin/install -c ../sub/base.sh '/private/tmp/homebrew-automake-HEAD-mfsB/tests/instspc.dir/dest-lcbrack/{-prefix/foo'
test -z "/{-prefix/foo" || ../install-sh -c -d "/private/tmp/homebrew-automake-HEAD-mfsB/tests/instspc.dir/dest-lcbrack/{-prefix/foo"
 /usr/bin/install -c -m 644  sub/libbase.a '/private/tmp/homebrew-automake-HEAD-mfsB/tests/instspc.dir/dest-lcbrack/{-prefix/foo'
 ( cd '/private/tmp/homebrew-automake-HEAD-mfsB/tests/instspc.dir/dest-lcbrack/{-prefix/foo' && ranlib libbase.a )
test -z "/{-prefix/foo" || ../install-sh -c -d "/private/tmp/homebrew-automake-HEAD-mfsB/tests/instspc.dir/dest-lcbrack/{-prefix/foo"
  /usr/bin/install -c sub/base '/private/tmp/homebrew-automake-HEAD-mfsB/tests/instspc.dir/dest-lcbrack/{-prefix/foo'
test -z "/{-prefix/foo" || ../install-sh -c -d "/private/tmp/homebrew-automake-HEAD-mfsB/tests/instspc.dir/dest-lcbrack/{-prefix/foo"
 ../install-sh -c -d '/private/tmp/homebrew-automake-HEAD-mfsB/tests/instspc.dir/dest-lcbrack/{-prefix/foo/sub/'
 /usr/bin/install -c ../sub/nobase.sh '/private/tmp/homebrew-automake-HEAD-mfsB/tests/instspc.dir/dest-lcbrack/{-prefix/foo/sub/'
test -z "/{-prefix/foo" || ../install-sh -c -d "/private/tmp/homebrew-automake-HEAD-mfsB/tests/instspc.dir/dest-lcbrack/{-prefix/foo"
../install-sh -c -d '/private/tmp/homebrew-automake-HEAD-mfsB/tests/instspc.dir/dest-lcbrack/{-prefix/foo/sub'
 /usr/bin/install -c -m 644  sub/libnobase.a '/private/tmp/homebrew-automake-HEAD-mfsB/tests/instspc.dir/dest-lcbrack/{-prefix/foo/sub'
 ( cd '/private/tmp/homebrew-automake-HEAD-mfsB/tests/instspc.dir/dest-lcbrack/{-prefix/foo' && ranlib sub/libnobase.a )
test -z "/{-prefix/foo" || ../install-sh -c -d "/private/tmp/homebrew-automake-HEAD-mfsB/tests/instspc.dir/dest-lcbrack/{-prefix/foo"
 ../install-sh -c -d '/private/tmp/homebrew-automake-HEAD-mfsB/tests/instspc.dir/dest-lcbrack/{-prefix/foo/sub/'
  /usr/bin/install -c sub/nobase '/private/tmp/homebrew-automake-HEAD-mfsB/tests/instspc.dir/dest-lcbrack/{-prefix/foo/sub/'
test -z "/{-prefix/foo" || ../install-sh -c -d "/private/tmp/homebrew-automake-HEAD-mfsB/tests/instspc.dir/dest-lcbrack/{-prefix/foo"
 /usr/bin/install -c -m 644 ../sub/base.dat '/private/tmp/homebrew-automake-HEAD-mfsB/tests/instspc.dir/dest-lcbrack/{-prefix/foo'
test -z "/{-prefix/foo" || ../install-sh -c -d "/private/tmp/homebrew-automake-HEAD-mfsB/tests/instspc.dir/dest-lcbrack/{-prefix/foo"
 /usr/bin/install -c -m 644 ../sub/base.h '/private/tmp/homebrew-automake-HEAD-mfsB/tests/instspc.dir/dest-lcbrack/{-prefix/foo'
test -z "/{-prefix/foo" || ../install-sh -c -d "/private/tmp/homebrew-automake-HEAD-mfsB/tests/instspc.dir/dest-lcbrack/{-prefix/foo"
../install-sh -c -d '/private/tmp/homebrew-automake-HEAD-mfsB/tests/instspc.dir/dest-lcbrack/{-prefix/foo/sub'
 /usr/bin/install -c -m 644  ../sub/nobase.dat '/private/tmp/homebrew-automake-HEAD-mfsB/tests/instspc.dir/dest-lcbrack/{-prefix/foo/sub'
test -z "/{-prefix/foo" || ../install-sh -c -d "/private/tmp/homebrew-automake-HEAD-mfsB/tests/instspc.dir/dest-lcbrack/{-prefix/foo"
../install-sh -c -d '/private/tmp/homebrew-automake-HEAD-mfsB/tests/instspc.dir/dest-lcbrack/{-prefix/foo/sub'
 /usr/bin/install -c -m 644  ../sub/nobase.h '/private/tmp/homebrew-automake-HEAD-mfsB/tests/instspc.dir/dest-lcbrack/{-prefix/foo/sub'
test   -f '/private/tmp/homebrew-automake-HEAD-mfsB/tests/instspc.dir/dest-lcbrack/./{-prefix/foo/sub/nobase.h'
test ! -f '/private/tmp/homebrew-automake-HEAD-mfsB/tests/instspc.dir/dest-lcbrack/./{-prefix/foo/nobase.h'
test   -f '/private/tmp/homebrew-automake-HEAD-mfsB/tests/instspc.dir/dest-lcbrack/./{-prefix/foo/base.h'
test   -f '/private/tmp/homebrew-automake-HEAD-mfsB/tests/instspc.dir/dest-lcbrack/./{-prefix/foo/sub/nobase.dat'
test ! -f '/private/tmp/homebrew-automake-HEAD-mfsB/tests/instspc.dir/dest-lcbrack/./{-prefix/foo/nobase.dat'
test   -f '/private/tmp/homebrew-automake-HEAD-mfsB/tests/instspc.dir/dest-lcbrack/./{-prefix/foo/base.dat'
test   -f '/private/tmp/homebrew-automake-HEAD-mfsB/tests/instspc.dir/dest-lcbrack/./{-prefix/foo/sub/nobase.sh'
test ! -f '/private/tmp/homebrew-automake-HEAD-mfsB/tests/instspc.dir/dest-lcbrack/./{-prefix/foo/nobase.sh'
test   -f '/private/tmp/homebrew-automake-HEAD-mfsB/tests/instspc.dir/dest-lcbrack/./{-prefix/foo/base.sh'
test   -f '/private/tmp/homebrew-automake-HEAD-mfsB/tests/instspc.dir/dest-lcbrack/./{-prefix/foo/sub/nobase'
test ! -f '/private/tmp/homebrew-automake-HEAD-mfsB/tests/instspc.dir/dest-lcbrack/./{-prefix/foo/nobase'
test   -f '/private/tmp/homebrew-automake-HEAD-mfsB/tests/instspc.dir/dest-lcbrack/./{-prefix/foo/base'
test   -f '/private/tmp/homebrew-automake-HEAD-mfsB/tests/instspc.dir/dest-lcbrack/./{-prefix/foo/sub/libnobase.a'
test ! -f '/private/tmp/homebrew-automake-HEAD-mfsB/tests/instspc.dir/dest-lcbrack/./{-prefix/foo/libnobase.a'
test   -f '/private/tmp/homebrew-automake-HEAD-mfsB/tests/instspc.dir/dest-lcbrack/./{-prefix/foo/libbase.a'
+ description='lcbrack in builddir'
+ expected_to_fail build lcbrack
+ case $1 in
+ is_in_list lcbrack squote dquote bquote sharp dollar bslash ampersand linefeed quadrigraph0 a_lf_b
+ item=lcbrack
+ shift
+ case " $* " in
+ return 1
+ directive=
+ reason=
+ result_ ok -D '' -r '' -- 'lcbrack in builddir'
+ set +x
ok 55 - lcbrack in builddir
PASS: instspc.tap 55 - lcbrack in builddir
+ cd /private/tmp/homebrew-automake-HEAD-mfsB/tests/instspc.dir
+ not am_keeping_testdirs
+ am_keeping_testdirs
+ case $keep_testdirs in
+ return 1
+ return 0
+ test ok = ok
+ rm_rf_ './{' /private/tmp/homebrew-automake-HEAD-mfsB/tests/instspc.dir/dest-lcbrack
+ test 2 -gt 0
+ find './{' /private/tmp/homebrew-automake-HEAD-mfsB/tests/instspc.dir/dest-lcbrack -type d '!' -perm -700 -exec chmod u+rwx '{}' ';'
+ rm -rf './{' /private/tmp/homebrew-automake-HEAD-mfsB/tests/instspc.dir/dest-lcbrack
+ for where in build dest
+ case $where in
+ build=build-lcbrack
+ dest='/private/tmp/homebrew-automake-HEAD-mfsB/tests/instspc.dir/{'
+ mkdir build-lcbrack
+ cd build-lcbrack
+ r=ok
+ ../configure --prefix '/{-prefix'
checking for a BSD-compatible install... /usr/bin/install -c
checking whether build environment is sane... yes
checking for a thread-safe mkdir -p... ../install-sh -c -d
checking for gawk... gawk
checking whether make sets $(MAKE)... yes
checking for gcc... /usr/bin/llvm-gcc
checking whether the C compiler works... yes
checking for C compiler default output file name... a.out
checking for suffix of executables... 
checking whether we are cross compiling... no
checking for suffix of object files... o
checking whether we are using the GNU C compiler... yes
checking whether /usr/bin/llvm-gcc accepts -g... yes
checking for /usr/bin/llvm-gcc option to accept ISO C89... none needed
checking for style of include used by make... GNU
checking dependency style of /usr/bin/llvm-gcc... gcc3
checking for ar... ar
checking the archiver (ar) interface... ar
checking for ranlib... ranlib
checking that generated files are newer than configure... done
configure: creating ./config.status
config.status: creating Makefile
config.status: executing depfiles commands
+ make all
/usr/bin/llvm-gcc -DPACKAGE_NAME=\"instspc\" -DPACKAGE_TARNAME=\"instspc\" -DPACKAGE_VERSION=\"1.0\" -DPACKAGE_STRING=\"instspc\ 1.0\" -DPACKAGE_BUGREPORT=\"\" -DPACKAGE_URL=\"\" -DPACKAGE=\"instspc\" -DVERSION=\"1.0\" -I. -I..   -I/usr/local/Cellar/libffi/3.0.10/include -I/usr/local/Cellar/gettext/0.18.1.1/include  -Os -w -pipe   -march=core2 -msse4 -MT source.o -MD -MP -MF .deps/source.Tpo -c -o source.o ../source.c
mv -f .deps/source.Tpo .deps/source.Po
rm -f sub/libbase.a
ar cru sub/libbase.a source.o 
ranlib sub/libbase.a
rm -f sub/libnobase.a
ar cru sub/libnobase.a source.o 
ranlib sub/libnobase.a
/usr/bin/llvm-gcc  -Os -w -pipe   -march=core2 -msse4  -L/usr/local/Cellar/libffi/3.0.10/lib -L/usr/local/Cellar/gettext/0.18.1.1/lib -o sub/base source.o  
/usr/bin/llvm-gcc  -Os -w -pipe   -march=core2 -msse4  -L/usr/local/Cellar/libffi/3.0.10/lib -L/usr/local/Cellar/gettext/0.18.1.1/lib -o sub/nobase source.o  
+ DESTDIR='/private/tmp/homebrew-automake-HEAD-mfsB/tests/instspc.dir/{'
+ file='./{'
+ make -e test-inst
test -z "/{-prefix/foo" || ../install-sh -c -d "/private/tmp/homebrew-automake-HEAD-mfsB/tests/instspc.dir/{/{-prefix/foo"
 /usr/bin/install -c ../sub/base.sh '/private/tmp/homebrew-automake-HEAD-mfsB/tests/instspc.dir/{/{-prefix/foo'
test -z "/{-prefix/foo" || ../install-sh -c -d "/private/tmp/homebrew-automake-HEAD-mfsB/tests/instspc.dir/{/{-prefix/foo"
 /usr/bin/install -c -m 644  sub/libbase.a '/private/tmp/homebrew-automake-HEAD-mfsB/tests/instspc.dir/{/{-prefix/foo'
 ( cd '/private/tmp/homebrew-automake-HEAD-mfsB/tests/instspc.dir/{/{-prefix/foo' && ranlib libbase.a )
test -z "/{-prefix/foo" || ../install-sh -c -d "/private/tmp/homebrew-automake-HEAD-mfsB/tests/instspc.dir/{/{-prefix/foo"
  /usr/bin/install -c sub/base '/private/tmp/homebrew-automake-HEAD-mfsB/tests/instspc.dir/{/{-prefix/foo'
test -z "/{-prefix/foo" || ../install-sh -c -d "/private/tmp/homebrew-automake-HEAD-mfsB/tests/instspc.dir/{/{-prefix/foo"
 ../install-sh -c -d '/private/tmp/homebrew-automake-HEAD-mfsB/tests/instspc.dir/{/{-prefix/foo/sub/'
 /usr/bin/install -c ../sub/nobase.sh '/private/tmp/homebrew-automake-HEAD-mfsB/tests/instspc.dir/{/{-prefix/foo/sub/'
test -z "/{-prefix/foo" || ../install-sh -c -d "/private/tmp/homebrew-automake-HEAD-mfsB/tests/instspc.dir/{/{-prefix/foo"
../install-sh -c -d '/private/tmp/homebrew-automake-HEAD-mfsB/tests/instspc.dir/{/{-prefix/foo/sub'
 /usr/bin/install -c -m 644  sub/libnobase.a '/private/tmp/homebrew-automake-HEAD-mfsB/tests/instspc.dir/{/{-prefix/foo/sub'
 ( cd '/private/tmp/homebrew-automake-HEAD-mfsB/tests/instspc.dir/{/{-prefix/foo' && ranlib sub/libnobase.a )
test -z "/{-prefix/foo" || ../install-sh -c -d "/private/tmp/homebrew-automake-HEAD-mfsB/tests/instspc.dir/{/{-prefix/foo"
 ../install-sh -c -d '/private/tmp/homebrew-automake-HEAD-mfsB/tests/instspc.dir/{/{-prefix/foo/sub/'
  /usr/bin/install -c sub/nobase '/private/tmp/homebrew-automake-HEAD-mfsB/tests/instspc.dir/{/{-prefix/foo/sub/'
test -z "/{-prefix/foo" || ../install-sh -c -d "/private/tmp/homebrew-automake-HEAD-mfsB/tests/instspc.dir/{/{-prefix/foo"
 /usr/bin/install -c -m 644 ../sub/base.dat '/private/tmp/homebrew-automake-HEAD-mfsB/tests/instspc.dir/{/{-prefix/foo'
test -z "/{-prefix/foo" || ../install-sh -c -d "/private/tmp/homebrew-automake-HEAD-mfsB/tests/instspc.dir/{/{-prefix/foo"
 /usr/bin/install -c -m 644 ../sub/base.h '/private/tmp/homebrew-automake-HEAD-mfsB/tests/instspc.dir/{/{-prefix/foo'
test -z "/{-prefix/foo" || ../install-sh -c -d "/private/tmp/homebrew-automake-HEAD-mfsB/tests/instspc.dir/{/{-prefix/foo"
../install-sh -c -d '/private/tmp/homebrew-automake-HEAD-mfsB/tests/instspc.dir/{/{-prefix/foo/sub'
 /usr/bin/install -c -m 644  ../sub/nobase.dat '/private/tmp/homebrew-automake-HEAD-mfsB/tests/instspc.dir/{/{-prefix/foo/sub'
test -z "/{-prefix/foo" || ../install-sh -c -d "/private/tmp/homebrew-automake-HEAD-mfsB/tests/instspc.dir/{/{-prefix/foo"
../install-sh -c -d '/private/tmp/homebrew-automake-HEAD-mfsB/tests/instspc.dir/{/{-prefix/foo/sub'
 /usr/bin/install -c -m 644  ../sub/nobase.h '/private/tmp/homebrew-automake-HEAD-mfsB/tests/instspc.dir/{/{-prefix/foo/sub'
test   -f '/private/tmp/homebrew-automake-HEAD-mfsB/tests/instspc.dir/{/./{-prefix/foo/sub/nobase.h'
test ! -f '/private/tmp/homebrew-automake-HEAD-mfsB/tests/instspc.dir/{/./{-prefix/foo/nobase.h'
test   -f '/private/tmp/homebrew-automake-HEAD-mfsB/tests/instspc.dir/{/./{-prefix/foo/base.h'
test   -f '/private/tmp/homebrew-automake-HEAD-mfsB/tests/instspc.dir/{/./{-prefix/foo/sub/nobase.dat'
test ! -f '/private/tmp/homebrew-automake-HEAD-mfsB/tests/instspc.dir/{/./{-prefix/foo/nobase.dat'
test   -f '/private/tmp/homebrew-automake-HEAD-mfsB/tests/instspc.dir/{/./{-prefix/foo/base.dat'
test   -f '/private/tmp/homebrew-automake-HEAD-mfsB/tests/instspc.dir/{/./{-prefix/foo/sub/nobase.sh'
test ! -f '/private/tmp/homebrew-automake-HEAD-mfsB/tests/instspc.dir/{/./{-prefix/foo/nobase.sh'
test   -f '/private/tmp/homebrew-automake-HEAD-mfsB/tests/instspc.dir/{/./{-prefix/foo/base.sh'
test   -f '/private/tmp/homebrew-automake-HEAD-mfsB/tests/instspc.dir/{/./{-prefix/foo/sub/nobase'
test ! -f '/private/tmp/homebrew-automake-HEAD-mfsB/tests/instspc.dir/{/./{-prefix/foo/nobase'
test   -f '/private/tmp/homebrew-automake-HEAD-mfsB/tests/instspc.dir/{/./{-prefix/foo/base'
test   -f '/private/tmp/homebrew-automake-HEAD-mfsB/tests/instspc.dir/{/./{-prefix/foo/sub/libnobase.a'
test ! -f '/private/tmp/homebrew-automake-HEAD-mfsB/tests/instspc.dir/{/./{-prefix/foo/libnobase.a'
test   -f '/private/tmp/homebrew-automake-HEAD-mfsB/tests/instspc.dir/{/./{-prefix/foo/libbase.a'
+ description='lcbrack in destdir'
+ expected_to_fail dest lcbrack
+ case $1 in
+ is_in_list lcbrack squote dquote bquote sharp dollar linefeed a_lf_b
+ item=lcbrack
+ shift
+ case " $* " in
+ return 1
+ directive=
+ reason=
+ result_ ok -D '' -r '' -- 'lcbrack in destdir'
+ set +x
ok 56 - lcbrack in destdir
PASS: instspc.tap 56 - lcbrack in destdir
+ cd /private/tmp/homebrew-automake-HEAD-mfsB/tests/instspc.dir
+ not am_keeping_testdirs
+ am_keeping_testdirs
+ case $keep_testdirs in
+ return 1
+ return 0
+ test ok = ok
+ rm_rf_ build-lcbrack '/private/tmp/homebrew-automake-HEAD-mfsB/tests/instspc.dir/{'
+ test 2 -gt 0
+ find build-lcbrack '/private/tmp/homebrew-automake-HEAD-mfsB/tests/instspc.dir/{' -type d '!' -perm -700 -exec chmod u+rwx '{}' ';'
+ rm -rf build-lcbrack '/private/tmp/homebrew-automake-HEAD-mfsB/tests/instspc.dir/{'
+ for test_name in '$test_names_list'
+ eval 'test_string=${instspc__rcbrack}'
++ test_string='}'
+ test 'x}' = x
+ mkdir './}'
+ case $test_string in
+ for where in build dest
+ case $where in
+ build='./}'
+ dest=/private/tmp/homebrew-automake-HEAD-mfsB/tests/instspc.dir/dest-rcbrack
+ cd './}'
+ r=ok
+ ../configure --prefix '/}-prefix'
checking for a BSD-compatible install... /usr/bin/install -c
checking whether build environment is sane... yes
checking for a thread-safe mkdir -p... ../install-sh -c -d
checking for gawk... gawk
checking whether make sets $(MAKE)... yes
checking for gcc... /usr/bin/llvm-gcc
checking whether the C compiler works... yes
checking for C compiler default output file name... a.out
checking for suffix of executables... 
checking whether we are cross compiling... no
checking for suffix of object files... o
checking whether we are using the GNU C compiler... yes
checking whether /usr/bin/llvm-gcc accepts -g... yes
checking for /usr/bin/llvm-gcc option to accept ISO C89... none needed
checking for style of include used by make... GNU
checking dependency style of /usr/bin/llvm-gcc... gcc3
checking for ar... ar
checking the archiver (ar) interface... ar
checking for ranlib... ranlib
checking that generated files are newer than configure... done
configure: creating ./config.status
config.status: creating Makefile
config.status: executing depfiles commands
+ make all
/usr/bin/llvm-gcc -DPACKAGE_NAME=\"instspc\" -DPACKAGE_TARNAME=\"instspc\" -DPACKAGE_VERSION=\"1.0\" -DPACKAGE_STRING=\"instspc\ 1.0\" -DPACKAGE_BUGREPORT=\"\" -DPACKAGE_URL=\"\" -DPACKAGE=\"instspc\" -DVERSION=\"1.0\" -I. -I..   -I/usr/local/Cellar/libffi/3.0.10/include -I/usr/local/Cellar/gettext/0.18.1.1/include  -Os -w -pipe   -march=core2 -msse4 -MT source.o -MD -MP -MF .deps/source.Tpo -c -o source.o ../source.c
mv -f .deps/source.Tpo .deps/source.Po
rm -f sub/libbase.a
ar cru sub/libbase.a source.o 
ranlib sub/libbase.a
rm -f sub/libnobase.a
ar cru sub/libnobase.a source.o 
ranlib sub/libnobase.a
/usr/bin/llvm-gcc  -Os -w -pipe   -march=core2 -msse4  -L/usr/local/Cellar/libffi/3.0.10/lib -L/usr/local/Cellar/gettext/0.18.1.1/lib -o sub/base source.o  
/usr/bin/llvm-gcc  -Os -w -pipe   -march=core2 -msse4  -L/usr/local/Cellar/libffi/3.0.10/lib -L/usr/local/Cellar/gettext/0.18.1.1/lib -o sub/nobase source.o  
+ DESTDIR=/private/tmp/homebrew-automake-HEAD-mfsB/tests/instspc.dir/dest-rcbrack
+ file='./}'
+ make -e test-inst
test -z "/}-prefix/foo" || ../install-sh -c -d "/private/tmp/homebrew-automake-HEAD-mfsB/tests/instspc.dir/dest-rcbrack/}-prefix/foo"
 /usr/bin/install -c ../sub/base.sh '/private/tmp/homebrew-automake-HEAD-mfsB/tests/instspc.dir/dest-rcbrack/}-prefix/foo'
test -z "/}-prefix/foo" || ../install-sh -c -d "/private/tmp/homebrew-automake-HEAD-mfsB/tests/instspc.dir/dest-rcbrack/}-prefix/foo"
 /usr/bin/install -c -m 644  sub/libbase.a '/private/tmp/homebrew-automake-HEAD-mfsB/tests/instspc.dir/dest-rcbrack/}-prefix/foo'
 ( cd '/private/tmp/homebrew-automake-HEAD-mfsB/tests/instspc.dir/dest-rcbrack/}-prefix/foo' && ranlib libbase.a )
test -z "/}-prefix/foo" || ../install-sh -c -d "/private/tmp/homebrew-automake-HEAD-mfsB/tests/instspc.dir/dest-rcbrack/}-prefix/foo"
  /usr/bin/install -c sub/base '/private/tmp/homebrew-automake-HEAD-mfsB/tests/instspc.dir/dest-rcbrack/}-prefix/foo'
test -z "/}-prefix/foo" || ../install-sh -c -d "/private/tmp/homebrew-automake-HEAD-mfsB/tests/instspc.dir/dest-rcbrack/}-prefix/foo"
 ../install-sh -c -d '/private/tmp/homebrew-automake-HEAD-mfsB/tests/instspc.dir/dest-rcbrack/}-prefix/foo/sub/'
 /usr/bin/install -c ../sub/nobase.sh '/private/tmp/homebrew-automake-HEAD-mfsB/tests/instspc.dir/dest-rcbrack/}-prefix/foo/sub/'
test -z "/}-prefix/foo" || ../install-sh -c -d "/private/tmp/homebrew-automake-HEAD-mfsB/tests/instspc.dir/dest-rcbrack/}-prefix/foo"
../install-sh -c -d '/private/tmp/homebrew-automake-HEAD-mfsB/tests/instspc.dir/dest-rcbrack/}-prefix/foo/sub'
 /usr/bin/install -c -m 644  sub/libnobase.a '/private/tmp/homebrew-automake-HEAD-mfsB/tests/instspc.dir/dest-rcbrack/}-prefix/foo/sub'
 ( cd '/private/tmp/homebrew-automake-HEAD-mfsB/tests/instspc.dir/dest-rcbrack/}-prefix/foo' && ranlib sub/libnobase.a )
test -z "/}-prefix/foo" || ../install-sh -c -d "/private/tmp/homebrew-automake-HEAD-mfsB/tests/instspc.dir/dest-rcbrack/}-prefix/foo"
 ../install-sh -c -d '/private/tmp/homebrew-automake-HEAD-mfsB/tests/instspc.dir/dest-rcbrack/}-prefix/foo/sub/'
  /usr/bin/install -c sub/nobase '/private/tmp/homebrew-automake-HEAD-mfsB/tests/instspc.dir/dest-rcbrack/}-prefix/foo/sub/'
test -z "/}-prefix/foo" || ../install-sh -c -d "/private/tmp/homebrew-automake-HEAD-mfsB/tests/instspc.dir/dest-rcbrack/}-prefix/foo"
 /usr/bin/install -c -m 644 ../sub/base.dat '/private/tmp/homebrew-automake-HEAD-mfsB/tests/instspc.dir/dest-rcbrack/}-prefix/foo'
test -z "/}-prefix/foo" || ../install-sh -c -d "/private/tmp/homebrew-automake-HEAD-mfsB/tests/instspc.dir/dest-rcbrack/}-prefix/foo"
 /usr/bin/install -c -m 644 ../sub/base.h '/private/tmp/homebrew-automake-HEAD-mfsB/tests/instspc.dir/dest-rcbrack/}-prefix/foo'
test -z "/}-prefix/foo" || ../install-sh -c -d "/private/tmp/homebrew-automake-HEAD-mfsB/tests/instspc.dir/dest-rcbrack/}-prefix/foo"
../install-sh -c -d '/private/tmp/homebrew-automake-HEAD-mfsB/tests/instspc.dir/dest-rcbrack/}-prefix/foo/sub'
 /usr/bin/install -c -m 644  ../sub/nobase.dat '/private/tmp/homebrew-automake-HEAD-mfsB/tests/instspc.dir/dest-rcbrack/}-prefix/foo/sub'
test -z "/}-prefix/foo" || ../install-sh -c -d "/private/tmp/homebrew-automake-HEAD-mfsB/tests/instspc.dir/dest-rcbrack/}-prefix/foo"
../install-sh -c -d '/private/tmp/homebrew-automake-HEAD-mfsB/tests/instspc.dir/dest-rcbrack/}-prefix/foo/sub'
 /usr/bin/install -c -m 644  ../sub/nobase.h '/private/tmp/homebrew-automake-HEAD-mfsB/tests/instspc.dir/dest-rcbrack/}-prefix/foo/sub'
test   -f '/private/tmp/homebrew-automake-HEAD-mfsB/tests/instspc.dir/dest-rcbrack/./}-prefix/foo/sub/nobase.h'
test ! -f '/private/tmp/homebrew-automake-HEAD-mfsB/tests/instspc.dir/dest-rcbrack/./}-prefix/foo/nobase.h'
test   -f '/private/tmp/homebrew-automake-HEAD-mfsB/tests/instspc.dir/dest-rcbrack/./}-prefix/foo/base.h'
test   -f '/private/tmp/homebrew-automake-HEAD-mfsB/tests/instspc.dir/dest-rcbrack/./}-prefix/foo/sub/nobase.dat'
test ! -f '/private/tmp/homebrew-automake-HEAD-mfsB/tests/instspc.dir/dest-rcbrack/./}-prefix/foo/nobase.dat'
test   -f '/private/tmp/homebrew-automake-HEAD-mfsB/tests/instspc.dir/dest-rcbrack/./}-prefix/foo/base.dat'
test   -f '/private/tmp/homebrew-automake-HEAD-mfsB/tests/instspc.dir/dest-rcbrack/./}-prefix/foo/sub/nobase.sh'
test ! -f '/private/tmp/homebrew-automake-HEAD-mfsB/tests/instspc.dir/dest-rcbrack/./}-prefix/foo/nobase.sh'
test   -f '/private/tmp/homebrew-automake-HEAD-mfsB/tests/instspc.dir/dest-rcbrack/./}-prefix/foo/base.sh'
test   -f '/private/tmp/homebrew-automake-HEAD-mfsB/tests/instspc.dir/dest-rcbrack/./}-prefix/foo/sub/nobase'
test ! -f '/private/tmp/homebrew-automake-HEAD-mfsB/tests/instspc.dir/dest-rcbrack/./}-prefix/foo/nobase'
test   -f '/private/tmp/homebrew-automake-HEAD-mfsB/tests/instspc.dir/dest-rcbrack/./}-prefix/foo/base'
test   -f '/private/tmp/homebrew-automake-HEAD-mfsB/tests/instspc.dir/dest-rcbrack/./}-prefix/foo/sub/libnobase.a'
test ! -f '/private/tmp/homebrew-automake-HEAD-mfsB/tests/instspc.dir/dest-rcbrack/./}-prefix/foo/libnobase.a'
test   -f '/private/tmp/homebrew-automake-HEAD-mfsB/tests/instspc.dir/dest-rcbrack/./}-prefix/foo/libbase.a'
+ description='rcbrack in builddir'
+ expected_to_fail build rcbrack
+ case $1 in
+ is_in_list rcbrack squote dquote bquote sharp dollar bslash ampersand linefeed quadrigraph0 a_lf_b
+ item=rcbrack
+ shift
+ case " $* " in
+ return 1
+ directive=
+ reason=
+ result_ ok -D '' -r '' -- 'rcbrack in builddir'
+ set +x
ok 57 - rcbrack in builddir
PASS: instspc.tap 57 - rcbrack in builddir
+ cd /private/tmp/homebrew-automake-HEAD-mfsB/tests/instspc.dir
+ not am_keeping_testdirs
+ am_keeping_testdirs
+ case $keep_testdirs in
+ return 1
+ return 0
+ test ok = ok
+ rm_rf_ './}' /private/tmp/homebrew-automake-HEAD-mfsB/tests/instspc.dir/dest-rcbrack
+ test 2 -gt 0
+ find './}' /private/tmp/homebrew-automake-HEAD-mfsB/tests/instspc.dir/dest-rcbrack -type d '!' -perm -700 -exec chmod u+rwx '{}' ';'
+ rm -rf './}' /private/tmp/homebrew-automake-HEAD-mfsB/tests/instspc.dir/dest-rcbrack
+ for where in build dest
+ case $where in
+ build=build-rcbrack
+ dest='/private/tmp/homebrew-automake-HEAD-mfsB/tests/instspc.dir/}'
+ mkdir build-rcbrack
+ cd build-rcbrack
+ r=ok
+ ../configure --prefix '/}-prefix'
checking for a BSD-compatible install... /usr/bin/install -c
checking whether build environment is sane... yes
checking for a thread-safe mkdir -p... ../install-sh -c -d
checking for gawk... gawk
checking whether make sets $(MAKE)... yes
checking for gcc... /usr/bin/llvm-gcc
checking whether the C compiler works... yes
checking for C compiler default output file name... a.out
checking for suffix of executables... 
checking whether we are cross compiling... no
checking for suffix of object files... o
checking whether we are using the GNU C compiler... yes
checking whether /usr/bin/llvm-gcc accepts -g... yes
checking for /usr/bin/llvm-gcc option to accept ISO C89... none needed
checking for style of include used by make... GNU
checking dependency style of /usr/bin/llvm-gcc... gcc3
checking for ar... ar
checking the archiver (ar) interface... ar
checking for ranlib... ranlib
checking that generated files are newer than configure... done
configure: creating ./config.status
config.status: creating Makefile
config.status: executing depfiles commands
+ make all
/usr/bin/llvm-gcc -DPACKAGE_NAME=\"instspc\" -DPACKAGE_TARNAME=\"instspc\" -DPACKAGE_VERSION=\"1.0\" -DPACKAGE_STRING=\"instspc\ 1.0\" -DPACKAGE_BUGREPORT=\"\" -DPACKAGE_URL=\"\" -DPACKAGE=\"instspc\" -DVERSION=\"1.0\" -I. -I..   -I/usr/local/Cellar/libffi/3.0.10/include -I/usr/local/Cellar/gettext/0.18.1.1/include  -Os -w -pipe   -march=core2 -msse4 -MT source.o -MD -MP -MF .deps/source.Tpo -c -o source.o ../source.c
mv -f .deps/source.Tpo .deps/source.Po
rm -f sub/libbase.a
ar cru sub/libbase.a source.o 
ranlib sub/libbase.a
rm -f sub/libnobase.a
ar cru sub/libnobase.a source.o 
ranlib sub/libnobase.a
/usr/bin/llvm-gcc  -Os -w -pipe   -march=core2 -msse4  -L/usr/local/Cellar/libffi/3.0.10/lib -L/usr/local/Cellar/gettext/0.18.1.1/lib -o sub/base source.o  
/usr/bin/llvm-gcc  -Os -w -pipe   -march=core2 -msse4  -L/usr/local/Cellar/libffi/3.0.10/lib -L/usr/local/Cellar/gettext/0.18.1.1/lib -o sub/nobase source.o  
+ DESTDIR='/private/tmp/homebrew-automake-HEAD-mfsB/tests/instspc.dir/}'
+ file='./}'
+ make -e test-inst
test -z "/}-prefix/foo" || ../install-sh -c -d "/private/tmp/homebrew-automake-HEAD-mfsB/tests/instspc.dir/}/}-prefix/foo"
 /usr/bin/install -c ../sub/base.sh '/private/tmp/homebrew-automake-HEAD-mfsB/tests/instspc.dir/}/}-prefix/foo'
test -z "/}-prefix/foo" || ../install-sh -c -d "/private/tmp/homebrew-automake-HEAD-mfsB/tests/instspc.dir/}/}-prefix/foo"
 /usr/bin/install -c -m 644  sub/libbase.a '/private/tmp/homebrew-automake-HEAD-mfsB/tests/instspc.dir/}/}-prefix/foo'
 ( cd '/private/tmp/homebrew-automake-HEAD-mfsB/tests/instspc.dir/}/}-prefix/foo' && ranlib libbase.a )
test -z "/}-prefix/foo" || ../install-sh -c -d "/private/tmp/homebrew-automake-HEAD-mfsB/tests/instspc.dir/}/}-prefix/foo"
  /usr/bin/install -c sub/base '/private/tmp/homebrew-automake-HEAD-mfsB/tests/instspc.dir/}/}-prefix/foo'
test -z "/}-prefix/foo" || ../install-sh -c -d "/private/tmp/homebrew-automake-HEAD-mfsB/tests/instspc.dir/}/}-prefix/foo"
 ../install-sh -c -d '/private/tmp/homebrew-automake-HEAD-mfsB/tests/instspc.dir/}/}-prefix/foo/sub/'
 /usr/bin/install -c ../sub/nobase.sh '/private/tmp/homebrew-automake-HEAD-mfsB/tests/instspc.dir/}/}-prefix/foo/sub/'
test -z "/}-prefix/foo" || ../install-sh -c -d "/private/tmp/homebrew-automake-HEAD-mfsB/tests/instspc.dir/}/}-prefix/foo"
../install-sh -c -d '/private/tmp/homebrew-automake-HEAD-mfsB/tests/instspc.dir/}/}-prefix/foo/sub'
 /usr/bin/install -c -m 644  sub/libnobase.a '/private/tmp/homebrew-automake-HEAD-mfsB/tests/instspc.dir/}/}-prefix/foo/sub'
 ( cd '/private/tmp/homebrew-automake-HEAD-mfsB/tests/instspc.dir/}/}-prefix/foo' && ranlib sub/libnobase.a )
test -z "/}-prefix/foo" || ../install-sh -c -d "/private/tmp/homebrew-automake-HEAD-mfsB/tests/instspc.dir/}/}-prefix/foo"
 ../install-sh -c -d '/private/tmp/homebrew-automake-HEAD-mfsB/tests/instspc.dir/}/}-prefix/foo/sub/'
  /usr/bin/install -c sub/nobase '/private/tmp/homebrew-automake-HEAD-mfsB/tests/instspc.dir/}/}-prefix/foo/sub/'
test -z "/}-prefix/foo" || ../install-sh -c -d "/private/tmp/homebrew-automake-HEAD-mfsB/tests/instspc.dir/}/}-prefix/foo"
 /usr/bin/install -c -m 644 ../sub/base.dat '/private/tmp/homebrew-automake-HEAD-mfsB/tests/instspc.dir/}/}-prefix/foo'
test -z "/}-prefix/foo" || ../install-sh -c -d "/private/tmp/homebrew-automake-HEAD-mfsB/tests/instspc.dir/}/}-prefix/foo"
 /usr/bin/install -c -m 644 ../sub/base.h '/private/tmp/homebrew-automake-HEAD-mfsB/tests/instspc.dir/}/}-prefix/foo'
test -z "/}-prefix/foo" || ../install-sh -c -d "/private/tmp/homebrew-automake-HEAD-mfsB/tests/instspc.dir/}/}-prefix/foo"
../install-sh -c -d '/private/tmp/homebrew-automake-HEAD-mfsB/tests/instspc.dir/}/}-prefix/foo/sub'
 /usr/bin/install -c -m 644  ../sub/nobase.dat '/private/tmp/homebrew-automake-HEAD-mfsB/tests/instspc.dir/}/}-prefix/foo/sub'
test -z "/}-prefix/foo" || ../install-sh -c -d "/private/tmp/homebrew-automake-HEAD-mfsB/tests/instspc.dir/}/}-prefix/foo"
../install-sh -c -d '/private/tmp/homebrew-automake-HEAD-mfsB/tests/instspc.dir/}/}-prefix/foo/sub'
 /usr/bin/install -c -m 644  ../sub/nobase.h '/private/tmp/homebrew-automake-HEAD-mfsB/tests/instspc.dir/}/}-prefix/foo/sub'
test   -f '/private/tmp/homebrew-automake-HEAD-mfsB/tests/instspc.dir/}/./}-prefix/foo/sub/nobase.h'
test ! -f '/private/tmp/homebrew-automake-HEAD-mfsB/tests/instspc.dir/}/./}-prefix/foo/nobase.h'
test   -f '/private/tmp/homebrew-automake-HEAD-mfsB/tests/instspc.dir/}/./}-prefix/foo/base.h'
test   -f '/private/tmp/homebrew-automake-HEAD-mfsB/tests/instspc.dir/}/./}-prefix/foo/sub/nobase.dat'
test ! -f '/private/tmp/homebrew-automake-HEAD-mfsB/tests/instspc.dir/}/./}-prefix/foo/nobase.dat'
test   -f '/private/tmp/homebrew-automake-HEAD-mfsB/tests/instspc.dir/}/./}-prefix/foo/base.dat'
test   -f '/private/tmp/homebrew-automake-HEAD-mfsB/tests/instspc.dir/}/./}-prefix/foo/sub/nobase.sh'
test ! -f '/private/tmp/homebrew-automake-HEAD-mfsB/tests/instspc.dir/}/./}-prefix/foo/nobase.sh'
test   -f '/private/tmp/homebrew-automake-HEAD-mfsB/tests/instspc.dir/}/./}-prefix/foo/base.sh'
test   -f '/private/tmp/homebrew-automake-HEAD-mfsB/tests/instspc.dir/}/./}-prefix/foo/sub/nobase'
test ! -f '/private/tmp/homebrew-automake-HEAD-mfsB/tests/instspc.dir/}/./}-prefix/foo/nobase'
test   -f '/private/tmp/homebrew-automake-HEAD-mfsB/tests/instspc.dir/}/./}-prefix/foo/base'
test   -f '/private/tmp/homebrew-automake-HEAD-mfsB/tests/instspc.dir/}/./}-prefix/foo/sub/libnobase.a'
test ! -f '/private/tmp/homebrew-automake-HEAD-mfsB/tests/instspc.dir/}/./}-prefix/foo/libnobase.a'
test   -f '/private/tmp/homebrew-automake-HEAD-mfsB/tests/instspc.dir/}/./}-prefix/foo/libbase.a'
+ description='rcbrack in destdir'
+ expected_to_fail dest rcbrack
+ case $1 in
+ is_in_list rcbrack squote dquote bquote sharp dollar linefeed a_lf_b
+ item=rcbrack
+ shift
+ case " $* " in
+ return 1
+ directive=
+ reason=
+ result_ ok -D '' -r '' -- 'rcbrack in destdir'
+ set +x
ok 58 - rcbrack in destdir
PASS: instspc.tap 58 - rcbrack in destdir
+ cd /private/tmp/homebrew-automake-HEAD-mfsB/tests/instspc.dir
+ not am_keeping_testdirs
+ am_keeping_testdirs
+ case $keep_testdirs in
+ return 1
+ return 0
+ test ok = ok
+ rm_rf_ build-rcbrack '/private/tmp/homebrew-automake-HEAD-mfsB/tests/instspc.dir/}'
+ test 2 -gt 0
+ find build-rcbrack '/private/tmp/homebrew-automake-HEAD-mfsB/tests/instspc.dir/}' -type d '!' -perm -700 -exec chmod u+rwx '{}' ';'
+ rm -rf build-rcbrack '/private/tmp/homebrew-automake-HEAD-mfsB/tests/instspc.dir/}'
+ for test_name in '$test_names_list'
+ eval 'test_string=${instspc__space}'
++ test_string=' '
+ test 'x ' = x
+ mkdir './ '
+ case $test_string in
+ for where in build dest
+ case $where in
+ build='./ '
+ dest=/private/tmp/homebrew-automake-HEAD-mfsB/tests/instspc.dir/dest-space
+ cd './ '
+ r=ok
+ ../configure --prefix '/ -prefix'
checking for a BSD-compatible install... /usr/bin/install -c
checking whether build environment is sane... yes
checking for a thread-safe mkdir -p... ../install-sh -c -d
checking for gawk... gawk
checking whether make sets $(MAKE)... yes
checking for gcc... /usr/bin/llvm-gcc
checking whether the C compiler works... yes
checking for C compiler default output file name... a.out
checking for suffix of executables... 
checking whether we are cross compiling... no
checking for suffix of object files... o
checking whether we are using the GNU C compiler... yes
checking whether /usr/bin/llvm-gcc accepts -g... yes
checking for /usr/bin/llvm-gcc option to accept ISO C89... none needed
checking for style of include used by make... GNU
checking dependency style of /usr/bin/llvm-gcc... gcc3
checking for ar... ar
checking the archiver (ar) interface... ar
checking for ranlib... ranlib
checking that generated files are newer than configure... done
configure: creating ./config.status
config.status: creating Makefile
config.status: executing depfiles commands
+ make all
/usr/bin/llvm-gcc -DPACKAGE_NAME=\"instspc\" -DPACKAGE_TARNAME=\"instspc\" -DPACKAGE_VERSION=\"1.0\" -DPACKAGE_STRING=\"instspc\ 1.0\" -DPACKAGE_BUGREPORT=\"\" -DPACKAGE_URL=\"\" -DPACKAGE=\"instspc\" -DVERSION=\"1.0\" -I. -I..   -I/usr/local/Cellar/libffi/3.0.10/include -I/usr/local/Cellar/gettext/0.18.1.1/include  -Os -w -pipe   -march=core2 -msse4 -MT source.o -MD -MP -MF .deps/source.Tpo -c -o source.o ../source.c
mv -f .deps/source.Tpo .deps/source.Po
rm -f sub/libbase.a
ar cru sub/libbase.a source.o 
ranlib sub/libbase.a
rm -f sub/libnobase.a
ar cru sub/libnobase.a source.o 
ranlib sub/libnobase.a
/usr/bin/llvm-gcc  -Os -w -pipe   -march=core2 -msse4  -L/usr/local/Cellar/libffi/3.0.10/lib -L/usr/local/Cellar/gettext/0.18.1.1/lib -o sub/base source.o  
/usr/bin/llvm-gcc  -Os -w -pipe   -march=core2 -msse4  -L/usr/local/Cellar/libffi/3.0.10/lib -L/usr/local/Cellar/gettext/0.18.1.1/lib -o sub/nobase source.o  
+ DESTDIR=/private/tmp/homebrew-automake-HEAD-mfsB/tests/instspc.dir/dest-space
+ file='./ '
+ make -e test-inst
test -z "/ -prefix/foo" || ../install-sh -c -d "/private/tmp/homebrew-automake-HEAD-mfsB/tests/instspc.dir/dest-space/ -prefix/foo"
 /usr/bin/install -c ../sub/base.sh '/private/tmp/homebrew-automake-HEAD-mfsB/tests/instspc.dir/dest-space/ -prefix/foo'
test -z "/ -prefix/foo" || ../install-sh -c -d "/private/tmp/homebrew-automake-HEAD-mfsB/tests/instspc.dir/dest-space/ -prefix/foo"
 /usr/bin/install -c -m 644  sub/libbase.a '/private/tmp/homebrew-automake-HEAD-mfsB/tests/instspc.dir/dest-space/ -prefix/foo'
 ( cd '/private/tmp/homebrew-automake-HEAD-mfsB/tests/instspc.dir/dest-space/ -prefix/foo' && ranlib libbase.a )
test -z "/ -prefix/foo" || ../install-sh -c -d "/private/tmp/homebrew-automake-HEAD-mfsB/tests/instspc.dir/dest-space/ -prefix/foo"
  /usr/bin/install -c sub/base '/private/tmp/homebrew-automake-HEAD-mfsB/tests/instspc.dir/dest-space/ -prefix/foo'
test -z "/ -prefix/foo" || ../install-sh -c -d "/private/tmp/homebrew-automake-HEAD-mfsB/tests/instspc.dir/dest-space/ -prefix/foo"
 ../install-sh -c -d '/private/tmp/homebrew-automake-HEAD-mfsB/tests/instspc.dir/dest-space/ -prefix/foo/sub/'
 /usr/bin/install -c ../sub/nobase.sh '/private/tmp/homebrew-automake-HEAD-mfsB/tests/instspc.dir/dest-space/ -prefix/foo/sub/'
test -z "/ -prefix/foo" || ../install-sh -c -d "/private/tmp/homebrew-automake-HEAD-mfsB/tests/instspc.dir/dest-space/ -prefix/foo"
../install-sh -c -d '/private/tmp/homebrew-automake-HEAD-mfsB/tests/instspc.dir/dest-space/ -prefix/foo/sub'
 /usr/bin/install -c -m 644  sub/libnobase.a '/private/tmp/homebrew-automake-HEAD-mfsB/tests/instspc.dir/dest-space/ -prefix/foo/sub'
 ( cd '/private/tmp/homebrew-automake-HEAD-mfsB/tests/instspc.dir/dest-space/ -prefix/foo' && ranlib sub/libnobase.a )
test -z "/ -prefix/foo" || ../install-sh -c -d "/private/tmp/homebrew-automake-HEAD-mfsB/tests/instspc.dir/dest-space/ -prefix/foo"
 ../install-sh -c -d '/private/tmp/homebrew-automake-HEAD-mfsB/tests/instspc.dir/dest-space/ -prefix/foo/sub/'
  /usr/bin/install -c sub/nobase '/private/tmp/homebrew-automake-HEAD-mfsB/tests/instspc.dir/dest-space/ -prefix/foo/sub/'
test -z "/ -prefix/foo" || ../install-sh -c -d "/private/tmp/homebrew-automake-HEAD-mfsB/tests/instspc.dir/dest-space/ -prefix/foo"
 /usr/bin/install -c -m 644 ../sub/base.dat '/private/tmp/homebrew-automake-HEAD-mfsB/tests/instspc.dir/dest-space/ -prefix/foo'
test -z "/ -prefix/foo" || ../install-sh -c -d "/private/tmp/homebrew-automake-HEAD-mfsB/tests/instspc.dir/dest-space/ -prefix/foo"
 /usr/bin/install -c -m 644 ../sub/base.h '/private/tmp/homebrew-automake-HEAD-mfsB/tests/instspc.dir/dest-space/ -prefix/foo'
test -z "/ -prefix/foo" || ../install-sh -c -d "/private/tmp/homebrew-automake-HEAD-mfsB/tests/instspc.dir/dest-space/ -prefix/foo"
../install-sh -c -d '/private/tmp/homebrew-automake-HEAD-mfsB/tests/instspc.dir/dest-space/ -prefix/foo/sub'
 /usr/bin/install -c -m 644  ../sub/nobase.dat '/private/tmp/homebrew-automake-HEAD-mfsB/tests/instspc.dir/dest-space/ -prefix/foo/sub'
test -z "/ -prefix/foo" || ../install-sh -c -d "/private/tmp/homebrew-automake-HEAD-mfsB/tests/instspc.dir/dest-space/ -prefix/foo"
../install-sh -c -d '/private/tmp/homebrew-automake-HEAD-mfsB/tests/instspc.dir/dest-space/ -prefix/foo/sub'
 /usr/bin/install -c -m 644  ../sub/nobase.h '/private/tmp/homebrew-automake-HEAD-mfsB/tests/instspc.dir/dest-space/ -prefix/foo/sub'
test   -f '/private/tmp/homebrew-automake-HEAD-mfsB/tests/instspc.dir/dest-space/./ -prefix/foo/sub/nobase.h'
test ! -f '/private/tmp/homebrew-automake-HEAD-mfsB/tests/instspc.dir/dest-space/./ -prefix/foo/nobase.h'
test   -f '/private/tmp/homebrew-automake-HEAD-mfsB/tests/instspc.dir/dest-space/./ -prefix/foo/base.h'
test   -f '/private/tmp/homebrew-automake-HEAD-mfsB/tests/instspc.dir/dest-space/./ -prefix/foo/sub/nobase.dat'
test ! -f '/private/tmp/homebrew-automake-HEAD-mfsB/tests/instspc.dir/dest-space/./ -prefix/foo/nobase.dat'
test   -f '/private/tmp/homebrew-automake-HEAD-mfsB/tests/instspc.dir/dest-space/./ -prefix/foo/base.dat'
test   -f '/private/tmp/homebrew-automake-HEAD-mfsB/tests/instspc.dir/dest-space/./ -prefix/foo/sub/nobase.sh'
test ! -f '/private/tmp/homebrew-automake-HEAD-mfsB/tests/instspc.dir/dest-space/./ -prefix/foo/nobase.sh'
test   -f '/private/tmp/homebrew-automake-HEAD-mfsB/tests/instspc.dir/dest-space/./ -prefix/foo/base.sh'
test   -f '/private/tmp/homebrew-automake-HEAD-mfsB/tests/instspc.dir/dest-space/./ -prefix/foo/sub/nobase'
test ! -f '/private/tmp/homebrew-automake-HEAD-mfsB/tests/instspc.dir/dest-space/./ -prefix/foo/nobase'
test   -f '/private/tmp/homebrew-automake-HEAD-mfsB/tests/instspc.dir/dest-space/./ -prefix/foo/base'
test   -f '/private/tmp/homebrew-automake-HEAD-mfsB/tests/instspc.dir/dest-space/./ -prefix/foo/sub/libnobase.a'
test ! -f '/private/tmp/homebrew-automake-HEAD-mfsB/tests/instspc.dir/dest-space/./ -prefix/foo/libnobase.a'
test   -f '/private/tmp/homebrew-automake-HEAD-mfsB/tests/instspc.dir/dest-space/./ -prefix/foo/libbase.a'
+ description='space in builddir'
+ expected_to_fail build space
+ case $1 in
+ is_in_list space squote dquote bquote sharp dollar bslash ampersand linefeed quadrigraph0 a_lf_b
+ item=space
+ shift
+ case " $* " in
+ return 1
+ directive=
+ reason=
+ result_ ok -D '' -r '' -- 'space in builddir'
+ set +x
ok 59 - space in builddir
PASS: instspc.tap 59 - space in builddir
+ cd /private/tmp/homebrew-automake-HEAD-mfsB/tests/instspc.dir
+ not am_keeping_testdirs
+ am_keeping_testdirs
+ case $keep_testdirs in
+ return 1
+ return 0
+ test ok = ok
+ rm_rf_ './ ' /private/tmp/homebrew-automake-HEAD-mfsB/tests/instspc.dir/dest-space
+ test 2 -gt 0
+ find './ ' /private/tmp/homebrew-automake-HEAD-mfsB/tests/instspc.dir/dest-space -type d '!' -perm -700 -exec chmod u+rwx '{}' ';'
+ rm -rf './ ' /private/tmp/homebrew-automake-HEAD-mfsB/tests/instspc.dir/dest-space
+ for where in build dest
+ case $where in
+ build=build-space
+ dest='/private/tmp/homebrew-automake-HEAD-mfsB/tests/instspc.dir/ '
+ mkdir build-space
+ cd build-space
+ r=ok
+ ../configure --prefix '/ -prefix'
checking for a BSD-compatible install... /usr/bin/install -c
checking whether build environment is sane... yes
checking for a thread-safe mkdir -p... ../install-sh -c -d
checking for gawk... gawk
checking whether make sets $(MAKE)... yes
checking for gcc... /usr/bin/llvm-gcc
checking whether the C compiler works... yes
checking for C compiler default output file name... a.out
checking for suffix of executables... 
checking whether we are cross compiling... no
checking for suffix of object files... o
checking whether we are using the GNU C compiler... yes
checking whether /usr/bin/llvm-gcc accepts -g... yes
checking for /usr/bin/llvm-gcc option to accept ISO C89... none needed
checking for style of include used by make... GNU
checking dependency style of /usr/bin/llvm-gcc... gcc3
checking for ar... ar
checking the archiver (ar) interface... ar
checking for ranlib... ranlib
checking that generated files are newer than configure... done
configure: creating ./config.status
config.status: creating Makefile
config.status: executing depfiles commands
+ make all
/usr/bin/llvm-gcc -DPACKAGE_NAME=\"instspc\" -DPACKAGE_TARNAME=\"instspc\" -DPACKAGE_VERSION=\"1.0\" -DPACKAGE_STRING=\"instspc\ 1.0\" -DPACKAGE_BUGREPORT=\"\" -DPACKAGE_URL=\"\" -DPACKAGE=\"instspc\" -DVERSION=\"1.0\" -I. -I..   -I/usr/local/Cellar/libffi/3.0.10/include -I/usr/local/Cellar/gettext/0.18.1.1/include  -Os -w -pipe   -march=core2 -msse4 -MT source.o -MD -MP -MF .deps/source.Tpo -c -o source.o ../source.c
mv -f .deps/source.Tpo .deps/source.Po
rm -f sub/libbase.a
ar cru sub/libbase.a source.o 
ranlib sub/libbase.a
rm -f sub/libnobase.a
ar cru sub/libnobase.a source.o 
ranlib sub/libnobase.a
/usr/bin/llvm-gcc  -Os -w -pipe   -march=core2 -msse4  -L/usr/local/Cellar/libffi/3.0.10/lib -L/usr/local/Cellar/gettext/0.18.1.1/lib -o sub/base source.o  
/usr/bin/llvm-gcc  -Os -w -pipe   -march=core2 -msse4  -L/usr/local/Cellar/libffi/3.0.10/lib -L/usr/local/Cellar/gettext/0.18.1.1/lib -o sub/nobase source.o  
+ DESTDIR='/private/tmp/homebrew-automake-HEAD-mfsB/tests/instspc.dir/ '
+ file='./ '
+ make -e test-inst
test -z "/ -prefix/foo" || ../install-sh -c -d "/private/tmp/homebrew-automake-HEAD-mfsB/tests/instspc.dir/ / -prefix/foo"
 /usr/bin/install -c ../sub/base.sh '/private/tmp/homebrew-automake-HEAD-mfsB/tests/instspc.dir/ / -prefix/foo'
test -z "/ -prefix/foo" || ../install-sh -c -d "/private/tmp/homebrew-automake-HEAD-mfsB/tests/instspc.dir/ / -prefix/foo"
 /usr/bin/install -c -m 644  sub/libbase.a '/private/tmp/homebrew-automake-HEAD-mfsB/tests/instspc.dir/ / -prefix/foo'
 ( cd '/private/tmp/homebrew-automake-HEAD-mfsB/tests/instspc.dir/ / -prefix/foo' && ranlib libbase.a )
test -z "/ -prefix/foo" || ../install-sh -c -d "/private/tmp/homebrew-automake-HEAD-mfsB/tests/instspc.dir/ / -prefix/foo"
  /usr/bin/install -c sub/base '/private/tmp/homebrew-automake-HEAD-mfsB/tests/instspc.dir/ / -prefix/foo'
test -z "/ -prefix/foo" || ../install-sh -c -d "/private/tmp/homebrew-automake-HEAD-mfsB/tests/instspc.dir/ / -prefix/foo"
 ../install-sh -c -d '/private/tmp/homebrew-automake-HEAD-mfsB/tests/instspc.dir/ / -prefix/foo/sub/'
 /usr/bin/install -c ../sub/nobase.sh '/private/tmp/homebrew-automake-HEAD-mfsB/tests/instspc.dir/ / -prefix/foo/sub/'
test -z "/ -prefix/foo" || ../install-sh -c -d "/private/tmp/homebrew-automake-HEAD-mfsB/tests/instspc.dir/ / -prefix/foo"
../install-sh -c -d '/private/tmp/homebrew-automake-HEAD-mfsB/tests/instspc.dir/ / -prefix/foo/sub'
 /usr/bin/install -c -m 644  sub/libnobase.a '/private/tmp/homebrew-automake-HEAD-mfsB/tests/instspc.dir/ / -prefix/foo/sub'
 ( cd '/private/tmp/homebrew-automake-HEAD-mfsB/tests/instspc.dir/ / -prefix/foo' && ranlib sub/libnobase.a )
test -z "/ -prefix/foo" || ../install-sh -c -d "/private/tmp/homebrew-automake-HEAD-mfsB/tests/instspc.dir/ / -prefix/foo"
 ../install-sh -c -d '/private/tmp/homebrew-automake-HEAD-mfsB/tests/instspc.dir/ / -prefix/foo/sub/'
  /usr/bin/install -c sub/nobase '/private/tmp/homebrew-automake-HEAD-mfsB/tests/instspc.dir/ / -prefix/foo/sub/'
test -z "/ -prefix/foo" || ../install-sh -c -d "/private/tmp/homebrew-automake-HEAD-mfsB/tests/instspc.dir/ / -prefix/foo"
 /usr/bin/install -c -m 644 ../sub/base.dat '/private/tmp/homebrew-automake-HEAD-mfsB/tests/instspc.dir/ / -prefix/foo'
test -z "/ -prefix/foo" || ../install-sh -c -d "/private/tmp/homebrew-automake-HEAD-mfsB/tests/instspc.dir/ / -prefix/foo"
 /usr/bin/install -c -m 644 ../sub/base.h '/private/tmp/homebrew-automake-HEAD-mfsB/tests/instspc.dir/ / -prefix/foo'
test -z "/ -prefix/foo" || ../install-sh -c -d "/private/tmp/homebrew-automake-HEAD-mfsB/tests/instspc.dir/ / -prefix/foo"
../install-sh -c -d '/private/tmp/homebrew-automake-HEAD-mfsB/tests/instspc.dir/ / -prefix/foo/sub'
 /usr/bin/install -c -m 644  ../sub/nobase.dat '/private/tmp/homebrew-automake-HEAD-mfsB/tests/instspc.dir/ / -prefix/foo/sub'
test -z "/ -prefix/foo" || ../install-sh -c -d "/private/tmp/homebrew-automake-HEAD-mfsB/tests/instspc.dir/ / -prefix/foo"
../install-sh -c -d '/private/tmp/homebrew-automake-HEAD-mfsB/tests/instspc.dir/ / -prefix/foo/sub'
 /usr/bin/install -c -m 644  ../sub/nobase.h '/private/tmp/homebrew-automake-HEAD-mfsB/tests/instspc.dir/ / -prefix/foo/sub'
test   -f '/private/tmp/homebrew-automake-HEAD-mfsB/tests/instspc.dir/ /./ -prefix/foo/sub/nobase.h'
test ! -f '/private/tmp/homebrew-automake-HEAD-mfsB/tests/instspc.dir/ /./ -prefix/foo/nobase.h'
test   -f '/private/tmp/homebrew-automake-HEAD-mfsB/tests/instspc.dir/ /./ -prefix/foo/base.h'
test   -f '/private/tmp/homebrew-automake-HEAD-mfsB/tests/instspc.dir/ /./ -prefix/foo/sub/nobase.dat'
test ! -f '/private/tmp/homebrew-automake-HEAD-mfsB/tests/instspc.dir/ /./ -prefix/foo/nobase.dat'
test   -f '/private/tmp/homebrew-automake-HEAD-mfsB/tests/instspc.dir/ /./ -prefix/foo/base.dat'
test   -f '/private/tmp/homebrew-automake-HEAD-mfsB/tests/instspc.dir/ /./ -prefix/foo/sub/nobase.sh'
test ! -f '/private/tmp/homebrew-automake-HEAD-mfsB/tests/instspc.dir/ /./ -prefix/foo/nobase.sh'
test   -f '/private/tmp/homebrew-automake-HEAD-mfsB/tests/instspc.dir/ /./ -prefix/foo/base.sh'
test   -f '/private/tmp/homebrew-automake-HEAD-mfsB/tests/instspc.dir/ /./ -prefix/foo/sub/nobase'
test ! -f '/private/tmp/homebrew-automake-HEAD-mfsB/tests/instspc.dir/ /./ -prefix/foo/nobase'
test   -f '/private/tmp/homebrew-automake-HEAD-mfsB/tests/instspc.dir/ /./ -prefix/foo/base'
test   -f '/private/tmp/homebrew-automake-HEAD-mfsB/tests/instspc.dir/ /./ -prefix/foo/sub/libnobase.a'
test ! -f '/private/tmp/homebrew-automake-HEAD-mfsB/tests/instspc.dir/ /./ -prefix/foo/libnobase.a'
test   -f '/private/tmp/homebrew-automake-HEAD-mfsB/tests/instspc.dir/ /./ -prefix/foo/libbase.a'
+ description='space in destdir'
+ expected_to_fail dest space
+ case $1 in
+ is_in_list space squote dquote bquote sharp dollar linefeed a_lf_b
+ item=space
+ shift
+ case " $* " in
+ return 1
+ directive=
+ reason=
+ result_ ok -D '' -r '' -- 'space in destdir'
+ set +x
ok 60 - space in destdir
PASS: instspc.tap 60 - space in destdir
+ cd /private/tmp/homebrew-automake-HEAD-mfsB/tests/instspc.dir
+ not am_keeping_testdirs
+ am_keeping_testdirs
+ case $keep_testdirs in
+ return 1
+ return 0
+ test ok = ok
+ rm_rf_ build-space '/private/tmp/homebrew-automake-HEAD-mfsB/tests/instspc.dir/ '
+ test 2 -gt 0
+ find build-space '/private/tmp/homebrew-automake-HEAD-mfsB/tests/instspc.dir/ ' -type d '!' -perm -700 -exec chmod u+rwx '{}' ';'
+ rm -rf build-space '/private/tmp/homebrew-automake-HEAD-mfsB/tests/instspc.dir/ '
+ for test_name in '$test_names_list'
+ eval 'test_string=${instspc__tab}'
++ test_string='	'
+ test 'x	' = x
+ mkdir './	'
+ case $test_string in
+ for where in build dest
+ case $where in
+ build='./	'
+ dest=/private/tmp/homebrew-automake-HEAD-mfsB/tests/instspc.dir/dest-tab
+ cd './	'
+ r=ok
+ ../configure --prefix '/	-prefix'
checking for a BSD-compatible install... /usr/bin/install -c
checking whether build environment is sane... yes
checking for a thread-safe mkdir -p... ../install-sh -c -d
checking for gawk... gawk
checking whether make sets $(MAKE)... yes
checking for gcc... /usr/bin/llvm-gcc
checking whether the C compiler works... yes
checking for C compiler default output file name... a.out
checking for suffix of executables... 
checking whether we are cross compiling... no
checking for suffix of object files... o
checking whether we are using the GNU C compiler... yes
checking whether /usr/bin/llvm-gcc accepts -g... yes
checking for /usr/bin/llvm-gcc option to accept ISO C89... none needed
checking for style of include used by make... GNU
checking dependency style of /usr/bin/llvm-gcc... gcc3
checking for ar... ar
checking the archiver (ar) interface... ar
checking for ranlib... ranlib
checking that generated files are newer than configure... done
configure: creating ./config.status
config.status: creating Makefile
config.status: executing depfiles commands
+ make all
/usr/bin/llvm-gcc -DPACKAGE_NAME=\"instspc\" -DPACKAGE_TARNAME=\"instspc\" -DPACKAGE_VERSION=\"1.0\" -DPACKAGE_STRING=\"instspc\ 1.0\" -DPACKAGE_BUGREPORT=\"\" -DPACKAGE_URL=\"\" -DPACKAGE=\"instspc\" -DVERSION=\"1.0\" -I. -I..   -I/usr/local/Cellar/libffi/3.0.10/include -I/usr/local/Cellar/gettext/0.18.1.1/include  -Os -w -pipe   -march=core2 -msse4 -MT source.o -MD -MP -MF .deps/source.Tpo -c -o source.o ../source.c
mv -f .deps/source.Tpo .deps/source.Po
rm -f sub/libbase.a
ar cru sub/libbase.a source.o 
ranlib sub/libbase.a
rm -f sub/libnobase.a
ar cru sub/libnobase.a source.o 
ranlib sub/libnobase.a
/usr/bin/llvm-gcc  -Os -w -pipe   -march=core2 -msse4  -L/usr/local/Cellar/libffi/3.0.10/lib -L/usr/local/Cellar/gettext/0.18.1.1/lib -o sub/base source.o  
/usr/bin/llvm-gcc  -Os -w -pipe   -march=core2 -msse4  -L/usr/local/Cellar/libffi/3.0.10/lib -L/usr/local/Cellar/gettext/0.18.1.1/lib -o sub/nobase source.o  
+ DESTDIR=/private/tmp/homebrew-automake-HEAD-mfsB/tests/instspc.dir/dest-tab
+ file='./	'
+ make -e test-inst
test -z "/	-prefix/foo" || ../install-sh -c -d "/private/tmp/homebrew-automake-HEAD-mfsB/tests/instspc.dir/dest-tab/	-prefix/foo"
 /usr/bin/install -c ../sub/base.sh '/private/tmp/homebrew-automake-HEAD-mfsB/tests/instspc.dir/dest-tab/	-prefix/foo'
test -z "/	-prefix/foo" || ../install-sh -c -d "/private/tmp/homebrew-automake-HEAD-mfsB/tests/instspc.dir/dest-tab/	-prefix/foo"
 /usr/bin/install -c -m 644  sub/libbase.a '/private/tmp/homebrew-automake-HEAD-mfsB/tests/instspc.dir/dest-tab/	-prefix/foo'
 ( cd '/private/tmp/homebrew-automake-HEAD-mfsB/tests/instspc.dir/dest-tab/	-prefix/foo' && ranlib libbase.a )
test -z "/	-prefix/foo" || ../install-sh -c -d "/private/tmp/homebrew-automake-HEAD-mfsB/tests/instspc.dir/dest-tab/	-prefix/foo"
  /usr/bin/install -c sub/base '/private/tmp/homebrew-automake-HEAD-mfsB/tests/instspc.dir/dest-tab/	-prefix/foo'
test -z "/	-prefix/foo" || ../install-sh -c -d "/private/tmp/homebrew-automake-HEAD-mfsB/tests/instspc.dir/dest-tab/	-prefix/foo"
 ../install-sh -c -d '/private/tmp/homebrew-automake-HEAD-mfsB/tests/instspc.dir/dest-tab/	-prefix/foo/sub/'
 /usr/bin/install -c ../sub/nobase.sh '/private/tmp/homebrew-automake-HEAD-mfsB/tests/instspc.dir/dest-tab/	-prefix/foo/sub/'
test -z "/	-prefix/foo" || ../install-sh -c -d "/private/tmp/homebrew-automake-HEAD-mfsB/tests/instspc.dir/dest-tab/	-prefix/foo"
../install-sh -c -d '/private/tmp/homebrew-automake-HEAD-mfsB/tests/instspc.dir/dest-tab/	-prefix/foo/sub'
 /usr/bin/install -c -m 644  sub/libnobase.a '/private/tmp/homebrew-automake-HEAD-mfsB/tests/instspc.dir/dest-tab/	-prefix/foo/sub'
 ( cd '/private/tmp/homebrew-automake-HEAD-mfsB/tests/instspc.dir/dest-tab/	-prefix/foo' && ranlib sub/libnobase.a )
test -z "/	-prefix/foo" || ../install-sh -c -d "/private/tmp/homebrew-automake-HEAD-mfsB/tests/instspc.dir/dest-tab/	-prefix/foo"
 ../install-sh -c -d '/private/tmp/homebrew-automake-HEAD-mfsB/tests/instspc.dir/dest-tab/	-prefix/foo/sub/'
  /usr/bin/install -c sub/nobase '/private/tmp/homebrew-automake-HEAD-mfsB/tests/instspc.dir/dest-tab/	-prefix/foo/sub/'
test -z "/	-prefix/foo" || ../install-sh -c -d "/private/tmp/homebrew-automake-HEAD-mfsB/tests/instspc.dir/dest-tab/	-prefix/foo"
 /usr/bin/install -c -m 644 ../sub/base.dat '/private/tmp/homebrew-automake-HEAD-mfsB/tests/instspc.dir/dest-tab/	-prefix/foo'
test -z "/	-prefix/foo" || ../install-sh -c -d "/private/tmp/homebrew-automake-HEAD-mfsB/tests/instspc.dir/dest-tab/	-prefix/foo"
 /usr/bin/install -c -m 644 ../sub/base.h '/private/tmp/homebrew-automake-HEAD-mfsB/tests/instspc.dir/dest-tab/	-prefix/foo'
test -z "/	-prefix/foo" || ../install-sh -c -d "/private/tmp/homebrew-automake-HEAD-mfsB/tests/instspc.dir/dest-tab/	-prefix/foo"
../install-sh -c -d '/private/tmp/homebrew-automake-HEAD-mfsB/tests/instspc.dir/dest-tab/	-prefix/foo/sub'
 /usr/bin/install -c -m 644  ../sub/nobase.dat '/private/tmp/homebrew-automake-HEAD-mfsB/tests/instspc.dir/dest-tab/	-prefix/foo/sub'
test -z "/	-prefix/foo" || ../install-sh -c -d "/private/tmp/homebrew-automake-HEAD-mfsB/tests/instspc.dir/dest-tab/	-prefix/foo"
../install-sh -c -d '/private/tmp/homebrew-automake-HEAD-mfsB/tests/instspc.dir/dest-tab/	-prefix/foo/sub'
 /usr/bin/install -c -m 644  ../sub/nobase.h '/private/tmp/homebrew-automake-HEAD-mfsB/tests/instspc.dir/dest-tab/	-prefix/foo/sub'
test   -f '/private/tmp/homebrew-automake-HEAD-mfsB/tests/instspc.dir/dest-tab/./	-prefix/foo/sub/nobase.h'
test ! -f '/private/tmp/homebrew-automake-HEAD-mfsB/tests/instspc.dir/dest-tab/./	-prefix/foo/nobase.h'
test   -f '/private/tmp/homebrew-automake-HEAD-mfsB/tests/instspc.dir/dest-tab/./	-prefix/foo/base.h'
test   -f '/private/tmp/homebrew-automake-HEAD-mfsB/tests/instspc.dir/dest-tab/./	-prefix/foo/sub/nobase.dat'
test ! -f '/private/tmp/homebrew-automake-HEAD-mfsB/tests/instspc.dir/dest-tab/./	-prefix/foo/nobase.dat'
test   -f '/private/tmp/homebrew-automake-HEAD-mfsB/tests/instspc.dir/dest-tab/./	-prefix/foo/base.dat'
test   -f '/private/tmp/homebrew-automake-HEAD-mfsB/tests/instspc.dir/dest-tab/./	-prefix/foo/sub/nobase.sh'
test ! -f '/private/tmp/homebrew-automake-HEAD-mfsB/tests/instspc.dir/dest-tab/./	-prefix/foo/nobase.sh'
test   -f '/private/tmp/homebrew-automake-HEAD-mfsB/tests/instspc.dir/dest-tab/./	-prefix/foo/base.sh'
test   -f '/private/tmp/homebrew-automake-HEAD-mfsB/tests/instspc.dir/dest-tab/./	-prefix/foo/sub/nobase'
test ! -f '/private/tmp/homebrew-automake-HEAD-mfsB/tests/instspc.dir/dest-tab/./	-prefix/foo/nobase'
test   -f '/private/tmp/homebrew-automake-HEAD-mfsB/tests/instspc.dir/dest-tab/./	-prefix/foo/base'
test   -f '/private/tmp/homebrew-automake-HEAD-mfsB/tests/instspc.dir/dest-tab/./	-prefix/foo/sub/libnobase.a'
test ! -f '/private/tmp/homebrew-automake-HEAD-mfsB/tests/instspc.dir/dest-tab/./	-prefix/foo/libnobase.a'
test   -f '/private/tmp/homebrew-automake-HEAD-mfsB/tests/instspc.dir/dest-tab/./	-prefix/foo/libbase.a'
+ description='tab in builddir'
+ expected_to_fail build tab
+ case $1 in
+ is_in_list tab squote dquote bquote sharp dollar bslash ampersand linefeed quadrigraph0 a_lf_b
+ item=tab
+ shift
+ case " $* " in
+ return 1
+ directive=
+ reason=
+ result_ ok -D '' -r '' -- 'tab in builddir'
+ set +x
ok 61 - tab in builddir
PASS: instspc.tap 61 - tab in builddir
+ cd /private/tmp/homebrew-automake-HEAD-mfsB/tests/instspc.dir
+ not am_keeping_testdirs
+ am_keeping_testdirs
+ case $keep_testdirs in
+ return 1
+ return 0
+ test ok = ok
+ rm_rf_ './	' /private/tmp/homebrew-automake-HEAD-mfsB/tests/instspc.dir/dest-tab
+ test 2 -gt 0
+ find './	' /private/tmp/homebrew-automake-HEAD-mfsB/tests/instspc.dir/dest-tab -type d '!' -perm -700 -exec chmod u+rwx '{}' ';'
+ rm -rf './	' /private/tmp/homebrew-automake-HEAD-mfsB/tests/instspc.dir/dest-tab
+ for where in build dest
+ case $where in
+ build=build-tab
+ dest='/private/tmp/homebrew-automake-HEAD-mfsB/tests/instspc.dir/	'
+ mkdir build-tab
+ cd build-tab
+ r=ok
+ ../configure --prefix '/	-prefix'
checking for a BSD-compatible install... /usr/bin/install -c
checking whether build environment is sane... yes
checking for a thread-safe mkdir -p... ../install-sh -c -d
checking for gawk... gawk
checking whether make sets $(MAKE)... yes
checking for gcc... /usr/bin/llvm-gcc
checking whether the C compiler works... yes
checking for C compiler default output file name... a.out
checking for suffix of executables... 
checking whether we are cross compiling... no
checking for suffix of object files... o
checking whether we are using the GNU C compiler... yes
checking whether /usr/bin/llvm-gcc accepts -g... yes
checking for /usr/bin/llvm-gcc option to accept ISO C89... none needed
checking for style of include used by make... GNU
checking dependency style of /usr/bin/llvm-gcc... gcc3
checking for ar... ar
checking the archiver (ar) interface... ar
checking for ranlib... ranlib
checking that generated files are newer than configure... done
configure: creating ./config.status
config.status: creating Makefile
config.status: executing depfiles commands
+ make all
/usr/bin/llvm-gcc -DPACKAGE_NAME=\"instspc\" -DPACKAGE_TARNAME=\"instspc\" -DPACKAGE_VERSION=\"1.0\" -DPACKAGE_STRING=\"instspc\ 1.0\" -DPACKAGE_BUGREPORT=\"\" -DPACKAGE_URL=\"\" -DPACKAGE=\"instspc\" -DVERSION=\"1.0\" -I. -I..   -I/usr/local/Cellar/libffi/3.0.10/include -I/usr/local/Cellar/gettext/0.18.1.1/include  -Os -w -pipe   -march=core2 -msse4 -MT source.o -MD -MP -MF .deps/source.Tpo -c -o source.o ../source.c
mv -f .deps/source.Tpo .deps/source.Po
rm -f sub/libbase.a
ar cru sub/libbase.a source.o 
ranlib sub/libbase.a
rm -f sub/libnobase.a
ar cru sub/libnobase.a source.o 
ranlib sub/libnobase.a
/usr/bin/llvm-gcc  -Os -w -pipe   -march=core2 -msse4  -L/usr/local/Cellar/libffi/3.0.10/lib -L/usr/local/Cellar/gettext/0.18.1.1/lib -o sub/base source.o  
/usr/bin/llvm-gcc  -Os -w -pipe   -march=core2 -msse4  -L/usr/local/Cellar/libffi/3.0.10/lib -L/usr/local/Cellar/gettext/0.18.1.1/lib -o sub/nobase source.o  
+ DESTDIR='/private/tmp/homebrew-automake-HEAD-mfsB/tests/instspc.dir/	'
+ file='./	'
+ make -e test-inst
test -z "/	-prefix/foo" || ../install-sh -c -d "/private/tmp/homebrew-automake-HEAD-mfsB/tests/instspc.dir/	/	-prefix/foo"
 /usr/bin/install -c ../sub/base.sh '/private/tmp/homebrew-automake-HEAD-mfsB/tests/instspc.dir/	/	-prefix/foo'
test -z "/	-prefix/foo" || ../install-sh -c -d "/private/tmp/homebrew-automake-HEAD-mfsB/tests/instspc.dir/	/	-prefix/foo"
 /usr/bin/install -c -m 644  sub/libbase.a '/private/tmp/homebrew-automake-HEAD-mfsB/tests/instspc.dir/	/	-prefix/foo'
 ( cd '/private/tmp/homebrew-automake-HEAD-mfsB/tests/instspc.dir/	/	-prefix/foo' && ranlib libbase.a )
test -z "/	-prefix/foo" || ../install-sh -c -d "/private/tmp/homebrew-automake-HEAD-mfsB/tests/instspc.dir/	/	-prefix/foo"
  /usr/bin/install -c sub/base '/private/tmp/homebrew-automake-HEAD-mfsB/tests/instspc.dir/	/	-prefix/foo'
test -z "/	-prefix/foo" || ../install-sh -c -d "/private/tmp/homebrew-automake-HEAD-mfsB/tests/instspc.dir/	/	-prefix/foo"
 ../install-sh -c -d '/private/tmp/homebrew-automake-HEAD-mfsB/tests/instspc.dir/	/	-prefix/foo/sub/'
 /usr/bin/install -c ../sub/nobase.sh '/private/tmp/homebrew-automake-HEAD-mfsB/tests/instspc.dir/	/	-prefix/foo/sub/'
test -z "/	-prefix/foo" || ../install-sh -c -d "/private/tmp/homebrew-automake-HEAD-mfsB/tests/instspc.dir/	/	-prefix/foo"
../install-sh -c -d '/private/tmp/homebrew-automake-HEAD-mfsB/tests/instspc.dir/	/	-prefix/foo/sub'
 /usr/bin/install -c -m 644  sub/libnobase.a '/private/tmp/homebrew-automake-HEAD-mfsB/tests/instspc.dir/	/	-prefix/foo/sub'
 ( cd '/private/tmp/homebrew-automake-HEAD-mfsB/tests/instspc.dir/	/	-prefix/foo' && ranlib sub/libnobase.a )
test -z "/	-prefix/foo" || ../install-sh -c -d "/private/tmp/homebrew-automake-HEAD-mfsB/tests/instspc.dir/	/	-prefix/foo"
 ../install-sh -c -d '/private/tmp/homebrew-automake-HEAD-mfsB/tests/instspc.dir/	/	-prefix/foo/sub/'
  /usr/bin/install -c sub/nobase '/private/tmp/homebrew-automake-HEAD-mfsB/tests/instspc.dir/	/	-prefix/foo/sub/'
test -z "/	-prefix/foo" || ../install-sh -c -d "/private/tmp/homebrew-automake-HEAD-mfsB/tests/instspc.dir/	/	-prefix/foo"
 /usr/bin/install -c -m 644 ../sub/base.dat '/private/tmp/homebrew-automake-HEAD-mfsB/tests/instspc.dir/	/	-prefix/foo'
test -z "/	-prefix/foo" || ../install-sh -c -d "/private/tmp/homebrew-automake-HEAD-mfsB/tests/instspc.dir/	/	-prefix/foo"
 /usr/bin/install -c -m 644 ../sub/base.h '/private/tmp/homebrew-automake-HEAD-mfsB/tests/instspc.dir/	/	-prefix/foo'
test -z "/	-prefix/foo" || ../install-sh -c -d "/private/tmp/homebrew-automake-HEAD-mfsB/tests/instspc.dir/	/	-prefix/foo"
../install-sh -c -d '/private/tmp/homebrew-automake-HEAD-mfsB/tests/instspc.dir/	/	-prefix/foo/sub'
 /usr/bin/install -c -m 644  ../sub/nobase.dat '/private/tmp/homebrew-automake-HEAD-mfsB/tests/instspc.dir/	/	-prefix/foo/sub'
test -z "/	-prefix/foo" || ../install-sh -c -d "/private/tmp/homebrew-automake-HEAD-mfsB/tests/instspc.dir/	/	-prefix/foo"
../install-sh -c -d '/private/tmp/homebrew-automake-HEAD-mfsB/tests/instspc.dir/	/	-prefix/foo/sub'
 /usr/bin/install -c -m 644  ../sub/nobase.h '/private/tmp/homebrew-automake-HEAD-mfsB/tests/instspc.dir/	/	-prefix/foo/sub'
test   -f '/private/tmp/homebrew-automake-HEAD-mfsB/tests/instspc.dir/	/./	-prefix/foo/sub/nobase.h'
test ! -f '/private/tmp/homebrew-automake-HEAD-mfsB/tests/instspc.dir/	/./	-prefix/foo/nobase.h'
test   -f '/private/tmp/homebrew-automake-HEAD-mfsB/tests/instspc.dir/	/./	-prefix/foo/base.h'
test   -f '/private/tmp/homebrew-automake-HEAD-mfsB/tests/instspc.dir/	/./	-prefix/foo/sub/nobase.dat'
test ! -f '/private/tmp/homebrew-automake-HEAD-mfsB/tests/instspc.dir/	/./	-prefix/foo/nobase.dat'
test   -f '/private/tmp/homebrew-automake-HEAD-mfsB/tests/instspc.dir/	/./	-prefix/foo/base.dat'
test   -f '/private/tmp/homebrew-automake-HEAD-mfsB/tests/instspc.dir/	/./	-prefix/foo/sub/nobase.sh'
test ! -f '/private/tmp/homebrew-automake-HEAD-mfsB/tests/instspc.dir/	/./	-prefix/foo/nobase.sh'
test   -f '/private/tmp/homebrew-automake-HEAD-mfsB/tests/instspc.dir/	/./	-prefix/foo/base.sh'
test   -f '/private/tmp/homebrew-automake-HEAD-mfsB/tests/instspc.dir/	/./	-prefix/foo/sub/nobase'
test ! -f '/private/tmp/homebrew-automake-HEAD-mfsB/tests/instspc.dir/	/./	-prefix/foo/nobase'
test   -f '/private/tmp/homebrew-automake-HEAD-mfsB/tests/instspc.dir/	/./	-prefix/foo/base'
test   -f '/private/tmp/homebrew-automake-HEAD-mfsB/tests/instspc.dir/	/./	-prefix/foo/sub/libnobase.a'
test ! -f '/private/tmp/homebrew-automake-HEAD-mfsB/tests/instspc.dir/	/./	-prefix/foo/libnobase.a'
test   -f '/private/tmp/homebrew-automake-HEAD-mfsB/tests/instspc.dir/	/./	-prefix/foo/libbase.a'
+ description='tab in destdir'
+ expected_to_fail dest tab
+ case $1 in
+ is_in_list tab squote dquote bquote sharp dollar linefeed a_lf_b
+ item=tab
+ shift
+ case " $* " in
+ return 1
+ directive=
+ reason=
+ result_ ok -D '' -r '' -- 'tab in destdir'
+ set +x
ok 62 - tab in destdir
PASS: instspc.tap 62 - tab in destdir
+ cd /private/tmp/homebrew-automake-HEAD-mfsB/tests/instspc.dir
+ not am_keeping_testdirs
+ am_keeping_testdirs
+ case $keep_testdirs in
+ return 1
+ return 0
+ test ok = ok
+ rm_rf_ build-tab '/private/tmp/homebrew-automake-HEAD-mfsB/tests/instspc.dir/	'
+ test 2 -gt 0
+ find build-tab '/private/tmp/homebrew-automake-HEAD-mfsB/tests/instspc.dir/	' -type d '!' -perm -700 -exec chmod u+rwx '{}' ';'
+ rm -rf build-tab '/private/tmp/homebrew-automake-HEAD-mfsB/tests/instspc.dir/	'
+ for test_name in '$test_names_list'
+ eval 'test_string=${instspc__linefeed}'
++ test_string='
'
+ test 'x
' = x
+ mkdir './
'
+ case $test_string in
+ for where in build dest
+ case $where in
+ build='./
'
+ dest=/private/tmp/homebrew-automake-HEAD-mfsB/tests/instspc.dir/dest-linefeed
+ cd './
'
+ r=ok
+ ../configure --prefix '/
-prefix'
configure: error: pwd does not report name of working directory
+ r='not ok'
+ description='linefeed in builddir'
+ expected_to_fail build linefeed
+ case $1 in
+ is_in_list linefeed squote dquote bquote sharp dollar bslash ampersand linefeed quadrigraph0 a_lf_b
+ item=linefeed
+ shift
+ case " $* " in
+ return 0
+ directive=TODO
+ reason='long-standing limitation'
+ result_ 'not ok' -D TODO -r 'long-standing limitation' -- 'linefeed in builddir'
+ set +x
not ok 63 - linefeed in builddir # TODO long-standing limitation
XFAIL: instspc.tap 63 - linefeed in builddir # TODO long-standing limitation
+ cd /private/tmp/homebrew-automake-HEAD-mfsB/tests/instspc.dir
+ not am_keeping_testdirs
+ am_keeping_testdirs
+ case $keep_testdirs in
+ return 1
+ return 0
+ test 'not ok' = ok
+ : For lesser shells with broken 'set -e.'
+ for where in build dest
+ case $where in
+ build=build-linefeed
+ dest='/private/tmp/homebrew-automake-HEAD-mfsB/tests/instspc.dir/
'
+ mkdir build-linefeed
+ cd build-linefeed
+ r=ok
+ ../configure --prefix '/
-prefix'
checking for a BSD-compatible install... /usr/bin/install -c
checking whether build environment is sane... yes
checking for a thread-safe mkdir -p... ../install-sh -c -d
checking for gawk... gawk
checking whether make sets $(MAKE)... yes
checking for gcc... /usr/bin/llvm-gcc
checking whether the C compiler works... yes
checking for C compiler default output file name... a.out
checking for suffix of executables... 
checking whether we are cross compiling... no
checking for suffix of object files... o
checking whether we are using the GNU C compiler... yes
checking whether /usr/bin/llvm-gcc accepts -g... yes
checking for /usr/bin/llvm-gcc option to accept ISO C89... none needed
checking for style of include used by make... GNU
checking dependency style of /usr/bin/llvm-gcc... gcc3
checking for ar... ar
checking the archiver (ar) interface... ar
checking for ranlib... ranlib
checking that generated files are newer than configure... done
configure: creating ./config.status
config.status: creating Makefile
config.status: executing depfiles commands
+ make all
Makefile:235: *** missing separator.  Stop.
+ r='not ok'
+ description='linefeed in destdir'
+ expected_to_fail dest linefeed
+ case $1 in
+ is_in_list linefeed squote dquote bquote sharp dollar linefeed a_lf_b
+ item=linefeed
+ shift
+ case " $* " in
+ return 0
+ directive=TODO
+ reason='long-standing limitation'
+ result_ 'not ok' -D TODO -r 'long-standing limitation' -- 'linefeed in destdir'
+ set +x
not ok 64 - linefeed in destdir # TODO long-standing limitation
XFAIL: instspc.tap 64 - linefeed in destdir # TODO long-standing limitation
+ cd /private/tmp/homebrew-automake-HEAD-mfsB/tests/instspc.dir
+ not am_keeping_testdirs
+ am_keeping_testdirs
+ case $keep_testdirs in
+ return 1
+ return 0
+ test 'not ok' = ok
+ : For lesser shells with broken 'set -e.'
+ for test_name in '$test_names_list'
+ eval 'test_string=${instspc__backspace}'
++ test_string=$'\b'
+ test $'x\b' = x
+ mkdir $'./\b'
+ case $test_string in
+ for where in build dest
+ case $where in
+ build=$'./\b'
+ dest=/private/tmp/homebrew-automake-HEAD-mfsB/tests/instspc.dir/dest-backspace
+ cd $'./\b'
+ r=ok
+ ../configure --prefix $'/\b-prefix'
checking for a BSD-compatible install... /usr/bin/install -c
checking whether build environment is sane... yes
checking for a thread-safe mkdir -p... ../install-sh -c -d
checking for gawk... gawk
checking whether make sets $(MAKE)... yes
checking for gcc... /usr/bin/llvm-gcc
checking whether the C compiler works... yes
checking for C compiler default output file name... a.out
checking for suffix of executables... 
checking whether we are cross compiling... no
checking for suffix of object files... o
checking whether we are using the GNU C compiler... yes
checking whether /usr/bin/llvm-gcc accepts -g... yes
checking for /usr/bin/llvm-gcc option to accept ISO C89... none needed
checking for style of include used by make... GNU
checking dependency style of /usr/bin/llvm-gcc... gcc3
checking for ar... ar
checking the archiver (ar) interface... ar
checking for ranlib... ranlib
checking that generated files are newer than configure... done
configure: creating ./config.status
config.status: creating Makefile
config.status: executing depfiles commands
+ make all
/usr/bin/llvm-gcc -DPACKAGE_NAME=\"instspc\" -DPACKAGE_TARNAME=\"instspc\" -DPACKAGE_VERSION=\"1.0\" -DPACKAGE_STRING=\"instspc\ 1.0\" -DPACKAGE_BUGREPORT=\"\" -DPACKAGE_URL=\"\" -DPACKAGE=\"instspc\" -DVERSION=\"1.0\" -I. -I..   -I/usr/local/Cellar/libffi/3.0.10/include -I/usr/local/Cellar/gettext/0.18.1.1/include  -Os -w -pipe   -march=core2 -msse4 -MT source.o -MD -MP -MF .deps/source.Tpo -c -o source.o ../source.c
mv -f .deps/source.Tpo .deps/source.Po
rm -f sub/libbase.a
ar cru sub/libbase.a source.o 
ranlib sub/libbase.a
rm -f sub/libnobase.a
ar cru sub/libnobase.a source.o 
ranlib sub/libnobase.a
/usr/bin/llvm-gcc  -Os -w -pipe   -march=core2 -msse4  -L/usr/local/Cellar/libffi/3.0.10/lib -L/usr/local/Cellar/gettext/0.18.1.1/lib -o sub/base source.o  
/usr/bin/llvm-gcc  -Os -w -pipe   -march=core2 -msse4  -L/usr/local/Cellar/libffi/3.0.10/lib -L/usr/local/Cellar/gettext/0.18.1.1/lib -o sub/nobase source.o  
+ DESTDIR=/private/tmp/homebrew-automake-HEAD-mfsB/tests/instspc.dir/dest-backspace
+ file=$'./\b'
+ make -e test-inst
test -z "/-prefix/foo" || ../install-sh -c -d "/private/tmp/homebrew-automake-HEAD-mfsB/tests/instspc.dir/dest-backspace/-prefix/foo"
 /usr/bin/install -c ../sub/base.sh '/private/tmp/homebrew-automake-HEAD-mfsB/tests/instspc.dir/dest-backspace/-prefix/foo'
test -z "/-prefix/foo" || ../install-sh -c -d "/private/tmp/homebrew-automake-HEAD-mfsB/tests/instspc.dir/dest-backspace/-prefix/foo"
 /usr/bin/install -c -m 644  sub/libbase.a '/private/tmp/homebrew-automake-HEAD-mfsB/tests/instspc.dir/dest-backspace/-prefix/foo'
 ( cd '/private/tmp/homebrew-automake-HEAD-mfsB/tests/instspc.dir/dest-backspace/-prefix/foo' && ranlib libbase.a )
test -z "/-prefix/foo" || ../install-sh -c -d "/private/tmp/homebrew-automake-HEAD-mfsB/tests/instspc.dir/dest-backspace/-prefix/foo"
  /usr/bin/install -c sub/base '/private/tmp/homebrew-automake-HEAD-mfsB/tests/instspc.dir/dest-backspace/-prefix/foo'
test -z "/-prefix/foo" || ../install-sh -c -d "/private/tmp/homebrew-automake-HEAD-mfsB/tests/instspc.dir/dest-backspace/-prefix/foo"
 ../install-sh -c -d '/private/tmp/homebrew-automake-HEAD-mfsB/tests/instspc.dir/dest-backspace/-prefix/foo/sub/'
 /usr/bin/install -c ../sub/nobase.sh '/private/tmp/homebrew-automake-HEAD-mfsB/tests/instspc.dir/dest-backspace/-prefix/foo/sub/'
test -z "/-prefix/foo" || ../install-sh -c -d "/private/tmp/homebrew-automake-HEAD-mfsB/tests/instspc.dir/dest-backspace/-prefix/foo"
../install-sh -c -d '/private/tmp/homebrew-automake-HEAD-mfsB/tests/instspc.dir/dest-backspace/-prefix/foo/sub'
 /usr/bin/install -c -m 644  sub/libnobase.a '/private/tmp/homebrew-automake-HEAD-mfsB/tests/instspc.dir/dest-backspace/-prefix/foo/sub'
 ( cd '/private/tmp/homebrew-automake-HEAD-mfsB/tests/instspc.dir/dest-backspace/-prefix/foo' && ranlib sub/libnobase.a )
test -z "/-prefix/foo" || ../install-sh -c -d "/private/tmp/homebrew-automake-HEAD-mfsB/tests/instspc.dir/dest-backspace/-prefix/foo"
 ../install-sh -c -d '/private/tmp/homebrew-automake-HEAD-mfsB/tests/instspc.dir/dest-backspace/-prefix/foo/sub/'
  /usr/bin/install -c sub/nobase '/private/tmp/homebrew-automake-HEAD-mfsB/tests/instspc.dir/dest-backspace/-prefix/foo/sub/'
test -z "/-prefix/foo" || ../install-sh -c -d "/private/tmp/homebrew-automake-HEAD-mfsB/tests/instspc.dir/dest-backspace/-prefix/foo"
 /usr/bin/install -c -m 644 ../sub/base.dat '/private/tmp/homebrew-automake-HEAD-mfsB/tests/instspc.dir/dest-backspace/-prefix/foo'
test -z "/-prefix/foo" || ../install-sh -c -d "/private/tmp/homebrew-automake-HEAD-mfsB/tests/instspc.dir/dest-backspace/-prefix/foo"
 /usr/bin/install -c -m 644 ../sub/base.h '/private/tmp/homebrew-automake-HEAD-mfsB/tests/instspc.dir/dest-backspace/-prefix/foo'
test -z "/-prefix/foo" || ../install-sh -c -d "/private/tmp/homebrew-automake-HEAD-mfsB/tests/instspc.dir/dest-backspace/-prefix/foo"
../install-sh -c -d '/private/tmp/homebrew-automake-HEAD-mfsB/tests/instspc.dir/dest-backspace/-prefix/foo/sub'
 /usr/bin/install -c -m 644  ../sub/nobase.dat '/private/tmp/homebrew-automake-HEAD-mfsB/tests/instspc.dir/dest-backspace/-prefix/foo/sub'
test -z "/-prefix/foo" || ../install-sh -c -d "/private/tmp/homebrew-automake-HEAD-mfsB/tests/instspc.dir/dest-backspace/-prefix/foo"
../install-sh -c -d '/private/tmp/homebrew-automake-HEAD-mfsB/tests/instspc.dir/dest-backspace/-prefix/foo/sub'
 /usr/bin/install -c -m 644  ../sub/nobase.h '/private/tmp/homebrew-automake-HEAD-mfsB/tests/instspc.dir/dest-backspace/-prefix/foo/sub'
test   -f '/private/tmp/homebrew-automake-HEAD-mfsB/tests/instspc.dir/dest-backspace/./-prefix/foo/sub/nobase.h'
test ! -f '/private/tmp/homebrew-automake-HEAD-mfsB/tests/instspc.dir/dest-backspace/./-prefix/foo/nobase.h'
test   -f '/private/tmp/homebrew-automake-HEAD-mfsB/tests/instspc.dir/dest-backspace/./-prefix/foo/base.h'
test   -f '/private/tmp/homebrew-automake-HEAD-mfsB/tests/instspc.dir/dest-backspace/./-prefix/foo/sub/nobase.dat'
test ! -f '/private/tmp/homebrew-automake-HEAD-mfsB/tests/instspc.dir/dest-backspace/./-prefix/foo/nobase.dat'
test   -f '/private/tmp/homebrew-automake-HEAD-mfsB/tests/instspc.dir/dest-backspace/./-prefix/foo/base.dat'
test   -f '/private/tmp/homebrew-automake-HEAD-mfsB/tests/instspc.dir/dest-backspace/./-prefix/foo/sub/nobase.sh'
test ! -f '/private/tmp/homebrew-automake-HEAD-mfsB/tests/instspc.dir/dest-backspace/./-prefix/foo/nobase.sh'
test   -f '/private/tmp/homebrew-automake-HEAD-mfsB/tests/instspc.dir/dest-backspace/./-prefix/foo/base.sh'
test   -f '/private/tmp/homebrew-automake-HEAD-mfsB/tests/instspc.dir/dest-backspace/./-prefix/foo/sub/nobase'
test ! -f '/private/tmp/homebrew-automake-HEAD-mfsB/tests/instspc.dir/dest-backspace/./-prefix/foo/nobase'
test   -f '/private/tmp/homebrew-automake-HEAD-mfsB/tests/instspc.dir/dest-backspace/./-prefix/foo/base'
test   -f '/private/tmp/homebrew-automake-HEAD-mfsB/tests/instspc.dir/dest-backspace/./-prefix/foo/sub/libnobase.a'
test ! -f '/private/tmp/homebrew-automake-HEAD-mfsB/tests/instspc.dir/dest-backspace/./-prefix/foo/libnobase.a'
test   -f '/private/tmp/homebrew-automake-HEAD-mfsB/tests/instspc.dir/dest-backspace/./-prefix/foo/libbase.a'
+ description='backspace in builddir'
+ expected_to_fail build backspace
+ case $1 in
+ is_in_list backspace squote dquote bquote sharp dollar bslash ampersand linefeed quadrigraph0 a_lf_b
+ item=backspace
+ shift
+ case " $* " in
+ return 1
+ directive=
+ reason=
+ result_ ok -D '' -r '' -- 'backspace in builddir'
+ set +x
ok 65 - backspace in builddir
PASS: instspc.tap 65 - backspace in builddir
+ cd /private/tmp/homebrew-automake-HEAD-mfsB/tests/instspc.dir
+ not am_keeping_testdirs
+ am_keeping_testdirs
+ case $keep_testdirs in
+ return 1
+ return 0
+ test ok = ok
+ rm_rf_ $'./\b' /private/tmp/homebrew-automake-HEAD-mfsB/tests/instspc.dir/dest-backspace
+ test 2 -gt 0
+ find $'./\b' /private/tmp/homebrew-automake-HEAD-mfsB/tests/instspc.dir/dest-backspace -type d '!' -perm -700 -exec chmod u+rwx '{}' ';'
+ rm -rf $'./\b' /private/tmp/homebrew-automake-HEAD-mfsB/tests/instspc.dir/dest-backspace
+ for where in build dest
+ case $where in
+ build=build-backspace
+ dest=$'/private/tmp/homebrew-automake-HEAD-mfsB/tests/instspc.dir/\b'
+ mkdir build-backspace
+ cd build-backspace
+ r=ok
+ ../configure --prefix $'/\b-prefix'
checking for a BSD-compatible install... /usr/bin/install -c
checking whether build environment is sane... yes
checking for a thread-safe mkdir -p... ../install-sh -c -d
checking for gawk... gawk
checking whether make sets $(MAKE)... yes
checking for gcc... /usr/bin/llvm-gcc
checking whether the C compiler works... yes
checking for C compiler default output file name... a.out
checking for suffix of executables... 
checking whether we are cross compiling... no
checking for suffix of object files... o
checking whether we are using the GNU C compiler... yes
checking whether /usr/bin/llvm-gcc accepts -g... yes
checking for /usr/bin/llvm-gcc option to accept ISO C89... none needed
checking for style of include used by make... GNU
checking dependency style of /usr/bin/llvm-gcc... gcc3
checking for ar... ar
checking the archiver (ar) interface... ar
checking for ranlib... ranlib
checking that generated files are newer than configure... done
configure: creating ./config.status
config.status: creating Makefile
config.status: executing depfiles commands
+ make all
/usr/bin/llvm-gcc -DPACKAGE_NAME=\"instspc\" -DPACKAGE_TARNAME=\"instspc\" -DPACKAGE_VERSION=\"1.0\" -DPACKAGE_STRING=\"instspc\ 1.0\" -DPACKAGE_BUGREPORT=\"\" -DPACKAGE_URL=\"\" -DPACKAGE=\"instspc\" -DVERSION=\"1.0\" -I. -I..   -I/usr/local/Cellar/libffi/3.0.10/include -I/usr/local/Cellar/gettext/0.18.1.1/include  -Os -w -pipe   -march=core2 -msse4 -MT source.o -MD -MP -MF .deps/source.Tpo -c -o source.o ../source.c
mv -f .deps/source.Tpo .deps/source.Po
rm -f sub/libbase.a
ar cru sub/libbase.a source.o 
ranlib sub/libbase.a
rm -f sub/libnobase.a
ar cru sub/libnobase.a source.o 
ranlib sub/libnobase.a
/usr/bin/llvm-gcc  -Os -w -pipe   -march=core2 -msse4  -L/usr/local/Cellar/libffi/3.0.10/lib -L/usr/local/Cellar/gettext/0.18.1.1/lib -o sub/base source.o  
/usr/bin/llvm-gcc  -Os -w -pipe   -march=core2 -msse4  -L/usr/local/Cellar/libffi/3.0.10/lib -L/usr/local/Cellar/gettext/0.18.1.1/lib -o sub/nobase source.o  
+ DESTDIR=$'/private/tmp/homebrew-automake-HEAD-mfsB/tests/instspc.dir/\b'
+ file=$'./\b'
+ make -e test-inst
test -z "/-prefix/foo" || ../install-sh -c -d "/private/tmp/homebrew-automake-HEAD-mfsB/tests/instspc.dir//-prefix/foo"
 /usr/bin/install -c ../sub/base.sh '/private/tmp/homebrew-automake-HEAD-mfsB/tests/instspc.dir//-prefix/foo'
test -z "/-prefix/foo" || ../install-sh -c -d "/private/tmp/homebrew-automake-HEAD-mfsB/tests/instspc.dir//-prefix/foo"
 /usr/bin/install -c -m 644  sub/libbase.a '/private/tmp/homebrew-automake-HEAD-mfsB/tests/instspc.dir//-prefix/foo'
 ( cd '/private/tmp/homebrew-automake-HEAD-mfsB/tests/instspc.dir//-prefix/foo' && ranlib libbase.a )
test -z "/-prefix/foo" || ../install-sh -c -d "/private/tmp/homebrew-automake-HEAD-mfsB/tests/instspc.dir//-prefix/foo"
  /usr/bin/install -c sub/base '/private/tmp/homebrew-automake-HEAD-mfsB/tests/instspc.dir//-prefix/foo'
test -z "/-prefix/foo" || ../install-sh -c -d "/private/tmp/homebrew-automake-HEAD-mfsB/tests/instspc.dir//-prefix/foo"
 ../install-sh -c -d '/private/tmp/homebrew-automake-HEAD-mfsB/tests/instspc.dir//-prefix/foo/sub/'
 /usr/bin/install -c ../sub/nobase.sh '/private/tmp/homebrew-automake-HEAD-mfsB/tests/instspc.dir//-prefix/foo/sub/'
test -z "/-prefix/foo" || ../install-sh -c -d "/private/tmp/homebrew-automake-HEAD-mfsB/tests/instspc.dir//-prefix/foo"
../install-sh -c -d '/private/tmp/homebrew-automake-HEAD-mfsB/tests/instspc.dir//-prefix/foo/sub'
 /usr/bin/install -c -m 644  sub/libnobase.a '/private/tmp/homebrew-automake-HEAD-mfsB/tests/instspc.dir//-prefix/foo/sub'
 ( cd '/private/tmp/homebrew-automake-HEAD-mfsB/tests/instspc.dir//-prefix/foo' && ranlib sub/libnobase.a )
test -z "/-prefix/foo" || ../install-sh -c -d "/private/tmp/homebrew-automake-HEAD-mfsB/tests/instspc.dir//-prefix/foo"
 ../install-sh -c -d '/private/tmp/homebrew-automake-HEAD-mfsB/tests/instspc.dir//-prefix/foo/sub/'
  /usr/bin/install -c sub/nobase '/private/tmp/homebrew-automake-HEAD-mfsB/tests/instspc.dir//-prefix/foo/sub/'
test -z "/-prefix/foo" || ../install-sh -c -d "/private/tmp/homebrew-automake-HEAD-mfsB/tests/instspc.dir//-prefix/foo"
 /usr/bin/install -c -m 644 ../sub/base.dat '/private/tmp/homebrew-automake-HEAD-mfsB/tests/instspc.dir//-prefix/foo'
test -z "/-prefix/foo" || ../install-sh -c -d "/private/tmp/homebrew-automake-HEAD-mfsB/tests/instspc.dir//-prefix/foo"
 /usr/bin/install -c -m 644 ../sub/base.h '/private/tmp/homebrew-automake-HEAD-mfsB/tests/instspc.dir//-prefix/foo'
test -z "/-prefix/foo" || ../install-sh -c -d "/private/tmp/homebrew-automake-HEAD-mfsB/tests/instspc.dir//-prefix/foo"
../install-sh -c -d '/private/tmp/homebrew-automake-HEAD-mfsB/tests/instspc.dir//-prefix/foo/sub'
 /usr/bin/install -c -m 644  ../sub/nobase.dat '/private/tmp/homebrew-automake-HEAD-mfsB/tests/instspc.dir//-prefix/foo/sub'
test -z "/-prefix/foo" || ../install-sh -c -d "/private/tmp/homebrew-automake-HEAD-mfsB/tests/instspc.dir//-prefix/foo"
../install-sh -c -d '/private/tmp/homebrew-automake-HEAD-mfsB/tests/instspc.dir//-prefix/foo/sub'
 /usr/bin/install -c -m 644  ../sub/nobase.h '/private/tmp/homebrew-automake-HEAD-mfsB/tests/instspc.dir//-prefix/foo/sub'
test   -f '/private/tmp/homebrew-automake-HEAD-mfsB/tests/instspc.dir//./-prefix/foo/sub/nobase.h'
test ! -f '/private/tmp/homebrew-automake-HEAD-mfsB/tests/instspc.dir//./-prefix/foo/nobase.h'
test   -f '/private/tmp/homebrew-automake-HEAD-mfsB/tests/instspc.dir//./-prefix/foo/base.h'
test   -f '/private/tmp/homebrew-automake-HEAD-mfsB/tests/instspc.dir//./-prefix/foo/sub/nobase.dat'
test ! -f '/private/tmp/homebrew-automake-HEAD-mfsB/tests/instspc.dir//./-prefix/foo/nobase.dat'
test   -f '/private/tmp/homebrew-automake-HEAD-mfsB/tests/instspc.dir//./-prefix/foo/base.dat'
test   -f '/private/tmp/homebrew-automake-HEAD-mfsB/tests/instspc.dir//./-prefix/foo/sub/nobase.sh'
test ! -f '/private/tmp/homebrew-automake-HEAD-mfsB/tests/instspc.dir//./-prefix/foo/nobase.sh'
test   -f '/private/tmp/homebrew-automake-HEAD-mfsB/tests/instspc.dir//./-prefix/foo/base.sh'
test   -f '/private/tmp/homebrew-automake-HEAD-mfsB/tests/instspc.dir//./-prefix/foo/sub/nobase'
test ! -f '/private/tmp/homebrew-automake-HEAD-mfsB/tests/instspc.dir//./-prefix/foo/nobase'
test   -f '/private/tmp/homebrew-automake-HEAD-mfsB/tests/instspc.dir//./-prefix/foo/base'
test   -f '/private/tmp/homebrew-automake-HEAD-mfsB/tests/instspc.dir//./-prefix/foo/sub/libnobase.a'
test ! -f '/private/tmp/homebrew-automake-HEAD-mfsB/tests/instspc.dir//./-prefix/foo/libnobase.a'
test   -f '/private/tmp/homebrew-automake-HEAD-mfsB/tests/instspc.dir//./-prefix/foo/libbase.a'
+ description='backspace in destdir'
+ expected_to_fail dest backspace
+ case $1 in
+ is_in_list backspace squote dquote bquote sharp dollar linefeed a_lf_b
+ item=backspace
+ shift
+ case " $* " in
+ return 1
+ directive=
+ reason=
+ result_ ok -D '' -r '' -- 'backspace in destdir'
+ set +x
ok 66 - backspace in destdir
PASS: instspc.tap 66 - backspace in destdir
+ cd /private/tmp/homebrew-automake-HEAD-mfsB/tests/instspc.dir
+ not am_keeping_testdirs
+ am_keeping_testdirs
+ case $keep_testdirs in
+ return 1
+ return 0
+ test ok = ok
+ rm_rf_ build-backspace $'/private/tmp/homebrew-automake-HEAD-mfsB/tests/instspc.dir/\b'
+ test 2 -gt 0
+ find build-backspace $'/private/tmp/homebrew-automake-HEAD-mfsB/tests/instspc.dir/\b' -type d '!' -perm -700 -exec chmod u+rwx '{}' ';'
+ rm -rf build-backspace $'/private/tmp/homebrew-automake-HEAD-mfsB/tests/instspc.dir/\b'
+ for test_name in '$test_names_list'
+ eval 'test_string=${instspc__formfeed}'
++ test_string=$'\f'
+ test $'x\f' = x
+ mkdir $'./\f'
+ case $test_string in
+ for where in build dest
+ case $where in
+ build=$'./\f'
+ dest=/private/tmp/homebrew-automake-HEAD-mfsB/tests/instspc.dir/dest-formfeed
+ cd $'./\f'
+ r=ok
+ ../configure --prefix $'/\f-prefix'
checking for a BSD-compatible install... /usr/bin/install -c
checking whether build environment is sane... yes
checking for a thread-safe mkdir -p... ../install-sh -c -d
checking for gawk... gawk
checking whether make sets $(MAKE)... yes
checking for gcc... /usr/bin/llvm-gcc
checking whether the C compiler works... yes
checking for C compiler default output file name... a.out
checking for suffix of executables... 
checking whether we are cross compiling... no
checking for suffix of object files... o
checking whether we are using the GNU C compiler... yes
checking whether /usr/bin/llvm-gcc accepts -g... yes
checking for /usr/bin/llvm-gcc option to accept ISO C89... none needed
checking for style of include used by make... GNU
checking dependency style of /usr/bin/llvm-gcc... gcc3
checking for ar... ar
checking the archiver (ar) interface... ar
checking for ranlib... ranlib
checking that generated files are newer than configure... done
configure: creating ./config.status
config.status: creating Makefile
config.status: executing depfiles commands
+ make all
/usr/bin/llvm-gcc -DPACKAGE_NAME=\"instspc\" -DPACKAGE_TARNAME=\"instspc\" -DPACKAGE_VERSION=\"1.0\" -DPACKAGE_STRING=\"instspc\ 1.0\" -DPACKAGE_BUGREPORT=\"\" -DPACKAGE_URL=\"\" -DPACKAGE=\"instspc\" -DVERSION=\"1.0\" -I. -I..   -I/usr/local/Cellar/libffi/3.0.10/include -I/usr/local/Cellar/gettext/0.18.1.1/include  -Os -w -pipe   -march=core2 -msse4 -MT source.o -MD -MP -MF .deps/source.Tpo -c -o source.o ../source.c
mv -f .deps/source.Tpo .deps/source.Po
rm -f sub/libbase.a
ar cru sub/libbase.a source.o 
ranlib sub/libbase.a
rm -f sub/libnobase.a
ar cru sub/libnobase.a source.o 
ranlib sub/libnobase.a
/usr/bin/llvm-gcc  -Os -w -pipe   -march=core2 -msse4  -L/usr/local/Cellar/libffi/3.0.10/lib -L/usr/local/Cellar/gettext/0.18.1.1/lib -o sub/base source.o  
/usr/bin/llvm-gcc  -Os -w -pipe   -march=core2 -msse4  -L/usr/local/Cellar/libffi/3.0.10/lib -L/usr/local/Cellar/gettext/0.18.1.1/lib -o sub/nobase source.o  
+ DESTDIR=/private/tmp/homebrew-automake-HEAD-mfsB/tests/instspc.dir/dest-formfeed
+ file=$'./\f'
+ make -e test-inst
test -z "/-prefix/foo" || ../install-sh -c -d "/private/tmp/homebrew-automake-HEAD-mfsB/tests/instspc.dir/dest-formfeed/-prefix/foo"
 /usr/bin/install -c ../sub/base.sh '/private/tmp/homebrew-automake-HEAD-mfsB/tests/instspc.dir/dest-formfeed/-prefix/foo'
test -z "/-prefix/foo" || ../install-sh -c -d "/private/tmp/homebrew-automake-HEAD-mfsB/tests/instspc.dir/dest-formfeed/-prefix/foo"
 /usr/bin/install -c -m 644  sub/libbase.a '/private/tmp/homebrew-automake-HEAD-mfsB/tests/instspc.dir/dest-formfeed/-prefix/foo'
 ( cd '/private/tmp/homebrew-automake-HEAD-mfsB/tests/instspc.dir/dest-formfeed/-prefix/foo' && ranlib libbase.a )
test -z "/-prefix/foo" || ../install-sh -c -d "/private/tmp/homebrew-automake-HEAD-mfsB/tests/instspc.dir/dest-formfeed/-prefix/foo"
  /usr/bin/install -c sub/base '/private/tmp/homebrew-automake-HEAD-mfsB/tests/instspc.dir/dest-formfeed/-prefix/foo'
test -z "/-prefix/foo" || ../install-sh -c -d "/private/tmp/homebrew-automake-HEAD-mfsB/tests/instspc.dir/dest-formfeed/-prefix/foo"
 ../install-sh -c -d '/private/tmp/homebrew-automake-HEAD-mfsB/tests/instspc.dir/dest-formfeed/-prefix/foo/sub/'
 /usr/bin/install -c ../sub/nobase.sh '/private/tmp/homebrew-automake-HEAD-mfsB/tests/instspc.dir/dest-formfeed/-prefix/foo/sub/'
test -z "/-prefix/foo" || ../install-sh -c -d "/private/tmp/homebrew-automake-HEAD-mfsB/tests/instspc.dir/dest-formfeed/-prefix/foo"
../install-sh -c -d '/private/tmp/homebrew-automake-HEAD-mfsB/tests/instspc.dir/dest-formfeed/-prefix/foo/sub'
 /usr/bin/install -c -m 644  sub/libnobase.a '/private/tmp/homebrew-automake-HEAD-mfsB/tests/instspc.dir/dest-formfeed/-prefix/foo/sub'
 ( cd '/private/tmp/homebrew-automake-HEAD-mfsB/tests/instspc.dir/dest-formfeed/-prefix/foo' && ranlib sub/libnobase.a )
test -z "/-prefix/foo" || ../install-sh -c -d "/private/tmp/homebrew-automake-HEAD-mfsB/tests/instspc.dir/dest-formfeed/-prefix/foo"
 ../install-sh -c -d '/private/tmp/homebrew-automake-HEAD-mfsB/tests/instspc.dir/dest-formfeed/-prefix/foo/sub/'
  /usr/bin/install -c sub/nobase '/private/tmp/homebrew-automake-HEAD-mfsB/tests/instspc.dir/dest-formfeed/-prefix/foo/sub/'
test -z "/-prefix/foo" || ../install-sh -c -d "/private/tmp/homebrew-automake-HEAD-mfsB/tests/instspc.dir/dest-formfeed/-prefix/foo"
 /usr/bin/install -c -m 644 ../sub/base.dat '/private/tmp/homebrew-automake-HEAD-mfsB/tests/instspc.dir/dest-formfeed/-prefix/foo'
test -z "/-prefix/foo" || ../install-sh -c -d "/private/tmp/homebrew-automake-HEAD-mfsB/tests/instspc.dir/dest-formfeed/-prefix/foo"
 /usr/bin/install -c -m 644 ../sub/base.h '/private/tmp/homebrew-automake-HEAD-mfsB/tests/instspc.dir/dest-formfeed/-prefix/foo'
test -z "/-prefix/foo" || ../install-sh -c -d "/private/tmp/homebrew-automake-HEAD-mfsB/tests/instspc.dir/dest-formfeed/-prefix/foo"
../install-sh -c -d '/private/tmp/homebrew-automake-HEAD-mfsB/tests/instspc.dir/dest-formfeed/-prefix/foo/sub'
 /usr/bin/install -c -m 644  ../sub/nobase.dat '/private/tmp/homebrew-automake-HEAD-mfsB/tests/instspc.dir/dest-formfeed/-prefix/foo/sub'
test -z "/-prefix/foo" || ../install-sh -c -d "/private/tmp/homebrew-automake-HEAD-mfsB/tests/instspc.dir/dest-formfeed/-prefix/foo"
../install-sh -c -d '/private/tmp/homebrew-automake-HEAD-mfsB/tests/instspc.dir/dest-formfeed/-prefix/foo/sub'
 /usr/bin/install -c -m 644  ../sub/nobase.h '/private/tmp/homebrew-automake-HEAD-mfsB/tests/instspc.dir/dest-formfeed/-prefix/foo/sub'
test   -f '/private/tmp/homebrew-automake-HEAD-mfsB/tests/instspc.dir/dest-formfeed/./-prefix/foo/sub/nobase.h'
test ! -f '/private/tmp/homebrew-automake-HEAD-mfsB/tests/instspc.dir/dest-formfeed/./-prefix/foo/nobase.h'
test   -f '/private/tmp/homebrew-automake-HEAD-mfsB/tests/instspc.dir/dest-formfeed/./-prefix/foo/base.h'
test   -f '/private/tmp/homebrew-automake-HEAD-mfsB/tests/instspc.dir/dest-formfeed/./-prefix/foo/sub/nobase.dat'
test ! -f '/private/tmp/homebrew-automake-HEAD-mfsB/tests/instspc.dir/dest-formfeed/./-prefix/foo/nobase.dat'
test   -f '/private/tmp/homebrew-automake-HEAD-mfsB/tests/instspc.dir/dest-formfeed/./-prefix/foo/base.dat'
test   -f '/private/tmp/homebrew-automake-HEAD-mfsB/tests/instspc.dir/dest-formfeed/./-prefix/foo/sub/nobase.sh'
test ! -f '/private/tmp/homebrew-automake-HEAD-mfsB/tests/instspc.dir/dest-formfeed/./-prefix/foo/nobase.sh'
test   -f '/private/tmp/homebrew-automake-HEAD-mfsB/tests/instspc.dir/dest-formfeed/./-prefix/foo/base.sh'
test   -f '/private/tmp/homebrew-automake-HEAD-mfsB/tests/instspc.dir/dest-formfeed/./-prefix/foo/sub/nobase'
test ! -f '/private/tmp/homebrew-automake-HEAD-mfsB/tests/instspc.dir/dest-formfeed/./-prefix/foo/nobase'
test   -f '/private/tmp/homebrew-automake-HEAD-mfsB/tests/instspc.dir/dest-formfeed/./-prefix/foo/base'
test   -f '/private/tmp/homebrew-automake-HEAD-mfsB/tests/instspc.dir/dest-formfeed/./-prefix/foo/sub/libnobase.a'
test ! -f '/private/tmp/homebrew-automake-HEAD-mfsB/tests/instspc.dir/dest-formfeed/./-prefix/foo/libnobase.a'
test   -f '/private/tmp/homebrew-automake-HEAD-mfsB/tests/instspc.dir/dest-formfeed/./-prefix/foo/libbase.a'
+ description='formfeed in builddir'
+ expected_to_fail build formfeed
+ case $1 in
+ is_in_list formfeed squote dquote bquote sharp dollar bslash ampersand linefeed quadrigraph0 a_lf_b
+ item=formfeed
+ shift
+ case " $* " in
+ return 1
+ directive=
+ reason=
+ result_ ok -D '' -r '' -- 'formfeed in builddir'
+ set +x
ok 67 - formfeed in builddir
PASS: instspc.tap 67 - formfeed in builddir
+ cd /private/tmp/homebrew-automake-HEAD-mfsB/tests/instspc.dir
+ not am_keeping_testdirs
+ am_keeping_testdirs
+ case $keep_testdirs in
+ return 1
+ return 0
+ test ok = ok
+ rm_rf_ $'./\f' /private/tmp/homebrew-automake-HEAD-mfsB/tests/instspc.dir/dest-formfeed
+ test 2 -gt 0
+ find $'./\f' /private/tmp/homebrew-automake-HEAD-mfsB/tests/instspc.dir/dest-formfeed -type d '!' -perm -700 -exec chmod u+rwx '{}' ';'
+ rm -rf $'./\f' /private/tmp/homebrew-automake-HEAD-mfsB/tests/instspc.dir/dest-formfeed
+ for where in build dest
+ case $where in
+ build=build-formfeed
+ dest=$'/private/tmp/homebrew-automake-HEAD-mfsB/tests/instspc.dir/\f'
+ mkdir build-formfeed
+ cd build-formfeed
+ r=ok
+ ../configure --prefix $'/\f-prefix'
checking for a BSD-compatible install... /usr/bin/install -c
checking whether build environment is sane... yes
checking for a thread-safe mkdir -p... ../install-sh -c -d
checking for gawk... gawk
checking whether make sets $(MAKE)... yes
checking for gcc... /usr/bin/llvm-gcc
checking whether the C compiler works... yes
checking for C compiler default output file name... a.out
checking for suffix of executables... 
checking whether we are cross compiling... no
checking for suffix of object files... o
checking whether we are using the GNU C compiler... yes
checking whether /usr/bin/llvm-gcc accepts -g... yes
checking for /usr/bin/llvm-gcc option to accept ISO C89... none needed
checking for style of include used by make... GNU
checking dependency style of /usr/bin/llvm-gcc... gcc3
checking for ar... ar
checking the archiver (ar) interface... ar
checking for ranlib... ranlib
checking that generated files are newer than configure... done
configure: creating ./config.status
config.status: creating Makefile
config.status: executing depfiles commands
+ make all
/usr/bin/llvm-gcc -DPACKAGE_NAME=\"instspc\" -DPACKAGE_TARNAME=\"instspc\" -DPACKAGE_VERSION=\"1.0\" -DPACKAGE_STRING=\"instspc\ 1.0\" -DPACKAGE_BUGREPORT=\"\" -DPACKAGE_URL=\"\" -DPACKAGE=\"instspc\" -DVERSION=\"1.0\" -I. -I..   -I/usr/local/Cellar/libffi/3.0.10/include -I/usr/local/Cellar/gettext/0.18.1.1/include  -Os -w -pipe   -march=core2 -msse4 -MT source.o -MD -MP -MF .deps/source.Tpo -c -o source.o ../source.c
mv -f .deps/source.Tpo .deps/source.Po
rm -f sub/libbase.a
ar cru sub/libbase.a source.o 
ranlib sub/libbase.a
rm -f sub/libnobase.a
ar cru sub/libnobase.a source.o 
ranlib sub/libnobase.a
/usr/bin/llvm-gcc  -Os -w -pipe   -march=core2 -msse4  -L/usr/local/Cellar/libffi/3.0.10/lib -L/usr/local/Cellar/gettext/0.18.1.1/lib -o sub/base source.o  
/usr/bin/llvm-gcc  -Os -w -pipe   -march=core2 -msse4  -L/usr/local/Cellar/libffi/3.0.10/lib -L/usr/local/Cellar/gettext/0.18.1.1/lib -o sub/nobase source.o  
+ DESTDIR=$'/private/tmp/homebrew-automake-HEAD-mfsB/tests/instspc.dir/\f'
+ file=$'./\f'
+ make -e test-inst
test -z "/-prefix/foo" || ../install-sh -c -d "/private/tmp/homebrew-automake-HEAD-mfsB/tests/instspc.dir//-prefix/foo"
 /usr/bin/install -c ../sub/base.sh '/private/tmp/homebrew-automake-HEAD-mfsB/tests/instspc.dir//-prefix/foo'
test -z "/-prefix/foo" || ../install-sh -c -d "/private/tmp/homebrew-automake-HEAD-mfsB/tests/instspc.dir//-prefix/foo"
 /usr/bin/install -c -m 644  sub/libbase.a '/private/tmp/homebrew-automake-HEAD-mfsB/tests/instspc.dir//-prefix/foo'
 ( cd '/private/tmp/homebrew-automake-HEAD-mfsB/tests/instspc.dir//-prefix/foo' && ranlib libbase.a )
test -z "/-prefix/foo" || ../install-sh -c -d "/private/tmp/homebrew-automake-HEAD-mfsB/tests/instspc.dir//-prefix/foo"
  /usr/bin/install -c sub/base '/private/tmp/homebrew-automake-HEAD-mfsB/tests/instspc.dir//-prefix/foo'
test -z "/-prefix/foo" || ../install-sh -c -d "/private/tmp/homebrew-automake-HEAD-mfsB/tests/instspc.dir//-prefix/foo"
 ../install-sh -c -d '/private/tmp/homebrew-automake-HEAD-mfsB/tests/instspc.dir//-prefix/foo/sub/'
 /usr/bin/install -c ../sub/nobase.sh '/private/tmp/homebrew-automake-HEAD-mfsB/tests/instspc.dir//-prefix/foo/sub/'
test -z "/-prefix/foo" || ../install-sh -c -d "/private/tmp/homebrew-automake-HEAD-mfsB/tests/instspc.dir//-prefix/foo"
../install-sh -c -d '/private/tmp/homebrew-automake-HEAD-mfsB/tests/instspc.dir//-prefix/foo/sub'
 /usr/bin/install -c -m 644  sub/libnobase.a '/private/tmp/homebrew-automake-HEAD-mfsB/tests/instspc.dir//-prefix/foo/sub'
 ( cd '/private/tmp/homebrew-automake-HEAD-mfsB/tests/instspc.dir//-prefix/foo' && ranlib sub/libnobase.a )
test -z "/-prefix/foo" || ../install-sh -c -d "/private/tmp/homebrew-automake-HEAD-mfsB/tests/instspc.dir//-prefix/foo"
 ../install-sh -c -d '/private/tmp/homebrew-automake-HEAD-mfsB/tests/instspc.dir//-prefix/foo/sub/'
  /usr/bin/install -c sub/nobase '/private/tmp/homebrew-automake-HEAD-mfsB/tests/instspc.dir//-prefix/foo/sub/'
test -z "/-prefix/foo" || ../install-sh -c -d "/private/tmp/homebrew-automake-HEAD-mfsB/tests/instspc.dir//-prefix/foo"
 /usr/bin/install -c -m 644 ../sub/base.dat '/private/tmp/homebrew-automake-HEAD-mfsB/tests/instspc.dir//-prefix/foo'
test -z "/-prefix/foo" || ../install-sh -c -d "/private/tmp/homebrew-automake-HEAD-mfsB/tests/instspc.dir//-prefix/foo"
 /usr/bin/install -c -m 644 ../sub/base.h '/private/tmp/homebrew-automake-HEAD-mfsB/tests/instspc.dir//-prefix/foo'
test -z "/-prefix/foo" || ../install-sh -c -d "/private/tmp/homebrew-automake-HEAD-mfsB/tests/instspc.dir//-prefix/foo"
../install-sh -c -d '/private/tmp/homebrew-automake-HEAD-mfsB/tests/instspc.dir//-prefix/foo/sub'
 /usr/bin/install -c -m 644  ../sub/nobase.dat '/private/tmp/homebrew-automake-HEAD-mfsB/tests/instspc.dir//-prefix/foo/sub'
test -z "/-prefix/foo" || ../install-sh -c -d "/private/tmp/homebrew-automake-HEAD-mfsB/tests/instspc.dir//-prefix/foo"
../install-sh -c -d '/private/tmp/homebrew-automake-HEAD-mfsB/tests/instspc.dir//-prefix/foo/sub'
 /usr/bin/install -c -m 644  ../sub/nobase.h '/private/tmp/homebrew-automake-HEAD-mfsB/tests/instspc.dir//-prefix/foo/sub'
test   -f '/private/tmp/homebrew-automake-HEAD-mfsB/tests/instspc.dir//./-prefix/foo/sub/nobase.h'
test ! -f '/private/tmp/homebrew-automake-HEAD-mfsB/tests/instspc.dir//./-prefix/foo/nobase.h'
test   -f '/private/tmp/homebrew-automake-HEAD-mfsB/tests/instspc.dir//./-prefix/foo/base.h'
test   -f '/private/tmp/homebrew-automake-HEAD-mfsB/tests/instspc.dir//./-prefix/foo/sub/nobase.dat'
test ! -f '/private/tmp/homebrew-automake-HEAD-mfsB/tests/instspc.dir//./-prefix/foo/nobase.dat'
test   -f '/private/tmp/homebrew-automake-HEAD-mfsB/tests/instspc.dir//./-prefix/foo/base.dat'
test   -f '/private/tmp/homebrew-automake-HEAD-mfsB/tests/instspc.dir//./-prefix/foo/sub/nobase.sh'
test ! -f '/private/tmp/homebrew-automake-HEAD-mfsB/tests/instspc.dir//./-prefix/foo/nobase.sh'
test   -f '/private/tmp/homebrew-automake-HEAD-mfsB/tests/instspc.dir//./-prefix/foo/base.sh'
test   -f '/private/tmp/homebrew-automake-HEAD-mfsB/tests/instspc.dir//./-prefix/foo/sub/nobase'
test ! -f '/private/tmp/homebrew-automake-HEAD-mfsB/tests/instspc.dir//./-prefix/foo/nobase'
test   -f '/private/tmp/homebrew-automake-HEAD-mfsB/tests/instspc.dir//./-prefix/foo/base'
test   -f '/private/tmp/homebrew-automake-HEAD-mfsB/tests/instspc.dir//./-prefix/foo/sub/libnobase.a'
test ! -f '/private/tmp/homebrew-automake-HEAD-mfsB/tests/instspc.dir//./-prefix/foo/libnobase.a'
test   -f '/private/tmp/homebrew-automake-HEAD-mfsB/tests/instspc.dir//./-prefix/foo/libbase.a'
+ description='formfeed in destdir'
+ expected_to_fail dest formfeed
+ case $1 in
+ is_in_list formfeed squote dquote bquote sharp dollar linefeed a_lf_b
+ item=formfeed
+ shift
+ case " $* " in
+ return 1
+ directive=
+ reason=
+ result_ ok -D '' -r '' -- 'formfeed in destdir'
+ set +x
ok 68 - formfeed in destdir
PASS: instspc.tap 68 - formfeed in destdir
+ cd /private/tmp/homebrew-automake-HEAD-mfsB/tests/instspc.dir
+ not am_keeping_testdirs
+ am_keeping_testdirs
+ case $keep_testdirs in
+ return 1
+ return 0
+ test ok = ok
+ rm_rf_ build-formfeed $'/private/tmp/homebrew-automake-HEAD-mfsB/tests/instspc.dir/\f'
+ test 2 -gt 0
+ find build-formfeed $'/private/tmp/homebrew-automake-HEAD-mfsB/tests/instspc.dir/\f' -type d '!' -perm -700 -exec chmod u+rwx '{}' ';'
+ rm -rf build-formfeed $'/private/tmp/homebrew-automake-HEAD-mfsB/tests/instspc.dir/\f'
+ for test_name in '$test_names_list'
+ eval 'test_string=${instspc__carriageret}'
++ test_string=$'\r'
+ test $'x\r' = x
+ mkdir $'./\r'
+ case $test_string in
+ for where in build dest
+ case $where in
+ build=$'./\r'
+ dest=/private/tmp/homebrew-automake-HEAD-mfsB/tests/instspc.dir/dest-carriageret
+ cd $'./\r'
+ r=ok
+ ../configure --prefix $'/\r-prefix'
checking for a BSD-compatible install... /usr/bin/install -c
checking whether build environment is sane... yes
checking for a thread-safe mkdir -p... ../install-sh -c -d
checking for gawk... gawk
checking whether make sets $(MAKE)... yes
checking for gcc... /usr/bin/llvm-gcc
checking whether the C compiler works... yes
checking for C compiler default output file name... a.out
checking for suffix of executables... 
checking whether we are cross compiling... no
checking for suffix of object files... o
checking whether we are using the GNU C compiler... yes
checking whether /usr/bin/llvm-gcc accepts -g... yes
checking for /usr/bin/llvm-gcc option to accept ISO C89... none needed
checking for style of include used by make... GNU
checking dependency style of /usr/bin/llvm-gcc... gcc3
checking for ar... ar
checking the archiver (ar) interface... ar
checking for ranlib... ranlib
checking that generated files are newer than configure... done
configure: creating ./config.status
config.status: creating Makefile
config.status: executing depfiles commands
+ make all
/usr/bin/llvm-gcc -DPACKAGE_NAME=\"instspc\" -DPACKAGE_TARNAME=\"instspc\" -DPACKAGE_VERSION=\"1.0\" -DPACKAGE_STRING=\"instspc\ 1.0\" -DPACKAGE_BUGREPORT=\"\" -DPACKAGE_URL=\"\" -DPACKAGE=\"instspc\" -DVERSION=\"1.0\" -I. -I..   -I/usr/local/Cellar/libffi/3.0.10/include -I/usr/local/Cellar/gettext/0.18.1.1/include  -Os -w -pipe   -march=core2 -msse4 -MT source.o -MD -MP -MF .deps/source.Tpo -c -o source.o ../source.c
mv -f .deps/source.Tpo .deps/source.Po
rm -f sub/libbase.a
ar cru sub/libbase.a source.o 
ranlib sub/libbase.a
rm -f sub/libnobase.a
ar cru sub/libnobase.a source.o 
ranlib sub/libnobase.a
/usr/bin/llvm-gcc  -Os -w -pipe   -march=core2 -msse4  -L/usr/local/Cellar/libffi/3.0.10/lib -L/usr/local/Cellar/gettext/0.18.1.1/lib -o sub/base source.o  
/usr/bin/llvm-gcc  -Os -w -pipe   -march=core2 -msse4  -L/usr/local/Cellar/libffi/3.0.10/lib -L/usr/local/Cellar/gettext/0.18.1.1/lib -o sub/nobase source.o  
+ DESTDIR=/private/tmp/homebrew-automake-HEAD-mfsB/tests/instspc.dir/dest-carriageret
+ file=$'./\r'
+ make -e test-inst
test -z "/-prefix/foo" || ../install-sh -c -d "/private/tmp/homebrew-automake-HEAD-mfsB/tests/instspc.dir/dest-carriageret/-prefix/foo"
 /usr/bin/install -c ../sub/base.sh '/private/tmp/homebrew-automake-HEAD-mfsB/tests/instspc.dir/dest-carriageret/-prefix/foo'
test -z "/-prefix/foo" || ../install-sh -c -d "/private/tmp/homebrew-automake-HEAD-mfsB/tests/instspc.dir/dest-carriageret/-prefix/foo"
 /usr/bin/install -c -m 644  sub/libbase.a '/private/tmp/homebrew-automake-HEAD-mfsB/tests/instspc.dir/dest-carriageret/-prefix/foo'
 ( cd '/private/tmp/homebrew-automake-HEAD-mfsB/tests/instspc.dir/dest-carriageret/-prefix/foo' && ranlib libbase.a )
test -z "/-prefix/foo" || ../install-sh -c -d "/private/tmp/homebrew-automake-HEAD-mfsB/tests/instspc.dir/dest-carriageret/-prefix/foo"
  /usr/bin/install -c sub/base '/private/tmp/homebrew-automake-HEAD-mfsB/tests/instspc.dir/dest-carriageret/-prefix/foo'
test -z "/-prefix/foo" || ../install-sh -c -d "/private/tmp/homebrew-automake-HEAD-mfsB/tests/instspc.dir/dest-carriageret/-prefix/foo"
 ../install-sh -c -d '/private/tmp/homebrew-automake-HEAD-mfsB/tests/instspc.dir/dest-carriageret/-prefix/foo/sub/'
 /usr/bin/install -c ../sub/nobase.sh '/private/tmp/homebrew-automake-HEAD-mfsB/tests/instspc.dir/dest-carriageret/-prefix/foo/sub/'
test -z "/-prefix/foo" || ../install-sh -c -d "/private/tmp/homebrew-automake-HEAD-mfsB/tests/instspc.dir/dest-carriageret/-prefix/foo"
../install-sh -c -d '/private/tmp/homebrew-automake-HEAD-mfsB/tests/instspc.dir/dest-carriageret/-prefix/foo/sub'
 /usr/bin/install -c -m 644  sub/libnobase.a '/private/tmp/homebrew-automake-HEAD-mfsB/tests/instspc.dir/dest-carriageret/-prefix/foo/sub'
 ( cd '/private/tmp/homebrew-automake-HEAD-mfsB/tests/instspc.dir/dest-carriageret/-prefix/foo' && ranlib sub/libnobase.a )
test -z "/-prefix/foo" || ../install-sh -c -d "/private/tmp/homebrew-automake-HEAD-mfsB/tests/instspc.dir/dest-carriageret/-prefix/foo"
 ../install-sh -c -d '/private/tmp/homebrew-automake-HEAD-mfsB/tests/instspc.dir/dest-carriageret/-prefix/foo/sub/'
  /usr/bin/install -c sub/nobase '/private/tmp/homebrew-automake-HEAD-mfsB/tests/instspc.dir/dest-carriageret/-prefix/foo/sub/'
test -z "/-prefix/foo" || ../install-sh -c -d "/private/tmp/homebrew-automake-HEAD-mfsB/tests/instspc.dir/dest-carriageret/-prefix/foo"
 /usr/bin/install -c -m 644 ../sub/base.dat '/private/tmp/homebrew-automake-HEAD-mfsB/tests/instspc.dir/dest-carriageret/-prefix/foo'
test -z "/-prefix/foo" || ../install-sh -c -d "/private/tmp/homebrew-automake-HEAD-mfsB/tests/instspc.dir/dest-carriageret/-prefix/foo"
 /usr/bin/install -c -m 644 ../sub/base.h '/private/tmp/homebrew-automake-HEAD-mfsB/tests/instspc.dir/dest-carriageret/-prefix/foo'
test -z "/-prefix/foo" || ../install-sh -c -d "/private/tmp/homebrew-automake-HEAD-mfsB/tests/instspc.dir/dest-carriageret/-prefix/foo"
../install-sh -c -d '/private/tmp/homebrew-automake-HEAD-mfsB/tests/instspc.dir/dest-carriageret/-prefix/foo/sub'
 /usr/bin/install -c -m 644  ../sub/nobase.dat '/private/tmp/homebrew-automake-HEAD-mfsB/tests/instspc.dir/dest-carriageret/-prefix/foo/sub'
test -z "/-prefix/foo" || ../install-sh -c -d "/private/tmp/homebrew-automake-HEAD-mfsB/tests/instspc.dir/dest-carriageret/-prefix/foo"
../install-sh -c -d '/private/tmp/homebrew-automake-HEAD-mfsB/tests/instspc.dir/dest-carriageret/-prefix/foo/sub'
 /usr/bin/install -c -m 644  ../sub/nobase.h '/private/tmp/homebrew-automake-HEAD-mfsB/tests/instspc.dir/dest-carriageret/-prefix/foo/sub'
test   -f '/private/tmp/homebrew-automake-HEAD-mfsB/tests/instspc.dir/dest-carriageret/./-prefix/foo/sub/nobase.h'
test ! -f '/private/tmp/homebrew-automake-HEAD-mfsB/tests/instspc.dir/dest-carriageret/./-prefix/foo/nobase.h'
test   -f '/private/tmp/homebrew-automake-HEAD-mfsB/tests/instspc.dir/dest-carriageret/./-prefix/foo/base.h'
test   -f '/private/tmp/homebrew-automake-HEAD-mfsB/tests/instspc.dir/dest-carriageret/./-prefix/foo/sub/nobase.dat'
test ! -f '/private/tmp/homebrew-automake-HEAD-mfsB/tests/instspc.dir/dest-carriageret/./-prefix/foo/nobase.dat'
test   -f '/private/tmp/homebrew-automake-HEAD-mfsB/tests/instspc.dir/dest-carriageret/./-prefix/foo/base.dat'
test   -f '/private/tmp/homebrew-automake-HEAD-mfsB/tests/instspc.dir/dest-carriageret/./-prefix/foo/sub/nobase.sh'
test ! -f '/private/tmp/homebrew-automake-HEAD-mfsB/tests/instspc.dir/dest-carriageret/./-prefix/foo/nobase.sh'
test   -f '/private/tmp/homebrew-automake-HEAD-mfsB/tests/instspc.dir/dest-carriageret/./-prefix/foo/base.sh'
test   -f '/private/tmp/homebrew-automake-HEAD-mfsB/tests/instspc.dir/dest-carriageret/./-prefix/foo/sub/nobase'
test ! -f '/private/tmp/homebrew-automake-HEAD-mfsB/tests/instspc.dir/dest-carriageret/./-prefix/foo/nobase'
test   -f '/private/tmp/homebrew-automake-HEAD-mfsB/tests/instspc.dir/dest-carriageret/./-prefix/foo/base'
test   -f '/private/tmp/homebrew-automake-HEAD-mfsB/tests/instspc.dir/dest-carriageret/./-prefix/foo/sub/libnobase.a'
test ! -f '/private/tmp/homebrew-automake-HEAD-mfsB/tests/instspc.dir/dest-carriageret/./-prefix/foo/libnobase.a'
test   -f '/private/tmp/homebrew-automake-HEAD-mfsB/tests/instspc.dir/dest-carriageret/./-prefix/foo/libbase.a'
+ description='carriageret in builddir'
+ expected_to_fail build carriageret
+ case $1 in
+ is_in_list carriageret squote dquote bquote sharp dollar bslash ampersand linefeed quadrigraph0 a_lf_b
+ item=carriageret
+ shift
+ case " $* " in
+ return 1
+ directive=
+ reason=
+ result_ ok -D '' -r '' -- 'carriageret in builddir'
+ set +x
ok 69 - carriageret in builddir
PASS: instspc.tap 69 - carriageret in builddir
+ cd /private/tmp/homebrew-automake-HEAD-mfsB/tests/instspc.dir
+ not am_keeping_testdirs
+ am_keeping_testdirs
+ case $keep_testdirs in
+ return 1
+ return 0
+ test ok = ok
+ rm_rf_ $'./\r' /private/tmp/homebrew-automake-HEAD-mfsB/tests/instspc.dir/dest-carriageret
+ test 2 -gt 0
+ find $'./\r' /private/tmp/homebrew-automake-HEAD-mfsB/tests/instspc.dir/dest-carriageret -type d '!' -perm -700 -exec chmod u+rwx '{}' ';'
+ rm -rf $'./\r' /private/tmp/homebrew-automake-HEAD-mfsB/tests/instspc.dir/dest-carriageret
+ for where in build dest
+ case $where in
+ build=build-carriageret
+ dest=$'/private/tmp/homebrew-automake-HEAD-mfsB/tests/instspc.dir/\r'
+ mkdir build-carriageret
+ cd build-carriageret
+ r=ok
+ ../configure --prefix $'/\r-prefix'
checking for a BSD-compatible install... /usr/bin/install -c
checking whether build environment is sane... yes
checking for a thread-safe mkdir -p... ../install-sh -c -d
checking for gawk... gawk
checking whether make sets $(MAKE)... yes
checking for gcc... /usr/bin/llvm-gcc
checking whether the C compiler works... yes
checking for C compiler default output file name... a.out
checking for suffix of executables... 
checking whether we are cross compiling... no
checking for suffix of object files... o
checking whether we are using the GNU C compiler... yes
checking whether /usr/bin/llvm-gcc accepts -g... yes
checking for /usr/bin/llvm-gcc option to accept ISO C89... none needed
checking for style of include used by make... GNU
checking dependency style of /usr/bin/llvm-gcc... gcc3
checking for ar... ar
checking the archiver (ar) interface... ar
checking for ranlib... ranlib
checking that generated files are newer than configure... done
configure: creating ./config.status
config.status: creating Makefile
config.status: executing depfiles commands
+ make all
/usr/bin/llvm-gcc -DPACKAGE_NAME=\"instspc\" -DPACKAGE_TARNAME=\"instspc\" -DPACKAGE_VERSION=\"1.0\" -DPACKAGE_STRING=\"instspc\ 1.0\" -DPACKAGE_BUGREPORT=\"\" -DPACKAGE_URL=\"\" -DPACKAGE=\"instspc\" -DVERSION=\"1.0\" -I. -I..   -I/usr/local/Cellar/libffi/3.0.10/include -I/usr/local/Cellar/gettext/0.18.1.1/include  -Os -w -pipe   -march=core2 -msse4 -MT source.o -MD -MP -MF .deps/source.Tpo -c -o source.o ../source.c
mv -f .deps/source.Tpo .deps/source.Po
rm -f sub/libbase.a
ar cru sub/libbase.a source.o 
ranlib sub/libbase.a
rm -f sub/libnobase.a
ar cru sub/libnobase.a source.o 
ranlib sub/libnobase.a
/usr/bin/llvm-gcc  -Os -w -pipe   -march=core2 -msse4  -L/usr/local/Cellar/libffi/3.0.10/lib -L/usr/local/Cellar/gettext/0.18.1.1/lib -o sub/base source.o  
/usr/bin/llvm-gcc  -Os -w -pipe   -march=core2 -msse4  -L/usr/local/Cellar/libffi/3.0.10/lib -L/usr/local/Cellar/gettext/0.18.1.1/lib -o sub/nobase source.o  
+ DESTDIR=$'/private/tmp/homebrew-automake-HEAD-mfsB/tests/instspc.dir/\r'
+ file=$'./\r'
+ make -e test-inst
test -z "/-prefix/foo" || ../install-sh -c -d "/private/tmp/homebrew-automake-HEAD-mfsB/tests/instspc.dir//-prefix/foo"
 /usr/bin/install -c ../sub/base.sh '/private/tmp/homebrew-automake-HEAD-mfsB/tests/instspc.dir//-prefix/foo'
test -z "/-prefix/foo" || ../install-sh -c -d "/private/tmp/homebrew-automake-HEAD-mfsB/tests/instspc.dir//-prefix/foo"
 /usr/bin/install -c -m 644  sub/libbase.a '/private/tmp/homebrew-automake-HEAD-mfsB/tests/instspc.dir//-prefix/foo'
 ( cd '/private/tmp/homebrew-automake-HEAD-mfsB/tests/instspc.dir//-prefix/foo' && ranlib libbase.a )
test -z "/-prefix/foo" || ../install-sh -c -d "/private/tmp/homebrew-automake-HEAD-mfsB/tests/instspc.dir//-prefix/foo"
  /usr/bin/install -c sub/base '/private/tmp/homebrew-automake-HEAD-mfsB/tests/instspc.dir//-prefix/foo'
test -z "/-prefix/foo" || ../install-sh -c -d "/private/tmp/homebrew-automake-HEAD-mfsB/tests/instspc.dir//-prefix/foo"
 ../install-sh -c -d '/private/tmp/homebrew-automake-HEAD-mfsB/tests/instspc.dir//-prefix/foo/sub/'
 /usr/bin/install -c ../sub/nobase.sh '/private/tmp/homebrew-automake-HEAD-mfsB/tests/instspc.dir//-prefix/foo/sub/'
test -z "/-prefix/foo" || ../install-sh -c -d "/private/tmp/homebrew-automake-HEAD-mfsB/tests/instspc.dir//-prefix/foo"
../install-sh -c -d '/private/tmp/homebrew-automake-HEAD-mfsB/tests/instspc.dir//-prefix/foo/sub'
 /usr/bin/install -c -m 644  sub/libnobase.a '/private/tmp/homebrew-automake-HEAD-mfsB/tests/instspc.dir//-prefix/foo/sub'
 ( cd '/private/tmp/homebrew-automake-HEAD-mfsB/tests/instspc.dir//-prefix/foo' && ranlib sub/libnobase.a )
test -z "/-prefix/foo" || ../install-sh -c -d "/private/tmp/homebrew-automake-HEAD-mfsB/tests/instspc.dir//-prefix/foo"
 ../install-sh -c -d '/private/tmp/homebrew-automake-HEAD-mfsB/tests/instspc.dir//-prefix/foo/sub/'
  /usr/bin/install -c sub/nobase '/private/tmp/homebrew-automake-HEAD-mfsB/tests/instspc.dir//-prefix/foo/sub/'
test -z "/-prefix/foo" || ../install-sh -c -d "/private/tmp/homebrew-automake-HEAD-mfsB/tests/instspc.dir//-prefix/foo"
 /usr/bin/install -c -m 644 ../sub/base.dat '/private/tmp/homebrew-automake-HEAD-mfsB/tests/instspc.dir//-prefix/foo'
test -z "/-prefix/foo" || ../install-sh -c -d "/private/tmp/homebrew-automake-HEAD-mfsB/tests/instspc.dir//-prefix/foo"
 /usr/bin/install -c -m 644 ../sub/base.h '/private/tmp/homebrew-automake-HEAD-mfsB/tests/instspc.dir//-prefix/foo'
test -z "/-prefix/foo" || ../install-sh -c -d "/private/tmp/homebrew-automake-HEAD-mfsB/tests/instspc.dir//-prefix/foo"
../install-sh -c -d '/private/tmp/homebrew-automake-HEAD-mfsB/tests/instspc.dir//-prefix/foo/sub'
 /usr/bin/install -c -m 644  ../sub/nobase.dat '/private/tmp/homebrew-automake-HEAD-mfsB/tests/instspc.dir//-prefix/foo/sub'
test -z "/-prefix/foo" || ../install-sh -c -d "/private/tmp/homebrew-automake-HEAD-mfsB/tests/instspc.dir//-prefix/foo"
../install-sh -c -d '/private/tmp/homebrew-automake-HEAD-mfsB/tests/instspc.dir//-prefix/foo/sub'
 /usr/bin/install -c -m 644  ../sub/nobase.h '/private/tmp/homebrew-automake-HEAD-mfsB/tests/instspc.dir//-prefix/foo/sub'
test   -f '/private/tmp/homebrew-automake-HEAD-mfsB/tests/instspc.dir//./-prefix/foo/sub/nobase.h'
test ! -f '/private/tmp/homebrew-automake-HEAD-mfsB/tests/instspc.dir//./-prefix/foo/nobase.h'
test   -f '/private/tmp/homebrew-automake-HEAD-mfsB/tests/instspc.dir//./-prefix/foo/base.h'
test   -f '/private/tmp/homebrew-automake-HEAD-mfsB/tests/instspc.dir//./-prefix/foo/sub/nobase.dat'
test ! -f '/private/tmp/homebrew-automake-HEAD-mfsB/tests/instspc.dir//./-prefix/foo/nobase.dat'
test   -f '/private/tmp/homebrew-automake-HEAD-mfsB/tests/instspc.dir//./-prefix/foo/base.dat'
test   -f '/private/tmp/homebrew-automake-HEAD-mfsB/tests/instspc.dir//./-prefix/foo/sub/nobase.sh'
test ! -f '/private/tmp/homebrew-automake-HEAD-mfsB/tests/instspc.dir//./-prefix/foo/nobase.sh'
test   -f '/private/tmp/homebrew-automake-HEAD-mfsB/tests/instspc.dir//./-prefix/foo/base.sh'
test   -f '/private/tmp/homebrew-automake-HEAD-mfsB/tests/instspc.dir//./-prefix/foo/sub/nobase'
test ! -f '/private/tmp/homebrew-automake-HEAD-mfsB/tests/instspc.dir//./-prefix/foo/nobase'
test   -f '/private/tmp/homebrew-automake-HEAD-mfsB/tests/instspc.dir//./-prefix/foo/base'
test   -f '/private/tmp/homebrew-automake-HEAD-mfsB/tests/instspc.dir//./-prefix/foo/sub/libnobase.a'
test ! -f '/private/tmp/homebrew-automake-HEAD-mfsB/tests/instspc.dir//./-prefix/foo/libnobase.a'
test   -f '/private/tmp/homebrew-automake-HEAD-mfsB/tests/instspc.dir//./-prefix/foo/libbase.a'
+ description='carriageret in destdir'
+ expected_to_fail dest carriageret
+ case $1 in
+ is_in_list carriageret squote dquote bquote sharp dollar linefeed a_lf_b
+ item=carriageret
+ shift
+ case " $* " in
+ return 1
+ directive=
+ reason=
+ result_ ok -D '' -r '' -- 'carriageret in destdir'
+ set +x
ok 70 - carriageret in destdir
PASS: instspc.tap 70 - carriageret in destdir
+ cd /private/tmp/homebrew-automake-HEAD-mfsB/tests/instspc.dir
+ not am_keeping_testdirs
+ am_keeping_testdirs
+ case $keep_testdirs in
+ return 1
+ return 0
+ test ok = ok
+ rm_rf_ build-carriageret $'/private/tmp/homebrew-automake-HEAD-mfsB/tests/instspc.dir/\r'
+ test 2 -gt 0
+ find build-carriageret $'/private/tmp/homebrew-automake-HEAD-mfsB/tests/instspc.dir/\r' -type d '!' -perm -700 -exec chmod u+rwx '{}' ';'
+ rm -rf build-carriageret $'/private/tmp/homebrew-automake-HEAD-mfsB/tests/instspc.dir/\r'
+ for test_name in '$test_names_list'
+ eval 'test_string=${instspc__quadrigraph0}'
++ test_string='@&t@'
+ test 'x@&t@' = x
+ mkdir './@&t@'
+ case $test_string in
+ for where in build dest
+ case $where in
+ build='./@&t@'
+ dest=/private/tmp/homebrew-automake-HEAD-mfsB/tests/instspc.dir/dest-quadrigraph0
+ cd './@&t@'
+ r=ok
+ ../configure --prefix '/@&t@-prefix'
checking for a BSD-compatible install... /usr/bin/install -c
checking whether build environment is sane... configure: error: unsafe absolute working directory name
+ r='not ok'
+ description='quadrigraph0 in builddir'
+ expected_to_fail build quadrigraph0
+ case $1 in
+ is_in_list quadrigraph0 squote dquote bquote sharp dollar bslash ampersand linefeed quadrigraph0 a_lf_b
+ item=quadrigraph0
+ shift
+ case " $* " in
+ return 0
+ directive=TODO
+ reason='long-standing limitation'
+ result_ 'not ok' -D TODO -r 'long-standing limitation' -- 'quadrigraph0 in builddir'
+ set +x
not ok 71 - quadrigraph0 in builddir # TODO long-standing limitation
XFAIL: instspc.tap 71 - quadrigraph0 in builddir # TODO long-standing limitation
+ cd /private/tmp/homebrew-automake-HEAD-mfsB/tests/instspc.dir
+ not am_keeping_testdirs
+ am_keeping_testdirs
+ case $keep_testdirs in
+ return 1
+ return 0
+ test 'not ok' = ok
+ : For lesser shells with broken 'set -e.'
+ for where in build dest
+ case $where in
+ build=build-quadrigraph0
+ dest='/private/tmp/homebrew-automake-HEAD-mfsB/tests/instspc.dir/@&t@'
+ mkdir build-quadrigraph0
+ cd build-quadrigraph0
+ r=ok
+ ../configure --prefix '/@&t@-prefix'
checking for a BSD-compatible install... /usr/bin/install -c
checking whether build environment is sane... yes
checking for a thread-safe mkdir -p... ../install-sh -c -d
checking for gawk... gawk
checking whether make sets $(MAKE)... yes
checking for gcc... /usr/bin/llvm-gcc
checking whether the C compiler works... yes
checking for C compiler default output file name... a.out
checking for suffix of executables... 
checking whether we are cross compiling... no
checking for suffix of object files... o
checking whether we are using the GNU C compiler... yes
checking whether /usr/bin/llvm-gcc accepts -g... yes
checking for /usr/bin/llvm-gcc option to accept ISO C89... none needed
checking for style of include used by make... GNU
checking dependency style of /usr/bin/llvm-gcc... gcc3
checking for ar... ar
checking the archiver (ar) interface... ar
checking for ranlib... ranlib
checking that generated files are newer than configure... done
configure: creating ./config.status
config.status: creating Makefile
config.status: executing depfiles commands
+ make all
/usr/bin/llvm-gcc -DPACKAGE_NAME=\"instspc\" -DPACKAGE_TARNAME=\"instspc\" -DPACKAGE_VERSION=\"1.0\" -DPACKAGE_STRING=\"instspc\ 1.0\" -DPACKAGE_BUGREPORT=\"\" -DPACKAGE_URL=\"\" -DPACKAGE=\"instspc\" -DVERSION=\"1.0\" -I. -I..   -I/usr/local/Cellar/libffi/3.0.10/include -I/usr/local/Cellar/gettext/0.18.1.1/include  -Os -w -pipe   -march=core2 -msse4 -MT source.o -MD -MP -MF .deps/source.Tpo -c -o source.o ../source.c
mv -f .deps/source.Tpo .deps/source.Po
rm -f sub/libbase.a
ar cru sub/libbase.a source.o 
ranlib sub/libbase.a
rm -f sub/libnobase.a
ar cru sub/libnobase.a source.o 
ranlib sub/libnobase.a
/usr/bin/llvm-gcc  -Os -w -pipe   -march=core2 -msse4  -L/usr/local/Cellar/libffi/3.0.10/lib -L/usr/local/Cellar/gettext/0.18.1.1/lib -o sub/base source.o  
/usr/bin/llvm-gcc  -Os -w -pipe   -march=core2 -msse4  -L/usr/local/Cellar/libffi/3.0.10/lib -L/usr/local/Cellar/gettext/0.18.1.1/lib -o sub/nobase source.o  
+ DESTDIR='/private/tmp/homebrew-automake-HEAD-mfsB/tests/instspc.dir/@&t@'
+ file='./@&t@'
+ make -e test-inst
test -z "/@&t@-prefix/foo" || ../install-sh -c -d "/private/tmp/homebrew-automake-HEAD-mfsB/tests/instspc.dir/@&t@/@&t@-prefix/foo"
 /usr/bin/install -c ../sub/base.sh '/private/tmp/homebrew-automake-HEAD-mfsB/tests/instspc.dir/@&t@/@&t@-prefix/foo'
test -z "/@&t@-prefix/foo" || ../install-sh -c -d "/private/tmp/homebrew-automake-HEAD-mfsB/tests/instspc.dir/@&t@/@&t@-prefix/foo"
 /usr/bin/install -c -m 644  sub/libbase.a '/private/tmp/homebrew-automake-HEAD-mfsB/tests/instspc.dir/@&t@/@&t@-prefix/foo'
 ( cd '/private/tmp/homebrew-automake-HEAD-mfsB/tests/instspc.dir/@&t@/@&t@-prefix/foo' && ranlib libbase.a )
test -z "/@&t@-prefix/foo" || ../install-sh -c -d "/private/tmp/homebrew-automake-HEAD-mfsB/tests/instspc.dir/@&t@/@&t@-prefix/foo"
  /usr/bin/install -c sub/base '/private/tmp/homebrew-automake-HEAD-mfsB/tests/instspc.dir/@&t@/@&t@-prefix/foo'
test -z "/@&t@-prefix/foo" || ../install-sh -c -d "/private/tmp/homebrew-automake-HEAD-mfsB/tests/instspc.dir/@&t@/@&t@-prefix/foo"
 ../install-sh -c -d '/private/tmp/homebrew-automake-HEAD-mfsB/tests/instspc.dir/@&t@/@&t@-prefix/foo/sub/'
 /usr/bin/install -c ../sub/nobase.sh '/private/tmp/homebrew-automake-HEAD-mfsB/tests/instspc.dir/@&t@/@&t@-prefix/foo/sub/'
test -z "/@&t@-prefix/foo" || ../install-sh -c -d "/private/tmp/homebrew-automake-HEAD-mfsB/tests/instspc.dir/@&t@/@&t@-prefix/foo"
../install-sh -c -d '/private/tmp/homebrew-automake-HEAD-mfsB/tests/instspc.dir/@&t@/@&t@-prefix/foo/sub'
 /usr/bin/install -c -m 644  sub/libnobase.a '/private/tmp/homebrew-automake-HEAD-mfsB/tests/instspc.dir/@&t@/@&t@-prefix/foo/sub'
 ( cd '/private/tmp/homebrew-automake-HEAD-mfsB/tests/instspc.dir/@&t@/@&t@-prefix/foo' && ranlib sub/libnobase.a )
test -z "/@&t@-prefix/foo" || ../install-sh -c -d "/private/tmp/homebrew-automake-HEAD-mfsB/tests/instspc.dir/@&t@/@&t@-prefix/foo"
 ../install-sh -c -d '/private/tmp/homebrew-automake-HEAD-mfsB/tests/instspc.dir/@&t@/@&t@-prefix/foo/sub/'
  /usr/bin/install -c sub/nobase '/private/tmp/homebrew-automake-HEAD-mfsB/tests/instspc.dir/@&t@/@&t@-prefix/foo/sub/'
test -z "/@&t@-prefix/foo" || ../install-sh -c -d "/private/tmp/homebrew-automake-HEAD-mfsB/tests/instspc.dir/@&t@/@&t@-prefix/foo"
 /usr/bin/install -c -m 644 ../sub/base.dat '/private/tmp/homebrew-automake-HEAD-mfsB/tests/instspc.dir/@&t@/@&t@-prefix/foo'
test -z "/@&t@-prefix/foo" || ../install-sh -c -d "/private/tmp/homebrew-automake-HEAD-mfsB/tests/instspc.dir/@&t@/@&t@-prefix/foo"
 /usr/bin/install -c -m 644 ../sub/base.h '/private/tmp/homebrew-automake-HEAD-mfsB/tests/instspc.dir/@&t@/@&t@-prefix/foo'
test -z "/@&t@-prefix/foo" || ../install-sh -c -d "/private/tmp/homebrew-automake-HEAD-mfsB/tests/instspc.dir/@&t@/@&t@-prefix/foo"
../install-sh -c -d '/private/tmp/homebrew-automake-HEAD-mfsB/tests/instspc.dir/@&t@/@&t@-prefix/foo/sub'
 /usr/bin/install -c -m 644  ../sub/nobase.dat '/private/tmp/homebrew-automake-HEAD-mfsB/tests/instspc.dir/@&t@/@&t@-prefix/foo/sub'
test -z "/@&t@-prefix/foo" || ../install-sh -c -d "/private/tmp/homebrew-automake-HEAD-mfsB/tests/instspc.dir/@&t@/@&t@-prefix/foo"
../install-sh -c -d '/private/tmp/homebrew-automake-HEAD-mfsB/tests/instspc.dir/@&t@/@&t@-prefix/foo/sub'
 /usr/bin/install -c -m 644  ../sub/nobase.h '/private/tmp/homebrew-automake-HEAD-mfsB/tests/instspc.dir/@&t@/@&t@-prefix/foo/sub'
test   -f '/private/tmp/homebrew-automake-HEAD-mfsB/tests/instspc.dir/@&t@/./@&t@-prefix/foo/sub/nobase.h'
test ! -f '/private/tmp/homebrew-automake-HEAD-mfsB/tests/instspc.dir/@&t@/./@&t@-prefix/foo/nobase.h'
test   -f '/private/tmp/homebrew-automake-HEAD-mfsB/tests/instspc.dir/@&t@/./@&t@-prefix/foo/base.h'
test   -f '/private/tmp/homebrew-automake-HEAD-mfsB/tests/instspc.dir/@&t@/./@&t@-prefix/foo/sub/nobase.dat'
test ! -f '/private/tmp/homebrew-automake-HEAD-mfsB/tests/instspc.dir/@&t@/./@&t@-prefix/foo/nobase.dat'
test   -f '/private/tmp/homebrew-automake-HEAD-mfsB/tests/instspc.dir/@&t@/./@&t@-prefix/foo/base.dat'
test   -f '/private/tmp/homebrew-automake-HEAD-mfsB/tests/instspc.dir/@&t@/./@&t@-prefix/foo/sub/nobase.sh'
test ! -f '/private/tmp/homebrew-automake-HEAD-mfsB/tests/instspc.dir/@&t@/./@&t@-prefix/foo/nobase.sh'
test   -f '/private/tmp/homebrew-automake-HEAD-mfsB/tests/instspc.dir/@&t@/./@&t@-prefix/foo/base.sh'
test   -f '/private/tmp/homebrew-automake-HEAD-mfsB/tests/instspc.dir/@&t@/./@&t@-prefix/foo/sub/nobase'
test ! -f '/private/tmp/homebrew-automake-HEAD-mfsB/tests/instspc.dir/@&t@/./@&t@-prefix/foo/nobase'
test   -f '/private/tmp/homebrew-automake-HEAD-mfsB/tests/instspc.dir/@&t@/./@&t@-prefix/foo/base'
test   -f '/private/tmp/homebrew-automake-HEAD-mfsB/tests/instspc.dir/@&t@/./@&t@-prefix/foo/sub/libnobase.a'
test ! -f '/private/tmp/homebrew-automake-HEAD-mfsB/tests/instspc.dir/@&t@/./@&t@-prefix/foo/libnobase.a'
test   -f '/private/tmp/homebrew-automake-HEAD-mfsB/tests/instspc.dir/@&t@/./@&t@-prefix/foo/libbase.a'
+ description='quadrigraph0 in destdir'
+ expected_to_fail dest quadrigraph0
+ case $1 in
+ is_in_list quadrigraph0 squote dquote bquote sharp dollar linefeed a_lf_b
+ item=quadrigraph0
+ shift
+ case " $* " in
+ return 1
+ directive=
+ reason=
+ result_ ok -D '' -r '' -- 'quadrigraph0 in destdir'
+ set +x
ok 72 - quadrigraph0 in destdir
PASS: instspc.tap 72 - quadrigraph0 in destdir
+ cd /private/tmp/homebrew-automake-HEAD-mfsB/tests/instspc.dir
+ not am_keeping_testdirs
+ am_keeping_testdirs
+ case $keep_testdirs in
+ return 1
+ return 0
+ test ok = ok
+ rm_rf_ build-quadrigraph0 '/private/tmp/homebrew-automake-HEAD-mfsB/tests/instspc.dir/@&t@'
+ test 2 -gt 0
+ find build-quadrigraph0 '/private/tmp/homebrew-automake-HEAD-mfsB/tests/instspc.dir/@&t@' -type d '!' -perm -700 -exec chmod u+rwx '{}' ';'
+ rm -rf build-quadrigraph0 '/private/tmp/homebrew-automake-HEAD-mfsB/tests/instspc.dir/@&t@'
+ for test_name in '$test_names_list'
+ eval 'test_string=${instspc__quadrigraph1}'
++ test_string='@<:@'
+ test 'x@<:@' = x
+ mkdir './@<:@'
+ case $test_string in
+ cd './@<:@'
+ for where in build dest
+ case $where in
+ build='./@<:@'
+ dest=/private/tmp/homebrew-automake-HEAD-mfsB/tests/instspc.dir/dest-quadrigraph1
+ cd './@<:@'
+ r=ok
+ ../configure --prefix '/@<:@-prefix'
checking for a BSD-compatible install... /usr/bin/install -c
checking whether build environment is sane... yes
checking for a thread-safe mkdir -p... ../install-sh -c -d
checking for gawk... gawk
checking whether make sets $(MAKE)... yes
checking for gcc... /usr/bin/llvm-gcc
checking whether the C compiler works... yes
checking for C compiler default output file name... a.out
checking for suffix of executables... 
checking whether we are cross compiling... no
checking for suffix of object files... o
checking whether we are using the GNU C compiler... yes
checking whether /usr/bin/llvm-gcc accepts -g... yes
checking for /usr/bin/llvm-gcc option to accept ISO C89... none needed
checking for style of include used by make... GNU
checking dependency style of /usr/bin/llvm-gcc... gcc3
checking for ar... ar
checking the archiver (ar) interface... ar
checking for ranlib... ranlib
checking that generated files are newer than configure... done
configure: creating ./config.status
config.status: creating Makefile
config.status: executing depfiles commands
+ make all
/usr/bin/llvm-gcc -DPACKAGE_NAME=\"instspc\" -DPACKAGE_TARNAME=\"instspc\" -DPACKAGE_VERSION=\"1.0\" -DPACKAGE_STRING=\"instspc\ 1.0\" -DPACKAGE_BUGREPORT=\"\" -DPACKAGE_URL=\"\" -DPACKAGE=\"instspc\" -DVERSION=\"1.0\" -I. -I..   -I/usr/local/Cellar/libffi/3.0.10/include -I/usr/local/Cellar/gettext/0.18.1.1/include  -Os -w -pipe   -march=core2 -msse4 -MT source.o -MD -MP -MF .deps/source.Tpo -c -o source.o ../source.c
mv -f .deps/source.Tpo .deps/source.Po
rm -f sub/libbase.a
ar cru sub/libbase.a source.o 
ranlib sub/libbase.a
rm -f sub/libnobase.a
ar cru sub/libnobase.a source.o 
ranlib sub/libnobase.a
/usr/bin/llvm-gcc  -Os -w -pipe   -march=core2 -msse4  -L/usr/local/Cellar/libffi/3.0.10/lib -L/usr/local/Cellar/gettext/0.18.1.1/lib -o sub/base source.o  
/usr/bin/llvm-gcc  -Os -w -pipe   -march=core2 -msse4  -L/usr/local/Cellar/libffi/3.0.10/lib -L/usr/local/Cellar/gettext/0.18.1.1/lib -o sub/nobase source.o  
+ DESTDIR=/private/tmp/homebrew-automake-HEAD-mfsB/tests/instspc.dir/dest-quadrigraph1
+ file='./@<:@'
+ make -e test-inst
test -z "/@<:@-prefix/foo" || ../install-sh -c -d "/private/tmp/homebrew-automake-HEAD-mfsB/tests/instspc.dir/dest-quadrigraph1/@<:@-prefix/foo"
 /usr/bin/install -c ../sub/base.sh '/private/tmp/homebrew-automake-HEAD-mfsB/tests/instspc.dir/dest-quadrigraph1/@<:@-prefix/foo'
test -z "/@<:@-prefix/foo" || ../install-sh -c -d "/private/tmp/homebrew-automake-HEAD-mfsB/tests/instspc.dir/dest-quadrigraph1/@<:@-prefix/foo"
 /usr/bin/install -c -m 644  sub/libbase.a '/private/tmp/homebrew-automake-HEAD-mfsB/tests/instspc.dir/dest-quadrigraph1/@<:@-prefix/foo'
 ( cd '/private/tmp/homebrew-automake-HEAD-mfsB/tests/instspc.dir/dest-quadrigraph1/@<:@-prefix/foo' && ranlib libbase.a )
test -z "/@<:@-prefix/foo" || ../install-sh -c -d "/private/tmp/homebrew-automake-HEAD-mfsB/tests/instspc.dir/dest-quadrigraph1/@<:@-prefix/foo"
  /usr/bin/install -c sub/base '/private/tmp/homebrew-automake-HEAD-mfsB/tests/instspc.dir/dest-quadrigraph1/@<:@-prefix/foo'
test -z "/@<:@-prefix/foo" || ../install-sh -c -d "/private/tmp/homebrew-automake-HEAD-mfsB/tests/instspc.dir/dest-quadrigraph1/@<:@-prefix/foo"
 ../install-sh -c -d '/private/tmp/homebrew-automake-HEAD-mfsB/tests/instspc.dir/dest-quadrigraph1/@<:@-prefix/foo/sub/'
 /usr/bin/install -c ../sub/nobase.sh '/private/tmp/homebrew-automake-HEAD-mfsB/tests/instspc.dir/dest-quadrigraph1/@<:@-prefix/foo/sub/'
test -z "/@<:@-prefix/foo" || ../install-sh -c -d "/private/tmp/homebrew-automake-HEAD-mfsB/tests/instspc.dir/dest-quadrigraph1/@<:@-prefix/foo"
../install-sh -c -d '/private/tmp/homebrew-automake-HEAD-mfsB/tests/instspc.dir/dest-quadrigraph1/@<:@-prefix/foo/sub'
 /usr/bin/install -c -m 644  sub/libnobase.a '/private/tmp/homebrew-automake-HEAD-mfsB/tests/instspc.dir/dest-quadrigraph1/@<:@-prefix/foo/sub'
 ( cd '/private/tmp/homebrew-automake-HEAD-mfsB/tests/instspc.dir/dest-quadrigraph1/@<:@-prefix/foo' && ranlib sub/libnobase.a )
test -z "/@<:@-prefix/foo" || ../install-sh -c -d "/private/tmp/homebrew-automake-HEAD-mfsB/tests/instspc.dir/dest-quadrigraph1/@<:@-prefix/foo"
 ../install-sh -c -d '/private/tmp/homebrew-automake-HEAD-mfsB/tests/instspc.dir/dest-quadrigraph1/@<:@-prefix/foo/sub/'
  /usr/bin/install -c sub/nobase '/private/tmp/homebrew-automake-HEAD-mfsB/tests/instspc.dir/dest-quadrigraph1/@<:@-prefix/foo/sub/'
test -z "/@<:@-prefix/foo" || ../install-sh -c -d "/private/tmp/homebrew-automake-HEAD-mfsB/tests/instspc.dir/dest-quadrigraph1/@<:@-prefix/foo"
 /usr/bin/install -c -m 644 ../sub/base.dat '/private/tmp/homebrew-automake-HEAD-mfsB/tests/instspc.dir/dest-quadrigraph1/@<:@-prefix/foo'
test -z "/@<:@-prefix/foo" || ../install-sh -c -d "/private/tmp/homebrew-automake-HEAD-mfsB/tests/instspc.dir/dest-quadrigraph1/@<:@-prefix/foo"
 /usr/bin/install -c -m 644 ../sub/base.h '/private/tmp/homebrew-automake-HEAD-mfsB/tests/instspc.dir/dest-quadrigraph1/@<:@-prefix/foo'
test -z "/@<:@-prefix/foo" || ../install-sh -c -d "/private/tmp/homebrew-automake-HEAD-mfsB/tests/instspc.dir/dest-quadrigraph1/@<:@-prefix/foo"
../install-sh -c -d '/private/tmp/homebrew-automake-HEAD-mfsB/tests/instspc.dir/dest-quadrigraph1/@<:@-prefix/foo/sub'
 /usr/bin/install -c -m 644  ../sub/nobase.dat '/private/tmp/homebrew-automake-HEAD-mfsB/tests/instspc.dir/dest-quadrigraph1/@<:@-prefix/foo/sub'
test -z "/@<:@-prefix/foo" || ../install-sh -c -d "/private/tmp/homebrew-automake-HEAD-mfsB/tests/instspc.dir/dest-quadrigraph1/@<:@-prefix/foo"
../install-sh -c -d '/private/tmp/homebrew-automake-HEAD-mfsB/tests/instspc.dir/dest-quadrigraph1/@<:@-prefix/foo/sub'
 /usr/bin/install -c -m 644  ../sub/nobase.h '/private/tmp/homebrew-automake-HEAD-mfsB/tests/instspc.dir/dest-quadrigraph1/@<:@-prefix/foo/sub'
test   -f '/private/tmp/homebrew-automake-HEAD-mfsB/tests/instspc.dir/dest-quadrigraph1/./@<:@-prefix/foo/sub/nobase.h'
test ! -f '/private/tmp/homebrew-automake-HEAD-mfsB/tests/instspc.dir/dest-quadrigraph1/./@<:@-prefix/foo/nobase.h'
test   -f '/private/tmp/homebrew-automake-HEAD-mfsB/tests/instspc.dir/dest-quadrigraph1/./@<:@-prefix/foo/base.h'
test   -f '/private/tmp/homebrew-automake-HEAD-mfsB/tests/instspc.dir/dest-quadrigraph1/./@<:@-prefix/foo/sub/nobase.dat'
test ! -f '/private/tmp/homebrew-automake-HEAD-mfsB/tests/instspc.dir/dest-quadrigraph1/./@<:@-prefix/foo/nobase.dat'
test   -f '/private/tmp/homebrew-automake-HEAD-mfsB/tests/instspc.dir/dest-quadrigraph1/./@<:@-prefix/foo/base.dat'
test   -f '/private/tmp/homebrew-automake-HEAD-mfsB/tests/instspc.dir/dest-quadrigraph1/./@<:@-prefix/foo/sub/nobase.sh'
test ! -f '/private/tmp/homebrew-automake-HEAD-mfsB/tests/instspc.dir/dest-quadrigraph1/./@<:@-prefix/foo/nobase.sh'
test   -f '/private/tmp/homebrew-automake-HEAD-mfsB/tests/instspc.dir/dest-quadrigraph1/./@<:@-prefix/foo/base.sh'
test   -f '/private/tmp/homebrew-automake-HEAD-mfsB/tests/instspc.dir/dest-quadrigraph1/./@<:@-prefix/foo/sub/nobase'
test ! -f '/private/tmp/homebrew-automake-HEAD-mfsB/tests/instspc.dir/dest-quadrigraph1/./@<:@-prefix/foo/nobase'
test   -f '/private/tmp/homebrew-automake-HEAD-mfsB/tests/instspc.dir/dest-quadrigraph1/./@<:@-prefix/foo/base'
test   -f '/private/tmp/homebrew-automake-HEAD-mfsB/tests/instspc.dir/dest-quadrigraph1/./@<:@-prefix/foo/sub/libnobase.a'
test ! -f '/private/tmp/homebrew-automake-HEAD-mfsB/tests/instspc.dir/dest-quadrigraph1/./@<:@-prefix/foo/libnobase.a'
test   -f '/private/tmp/homebrew-automake-HEAD-mfsB/tests/instspc.dir/dest-quadrigraph1/./@<:@-prefix/foo/libbase.a'
+ description='quadrigraph1 in builddir'
+ expected_to_fail build quadrigraph1
+ case $1 in
+ is_in_list quadrigraph1 squote dquote bquote sharp dollar bslash ampersand linefeed quadrigraph0 a_lf_b
+ item=quadrigraph1
+ shift
+ case " $* " in
+ return 1
+ directive=
+ reason=
+ result_ ok -D '' -r '' -- 'quadrigraph1 in builddir'
+ set +x
ok 73 - quadrigraph1 in builddir
PASS: instspc.tap 73 - quadrigraph1 in builddir
+ cd /private/tmp/homebrew-automake-HEAD-mfsB/tests/instspc.dir
+ not am_keeping_testdirs
+ am_keeping_testdirs
+ case $keep_testdirs in
+ return 1
+ return 0
+ test ok = ok
+ rm_rf_ './@<:@' /private/tmp/homebrew-automake-HEAD-mfsB/tests/instspc.dir/dest-quadrigraph1
+ test 2 -gt 0
+ find './@<:@' /private/tmp/homebrew-automake-HEAD-mfsB/tests/instspc.dir/dest-quadrigraph1 -type d '!' -perm -700 -exec chmod u+rwx '{}' ';'
+ rm -rf './@<:@' /private/tmp/homebrew-automake-HEAD-mfsB/tests/instspc.dir/dest-quadrigraph1
+ for where in build dest
+ case $where in
+ build=build-quadrigraph1
+ dest='/private/tmp/homebrew-automake-HEAD-mfsB/tests/instspc.dir/@<:@'
+ mkdir build-quadrigraph1
+ cd build-quadrigraph1
+ r=ok
+ ../configure --prefix '/@<:@-prefix'
checking for a BSD-compatible install... /usr/bin/install -c
checking whether build environment is sane... yes
checking for a thread-safe mkdir -p... ../install-sh -c -d
checking for gawk... gawk
checking whether make sets $(MAKE)... yes
checking for gcc... /usr/bin/llvm-gcc
checking whether the C compiler works... yes
checking for C compiler default output file name... a.out
checking for suffix of executables... 
checking whether we are cross compiling... no
checking for suffix of object files... o
checking whether we are using the GNU C compiler... yes
checking whether /usr/bin/llvm-gcc accepts -g... yes
checking for /usr/bin/llvm-gcc option to accept ISO C89... none needed
checking for style of include used by make... GNU
checking dependency style of /usr/bin/llvm-gcc... gcc3
checking for ar... ar
checking the archiver (ar) interface... ar
checking for ranlib... ranlib
checking that generated files are newer than configure... done
configure: creating ./config.status
config.status: creating Makefile
config.status: executing depfiles commands
+ make all
/usr/bin/llvm-gcc -DPACKAGE_NAME=\"instspc\" -DPACKAGE_TARNAME=\"instspc\" -DPACKAGE_VERSION=\"1.0\" -DPACKAGE_STRING=\"instspc\ 1.0\" -DPACKAGE_BUGREPORT=\"\" -DPACKAGE_URL=\"\" -DPACKAGE=\"instspc\" -DVERSION=\"1.0\" -I. -I..   -I/usr/local/Cellar/libffi/3.0.10/include -I/usr/local/Cellar/gettext/0.18.1.1/include  -Os -w -pipe   -march=core2 -msse4 -MT source.o -MD -MP -MF .deps/source.Tpo -c -o source.o ../source.c
mv -f .deps/source.Tpo .deps/source.Po
rm -f sub/libbase.a
ar cru sub/libbase.a source.o 
ranlib sub/libbase.a
rm -f sub/libnobase.a
ar cru sub/libnobase.a source.o 
ranlib sub/libnobase.a
/usr/bin/llvm-gcc  -Os -w -pipe   -march=core2 -msse4  -L/usr/local/Cellar/libffi/3.0.10/lib -L/usr/local/Cellar/gettext/0.18.1.1/lib -o sub/base source.o  
/usr/bin/llvm-gcc  -Os -w -pipe   -march=core2 -msse4  -L/usr/local/Cellar/libffi/3.0.10/lib -L/usr/local/Cellar/gettext/0.18.1.1/lib -o sub/nobase source.o  
+ DESTDIR='/private/tmp/homebrew-automake-HEAD-mfsB/tests/instspc.dir/@<:@'
+ file='./@<:@'
+ make -e test-inst
test -z "/@<:@-prefix/foo" || ../install-sh -c -d "/private/tmp/homebrew-automake-HEAD-mfsB/tests/instspc.dir/@<:@/@<:@-prefix/foo"
 /usr/bin/install -c ../sub/base.sh '/private/tmp/homebrew-automake-HEAD-mfsB/tests/instspc.dir/@<:@/@<:@-prefix/foo'
test -z "/@<:@-prefix/foo" || ../install-sh -c -d "/private/tmp/homebrew-automake-HEAD-mfsB/tests/instspc.dir/@<:@/@<:@-prefix/foo"
 /usr/bin/install -c -m 644  sub/libbase.a '/private/tmp/homebrew-automake-HEAD-mfsB/tests/instspc.dir/@<:@/@<:@-prefix/foo'
 ( cd '/private/tmp/homebrew-automake-HEAD-mfsB/tests/instspc.dir/@<:@/@<:@-prefix/foo' && ranlib libbase.a )
test -z "/@<:@-prefix/foo" || ../install-sh -c -d "/private/tmp/homebrew-automake-HEAD-mfsB/tests/instspc.dir/@<:@/@<:@-prefix/foo"
  /usr/bin/install -c sub/base '/private/tmp/homebrew-automake-HEAD-mfsB/tests/instspc.dir/@<:@/@<:@-prefix/foo'
test -z "/@<:@-prefix/foo" || ../install-sh -c -d "/private/tmp/homebrew-automake-HEAD-mfsB/tests/instspc.dir/@<:@/@<:@-prefix/foo"
 ../install-sh -c -d '/private/tmp/homebrew-automake-HEAD-mfsB/tests/instspc.dir/@<:@/@<:@-prefix/foo/sub/'
 /usr/bin/install -c ../sub/nobase.sh '/private/tmp/homebrew-automake-HEAD-mfsB/tests/instspc.dir/@<:@/@<:@-prefix/foo/sub/'
test -z "/@<:@-prefix/foo" || ../install-sh -c -d "/private/tmp/homebrew-automake-HEAD-mfsB/tests/instspc.dir/@<:@/@<:@-prefix/foo"
../install-sh -c -d '/private/tmp/homebrew-automake-HEAD-mfsB/tests/instspc.dir/@<:@/@<:@-prefix/foo/sub'
 /usr/bin/install -c -m 644  sub/libnobase.a '/private/tmp/homebrew-automake-HEAD-mfsB/tests/instspc.dir/@<:@/@<:@-prefix/foo/sub'
 ( cd '/private/tmp/homebrew-automake-HEAD-mfsB/tests/instspc.dir/@<:@/@<:@-prefix/foo' && ranlib sub/libnobase.a )
test -z "/@<:@-prefix/foo" || ../install-sh -c -d "/private/tmp/homebrew-automake-HEAD-mfsB/tests/instspc.dir/@<:@/@<:@-prefix/foo"
 ../install-sh -c -d '/private/tmp/homebrew-automake-HEAD-mfsB/tests/instspc.dir/@<:@/@<:@-prefix/foo/sub/'
  /usr/bin/install -c sub/nobase '/private/tmp/homebrew-automake-HEAD-mfsB/tests/instspc.dir/@<:@/@<:@-prefix/foo/sub/'
test -z "/@<:@-prefix/foo" || ../install-sh -c -d "/private/tmp/homebrew-automake-HEAD-mfsB/tests/instspc.dir/@<:@/@<:@-prefix/foo"
 /usr/bin/install -c -m 644 ../sub/base.dat '/private/tmp/homebrew-automake-HEAD-mfsB/tests/instspc.dir/@<:@/@<:@-prefix/foo'
test -z "/@<:@-prefix/foo" || ../install-sh -c -d "/private/tmp/homebrew-automake-HEAD-mfsB/tests/instspc.dir/@<:@/@<:@-prefix/foo"
 /usr/bin/install -c -m 644 ../sub/base.h '/private/tmp/homebrew-automake-HEAD-mfsB/tests/instspc.dir/@<:@/@<:@-prefix/foo'
test -z "/@<:@-prefix/foo" || ../install-sh -c -d "/private/tmp/homebrew-automake-HEAD-mfsB/tests/instspc.dir/@<:@/@<:@-prefix/foo"
../install-sh -c -d '/private/tmp/homebrew-automake-HEAD-mfsB/tests/instspc.dir/@<:@/@<:@-prefix/foo/sub'
 /usr/bin/install -c -m 644  ../sub/nobase.dat '/private/tmp/homebrew-automake-HEAD-mfsB/tests/instspc.dir/@<:@/@<:@-prefix/foo/sub'
test -z "/@<:@-prefix/foo" || ../install-sh -c -d "/private/tmp/homebrew-automake-HEAD-mfsB/tests/instspc.dir/@<:@/@<:@-prefix/foo"
../install-sh -c -d '/private/tmp/homebrew-automake-HEAD-mfsB/tests/instspc.dir/@<:@/@<:@-prefix/foo/sub'
 /usr/bin/install -c -m 644  ../sub/nobase.h '/private/tmp/homebrew-automake-HEAD-mfsB/tests/instspc.dir/@<:@/@<:@-prefix/foo/sub'
test   -f '/private/tmp/homebrew-automake-HEAD-mfsB/tests/instspc.dir/@<:@/./@<:@-prefix/foo/sub/nobase.h'
test ! -f '/private/tmp/homebrew-automake-HEAD-mfsB/tests/instspc.dir/@<:@/./@<:@-prefix/foo/nobase.h'
test   -f '/private/tmp/homebrew-automake-HEAD-mfsB/tests/instspc.dir/@<:@/./@<:@-prefix/foo/base.h'
test   -f '/private/tmp/homebrew-automake-HEAD-mfsB/tests/instspc.dir/@<:@/./@<:@-prefix/foo/sub/nobase.dat'
test ! -f '/private/tmp/homebrew-automake-HEAD-mfsB/tests/instspc.dir/@<:@/./@<:@-prefix/foo/nobase.dat'
test   -f '/private/tmp/homebrew-automake-HEAD-mfsB/tests/instspc.dir/@<:@/./@<:@-prefix/foo/base.dat'
test   -f '/private/tmp/homebrew-automake-HEAD-mfsB/tests/instspc.dir/@<:@/./@<:@-prefix/foo/sub/nobase.sh'
test ! -f '/private/tmp/homebrew-automake-HEAD-mfsB/tests/instspc.dir/@<:@/./@<:@-prefix/foo/nobase.sh'
test   -f '/private/tmp/homebrew-automake-HEAD-mfsB/tests/instspc.dir/@<:@/./@<:@-prefix/foo/base.sh'
test   -f '/private/tmp/homebrew-automake-HEAD-mfsB/tests/instspc.dir/@<:@/./@<:@-prefix/foo/sub/nobase'
test ! -f '/private/tmp/homebrew-automake-HEAD-mfsB/tests/instspc.dir/@<:@/./@<:@-prefix/foo/nobase'
test   -f '/private/tmp/homebrew-automake-HEAD-mfsB/tests/instspc.dir/@<:@/./@<:@-prefix/foo/base'
test   -f '/private/tmp/homebrew-automake-HEAD-mfsB/tests/instspc.dir/@<:@/./@<:@-prefix/foo/sub/libnobase.a'
test ! -f '/private/tmp/homebrew-automake-HEAD-mfsB/tests/instspc.dir/@<:@/./@<:@-prefix/foo/libnobase.a'
test   -f '/private/tmp/homebrew-automake-HEAD-mfsB/tests/instspc.dir/@<:@/./@<:@-prefix/foo/libbase.a'
+ description='quadrigraph1 in destdir'
+ expected_to_fail dest quadrigraph1
+ case $1 in
+ is_in_list quadrigraph1 squote dquote bquote sharp dollar linefeed a_lf_b
+ item=quadrigraph1
+ shift
+ case " $* " in
+ return 1
+ directive=
+ reason=
+ result_ ok -D '' -r '' -- 'quadrigraph1 in destdir'
+ set +x
ok 74 - quadrigraph1 in destdir
PASS: instspc.tap 74 - quadrigraph1 in destdir
+ cd /private/tmp/homebrew-automake-HEAD-mfsB/tests/instspc.dir
+ not am_keeping_testdirs
+ am_keeping_testdirs
+ case $keep_testdirs in
+ return 1
+ return 0
+ test ok = ok
+ rm_rf_ build-quadrigraph1 '/private/tmp/homebrew-automake-HEAD-mfsB/tests/instspc.dir/@<:@'
+ test 2 -gt 0
+ find build-quadrigraph1 '/private/tmp/homebrew-automake-HEAD-mfsB/tests/instspc.dir/@<:@' -type d '!' -perm -700 -exec chmod u+rwx '{}' ';'
+ rm -rf build-quadrigraph1 '/private/tmp/homebrew-automake-HEAD-mfsB/tests/instspc.dir/@<:@'
+ for test_name in '$test_names_list'
+ eval 'test_string=${instspc__quadrigraph2}'
++ test_string='@:>@'
+ test 'x@:>@' = x
+ mkdir './@:>@'
+ case $test_string in
+ cd './@:>@'
+ for where in build dest
+ case $where in
+ build='./@:>@'
+ dest=/private/tmp/homebrew-automake-HEAD-mfsB/tests/instspc.dir/dest-quadrigraph2
+ cd './@:>@'
+ r=ok
+ ../configure --prefix '/@:>@-prefix'
checking for a BSD-compatible install... /usr/bin/install -c
checking whether build environment is sane... yes
checking for a thread-safe mkdir -p... ../install-sh -c -d
checking for gawk... gawk
checking whether make sets $(MAKE)... yes
checking for gcc... /usr/bin/llvm-gcc
checking whether the C compiler works... yes
checking for C compiler default output file name... a.out
checking for suffix of executables... 
checking whether we are cross compiling... no
checking for suffix of object files... o
checking whether we are using the GNU C compiler... yes
checking whether /usr/bin/llvm-gcc accepts -g... yes
checking for /usr/bin/llvm-gcc option to accept ISO C89... none needed
checking for style of include used by make... GNU
checking dependency style of /usr/bin/llvm-gcc... gcc3
checking for ar... ar
checking the archiver (ar) interface... ar
checking for ranlib... ranlib
checking that generated files are newer than configure... done
configure: creating ./config.status
config.status: creating Makefile
config.status: executing depfiles commands
+ make all
/usr/bin/llvm-gcc -DPACKAGE_NAME=\"instspc\" -DPACKAGE_TARNAME=\"instspc\" -DPACKAGE_VERSION=\"1.0\" -DPACKAGE_STRING=\"instspc\ 1.0\" -DPACKAGE_BUGREPORT=\"\" -DPACKAGE_URL=\"\" -DPACKAGE=\"instspc\" -DVERSION=\"1.0\" -I. -I..   -I/usr/local/Cellar/libffi/3.0.10/include -I/usr/local/Cellar/gettext/0.18.1.1/include  -Os -w -pipe   -march=core2 -msse4 -MT source.o -MD -MP -MF .deps/source.Tpo -c -o source.o ../source.c
mv -f .deps/source.Tpo .deps/source.Po
rm -f sub/libbase.a
ar cru sub/libbase.a source.o 
ranlib sub/libbase.a
rm -f sub/libnobase.a
ar cru sub/libnobase.a source.o 
ranlib sub/libnobase.a
/usr/bin/llvm-gcc  -Os -w -pipe   -march=core2 -msse4  -L/usr/local/Cellar/libffi/3.0.10/lib -L/usr/local/Cellar/gettext/0.18.1.1/lib -o sub/base source.o  
/usr/bin/llvm-gcc  -Os -w -pipe   -march=core2 -msse4  -L/usr/local/Cellar/libffi/3.0.10/lib -L/usr/local/Cellar/gettext/0.18.1.1/lib -o sub/nobase source.o  
+ DESTDIR=/private/tmp/homebrew-automake-HEAD-mfsB/tests/instspc.dir/dest-quadrigraph2
+ file='./@:>@'
+ make -e test-inst
test -z "/@:>@-prefix/foo" || ../install-sh -c -d "/private/tmp/homebrew-automake-HEAD-mfsB/tests/instspc.dir/dest-quadrigraph2/@:>@-prefix/foo"
 /usr/bin/install -c ../sub/base.sh '/private/tmp/homebrew-automake-HEAD-mfsB/tests/instspc.dir/dest-quadrigraph2/@:>@-prefix/foo'
test -z "/@:>@-prefix/foo" || ../install-sh -c -d "/private/tmp/homebrew-automake-HEAD-mfsB/tests/instspc.dir/dest-quadrigraph2/@:>@-prefix/foo"
 /usr/bin/install -c -m 644  sub/libbase.a '/private/tmp/homebrew-automake-HEAD-mfsB/tests/instspc.dir/dest-quadrigraph2/@:>@-prefix/foo'
 ( cd '/private/tmp/homebrew-automake-HEAD-mfsB/tests/instspc.dir/dest-quadrigraph2/@:>@-prefix/foo' && ranlib libbase.a )
test -z "/@:>@-prefix/foo" || ../install-sh -c -d "/private/tmp/homebrew-automake-HEAD-mfsB/tests/instspc.dir/dest-quadrigraph2/@:>@-prefix/foo"
  /usr/bin/install -c sub/base '/private/tmp/homebrew-automake-HEAD-mfsB/tests/instspc.dir/dest-quadrigraph2/@:>@-prefix/foo'
test -z "/@:>@-prefix/foo" || ../install-sh -c -d "/private/tmp/homebrew-automake-HEAD-mfsB/tests/instspc.dir/dest-quadrigraph2/@:>@-prefix/foo"
 ../install-sh -c -d '/private/tmp/homebrew-automake-HEAD-mfsB/tests/instspc.dir/dest-quadrigraph2/@:>@-prefix/foo/sub/'
 /usr/bin/install -c ../sub/nobase.sh '/private/tmp/homebrew-automake-HEAD-mfsB/tests/instspc.dir/dest-quadrigraph2/@:>@-prefix/foo/sub/'
test -z "/@:>@-prefix/foo" || ../install-sh -c -d "/private/tmp/homebrew-automake-HEAD-mfsB/tests/instspc.dir/dest-quadrigraph2/@:>@-prefix/foo"
../install-sh -c -d '/private/tmp/homebrew-automake-HEAD-mfsB/tests/instspc.dir/dest-quadrigraph2/@:>@-prefix/foo/sub'
 /usr/bin/install -c -m 644  sub/libnobase.a '/private/tmp/homebrew-automake-HEAD-mfsB/tests/instspc.dir/dest-quadrigraph2/@:>@-prefix/foo/sub'
 ( cd '/private/tmp/homebrew-automake-HEAD-mfsB/tests/instspc.dir/dest-quadrigraph2/@:>@-prefix/foo' && ranlib sub/libnobase.a )
test -z "/@:>@-prefix/foo" || ../install-sh -c -d "/private/tmp/homebrew-automake-HEAD-mfsB/tests/instspc.dir/dest-quadrigraph2/@:>@-prefix/foo"
 ../install-sh -c -d '/private/tmp/homebrew-automake-HEAD-mfsB/tests/instspc.dir/dest-quadrigraph2/@:>@-prefix/foo/sub/'
  /usr/bin/install -c sub/nobase '/private/tmp/homebrew-automake-HEAD-mfsB/tests/instspc.dir/dest-quadrigraph2/@:>@-prefix/foo/sub/'
test -z "/@:>@-prefix/foo" || ../install-sh -c -d "/private/tmp/homebrew-automake-HEAD-mfsB/tests/instspc.dir/dest-quadrigraph2/@:>@-prefix/foo"
 /usr/bin/install -c -m 644 ../sub/base.dat '/private/tmp/homebrew-automake-HEAD-mfsB/tests/instspc.dir/dest-quadrigraph2/@:>@-prefix/foo'
test -z "/@:>@-prefix/foo" || ../install-sh -c -d "/private/tmp/homebrew-automake-HEAD-mfsB/tests/instspc.dir/dest-quadrigraph2/@:>@-prefix/foo"
 /usr/bin/install -c -m 644 ../sub/base.h '/private/tmp/homebrew-automake-HEAD-mfsB/tests/instspc.dir/dest-quadrigraph2/@:>@-prefix/foo'
test -z "/@:>@-prefix/foo" || ../install-sh -c -d "/private/tmp/homebrew-automake-HEAD-mfsB/tests/instspc.dir/dest-quadrigraph2/@:>@-prefix/foo"
../install-sh -c -d '/private/tmp/homebrew-automake-HEAD-mfsB/tests/instspc.dir/dest-quadrigraph2/@:>@-prefix/foo/sub'
 /usr/bin/install -c -m 644  ../sub/nobase.dat '/private/tmp/homebrew-automake-HEAD-mfsB/tests/instspc.dir/dest-quadrigraph2/@:>@-prefix/foo/sub'
test -z "/@:>@-prefix/foo" || ../install-sh -c -d "/private/tmp/homebrew-automake-HEAD-mfsB/tests/instspc.dir/dest-quadrigraph2/@:>@-prefix/foo"
../install-sh -c -d '/private/tmp/homebrew-automake-HEAD-mfsB/tests/instspc.dir/dest-quadrigraph2/@:>@-prefix/foo/sub'
 /usr/bin/install -c -m 644  ../sub/nobase.h '/private/tmp/homebrew-automake-HEAD-mfsB/tests/instspc.dir/dest-quadrigraph2/@:>@-prefix/foo/sub'
test   -f '/private/tmp/homebrew-automake-HEAD-mfsB/tests/instspc.dir/dest-quadrigraph2/./@:>@-prefix/foo/sub/nobase.h'
test ! -f '/private/tmp/homebrew-automake-HEAD-mfsB/tests/instspc.dir/dest-quadrigraph2/./@:>@-prefix/foo/nobase.h'
test   -f '/private/tmp/homebrew-automake-HEAD-mfsB/tests/instspc.dir/dest-quadrigraph2/./@:>@-prefix/foo/base.h'
test   -f '/private/tmp/homebrew-automake-HEAD-mfsB/tests/instspc.dir/dest-quadrigraph2/./@:>@-prefix/foo/sub/nobase.dat'
test ! -f '/private/tmp/homebrew-automake-HEAD-mfsB/tests/instspc.dir/dest-quadrigraph2/./@:>@-prefix/foo/nobase.dat'
test   -f '/private/tmp/homebrew-automake-HEAD-mfsB/tests/instspc.dir/dest-quadrigraph2/./@:>@-prefix/foo/base.dat'
test   -f '/private/tmp/homebrew-automake-HEAD-mfsB/tests/instspc.dir/dest-quadrigraph2/./@:>@-prefix/foo/sub/nobase.sh'
test ! -f '/private/tmp/homebrew-automake-HEAD-mfsB/tests/instspc.dir/dest-quadrigraph2/./@:>@-prefix/foo/nobase.sh'
test   -f '/private/tmp/homebrew-automake-HEAD-mfsB/tests/instspc.dir/dest-quadrigraph2/./@:>@-prefix/foo/base.sh'
test   -f '/private/tmp/homebrew-automake-HEAD-mfsB/tests/instspc.dir/dest-quadrigraph2/./@:>@-prefix/foo/sub/nobase'
test ! -f '/private/tmp/homebrew-automake-HEAD-mfsB/tests/instspc.dir/dest-quadrigraph2/./@:>@-prefix/foo/nobase'
test   -f '/private/tmp/homebrew-automake-HEAD-mfsB/tests/instspc.dir/dest-quadrigraph2/./@:>@-prefix/foo/base'
test   -f '/private/tmp/homebrew-automake-HEAD-mfsB/tests/instspc.dir/dest-quadrigraph2/./@:>@-prefix/foo/sub/libnobase.a'
test ! -f '/private/tmp/homebrew-automake-HEAD-mfsB/tests/instspc.dir/dest-quadrigraph2/./@:>@-prefix/foo/libnobase.a'
test   -f '/private/tmp/homebrew-automake-HEAD-mfsB/tests/instspc.dir/dest-quadrigraph2/./@:>@-prefix/foo/libbase.a'
+ description='quadrigraph2 in builddir'
+ expected_to_fail build quadrigraph2
+ case $1 in
+ is_in_list quadrigraph2 squote dquote bquote sharp dollar bslash ampersand linefeed quadrigraph0 a_lf_b
+ item=quadrigraph2
+ shift
+ case " $* " in
+ return 1
+ directive=
+ reason=
+ result_ ok -D '' -r '' -- 'quadrigraph2 in builddir'
+ set +x
ok 75 - quadrigraph2 in builddir
PASS: instspc.tap 75 - quadrigraph2 in builddir
+ cd /private/tmp/homebrew-automake-HEAD-mfsB/tests/instspc.dir
+ not am_keeping_testdirs
+ am_keeping_testdirs
+ case $keep_testdirs in
+ return 1
+ return 0
+ test ok = ok
+ rm_rf_ './@:>@' /private/tmp/homebrew-automake-HEAD-mfsB/tests/instspc.dir/dest-quadrigraph2
+ test 2 -gt 0
+ find './@:>@' /private/tmp/homebrew-automake-HEAD-mfsB/tests/instspc.dir/dest-quadrigraph2 -type d '!' -perm -700 -exec chmod u+rwx '{}' ';'
+ rm -rf './@:>@' /private/tmp/homebrew-automake-HEAD-mfsB/tests/instspc.dir/dest-quadrigraph2
+ for where in build dest
+ case $where in
+ build=build-quadrigraph2
+ dest='/private/tmp/homebrew-automake-HEAD-mfsB/tests/instspc.dir/@:>@'
+ mkdir build-quadrigraph2
+ cd build-quadrigraph2
+ r=ok
+ ../configure --prefix '/@:>@-prefix'
checking for a BSD-compatible install... /usr/bin/install -c
checking whether build environment is sane... yes
checking for a thread-safe mkdir -p... ../install-sh -c -d
checking for gawk... gawk
checking whether make sets $(MAKE)... yes
checking for gcc... /usr/bin/llvm-gcc
checking whether the C compiler works... yes
checking for C compiler default output file name... a.out
checking for suffix of executables... 
checking whether we are cross compiling... no
checking for suffix of object files... o
checking whether we are using the GNU C compiler... yes
checking whether /usr/bin/llvm-gcc accepts -g... yes
checking for /usr/bin/llvm-gcc option to accept ISO C89... none needed
checking for style of include used by make... GNU
checking dependency style of /usr/bin/llvm-gcc... gcc3
checking for ar... ar
checking the archiver (ar) interface... ar
checking for ranlib... ranlib
checking that generated files are newer than configure... done
configure: creating ./config.status
config.status: creating Makefile
config.status: executing depfiles commands
+ make all
/usr/bin/llvm-gcc -DPACKAGE_NAME=\"instspc\" -DPACKAGE_TARNAME=\"instspc\" -DPACKAGE_VERSION=\"1.0\" -DPACKAGE_STRING=\"instspc\ 1.0\" -DPACKAGE_BUGREPORT=\"\" -DPACKAGE_URL=\"\" -DPACKAGE=\"instspc\" -DVERSION=\"1.0\" -I. -I..   -I/usr/local/Cellar/libffi/3.0.10/include -I/usr/local/Cellar/gettext/0.18.1.1/include  -Os -w -pipe   -march=core2 -msse4 -MT source.o -MD -MP -MF .deps/source.Tpo -c -o source.o ../source.c
mv -f .deps/source.Tpo .deps/source.Po
rm -f sub/libbase.a
ar cru sub/libbase.a source.o 
ranlib sub/libbase.a
rm -f sub/libnobase.a
ar cru sub/libnobase.a source.o 
ranlib sub/libnobase.a
/usr/bin/llvm-gcc  -Os -w -pipe   -march=core2 -msse4  -L/usr/local/Cellar/libffi/3.0.10/lib -L/usr/local/Cellar/gettext/0.18.1.1/lib -o sub/base source.o  
/usr/bin/llvm-gcc  -Os -w -pipe   -march=core2 -msse4  -L/usr/local/Cellar/libffi/3.0.10/lib -L/usr/local/Cellar/gettext/0.18.1.1/lib -o sub/nobase source.o  
+ DESTDIR='/private/tmp/homebrew-automake-HEAD-mfsB/tests/instspc.dir/@:>@'
+ file='./@:>@'
+ make -e test-inst
test -z "/@:>@-prefix/foo" || ../install-sh -c -d "/private/tmp/homebrew-automake-HEAD-mfsB/tests/instspc.dir/@:>@/@:>@-prefix/foo"
 /usr/bin/install -c ../sub/base.sh '/private/tmp/homebrew-automake-HEAD-mfsB/tests/instspc.dir/@:>@/@:>@-prefix/foo'
test -z "/@:>@-prefix/foo" || ../install-sh -c -d "/private/tmp/homebrew-automake-HEAD-mfsB/tests/instspc.dir/@:>@/@:>@-prefix/foo"
 /usr/bin/install -c -m 644  sub/libbase.a '/private/tmp/homebrew-automake-HEAD-mfsB/tests/instspc.dir/@:>@/@:>@-prefix/foo'
 ( cd '/private/tmp/homebrew-automake-HEAD-mfsB/tests/instspc.dir/@:>@/@:>@-prefix/foo' && ranlib libbase.a )
test -z "/@:>@-prefix/foo" || ../install-sh -c -d "/private/tmp/homebrew-automake-HEAD-mfsB/tests/instspc.dir/@:>@/@:>@-prefix/foo"
  /usr/bin/install -c sub/base '/private/tmp/homebrew-automake-HEAD-mfsB/tests/instspc.dir/@:>@/@:>@-prefix/foo'
test -z "/@:>@-prefix/foo" || ../install-sh -c -d "/private/tmp/homebrew-automake-HEAD-mfsB/tests/instspc.dir/@:>@/@:>@-prefix/foo"
 ../install-sh -c -d '/private/tmp/homebrew-automake-HEAD-mfsB/tests/instspc.dir/@:>@/@:>@-prefix/foo/sub/'
 /usr/bin/install -c ../sub/nobase.sh '/private/tmp/homebrew-automake-HEAD-mfsB/tests/instspc.dir/@:>@/@:>@-prefix/foo/sub/'
test -z "/@:>@-prefix/foo" || ../install-sh -c -d "/private/tmp/homebrew-automake-HEAD-mfsB/tests/instspc.dir/@:>@/@:>@-prefix/foo"
../install-sh -c -d '/private/tmp/homebrew-automake-HEAD-mfsB/tests/instspc.dir/@:>@/@:>@-prefix/foo/sub'
 /usr/bin/install -c -m 644  sub/libnobase.a '/private/tmp/homebrew-automake-HEAD-mfsB/tests/instspc.dir/@:>@/@:>@-prefix/foo/sub'
 ( cd '/private/tmp/homebrew-automake-HEAD-mfsB/tests/instspc.dir/@:>@/@:>@-prefix/foo' && ranlib sub/libnobase.a )
test -z "/@:>@-prefix/foo" || ../install-sh -c -d "/private/tmp/homebrew-automake-HEAD-mfsB/tests/instspc.dir/@:>@/@:>@-prefix/foo"
 ../install-sh -c -d '/private/tmp/homebrew-automake-HEAD-mfsB/tests/instspc.dir/@:>@/@:>@-prefix/foo/sub/'
  /usr/bin/install -c sub/nobase '/private/tmp/homebrew-automake-HEAD-mfsB/tests/instspc.dir/@:>@/@:>@-prefix/foo/sub/'
test -z "/@:>@-prefix/foo" || ../install-sh -c -d "/private/tmp/homebrew-automake-HEAD-mfsB/tests/instspc.dir/@:>@/@:>@-prefix/foo"
 /usr/bin/install -c -m 644 ../sub/base.dat '/private/tmp/homebrew-automake-HEAD-mfsB/tests/instspc.dir/@:>@/@:>@-prefix/foo'
test -z "/@:>@-prefix/foo" || ../install-sh -c -d "/private/tmp/homebrew-automake-HEAD-mfsB/tests/instspc.dir/@:>@/@:>@-prefix/foo"
 /usr/bin/install -c -m 644 ../sub/base.h '/private/tmp/homebrew-automake-HEAD-mfsB/tests/instspc.dir/@:>@/@:>@-prefix/foo'
test -z "/@:>@-prefix/foo" || ../install-sh -c -d "/private/tmp/homebrew-automake-HEAD-mfsB/tests/instspc.dir/@:>@/@:>@-prefix/foo"
../install-sh -c -d '/private/tmp/homebrew-automake-HEAD-mfsB/tests/instspc.dir/@:>@/@:>@-prefix/foo/sub'
 /usr/bin/install -c -m 644  ../sub/nobase.dat '/private/tmp/homebrew-automake-HEAD-mfsB/tests/instspc.dir/@:>@/@:>@-prefix/foo/sub'
test -z "/@:>@-prefix/foo" || ../install-sh -c -d "/private/tmp/homebrew-automake-HEAD-mfsB/tests/instspc.dir/@:>@/@:>@-prefix/foo"
../install-sh -c -d '/private/tmp/homebrew-automake-HEAD-mfsB/tests/instspc.dir/@:>@/@:>@-prefix/foo/sub'
 /usr/bin/install -c -m 644  ../sub/nobase.h '/private/tmp/homebrew-automake-HEAD-mfsB/tests/instspc.dir/@:>@/@:>@-prefix/foo/sub'
test   -f '/private/tmp/homebrew-automake-HEAD-mfsB/tests/instspc.dir/@:>@/./@:>@-prefix/foo/sub/nobase.h'
test ! -f '/private/tmp/homebrew-automake-HEAD-mfsB/tests/instspc.dir/@:>@/./@:>@-prefix/foo/nobase.h'
test   -f '/private/tmp/homebrew-automake-HEAD-mfsB/tests/instspc.dir/@:>@/./@:>@-prefix/foo/base.h'
test   -f '/private/tmp/homebrew-automake-HEAD-mfsB/tests/instspc.dir/@:>@/./@:>@-prefix/foo/sub/nobase.dat'
test ! -f '/private/tmp/homebrew-automake-HEAD-mfsB/tests/instspc.dir/@:>@/./@:>@-prefix/foo/nobase.dat'
test   -f '/private/tmp/homebrew-automake-HEAD-mfsB/tests/instspc.dir/@:>@/./@:>@-prefix/foo/base.dat'
test   -f '/private/tmp/homebrew-automake-HEAD-mfsB/tests/instspc.dir/@:>@/./@:>@-prefix/foo/sub/nobase.sh'
test ! -f '/private/tmp/homebrew-automake-HEAD-mfsB/tests/instspc.dir/@:>@/./@:>@-prefix/foo/nobase.sh'
test   -f '/private/tmp/homebrew-automake-HEAD-mfsB/tests/instspc.dir/@:>@/./@:>@-prefix/foo/base.sh'
test   -f '/private/tmp/homebrew-automake-HEAD-mfsB/tests/instspc.dir/@:>@/./@:>@-prefix/foo/sub/nobase'
test ! -f '/private/tmp/homebrew-automake-HEAD-mfsB/tests/instspc.dir/@:>@/./@:>@-prefix/foo/nobase'
test   -f '/private/tmp/homebrew-automake-HEAD-mfsB/tests/instspc.dir/@:>@/./@:>@-prefix/foo/base'
test   -f '/private/tmp/homebrew-automake-HEAD-mfsB/tests/instspc.dir/@:>@/./@:>@-prefix/foo/sub/libnobase.a'
test ! -f '/private/tmp/homebrew-automake-HEAD-mfsB/tests/instspc.dir/@:>@/./@:>@-prefix/foo/libnobase.a'
test   -f '/private/tmp/homebrew-automake-HEAD-mfsB/tests/instspc.dir/@:>@/./@:>@-prefix/foo/libbase.a'
+ description='quadrigraph2 in destdir'
+ expected_to_fail dest quadrigraph2
+ case $1 in
+ is_in_list quadrigraph2 squote dquote bquote sharp dollar linefeed a_lf_b
+ item=quadrigraph2
+ shift
+ case " $* " in
+ return 1
+ directive=
+ reason=
+ result_ ok -D '' -r '' -- 'quadrigraph2 in destdir'
+ set +x
ok 76 - quadrigraph2 in destdir
PASS: instspc.tap 76 - quadrigraph2 in destdir
+ cd /private/tmp/homebrew-automake-HEAD-mfsB/tests/instspc.dir
+ not am_keeping_testdirs
+ am_keeping_testdirs
+ case $keep_testdirs in
+ return 1
+ return 0
+ test ok = ok
+ rm_rf_ build-quadrigraph2 '/private/tmp/homebrew-automake-HEAD-mfsB/tests/instspc.dir/@:>@'
+ test 2 -gt 0
+ find build-quadrigraph2 '/private/tmp/homebrew-automake-HEAD-mfsB/tests/instspc.dir/@:>@' -type d '!' -perm -700 -exec chmod u+rwx '{}' ';'
+ rm -rf build-quadrigraph2 '/private/tmp/homebrew-automake-HEAD-mfsB/tests/instspc.dir/@:>@'
+ for test_name in '$test_names_list'
+ eval 'test_string=${instspc__quadrigraph3}'
++ test_string='@S|@'
+ test 'x@S|@' = x
+ mkdir './@S|@'
+ case $test_string in
+ for where in build dest
+ case $where in
+ build='./@S|@'
+ dest=/private/tmp/homebrew-automake-HEAD-mfsB/tests/instspc.dir/dest-quadrigraph3
+ cd './@S|@'
+ r=ok
+ ../configure --prefix '/@S|@-prefix'
checking for a BSD-compatible install... /usr/bin/install -c
checking whether build environment is sane... yes
checking for a thread-safe mkdir -p... ../install-sh -c -d
checking for gawk... gawk
checking whether make sets $(MAKE)... yes
checking for gcc... /usr/bin/llvm-gcc
checking whether the C compiler works... yes
checking for C compiler default output file name... a.out
checking for suffix of executables... 
checking whether we are cross compiling... no
checking for suffix of object files... o
checking whether we are using the GNU C compiler... yes
checking whether /usr/bin/llvm-gcc accepts -g... yes
checking for /usr/bin/llvm-gcc option to accept ISO C89... none needed
checking for style of include used by make... GNU
checking dependency style of /usr/bin/llvm-gcc... gcc3
checking for ar... ar
checking the archiver (ar) interface... ar
checking for ranlib... ranlib
checking that generated files are newer than configure... done
configure: creating ./config.status
config.status: creating Makefile
config.status: executing depfiles commands
+ make all
/usr/bin/llvm-gcc -DPACKAGE_NAME=\"instspc\" -DPACKAGE_TARNAME=\"instspc\" -DPACKAGE_VERSION=\"1.0\" -DPACKAGE_STRING=\"instspc\ 1.0\" -DPACKAGE_BUGREPORT=\"\" -DPACKAGE_URL=\"\" -DPACKAGE=\"instspc\" -DVERSION=\"1.0\" -I. -I..   -I/usr/local/Cellar/libffi/3.0.10/include -I/usr/local/Cellar/gettext/0.18.1.1/include  -Os -w -pipe   -march=core2 -msse4 -MT source.o -MD -MP -MF .deps/source.Tpo -c -o source.o ../source.c
mv -f .deps/source.Tpo .deps/source.Po
rm -f sub/libbase.a
ar cru sub/libbase.a source.o 
ranlib sub/libbase.a
rm -f sub/libnobase.a
ar cru sub/libnobase.a source.o 
ranlib sub/libnobase.a
/usr/bin/llvm-gcc  -Os -w -pipe   -march=core2 -msse4  -L/usr/local/Cellar/libffi/3.0.10/lib -L/usr/local/Cellar/gettext/0.18.1.1/lib -o sub/base source.o  
/usr/bin/llvm-gcc  -Os -w -pipe   -march=core2 -msse4  -L/usr/local/Cellar/libffi/3.0.10/lib -L/usr/local/Cellar/gettext/0.18.1.1/lib -o sub/nobase source.o  
+ DESTDIR=/private/tmp/homebrew-automake-HEAD-mfsB/tests/instspc.dir/dest-quadrigraph3
+ file='./@S|@'
+ make -e test-inst
test -z "/@S|@-prefix/foo" || ../install-sh -c -d "/private/tmp/homebrew-automake-HEAD-mfsB/tests/instspc.dir/dest-quadrigraph3/@S|@-prefix/foo"
 /usr/bin/install -c ../sub/base.sh '/private/tmp/homebrew-automake-HEAD-mfsB/tests/instspc.dir/dest-quadrigraph3/@S|@-prefix/foo'
test -z "/@S|@-prefix/foo" || ../install-sh -c -d "/private/tmp/homebrew-automake-HEAD-mfsB/tests/instspc.dir/dest-quadrigraph3/@S|@-prefix/foo"
 /usr/bin/install -c -m 644  sub/libbase.a '/private/tmp/homebrew-automake-HEAD-mfsB/tests/instspc.dir/dest-quadrigraph3/@S|@-prefix/foo'
 ( cd '/private/tmp/homebrew-automake-HEAD-mfsB/tests/instspc.dir/dest-quadrigraph3/@S|@-prefix/foo' && ranlib libbase.a )
test -z "/@S|@-prefix/foo" || ../install-sh -c -d "/private/tmp/homebrew-automake-HEAD-mfsB/tests/instspc.dir/dest-quadrigraph3/@S|@-prefix/foo"
  /usr/bin/install -c sub/base '/private/tmp/homebrew-automake-HEAD-mfsB/tests/instspc.dir/dest-quadrigraph3/@S|@-prefix/foo'
test -z "/@S|@-prefix/foo" || ../install-sh -c -d "/private/tmp/homebrew-automake-HEAD-mfsB/tests/instspc.dir/dest-quadrigraph3/@S|@-prefix/foo"
 ../install-sh -c -d '/private/tmp/homebrew-automake-HEAD-mfsB/tests/instspc.dir/dest-quadrigraph3/@S|@-prefix/foo/sub/'
 /usr/bin/install -c ../sub/nobase.sh '/private/tmp/homebrew-automake-HEAD-mfsB/tests/instspc.dir/dest-quadrigraph3/@S|@-prefix/foo/sub/'
test -z "/@S|@-prefix/foo" || ../install-sh -c -d "/private/tmp/homebrew-automake-HEAD-mfsB/tests/instspc.dir/dest-quadrigraph3/@S|@-prefix/foo"
../install-sh -c -d '/private/tmp/homebrew-automake-HEAD-mfsB/tests/instspc.dir/dest-quadrigraph3/@S|@-prefix/foo/sub'
 /usr/bin/install -c -m 644  sub/libnobase.a '/private/tmp/homebrew-automake-HEAD-mfsB/tests/instspc.dir/dest-quadrigraph3/@S|@-prefix/foo/sub'
 ( cd '/private/tmp/homebrew-automake-HEAD-mfsB/tests/instspc.dir/dest-quadrigraph3/@S|@-prefix/foo' && ranlib sub/libnobase.a )
test -z "/@S|@-prefix/foo" || ../install-sh -c -d "/private/tmp/homebrew-automake-HEAD-mfsB/tests/instspc.dir/dest-quadrigraph3/@S|@-prefix/foo"
 ../install-sh -c -d '/private/tmp/homebrew-automake-HEAD-mfsB/tests/instspc.dir/dest-quadrigraph3/@S|@-prefix/foo/sub/'
  /usr/bin/install -c sub/nobase '/private/tmp/homebrew-automake-HEAD-mfsB/tests/instspc.dir/dest-quadrigraph3/@S|@-prefix/foo/sub/'
test -z "/@S|@-prefix/foo" || ../install-sh -c -d "/private/tmp/homebrew-automake-HEAD-mfsB/tests/instspc.dir/dest-quadrigraph3/@S|@-prefix/foo"
 /usr/bin/install -c -m 644 ../sub/base.dat '/private/tmp/homebrew-automake-HEAD-mfsB/tests/instspc.dir/dest-quadrigraph3/@S|@-prefix/foo'
test -z "/@S|@-prefix/foo" || ../install-sh -c -d "/private/tmp/homebrew-automake-HEAD-mfsB/tests/instspc.dir/dest-quadrigraph3/@S|@-prefix/foo"
 /usr/bin/install -c -m 644 ../sub/base.h '/private/tmp/homebrew-automake-HEAD-mfsB/tests/instspc.dir/dest-quadrigraph3/@S|@-prefix/foo'
test -z "/@S|@-prefix/foo" || ../install-sh -c -d "/private/tmp/homebrew-automake-HEAD-mfsB/tests/instspc.dir/dest-quadrigraph3/@S|@-prefix/foo"
../install-sh -c -d '/private/tmp/homebrew-automake-HEAD-mfsB/tests/instspc.dir/dest-quadrigraph3/@S|@-prefix/foo/sub'
 /usr/bin/install -c -m 644  ../sub/nobase.dat '/private/tmp/homebrew-automake-HEAD-mfsB/tests/instspc.dir/dest-quadrigraph3/@S|@-prefix/foo/sub'
test -z "/@S|@-prefix/foo" || ../install-sh -c -d "/private/tmp/homebrew-automake-HEAD-mfsB/tests/instspc.dir/dest-quadrigraph3/@S|@-prefix/foo"
../install-sh -c -d '/private/tmp/homebrew-automake-HEAD-mfsB/tests/instspc.dir/dest-quadrigraph3/@S|@-prefix/foo/sub'
 /usr/bin/install -c -m 644  ../sub/nobase.h '/private/tmp/homebrew-automake-HEAD-mfsB/tests/instspc.dir/dest-quadrigraph3/@S|@-prefix/foo/sub'
test   -f '/private/tmp/homebrew-automake-HEAD-mfsB/tests/instspc.dir/dest-quadrigraph3/./@S|@-prefix/foo/sub/nobase.h'
test ! -f '/private/tmp/homebrew-automake-HEAD-mfsB/tests/instspc.dir/dest-quadrigraph3/./@S|@-prefix/foo/nobase.h'
test   -f '/private/tmp/homebrew-automake-HEAD-mfsB/tests/instspc.dir/dest-quadrigraph3/./@S|@-prefix/foo/base.h'
test   -f '/private/tmp/homebrew-automake-HEAD-mfsB/tests/instspc.dir/dest-quadrigraph3/./@S|@-prefix/foo/sub/nobase.dat'
test ! -f '/private/tmp/homebrew-automake-HEAD-mfsB/tests/instspc.dir/dest-quadrigraph3/./@S|@-prefix/foo/nobase.dat'
test   -f '/private/tmp/homebrew-automake-HEAD-mfsB/tests/instspc.dir/dest-quadrigraph3/./@S|@-prefix/foo/base.dat'
test   -f '/private/tmp/homebrew-automake-HEAD-mfsB/tests/instspc.dir/dest-quadrigraph3/./@S|@-prefix/foo/sub/nobase.sh'
test ! -f '/private/tmp/homebrew-automake-HEAD-mfsB/tests/instspc.dir/dest-quadrigraph3/./@S|@-prefix/foo/nobase.sh'
test   -f '/private/tmp/homebrew-automake-HEAD-mfsB/tests/instspc.dir/dest-quadrigraph3/./@S|@-prefix/foo/base.sh'
test   -f '/private/tmp/homebrew-automake-HEAD-mfsB/tests/instspc.dir/dest-quadrigraph3/./@S|@-prefix/foo/sub/nobase'
test ! -f '/private/tmp/homebrew-automake-HEAD-mfsB/tests/instspc.dir/dest-quadrigraph3/./@S|@-prefix/foo/nobase'
test   -f '/private/tmp/homebrew-automake-HEAD-mfsB/tests/instspc.dir/dest-quadrigraph3/./@S|@-prefix/foo/base'
test   -f '/private/tmp/homebrew-automake-HEAD-mfsB/tests/instspc.dir/dest-quadrigraph3/./@S|@-prefix/foo/sub/libnobase.a'
test ! -f '/private/tmp/homebrew-automake-HEAD-mfsB/tests/instspc.dir/dest-quadrigraph3/./@S|@-prefix/foo/libnobase.a'
test   -f '/private/tmp/homebrew-automake-HEAD-mfsB/tests/instspc.dir/dest-quadrigraph3/./@S|@-prefix/foo/libbase.a'
+ description='quadrigraph3 in builddir'
+ expected_to_fail build quadrigraph3
+ case $1 in
+ is_in_list quadrigraph3 squote dquote bquote sharp dollar bslash ampersand linefeed quadrigraph0 a_lf_b
+ item=quadrigraph3
+ shift
+ case " $* " in
+ return 1
+ directive=
+ reason=
+ result_ ok -D '' -r '' -- 'quadrigraph3 in builddir'
+ set +x
ok 77 - quadrigraph3 in builddir
PASS: instspc.tap 77 - quadrigraph3 in builddir
+ cd /private/tmp/homebrew-automake-HEAD-mfsB/tests/instspc.dir
+ not am_keeping_testdirs
+ am_keeping_testdirs
+ case $keep_testdirs in
+ return 1
+ return 0
+ test ok = ok
+ rm_rf_ './@S|@' /private/tmp/homebrew-automake-HEAD-mfsB/tests/instspc.dir/dest-quadrigraph3
+ test 2 -gt 0
+ find './@S|@' /private/tmp/homebrew-automake-HEAD-mfsB/tests/instspc.dir/dest-quadrigraph3 -type d '!' -perm -700 -exec chmod u+rwx '{}' ';'
+ rm -rf './@S|@' /private/tmp/homebrew-automake-HEAD-mfsB/tests/instspc.dir/dest-quadrigraph3
+ for where in build dest
+ case $where in
+ build=build-quadrigraph3
+ dest='/private/tmp/homebrew-automake-HEAD-mfsB/tests/instspc.dir/@S|@'
+ mkdir build-quadrigraph3
+ cd build-quadrigraph3
+ r=ok
+ ../configure --prefix '/@S|@-prefix'
checking for a BSD-compatible install... /usr/bin/install -c
checking whether build environment is sane... yes
checking for a thread-safe mkdir -p... ../install-sh -c -d
checking for gawk... gawk
checking whether make sets $(MAKE)... yes
checking for gcc... /usr/bin/llvm-gcc
checking whether the C compiler works... yes
checking for C compiler default output file name... a.out
checking for suffix of executables... 
checking whether we are cross compiling... no
checking for suffix of object files... o
checking whether we are using the GNU C compiler... yes
checking whether /usr/bin/llvm-gcc accepts -g... yes
checking for /usr/bin/llvm-gcc option to accept ISO C89... none needed
checking for style of include used by make... GNU
checking dependency style of /usr/bin/llvm-gcc... gcc3
checking for ar... ar
checking the archiver (ar) interface... ar
checking for ranlib... ranlib
checking that generated files are newer than configure... done
configure: creating ./config.status
config.status: creating Makefile
config.status: executing depfiles commands
+ make all
/usr/bin/llvm-gcc -DPACKAGE_NAME=\"instspc\" -DPACKAGE_TARNAME=\"instspc\" -DPACKAGE_VERSION=\"1.0\" -DPACKAGE_STRING=\"instspc\ 1.0\" -DPACKAGE_BUGREPORT=\"\" -DPACKAGE_URL=\"\" -DPACKAGE=\"instspc\" -DVERSION=\"1.0\" -I. -I..   -I/usr/local/Cellar/libffi/3.0.10/include -I/usr/local/Cellar/gettext/0.18.1.1/include  -Os -w -pipe   -march=core2 -msse4 -MT source.o -MD -MP -MF .deps/source.Tpo -c -o source.o ../source.c
mv -f .deps/source.Tpo .deps/source.Po
rm -f sub/libbase.a
ar cru sub/libbase.a source.o 
ranlib sub/libbase.a
rm -f sub/libnobase.a
ar cru sub/libnobase.a source.o 
ranlib sub/libnobase.a
/usr/bin/llvm-gcc  -Os -w -pipe   -march=core2 -msse4  -L/usr/local/Cellar/libffi/3.0.10/lib -L/usr/local/Cellar/gettext/0.18.1.1/lib -o sub/base source.o  
/usr/bin/llvm-gcc  -Os -w -pipe   -march=core2 -msse4  -L/usr/local/Cellar/libffi/3.0.10/lib -L/usr/local/Cellar/gettext/0.18.1.1/lib -o sub/nobase source.o  
+ DESTDIR='/private/tmp/homebrew-automake-HEAD-mfsB/tests/instspc.dir/@S|@'
+ file='./@S|@'
+ make -e test-inst
test -z "/@S|@-prefix/foo" || ../install-sh -c -d "/private/tmp/homebrew-automake-HEAD-mfsB/tests/instspc.dir/@S|@/@S|@-prefix/foo"
 /usr/bin/install -c ../sub/base.sh '/private/tmp/homebrew-automake-HEAD-mfsB/tests/instspc.dir/@S|@/@S|@-prefix/foo'
test -z "/@S|@-prefix/foo" || ../install-sh -c -d "/private/tmp/homebrew-automake-HEAD-mfsB/tests/instspc.dir/@S|@/@S|@-prefix/foo"
 /usr/bin/install -c -m 644  sub/libbase.a '/private/tmp/homebrew-automake-HEAD-mfsB/tests/instspc.dir/@S|@/@S|@-prefix/foo'
 ( cd '/private/tmp/homebrew-automake-HEAD-mfsB/tests/instspc.dir/@S|@/@S|@-prefix/foo' && ranlib libbase.a )
test -z "/@S|@-prefix/foo" || ../install-sh -c -d "/private/tmp/homebrew-automake-HEAD-mfsB/tests/instspc.dir/@S|@/@S|@-prefix/foo"
  /usr/bin/install -c sub/base '/private/tmp/homebrew-automake-HEAD-mfsB/tests/instspc.dir/@S|@/@S|@-prefix/foo'
test -z "/@S|@-prefix/foo" || ../install-sh -c -d "/private/tmp/homebrew-automake-HEAD-mfsB/tests/instspc.dir/@S|@/@S|@-prefix/foo"
 ../install-sh -c -d '/private/tmp/homebrew-automake-HEAD-mfsB/tests/instspc.dir/@S|@/@S|@-prefix/foo/sub/'
 /usr/bin/install -c ../sub/nobase.sh '/private/tmp/homebrew-automake-HEAD-mfsB/tests/instspc.dir/@S|@/@S|@-prefix/foo/sub/'
test -z "/@S|@-prefix/foo" || ../install-sh -c -d "/private/tmp/homebrew-automake-HEAD-mfsB/tests/instspc.dir/@S|@/@S|@-prefix/foo"
../install-sh -c -d '/private/tmp/homebrew-automake-HEAD-mfsB/tests/instspc.dir/@S|@/@S|@-prefix/foo/sub'
 /usr/bin/install -c -m 644  sub/libnobase.a '/private/tmp/homebrew-automake-HEAD-mfsB/tests/instspc.dir/@S|@/@S|@-prefix/foo/sub'
 ( cd '/private/tmp/homebrew-automake-HEAD-mfsB/tests/instspc.dir/@S|@/@S|@-prefix/foo' && ranlib sub/libnobase.a )
test -z "/@S|@-prefix/foo" || ../install-sh -c -d "/private/tmp/homebrew-automake-HEAD-mfsB/tests/instspc.dir/@S|@/@S|@-prefix/foo"
 ../install-sh -c -d '/private/tmp/homebrew-automake-HEAD-mfsB/tests/instspc.dir/@S|@/@S|@-prefix/foo/sub/'
  /usr/bin/install -c sub/nobase '/private/tmp/homebrew-automake-HEAD-mfsB/tests/instspc.dir/@S|@/@S|@-prefix/foo/sub/'
test -z "/@S|@-prefix/foo" || ../install-sh -c -d "/private/tmp/homebrew-automake-HEAD-mfsB/tests/instspc.dir/@S|@/@S|@-prefix/foo"
 /usr/bin/install -c -m 644 ../sub/base.dat '/private/tmp/homebrew-automake-HEAD-mfsB/tests/instspc.dir/@S|@/@S|@-prefix/foo'
test -z "/@S|@-prefix/foo" || ../install-sh -c -d "/private/tmp/homebrew-automake-HEAD-mfsB/tests/instspc.dir/@S|@/@S|@-prefix/foo"
 /usr/bin/install -c -m 644 ../sub/base.h '/private/tmp/homebrew-automake-HEAD-mfsB/tests/instspc.dir/@S|@/@S|@-prefix/foo'
test -z "/@S|@-prefix/foo" || ../install-sh -c -d "/private/tmp/homebrew-automake-HEAD-mfsB/tests/instspc.dir/@S|@/@S|@-prefix/foo"
../install-sh -c -d '/private/tmp/homebrew-automake-HEAD-mfsB/tests/instspc.dir/@S|@/@S|@-prefix/foo/sub'
 /usr/bin/install -c -m 644  ../sub/nobase.dat '/private/tmp/homebrew-automake-HEAD-mfsB/tests/instspc.dir/@S|@/@S|@-prefix/foo/sub'
test -z "/@S|@-prefix/foo" || ../install-sh -c -d "/private/tmp/homebrew-automake-HEAD-mfsB/tests/instspc.dir/@S|@/@S|@-prefix/foo"
../install-sh -c -d '/private/tmp/homebrew-automake-HEAD-mfsB/tests/instspc.dir/@S|@/@S|@-prefix/foo/sub'
 /usr/bin/install -c -m 644  ../sub/nobase.h '/private/tmp/homebrew-automake-HEAD-mfsB/tests/instspc.dir/@S|@/@S|@-prefix/foo/sub'
test   -f '/private/tmp/homebrew-automake-HEAD-mfsB/tests/instspc.dir/@S|@/./@S|@-prefix/foo/sub/nobase.h'
test ! -f '/private/tmp/homebrew-automake-HEAD-mfsB/tests/instspc.dir/@S|@/./@S|@-prefix/foo/nobase.h'
test   -f '/private/tmp/homebrew-automake-HEAD-mfsB/tests/instspc.dir/@S|@/./@S|@-prefix/foo/base.h'
test   -f '/private/tmp/homebrew-automake-HEAD-mfsB/tests/instspc.dir/@S|@/./@S|@-prefix/foo/sub/nobase.dat'
test ! -f '/private/tmp/homebrew-automake-HEAD-mfsB/tests/instspc.dir/@S|@/./@S|@-prefix/foo/nobase.dat'
test   -f '/private/tmp/homebrew-automake-HEAD-mfsB/tests/instspc.dir/@S|@/./@S|@-prefix/foo/base.dat'
test   -f '/private/tmp/homebrew-automake-HEAD-mfsB/tests/instspc.dir/@S|@/./@S|@-prefix/foo/sub/nobase.sh'
test ! -f '/private/tmp/homebrew-automake-HEAD-mfsB/tests/instspc.dir/@S|@/./@S|@-prefix/foo/nobase.sh'
test   -f '/private/tmp/homebrew-automake-HEAD-mfsB/tests/instspc.dir/@S|@/./@S|@-prefix/foo/base.sh'
test   -f '/private/tmp/homebrew-automake-HEAD-mfsB/tests/instspc.dir/@S|@/./@S|@-prefix/foo/sub/nobase'
test ! -f '/private/tmp/homebrew-automake-HEAD-mfsB/tests/instspc.dir/@S|@/./@S|@-prefix/foo/nobase'
test   -f '/private/tmp/homebrew-automake-HEAD-mfsB/tests/instspc.dir/@S|@/./@S|@-prefix/foo/base'
test   -f '/private/tmp/homebrew-automake-HEAD-mfsB/tests/instspc.dir/@S|@/./@S|@-prefix/foo/sub/libnobase.a'
test ! -f '/private/tmp/homebrew-automake-HEAD-mfsB/tests/instspc.dir/@S|@/./@S|@-prefix/foo/libnobase.a'
test   -f '/private/tmp/homebrew-automake-HEAD-mfsB/tests/instspc.dir/@S|@/./@S|@-prefix/foo/libbase.a'
+ description='quadrigraph3 in destdir'
+ expected_to_fail dest quadrigraph3
+ case $1 in
+ is_in_list quadrigraph3 squote dquote bquote sharp dollar linefeed a_lf_b
+ item=quadrigraph3
+ shift
+ case " $* " in
+ return 1
+ directive=
+ reason=
+ result_ ok -D '' -r '' -- 'quadrigraph3 in destdir'
+ set +x
ok 78 - quadrigraph3 in destdir
PASS: instspc.tap 78 - quadrigraph3 in destdir
+ cd /private/tmp/homebrew-automake-HEAD-mfsB/tests/instspc.dir
+ not am_keeping_testdirs
+ am_keeping_testdirs
+ case $keep_testdirs in
+ return 1
+ return 0
+ test ok = ok
+ rm_rf_ build-quadrigraph3 '/private/tmp/homebrew-automake-HEAD-mfsB/tests/instspc.dir/@S|@'
+ test 2 -gt 0
+ find build-quadrigraph3 '/private/tmp/homebrew-automake-HEAD-mfsB/tests/instspc.dir/@S|@' -type d '!' -perm -700 -exec chmod u+rwx '{}' ';'
+ rm -rf build-quadrigraph3 '/private/tmp/homebrew-automake-HEAD-mfsB/tests/instspc.dir/@S|@'
+ for test_name in '$test_names_list'
+ eval 'test_string=${instspc__quadrigraph4}'
++ test_string=@%:@
+ test x@%:@ = x
+ mkdir ./@%:@
+ case $test_string in
+ cd ./@%:@
+ for where in build dest
+ case $where in
+ build=./@%:@
+ dest=/private/tmp/homebrew-automake-HEAD-mfsB/tests/instspc.dir/dest-quadrigraph4
+ cd ./@%:@
+ r=ok
+ ../configure --prefix /@%:@-prefix
checking for a BSD-compatible install... /usr/bin/install -c
checking whether build environment is sane... yes
checking for a thread-safe mkdir -p... ../install-sh -c -d
checking for gawk... gawk
checking whether make sets $(MAKE)... yes
checking for gcc... /usr/bin/llvm-gcc
checking whether the C compiler works... yes
checking for C compiler default output file name... a.out
checking for suffix of executables... 
checking whether we are cross compiling... no
checking for suffix of object files... o
checking whether we are using the GNU C compiler... yes
checking whether /usr/bin/llvm-gcc accepts -g... yes
checking for /usr/bin/llvm-gcc option to accept ISO C89... none needed
checking for style of include used by make... GNU
checking dependency style of /usr/bin/llvm-gcc... gcc3
checking for ar... ar
checking the archiver (ar) interface... ar
checking for ranlib... ranlib
checking that generated files are newer than configure... done
configure: creating ./config.status
config.status: creating Makefile
config.status: executing depfiles commands
+ make all
/usr/bin/llvm-gcc -DPACKAGE_NAME=\"instspc\" -DPACKAGE_TARNAME=\"instspc\" -DPACKAGE_VERSION=\"1.0\" -DPACKAGE_STRING=\"instspc\ 1.0\" -DPACKAGE_BUGREPORT=\"\" -DPACKAGE_URL=\"\" -DPACKAGE=\"instspc\" -DVERSION=\"1.0\" -I. -I..   -I/usr/local/Cellar/libffi/3.0.10/include -I/usr/local/Cellar/gettext/0.18.1.1/include  -Os -w -pipe   -march=core2 -msse4 -MT source.o -MD -MP -MF .deps/source.Tpo -c -o source.o ../source.c
mv -f .deps/source.Tpo .deps/source.Po
rm -f sub/libbase.a
ar cru sub/libbase.a source.o 
ranlib sub/libbase.a
rm -f sub/libnobase.a
ar cru sub/libnobase.a source.o 
ranlib sub/libnobase.a
/usr/bin/llvm-gcc  -Os -w -pipe   -march=core2 -msse4  -L/usr/local/Cellar/libffi/3.0.10/lib -L/usr/local/Cellar/gettext/0.18.1.1/lib -o sub/base source.o  
/usr/bin/llvm-gcc  -Os -w -pipe   -march=core2 -msse4  -L/usr/local/Cellar/libffi/3.0.10/lib -L/usr/local/Cellar/gettext/0.18.1.1/lib -o sub/nobase source.o  
+ DESTDIR=/private/tmp/homebrew-automake-HEAD-mfsB/tests/instspc.dir/dest-quadrigraph4
+ file=./@%:@
+ make -e test-inst
test -z "/@%:@-prefix/foo" || ../install-sh -c -d "/private/tmp/homebrew-automake-HEAD-mfsB/tests/instspc.dir/dest-quadrigraph4/@%:@-prefix/foo"
 /usr/bin/install -c ../sub/base.sh '/private/tmp/homebrew-automake-HEAD-mfsB/tests/instspc.dir/dest-quadrigraph4/@%:@-prefix/foo'
test -z "/@%:@-prefix/foo" || ../install-sh -c -d "/private/tmp/homebrew-automake-HEAD-mfsB/tests/instspc.dir/dest-quadrigraph4/@%:@-prefix/foo"
 /usr/bin/install -c -m 644  sub/libbase.a '/private/tmp/homebrew-automake-HEAD-mfsB/tests/instspc.dir/dest-quadrigraph4/@%:@-prefix/foo'
 ( cd '/private/tmp/homebrew-automake-HEAD-mfsB/tests/instspc.dir/dest-quadrigraph4/@%:@-prefix/foo' && ranlib libbase.a )
test -z "/@%:@-prefix/foo" || ../install-sh -c -d "/private/tmp/homebrew-automake-HEAD-mfsB/tests/instspc.dir/dest-quadrigraph4/@%:@-prefix/foo"
  /usr/bin/install -c sub/base '/private/tmp/homebrew-automake-HEAD-mfsB/tests/instspc.dir/dest-quadrigraph4/@%:@-prefix/foo'
test -z "/@%:@-prefix/foo" || ../install-sh -c -d "/private/tmp/homebrew-automake-HEAD-mfsB/tests/instspc.dir/dest-quadrigraph4/@%:@-prefix/foo"
 ../install-sh -c -d '/private/tmp/homebrew-automake-HEAD-mfsB/tests/instspc.dir/dest-quadrigraph4/@%:@-prefix/foo/sub/'
 /usr/bin/install -c ../sub/nobase.sh '/private/tmp/homebrew-automake-HEAD-mfsB/tests/instspc.dir/dest-quadrigraph4/@%:@-prefix/foo/sub/'
test -z "/@%:@-prefix/foo" || ../install-sh -c -d "/private/tmp/homebrew-automake-HEAD-mfsB/tests/instspc.dir/dest-quadrigraph4/@%:@-prefix/foo"
../install-sh -c -d '/private/tmp/homebrew-automake-HEAD-mfsB/tests/instspc.dir/dest-quadrigraph4/@%:@-prefix/foo/sub'
 /usr/bin/install -c -m 644  sub/libnobase.a '/private/tmp/homebrew-automake-HEAD-mfsB/tests/instspc.dir/dest-quadrigraph4/@%:@-prefix/foo/sub'
 ( cd '/private/tmp/homebrew-automake-HEAD-mfsB/tests/instspc.dir/dest-quadrigraph4/@%:@-prefix/foo' && ranlib sub/libnobase.a )
test -z "/@%:@-prefix/foo" || ../install-sh -c -d "/private/tmp/homebrew-automake-HEAD-mfsB/tests/instspc.dir/dest-quadrigraph4/@%:@-prefix/foo"
 ../install-sh -c -d '/private/tmp/homebrew-automake-HEAD-mfsB/tests/instspc.dir/dest-quadrigraph4/@%:@-prefix/foo/sub/'
  /usr/bin/install -c sub/nobase '/private/tmp/homebrew-automake-HEAD-mfsB/tests/instspc.dir/dest-quadrigraph4/@%:@-prefix/foo/sub/'
test -z "/@%:@-prefix/foo" || ../install-sh -c -d "/private/tmp/homebrew-automake-HEAD-mfsB/tests/instspc.dir/dest-quadrigraph4/@%:@-prefix/foo"
 /usr/bin/install -c -m 644 ../sub/base.dat '/private/tmp/homebrew-automake-HEAD-mfsB/tests/instspc.dir/dest-quadrigraph4/@%:@-prefix/foo'
test -z "/@%:@-prefix/foo" || ../install-sh -c -d "/private/tmp/homebrew-automake-HEAD-mfsB/tests/instspc.dir/dest-quadrigraph4/@%:@-prefix/foo"
 /usr/bin/install -c -m 644 ../sub/base.h '/private/tmp/homebrew-automake-HEAD-mfsB/tests/instspc.dir/dest-quadrigraph4/@%:@-prefix/foo'
test -z "/@%:@-prefix/foo" || ../install-sh -c -d "/private/tmp/homebrew-automake-HEAD-mfsB/tests/instspc.dir/dest-quadrigraph4/@%:@-prefix/foo"
../install-sh -c -d '/private/tmp/homebrew-automake-HEAD-mfsB/tests/instspc.dir/dest-quadrigraph4/@%:@-prefix/foo/sub'
 /usr/bin/install -c -m 644  ../sub/nobase.dat '/private/tmp/homebrew-automake-HEAD-mfsB/tests/instspc.dir/dest-quadrigraph4/@%:@-prefix/foo/sub'
test -z "/@%:@-prefix/foo" || ../install-sh -c -d "/private/tmp/homebrew-automake-HEAD-mfsB/tests/instspc.dir/dest-quadrigraph4/@%:@-prefix/foo"
../install-sh -c -d '/private/tmp/homebrew-automake-HEAD-mfsB/tests/instspc.dir/dest-quadrigraph4/@%:@-prefix/foo/sub'
 /usr/bin/install -c -m 644  ../sub/nobase.h '/private/tmp/homebrew-automake-HEAD-mfsB/tests/instspc.dir/dest-quadrigraph4/@%:@-prefix/foo/sub'
test   -f '/private/tmp/homebrew-automake-HEAD-mfsB/tests/instspc.dir/dest-quadrigraph4/./@%:@-prefix/foo/sub/nobase.h'
test ! -f '/private/tmp/homebrew-automake-HEAD-mfsB/tests/instspc.dir/dest-quadrigraph4/./@%:@-prefix/foo/nobase.h'
test   -f '/private/tmp/homebrew-automake-HEAD-mfsB/tests/instspc.dir/dest-quadrigraph4/./@%:@-prefix/foo/base.h'
test   -f '/private/tmp/homebrew-automake-HEAD-mfsB/tests/instspc.dir/dest-quadrigraph4/./@%:@-prefix/foo/sub/nobase.dat'
test ! -f '/private/tmp/homebrew-automake-HEAD-mfsB/tests/instspc.dir/dest-quadrigraph4/./@%:@-prefix/foo/nobase.dat'
test   -f '/private/tmp/homebrew-automake-HEAD-mfsB/tests/instspc.dir/dest-quadrigraph4/./@%:@-prefix/foo/base.dat'
test   -f '/private/tmp/homebrew-automake-HEAD-mfsB/tests/instspc.dir/dest-quadrigraph4/./@%:@-prefix/foo/sub/nobase.sh'
test ! -f '/private/tmp/homebrew-automake-HEAD-mfsB/tests/instspc.dir/dest-quadrigraph4/./@%:@-prefix/foo/nobase.sh'
test   -f '/private/tmp/homebrew-automake-HEAD-mfsB/tests/instspc.dir/dest-quadrigraph4/./@%:@-prefix/foo/base.sh'
test   -f '/private/tmp/homebrew-automake-HEAD-mfsB/tests/instspc.dir/dest-quadrigraph4/./@%:@-prefix/foo/sub/nobase'
test ! -f '/private/tmp/homebrew-automake-HEAD-mfsB/tests/instspc.dir/dest-quadrigraph4/./@%:@-prefix/foo/nobase'
test   -f '/private/tmp/homebrew-automake-HEAD-mfsB/tests/instspc.dir/dest-quadrigraph4/./@%:@-prefix/foo/base'
test   -f '/private/tmp/homebrew-automake-HEAD-mfsB/tests/instspc.dir/dest-quadrigraph4/./@%:@-prefix/foo/sub/libnobase.a'
test ! -f '/private/tmp/homebrew-automake-HEAD-mfsB/tests/instspc.dir/dest-quadrigraph4/./@%:@-prefix/foo/libnobase.a'
test   -f '/private/tmp/homebrew-automake-HEAD-mfsB/tests/instspc.dir/dest-quadrigraph4/./@%:@-prefix/foo/libbase.a'
+ description='quadrigraph4 in builddir'
+ expected_to_fail build quadrigraph4
+ case $1 in
+ is_in_list quadrigraph4 squote dquote bquote sharp dollar bslash ampersand linefeed quadrigraph0 a_lf_b
+ item=quadrigraph4
+ shift
+ case " $* " in
+ return 1
+ directive=
+ reason=
+ result_ ok -D '' -r '' -- 'quadrigraph4 in builddir'
+ set +x
ok 79 - quadrigraph4 in builddir
PASS: instspc.tap 79 - quadrigraph4 in builddir
+ cd /private/tmp/homebrew-automake-HEAD-mfsB/tests/instspc.dir
+ not am_keeping_testdirs
+ am_keeping_testdirs
+ case $keep_testdirs in
+ return 1
+ return 0
+ test ok = ok
+ rm_rf_ ./@%:@ /private/tmp/homebrew-automake-HEAD-mfsB/tests/instspc.dir/dest-quadrigraph4
+ test 2 -gt 0
+ find ./@%:@ /private/tmp/homebrew-automake-HEAD-mfsB/tests/instspc.dir/dest-quadrigraph4 -type d '!' -perm -700 -exec chmod u+rwx '{}' ';'
+ rm -rf ./@%:@ /private/tmp/homebrew-automake-HEAD-mfsB/tests/instspc.dir/dest-quadrigraph4
+ for where in build dest
+ case $where in
+ build=build-quadrigraph4
+ dest=/private/tmp/homebrew-automake-HEAD-mfsB/tests/instspc.dir/@%:@
+ mkdir build-quadrigraph4
+ cd build-quadrigraph4
+ r=ok
+ ../configure --prefix /@%:@-prefix
checking for a BSD-compatible install... /usr/bin/install -c
checking whether build environment is sane... yes
checking for a thread-safe mkdir -p... ../install-sh -c -d
checking for gawk... gawk
checking whether make sets $(MAKE)... yes
checking for gcc... /usr/bin/llvm-gcc
checking whether the C compiler works... yes
checking for C compiler default output file name... a.out
checking for suffix of executables... 
checking whether we are cross compiling... no
checking for suffix of object files... o
checking whether we are using the GNU C compiler... yes
checking whether /usr/bin/llvm-gcc accepts -g... yes
checking for /usr/bin/llvm-gcc option to accept ISO C89... none needed
checking for style of include used by make... GNU
checking dependency style of /usr/bin/llvm-gcc... gcc3
checking for ar... ar
checking the archiver (ar) interface... ar
checking for ranlib... ranlib
checking that generated files are newer than configure... done
configure: creating ./config.status
config.status: creating Makefile
config.status: executing depfiles commands
+ make all
/usr/bin/llvm-gcc -DPACKAGE_NAME=\"instspc\" -DPACKAGE_TARNAME=\"instspc\" -DPACKAGE_VERSION=\"1.0\" -DPACKAGE_STRING=\"instspc\ 1.0\" -DPACKAGE_BUGREPORT=\"\" -DPACKAGE_URL=\"\" -DPACKAGE=\"instspc\" -DVERSION=\"1.0\" -I. -I..   -I/usr/local/Cellar/libffi/3.0.10/include -I/usr/local/Cellar/gettext/0.18.1.1/include  -Os -w -pipe   -march=core2 -msse4 -MT source.o -MD -MP -MF .deps/source.Tpo -c -o source.o ../source.c
mv -f .deps/source.Tpo .deps/source.Po
rm -f sub/libbase.a
ar cru sub/libbase.a source.o 
ranlib sub/libbase.a
rm -f sub/libnobase.a
ar cru sub/libnobase.a source.o 
ranlib sub/libnobase.a
/usr/bin/llvm-gcc  -Os -w -pipe   -march=core2 -msse4  -L/usr/local/Cellar/libffi/3.0.10/lib -L/usr/local/Cellar/gettext/0.18.1.1/lib -o sub/base source.o  
/usr/bin/llvm-gcc  -Os -w -pipe   -march=core2 -msse4  -L/usr/local/Cellar/libffi/3.0.10/lib -L/usr/local/Cellar/gettext/0.18.1.1/lib -o sub/nobase source.o  
+ DESTDIR=/private/tmp/homebrew-automake-HEAD-mfsB/tests/instspc.dir/@%:@
+ file=./@%:@
+ make -e test-inst
test -z "/@%:@-prefix/foo" || ../install-sh -c -d "/private/tmp/homebrew-automake-HEAD-mfsB/tests/instspc.dir/@%:@/@%:@-prefix/foo"
 /usr/bin/install -c ../sub/base.sh '/private/tmp/homebrew-automake-HEAD-mfsB/tests/instspc.dir/@%:@/@%:@-prefix/foo'
test -z "/@%:@-prefix/foo" || ../install-sh -c -d "/private/tmp/homebrew-automake-HEAD-mfsB/tests/instspc.dir/@%:@/@%:@-prefix/foo"
 /usr/bin/install -c -m 644  sub/libbase.a '/private/tmp/homebrew-automake-HEAD-mfsB/tests/instspc.dir/@%:@/@%:@-prefix/foo'
 ( cd '/private/tmp/homebrew-automake-HEAD-mfsB/tests/instspc.dir/@%:@/@%:@-prefix/foo' && ranlib libbase.a )
test -z "/@%:@-prefix/foo" || ../install-sh -c -d "/private/tmp/homebrew-automake-HEAD-mfsB/tests/instspc.dir/@%:@/@%:@-prefix/foo"
  /usr/bin/install -c sub/base '/private/tmp/homebrew-automake-HEAD-mfsB/tests/instspc.dir/@%:@/@%:@-prefix/foo'
test -z "/@%:@-prefix/foo" || ../install-sh -c -d "/private/tmp/homebrew-automake-HEAD-mfsB/tests/instspc.dir/@%:@/@%:@-prefix/foo"
 ../install-sh -c -d '/private/tmp/homebrew-automake-HEAD-mfsB/tests/instspc.dir/@%:@/@%:@-prefix/foo/sub/'
 /usr/bin/install -c ../sub/nobase.sh '/private/tmp/homebrew-automake-HEAD-mfsB/tests/instspc.dir/@%:@/@%:@-prefix/foo/sub/'
test -z "/@%:@-prefix/foo" || ../install-sh -c -d "/private/tmp/homebrew-automake-HEAD-mfsB/tests/instspc.dir/@%:@/@%:@-prefix/foo"
../install-sh -c -d '/private/tmp/homebrew-automake-HEAD-mfsB/tests/instspc.dir/@%:@/@%:@-prefix/foo/sub'
 /usr/bin/install -c -m 644  sub/libnobase.a '/private/tmp/homebrew-automake-HEAD-mfsB/tests/instspc.dir/@%:@/@%:@-prefix/foo/sub'
 ( cd '/private/tmp/homebrew-automake-HEAD-mfsB/tests/instspc.dir/@%:@/@%:@-prefix/foo' && ranlib sub/libnobase.a )
test -z "/@%:@-prefix/foo" || ../install-sh -c -d "/private/tmp/homebrew-automake-HEAD-mfsB/tests/instspc.dir/@%:@/@%:@-prefix/foo"
 ../install-sh -c -d '/private/tmp/homebrew-automake-HEAD-mfsB/tests/instspc.dir/@%:@/@%:@-prefix/foo/sub/'
  /usr/bin/install -c sub/nobase '/private/tmp/homebrew-automake-HEAD-mfsB/tests/instspc.dir/@%:@/@%:@-prefix/foo/sub/'
test -z "/@%:@-prefix/foo" || ../install-sh -c -d "/private/tmp/homebrew-automake-HEAD-mfsB/tests/instspc.dir/@%:@/@%:@-prefix/foo"
 /usr/bin/install -c -m 644 ../sub/base.dat '/private/tmp/homebrew-automake-HEAD-mfsB/tests/instspc.dir/@%:@/@%:@-prefix/foo'
test -z "/@%:@-prefix/foo" || ../install-sh -c -d "/private/tmp/homebrew-automake-HEAD-mfsB/tests/instspc.dir/@%:@/@%:@-prefix/foo"
 /usr/bin/install -c -m 644 ../sub/base.h '/private/tmp/homebrew-automake-HEAD-mfsB/tests/instspc.dir/@%:@/@%:@-prefix/foo'
test -z "/@%:@-prefix/foo" || ../install-sh -c -d "/private/tmp/homebrew-automake-HEAD-mfsB/tests/instspc.dir/@%:@/@%:@-prefix/foo"
../install-sh -c -d '/private/tmp/homebrew-automake-HEAD-mfsB/tests/instspc.dir/@%:@/@%:@-prefix/foo/sub'
 /usr/bin/install -c -m 644  ../sub/nobase.dat '/private/tmp/homebrew-automake-HEAD-mfsB/tests/instspc.dir/@%:@/@%:@-prefix/foo/sub'
test -z "/@%:@-prefix/foo" || ../install-sh -c -d "/private/tmp/homebrew-automake-HEAD-mfsB/tests/instspc.dir/@%:@/@%:@-prefix/foo"
../install-sh -c -d '/private/tmp/homebrew-automake-HEAD-mfsB/tests/instspc.dir/@%:@/@%:@-prefix/foo/sub'
 /usr/bin/install -c -m 644  ../sub/nobase.h '/private/tmp/homebrew-automake-HEAD-mfsB/tests/instspc.dir/@%:@/@%:@-prefix/foo/sub'
test   -f '/private/tmp/homebrew-automake-HEAD-mfsB/tests/instspc.dir/@%:@/./@%:@-prefix/foo/sub/nobase.h'
test ! -f '/private/tmp/homebrew-automake-HEAD-mfsB/tests/instspc.dir/@%:@/./@%:@-prefix/foo/nobase.h'
test   -f '/private/tmp/homebrew-automake-HEAD-mfsB/tests/instspc.dir/@%:@/./@%:@-prefix/foo/base.h'
test   -f '/private/tmp/homebrew-automake-HEAD-mfsB/tests/instspc.dir/@%:@/./@%:@-prefix/foo/sub/nobase.dat'
test ! -f '/private/tmp/homebrew-automake-HEAD-mfsB/tests/instspc.dir/@%:@/./@%:@-prefix/foo/nobase.dat'
test   -f '/private/tmp/homebrew-automake-HEAD-mfsB/tests/instspc.dir/@%:@/./@%:@-prefix/foo/base.dat'
test   -f '/private/tmp/homebrew-automake-HEAD-mfsB/tests/instspc.dir/@%:@/./@%:@-prefix/foo/sub/nobase.sh'
test ! -f '/private/tmp/homebrew-automake-HEAD-mfsB/tests/instspc.dir/@%:@/./@%:@-prefix/foo/nobase.sh'
test   -f '/private/tmp/homebrew-automake-HEAD-mfsB/tests/instspc.dir/@%:@/./@%:@-prefix/foo/base.sh'
test   -f '/private/tmp/homebrew-automake-HEAD-mfsB/tests/instspc.dir/@%:@/./@%:@-prefix/foo/sub/nobase'
test ! -f '/private/tmp/homebrew-automake-HEAD-mfsB/tests/instspc.dir/@%:@/./@%:@-prefix/foo/nobase'
test   -f '/private/tmp/homebrew-automake-HEAD-mfsB/tests/instspc.dir/@%:@/./@%:@-prefix/foo/base'
test   -f '/private/tmp/homebrew-automake-HEAD-mfsB/tests/instspc.dir/@%:@/./@%:@-prefix/foo/sub/libnobase.a'
test ! -f '/private/tmp/homebrew-automake-HEAD-mfsB/tests/instspc.dir/@%:@/./@%:@-prefix/foo/libnobase.a'
test   -f '/private/tmp/homebrew-automake-HEAD-mfsB/tests/instspc.dir/@%:@/./@%:@-prefix/foo/libbase.a'
+ description='quadrigraph4 in destdir'
+ expected_to_fail dest quadrigraph4
+ case $1 in
+ is_in_list quadrigraph4 squote dquote bquote sharp dollar linefeed a_lf_b
+ item=quadrigraph4
+ shift
+ case " $* " in
+ return 1
+ directive=
+ reason=
+ result_ ok -D '' -r '' -- 'quadrigraph4 in destdir'
+ set +x
ok 80 - quadrigraph4 in destdir
PASS: instspc.tap 80 - quadrigraph4 in destdir
+ cd /private/tmp/homebrew-automake-HEAD-mfsB/tests/instspc.dir
+ not am_keeping_testdirs
+ am_keeping_testdirs
+ case $keep_testdirs in
+ return 1
+ return 0
+ test ok = ok
+ rm_rf_ build-quadrigraph4 /private/tmp/homebrew-automake-HEAD-mfsB/tests/instspc.dir/@%:@
+ test 2 -gt 0
+ find build-quadrigraph4 /private/tmp/homebrew-automake-HEAD-mfsB/tests/instspc.dir/@%:@ -type d '!' -perm -700 -exec chmod u+rwx '{}' ';'
+ rm -rf build-quadrigraph4 /private/tmp/homebrew-automake-HEAD-mfsB/tests/instspc.dir/@%:@
+ for test_name in '$test_names_list'
+ eval 'test_string=${instspc__a_b}'
++ test_string='a b'
+ test 'xa b' = x
+ mkdir './a b'
+ case $test_string in
+ for where in build dest
+ case $where in
+ build='./a b'
+ dest=/private/tmp/homebrew-automake-HEAD-mfsB/tests/instspc.dir/dest-a_b
+ cd './a b'
+ r=ok
+ ../configure --prefix '/a b-prefix'
checking for a BSD-compatible install... /usr/bin/install -c
checking whether build environment is sane... yes
checking for a thread-safe mkdir -p... ../install-sh -c -d
checking for gawk... gawk
checking whether make sets $(MAKE)... yes
checking for gcc... /usr/bin/llvm-gcc
checking whether the C compiler works... yes
checking for C compiler default output file name... a.out
checking for suffix of executables... 
checking whether we are cross compiling... no
checking for suffix of object files... o
checking whether we are using the GNU C compiler... yes
checking whether /usr/bin/llvm-gcc accepts -g... yes
checking for /usr/bin/llvm-gcc option to accept ISO C89... none needed
checking for style of include used by make... GNU
checking dependency style of /usr/bin/llvm-gcc... gcc3
checking for ar... ar
checking the archiver (ar) interface... ar
checking for ranlib... ranlib
checking that generated files are newer than configure... done
configure: creating ./config.status
config.status: creating Makefile
config.status: executing depfiles commands
+ make all
/usr/bin/llvm-gcc -DPACKAGE_NAME=\"instspc\" -DPACKAGE_TARNAME=\"instspc\" -DPACKAGE_VERSION=\"1.0\" -DPACKAGE_STRING=\"instspc\ 1.0\" -DPACKAGE_BUGREPORT=\"\" -DPACKAGE_URL=\"\" -DPACKAGE=\"instspc\" -DVERSION=\"1.0\" -I. -I..   -I/usr/local/Cellar/libffi/3.0.10/include -I/usr/local/Cellar/gettext/0.18.1.1/include  -Os -w -pipe   -march=core2 -msse4 -MT source.o -MD -MP -MF .deps/source.Tpo -c -o source.o ../source.c
mv -f .deps/source.Tpo .deps/source.Po
rm -f sub/libbase.a
ar cru sub/libbase.a source.o 
ranlib sub/libbase.a
rm -f sub/libnobase.a
ar cru sub/libnobase.a source.o 
ranlib sub/libnobase.a
/usr/bin/llvm-gcc  -Os -w -pipe   -march=core2 -msse4  -L/usr/local/Cellar/libffi/3.0.10/lib -L/usr/local/Cellar/gettext/0.18.1.1/lib -o sub/base source.o  
/usr/bin/llvm-gcc  -Os -w -pipe   -march=core2 -msse4  -L/usr/local/Cellar/libffi/3.0.10/lib -L/usr/local/Cellar/gettext/0.18.1.1/lib -o sub/nobase source.o  
+ DESTDIR=/private/tmp/homebrew-automake-HEAD-mfsB/tests/instspc.dir/dest-a_b
+ file='./a b'
+ make -e test-inst
test -z "/a b-prefix/foo" || ../install-sh -c -d "/private/tmp/homebrew-automake-HEAD-mfsB/tests/instspc.dir/dest-a_b/a b-prefix/foo"
 /usr/bin/install -c ../sub/base.sh '/private/tmp/homebrew-automake-HEAD-mfsB/tests/instspc.dir/dest-a_b/a b-prefix/foo'
test -z "/a b-prefix/foo" || ../install-sh -c -d "/private/tmp/homebrew-automake-HEAD-mfsB/tests/instspc.dir/dest-a_b/a b-prefix/foo"
 /usr/bin/install -c -m 644  sub/libbase.a '/private/tmp/homebrew-automake-HEAD-mfsB/tests/instspc.dir/dest-a_b/a b-prefix/foo'
 ( cd '/private/tmp/homebrew-automake-HEAD-mfsB/tests/instspc.dir/dest-a_b/a b-prefix/foo' && ranlib libbase.a )
test -z "/a b-prefix/foo" || ../install-sh -c -d "/private/tmp/homebrew-automake-HEAD-mfsB/tests/instspc.dir/dest-a_b/a b-prefix/foo"
  /usr/bin/install -c sub/base '/private/tmp/homebrew-automake-HEAD-mfsB/tests/instspc.dir/dest-a_b/a b-prefix/foo'
test -z "/a b-prefix/foo" || ../install-sh -c -d "/private/tmp/homebrew-automake-HEAD-mfsB/tests/instspc.dir/dest-a_b/a b-prefix/foo"
 ../install-sh -c -d '/private/tmp/homebrew-automake-HEAD-mfsB/tests/instspc.dir/dest-a_b/a b-prefix/foo/sub/'
 /usr/bin/install -c ../sub/nobase.sh '/private/tmp/homebrew-automake-HEAD-mfsB/tests/instspc.dir/dest-a_b/a b-prefix/foo/sub/'
test -z "/a b-prefix/foo" || ../install-sh -c -d "/private/tmp/homebrew-automake-HEAD-mfsB/tests/instspc.dir/dest-a_b/a b-prefix/foo"
../install-sh -c -d '/private/tmp/homebrew-automake-HEAD-mfsB/tests/instspc.dir/dest-a_b/a b-prefix/foo/sub'
 /usr/bin/install -c -m 644  sub/libnobase.a '/private/tmp/homebrew-automake-HEAD-mfsB/tests/instspc.dir/dest-a_b/a b-prefix/foo/sub'
 ( cd '/private/tmp/homebrew-automake-HEAD-mfsB/tests/instspc.dir/dest-a_b/a b-prefix/foo' && ranlib sub/libnobase.a )
test -z "/a b-prefix/foo" || ../install-sh -c -d "/private/tmp/homebrew-automake-HEAD-mfsB/tests/instspc.dir/dest-a_b/a b-prefix/foo"
 ../install-sh -c -d '/private/tmp/homebrew-automake-HEAD-mfsB/tests/instspc.dir/dest-a_b/a b-prefix/foo/sub/'
  /usr/bin/install -c sub/nobase '/private/tmp/homebrew-automake-HEAD-mfsB/tests/instspc.dir/dest-a_b/a b-prefix/foo/sub/'
test -z "/a b-prefix/foo" || ../install-sh -c -d "/private/tmp/homebrew-automake-HEAD-mfsB/tests/instspc.dir/dest-a_b/a b-prefix/foo"
 /usr/bin/install -c -m 644 ../sub/base.dat '/private/tmp/homebrew-automake-HEAD-mfsB/tests/instspc.dir/dest-a_b/a b-prefix/foo'
test -z "/a b-prefix/foo" || ../install-sh -c -d "/private/tmp/homebrew-automake-HEAD-mfsB/tests/instspc.dir/dest-a_b/a b-prefix/foo"
 /usr/bin/install -c -m 644 ../sub/base.h '/private/tmp/homebrew-automake-HEAD-mfsB/tests/instspc.dir/dest-a_b/a b-prefix/foo'
test -z "/a b-prefix/foo" || ../install-sh -c -d "/private/tmp/homebrew-automake-HEAD-mfsB/tests/instspc.dir/dest-a_b/a b-prefix/foo"
../install-sh -c -d '/private/tmp/homebrew-automake-HEAD-mfsB/tests/instspc.dir/dest-a_b/a b-prefix/foo/sub'
 /usr/bin/install -c -m 644  ../sub/nobase.dat '/private/tmp/homebrew-automake-HEAD-mfsB/tests/instspc.dir/dest-a_b/a b-prefix/foo/sub'
test -z "/a b-prefix/foo" || ../install-sh -c -d "/private/tmp/homebrew-automake-HEAD-mfsB/tests/instspc.dir/dest-a_b/a b-prefix/foo"
../install-sh -c -d '/private/tmp/homebrew-automake-HEAD-mfsB/tests/instspc.dir/dest-a_b/a b-prefix/foo/sub'
 /usr/bin/install -c -m 644  ../sub/nobase.h '/private/tmp/homebrew-automake-HEAD-mfsB/tests/instspc.dir/dest-a_b/a b-prefix/foo/sub'
test   -f '/private/tmp/homebrew-automake-HEAD-mfsB/tests/instspc.dir/dest-a_b/./a b-prefix/foo/sub/nobase.h'
test ! -f '/private/tmp/homebrew-automake-HEAD-mfsB/tests/instspc.dir/dest-a_b/./a b-prefix/foo/nobase.h'
test   -f '/private/tmp/homebrew-automake-HEAD-mfsB/tests/instspc.dir/dest-a_b/./a b-prefix/foo/base.h'
test   -f '/private/tmp/homebrew-automake-HEAD-mfsB/tests/instspc.dir/dest-a_b/./a b-prefix/foo/sub/nobase.dat'
test ! -f '/private/tmp/homebrew-automake-HEAD-mfsB/tests/instspc.dir/dest-a_b/./a b-prefix/foo/nobase.dat'
test   -f '/private/tmp/homebrew-automake-HEAD-mfsB/tests/instspc.dir/dest-a_b/./a b-prefix/foo/base.dat'
test   -f '/private/tmp/homebrew-automake-HEAD-mfsB/tests/instspc.dir/dest-a_b/./a b-prefix/foo/sub/nobase.sh'
test ! -f '/private/tmp/homebrew-automake-HEAD-mfsB/tests/instspc.dir/dest-a_b/./a b-prefix/foo/nobase.sh'
test   -f '/private/tmp/homebrew-automake-HEAD-mfsB/tests/instspc.dir/dest-a_b/./a b-prefix/foo/base.sh'
test   -f '/private/tmp/homebrew-automake-HEAD-mfsB/tests/instspc.dir/dest-a_b/./a b-prefix/foo/sub/nobase'
test ! -f '/private/tmp/homebrew-automake-HEAD-mfsB/tests/instspc.dir/dest-a_b/./a b-prefix/foo/nobase'
test   -f '/private/tmp/homebrew-automake-HEAD-mfsB/tests/instspc.dir/dest-a_b/./a b-prefix/foo/base'
test   -f '/private/tmp/homebrew-automake-HEAD-mfsB/tests/instspc.dir/dest-a_b/./a b-prefix/foo/sub/libnobase.a'
test ! -f '/private/tmp/homebrew-automake-HEAD-mfsB/tests/instspc.dir/dest-a_b/./a b-prefix/foo/libnobase.a'
test   -f '/private/tmp/homebrew-automake-HEAD-mfsB/tests/instspc.dir/dest-a_b/./a b-prefix/foo/libbase.a'
+ description='a_b in builddir'
+ expected_to_fail build a_b
+ case $1 in
+ is_in_list a_b squote dquote bquote sharp dollar bslash ampersand linefeed quadrigraph0 a_lf_b
+ item=a_b
+ shift
+ case " $* " in
+ return 1
+ directive=
+ reason=
+ result_ ok -D '' -r '' -- 'a_b in builddir'
+ set +x
ok 81 - a_b in builddir
PASS: instspc.tap 81 - a_b in builddir
+ cd /private/tmp/homebrew-automake-HEAD-mfsB/tests/instspc.dir
+ not am_keeping_testdirs
+ am_keeping_testdirs
+ case $keep_testdirs in
+ return 1
+ return 0
+ test ok = ok
+ rm_rf_ './a b' /private/tmp/homebrew-automake-HEAD-mfsB/tests/instspc.dir/dest-a_b
+ test 2 -gt 0
+ find './a b' /private/tmp/homebrew-automake-HEAD-mfsB/tests/instspc.dir/dest-a_b -type d '!' -perm -700 -exec chmod u+rwx '{}' ';'
+ rm -rf './a b' /private/tmp/homebrew-automake-HEAD-mfsB/tests/instspc.dir/dest-a_b
+ for where in build dest
+ case $where in
+ build=build-a_b
+ dest='/private/tmp/homebrew-automake-HEAD-mfsB/tests/instspc.dir/a b'
+ mkdir build-a_b
+ cd build-a_b
+ r=ok
+ ../configure --prefix '/a b-prefix'
checking for a BSD-compatible install... /usr/bin/install -c
checking whether build environment is sane... yes
checking for a thread-safe mkdir -p... ../install-sh -c -d
checking for gawk... gawk
checking whether make sets $(MAKE)... yes
checking for gcc... /usr/bin/llvm-gcc
checking whether the C compiler works... yes
checking for C compiler default output file name... a.out
checking for suffix of executables... 
checking whether we are cross compiling... no
checking for suffix of object files... o
checking whether we are using the GNU C compiler... yes
checking whether /usr/bin/llvm-gcc accepts -g... yes
checking for /usr/bin/llvm-gcc option to accept ISO C89... none needed
checking for style of include used by make... GNU
checking dependency style of /usr/bin/llvm-gcc... gcc3
checking for ar... ar
checking the archiver (ar) interface... ar
checking for ranlib... ranlib
checking that generated files are newer than configure... done
configure: creating ./config.status
config.status: creating Makefile
config.status: executing depfiles commands
+ make all
/usr/bin/llvm-gcc -DPACKAGE_NAME=\"instspc\" -DPACKAGE_TARNAME=\"instspc\" -DPACKAGE_VERSION=\"1.0\" -DPACKAGE_STRING=\"instspc\ 1.0\" -DPACKAGE_BUGREPORT=\"\" -DPACKAGE_URL=\"\" -DPACKAGE=\"instspc\" -DVERSION=\"1.0\" -I. -I..   -I/usr/local/Cellar/libffi/3.0.10/include -I/usr/local/Cellar/gettext/0.18.1.1/include  -Os -w -pipe   -march=core2 -msse4 -MT source.o -MD -MP -MF .deps/source.Tpo -c -o source.o ../source.c
mv -f .deps/source.Tpo .deps/source.Po
rm -f sub/libbase.a
ar cru sub/libbase.a source.o 
ranlib sub/libbase.a
rm -f sub/libnobase.a
ar cru sub/libnobase.a source.o 
ranlib sub/libnobase.a
/usr/bin/llvm-gcc  -Os -w -pipe   -march=core2 -msse4  -L/usr/local/Cellar/libffi/3.0.10/lib -L/usr/local/Cellar/gettext/0.18.1.1/lib -o sub/base source.o  
/usr/bin/llvm-gcc  -Os -w -pipe   -march=core2 -msse4  -L/usr/local/Cellar/libffi/3.0.10/lib -L/usr/local/Cellar/gettext/0.18.1.1/lib -o sub/nobase source.o  
+ DESTDIR='/private/tmp/homebrew-automake-HEAD-mfsB/tests/instspc.dir/a b'
+ file='./a b'
+ make -e test-inst
test -z "/a b-prefix/foo" || ../install-sh -c -d "/private/tmp/homebrew-automake-HEAD-mfsB/tests/instspc.dir/a b/a b-prefix/foo"
 /usr/bin/install -c ../sub/base.sh '/private/tmp/homebrew-automake-HEAD-mfsB/tests/instspc.dir/a b/a b-prefix/foo'
test -z "/a b-prefix/foo" || ../install-sh -c -d "/private/tmp/homebrew-automake-HEAD-mfsB/tests/instspc.dir/a b/a b-prefix/foo"
 /usr/bin/install -c -m 644  sub/libbase.a '/private/tmp/homebrew-automake-HEAD-mfsB/tests/instspc.dir/a b/a b-prefix/foo'
 ( cd '/private/tmp/homebrew-automake-HEAD-mfsB/tests/instspc.dir/a b/a b-prefix/foo' && ranlib libbase.a )
test -z "/a b-prefix/foo" || ../install-sh -c -d "/private/tmp/homebrew-automake-HEAD-mfsB/tests/instspc.dir/a b/a b-prefix/foo"
  /usr/bin/install -c sub/base '/private/tmp/homebrew-automake-HEAD-mfsB/tests/instspc.dir/a b/a b-prefix/foo'
test -z "/a b-prefix/foo" || ../install-sh -c -d "/private/tmp/homebrew-automake-HEAD-mfsB/tests/instspc.dir/a b/a b-prefix/foo"
 ../install-sh -c -d '/private/tmp/homebrew-automake-HEAD-mfsB/tests/instspc.dir/a b/a b-prefix/foo/sub/'
 /usr/bin/install -c ../sub/nobase.sh '/private/tmp/homebrew-automake-HEAD-mfsB/tests/instspc.dir/a b/a b-prefix/foo/sub/'
test -z "/a b-prefix/foo" || ../install-sh -c -d "/private/tmp/homebrew-automake-HEAD-mfsB/tests/instspc.dir/a b/a b-prefix/foo"
../install-sh -c -d '/private/tmp/homebrew-automake-HEAD-mfsB/tests/instspc.dir/a b/a b-prefix/foo/sub'
 /usr/bin/install -c -m 644  sub/libnobase.a '/private/tmp/homebrew-automake-HEAD-mfsB/tests/instspc.dir/a b/a b-prefix/foo/sub'
 ( cd '/private/tmp/homebrew-automake-HEAD-mfsB/tests/instspc.dir/a b/a b-prefix/foo' && ranlib sub/libnobase.a )
test -z "/a b-prefix/foo" || ../install-sh -c -d "/private/tmp/homebrew-automake-HEAD-mfsB/tests/instspc.dir/a b/a b-prefix/foo"
 ../install-sh -c -d '/private/tmp/homebrew-automake-HEAD-mfsB/tests/instspc.dir/a b/a b-prefix/foo/sub/'
  /usr/bin/install -c sub/nobase '/private/tmp/homebrew-automake-HEAD-mfsB/tests/instspc.dir/a b/a b-prefix/foo/sub/'
test -z "/a b-prefix/foo" || ../install-sh -c -d "/private/tmp/homebrew-automake-HEAD-mfsB/tests/instspc.dir/a b/a b-prefix/foo"
 /usr/bin/install -c -m 644 ../sub/base.dat '/private/tmp/homebrew-automake-HEAD-mfsB/tests/instspc.dir/a b/a b-prefix/foo'
test -z "/a b-prefix/foo" || ../install-sh -c -d "/private/tmp/homebrew-automake-HEAD-mfsB/tests/instspc.dir/a b/a b-prefix/foo"
 /usr/bin/install -c -m 644 ../sub/base.h '/private/tmp/homebrew-automake-HEAD-mfsB/tests/instspc.dir/a b/a b-prefix/foo'
test -z "/a b-prefix/foo" || ../install-sh -c -d "/private/tmp/homebrew-automake-HEAD-mfsB/tests/instspc.dir/a b/a b-prefix/foo"
../install-sh -c -d '/private/tmp/homebrew-automake-HEAD-mfsB/tests/instspc.dir/a b/a b-prefix/foo/sub'
 /usr/bin/install -c -m 644  ../sub/nobase.dat '/private/tmp/homebrew-automake-HEAD-mfsB/tests/instspc.dir/a b/a b-prefix/foo/sub'
test -z "/a b-prefix/foo" || ../install-sh -c -d "/private/tmp/homebrew-automake-HEAD-mfsB/tests/instspc.dir/a b/a b-prefix/foo"
../install-sh -c -d '/private/tmp/homebrew-automake-HEAD-mfsB/tests/instspc.dir/a b/a b-prefix/foo/sub'
 /usr/bin/install -c -m 644  ../sub/nobase.h '/private/tmp/homebrew-automake-HEAD-mfsB/tests/instspc.dir/a b/a b-prefix/foo/sub'
test   -f '/private/tmp/homebrew-automake-HEAD-mfsB/tests/instspc.dir/a b/./a b-prefix/foo/sub/nobase.h'
test ! -f '/private/tmp/homebrew-automake-HEAD-mfsB/tests/instspc.dir/a b/./a b-prefix/foo/nobase.h'
test   -f '/private/tmp/homebrew-automake-HEAD-mfsB/tests/instspc.dir/a b/./a b-prefix/foo/base.h'
test   -f '/private/tmp/homebrew-automake-HEAD-mfsB/tests/instspc.dir/a b/./a b-prefix/foo/sub/nobase.dat'
test ! -f '/private/tmp/homebrew-automake-HEAD-mfsB/tests/instspc.dir/a b/./a b-prefix/foo/nobase.dat'
test   -f '/private/tmp/homebrew-automake-HEAD-mfsB/tests/instspc.dir/a b/./a b-prefix/foo/base.dat'
test   -f '/private/tmp/homebrew-automake-HEAD-mfsB/tests/instspc.dir/a b/./a b-prefix/foo/sub/nobase.sh'
test ! -f '/private/tmp/homebrew-automake-HEAD-mfsB/tests/instspc.dir/a b/./a b-prefix/foo/nobase.sh'
test   -f '/private/tmp/homebrew-automake-HEAD-mfsB/tests/instspc.dir/a b/./a b-prefix/foo/base.sh'
test   -f '/private/tmp/homebrew-automake-HEAD-mfsB/tests/instspc.dir/a b/./a b-prefix/foo/sub/nobase'
test ! -f '/private/tmp/homebrew-automake-HEAD-mfsB/tests/instspc.dir/a b/./a b-prefix/foo/nobase'
test   -f '/private/tmp/homebrew-automake-HEAD-mfsB/tests/instspc.dir/a b/./a b-prefix/foo/base'
test   -f '/private/tmp/homebrew-automake-HEAD-mfsB/tests/instspc.dir/a b/./a b-prefix/foo/sub/libnobase.a'
test ! -f '/private/tmp/homebrew-automake-HEAD-mfsB/tests/instspc.dir/a b/./a b-prefix/foo/libnobase.a'
test   -f '/private/tmp/homebrew-automake-HEAD-mfsB/tests/instspc.dir/a b/./a b-prefix/foo/libbase.a'
+ description='a_b in destdir'
+ expected_to_fail dest a_b
+ case $1 in
+ is_in_list a_b squote dquote bquote sharp dollar linefeed a_lf_b
+ item=a_b
+ shift
+ case " $* " in
+ return 1
+ directive=
+ reason=
+ result_ ok -D '' -r '' -- 'a_b in destdir'
+ set +x
ok 82 - a_b in destdir
PASS: instspc.tap 82 - a_b in destdir
+ cd /private/tmp/homebrew-automake-HEAD-mfsB/tests/instspc.dir
+ not am_keeping_testdirs
+ am_keeping_testdirs
+ case $keep_testdirs in
+ return 1
+ return 0
+ test ok = ok
+ rm_rf_ build-a_b '/private/tmp/homebrew-automake-HEAD-mfsB/tests/instspc.dir/a b'
+ test 2 -gt 0
+ find build-a_b '/private/tmp/homebrew-automake-HEAD-mfsB/tests/instspc.dir/a b' -type d '!' -perm -700 -exec chmod u+rwx '{}' ';'
+ rm -rf build-a_b '/private/tmp/homebrew-automake-HEAD-mfsB/tests/instspc.dir/a b'
+ for test_name in '$test_names_list'
+ eval 'test_string=${instspc__a__b}'
++ test_string='a  b'
+ test 'xa  b' = x
+ mkdir './a  b'
+ case $test_string in
+ for where in build dest
+ case $where in
+ build='./a  b'
+ dest=/private/tmp/homebrew-automake-HEAD-mfsB/tests/instspc.dir/dest-a__b
+ cd './a  b'
+ r=ok
+ ../configure --prefix '/a  b-prefix'
checking for a BSD-compatible install... /usr/bin/install -c
checking whether build environment is sane... yes
checking for a thread-safe mkdir -p... ../install-sh -c -d
checking for gawk... gawk
checking whether make sets $(MAKE)... yes
checking for gcc... /usr/bin/llvm-gcc
checking whether the C compiler works... yes
checking for C compiler default output file name... a.out
checking for suffix of executables... 
checking whether we are cross compiling... no
checking for suffix of object files... o
checking whether we are using the GNU C compiler... yes
checking whether /usr/bin/llvm-gcc accepts -g... yes
checking for /usr/bin/llvm-gcc option to accept ISO C89... none needed
checking for style of include used by make... GNU
checking dependency style of /usr/bin/llvm-gcc... gcc3
checking for ar... ar
checking the archiver (ar) interface... ar
checking for ranlib... ranlib
checking that generated files are newer than configure... done
configure: creating ./config.status
config.status: creating Makefile
config.status: executing depfiles commands
+ make all
/usr/bin/llvm-gcc -DPACKAGE_NAME=\"instspc\" -DPACKAGE_TARNAME=\"instspc\" -DPACKAGE_VERSION=\"1.0\" -DPACKAGE_STRING=\"instspc\ 1.0\" -DPACKAGE_BUGREPORT=\"\" -DPACKAGE_URL=\"\" -DPACKAGE=\"instspc\" -DVERSION=\"1.0\" -I. -I..   -I/usr/local/Cellar/libffi/3.0.10/include -I/usr/local/Cellar/gettext/0.18.1.1/include  -Os -w -pipe   -march=core2 -msse4 -MT source.o -MD -MP -MF .deps/source.Tpo -c -o source.o ../source.c
mv -f .deps/source.Tpo .deps/source.Po
rm -f sub/libbase.a
ar cru sub/libbase.a source.o 
ranlib sub/libbase.a
rm -f sub/libnobase.a
ar cru sub/libnobase.a source.o 
ranlib sub/libnobase.a
/usr/bin/llvm-gcc  -Os -w -pipe   -march=core2 -msse4  -L/usr/local/Cellar/libffi/3.0.10/lib -L/usr/local/Cellar/gettext/0.18.1.1/lib -o sub/base source.o  
/usr/bin/llvm-gcc  -Os -w -pipe   -march=core2 -msse4  -L/usr/local/Cellar/libffi/3.0.10/lib -L/usr/local/Cellar/gettext/0.18.1.1/lib -o sub/nobase source.o  
+ DESTDIR=/private/tmp/homebrew-automake-HEAD-mfsB/tests/instspc.dir/dest-a__b
+ file='./a  b'
+ make -e test-inst
test -z "/a  b-prefix/foo" || ../install-sh -c -d "/private/tmp/homebrew-automake-HEAD-mfsB/tests/instspc.dir/dest-a__b/a  b-prefix/foo"
 /usr/bin/install -c ../sub/base.sh '/private/tmp/homebrew-automake-HEAD-mfsB/tests/instspc.dir/dest-a__b/a  b-prefix/foo'
test -z "/a  b-prefix/foo" || ../install-sh -c -d "/private/tmp/homebrew-automake-HEAD-mfsB/tests/instspc.dir/dest-a__b/a  b-prefix/foo"
 /usr/bin/install -c -m 644  sub/libbase.a '/private/tmp/homebrew-automake-HEAD-mfsB/tests/instspc.dir/dest-a__b/a  b-prefix/foo'
 ( cd '/private/tmp/homebrew-automake-HEAD-mfsB/tests/instspc.dir/dest-a__b/a  b-prefix/foo' && ranlib libbase.a )
test -z "/a  b-prefix/foo" || ../install-sh -c -d "/private/tmp/homebrew-automake-HEAD-mfsB/tests/instspc.dir/dest-a__b/a  b-prefix/foo"
  /usr/bin/install -c sub/base '/private/tmp/homebrew-automake-HEAD-mfsB/tests/instspc.dir/dest-a__b/a  b-prefix/foo'
test -z "/a  b-prefix/foo" || ../install-sh -c -d "/private/tmp/homebrew-automake-HEAD-mfsB/tests/instspc.dir/dest-a__b/a  b-prefix/foo"
 ../install-sh -c -d '/private/tmp/homebrew-automake-HEAD-mfsB/tests/instspc.dir/dest-a__b/a  b-prefix/foo/sub/'
 /usr/bin/install -c ../sub/nobase.sh '/private/tmp/homebrew-automake-HEAD-mfsB/tests/instspc.dir/dest-a__b/a  b-prefix/foo/sub/'
test -z "/a  b-prefix/foo" || ../install-sh -c -d "/private/tmp/homebrew-automake-HEAD-mfsB/tests/instspc.dir/dest-a__b/a  b-prefix/foo"
../install-sh -c -d '/private/tmp/homebrew-automake-HEAD-mfsB/tests/instspc.dir/dest-a__b/a  b-prefix/foo/sub'
 /usr/bin/install -c -m 644  sub/libnobase.a '/private/tmp/homebrew-automake-HEAD-mfsB/tests/instspc.dir/dest-a__b/a  b-prefix/foo/sub'
 ( cd '/private/tmp/homebrew-automake-HEAD-mfsB/tests/instspc.dir/dest-a__b/a  b-prefix/foo' && ranlib sub/libnobase.a )
test -z "/a  b-prefix/foo" || ../install-sh -c -d "/private/tmp/homebrew-automake-HEAD-mfsB/tests/instspc.dir/dest-a__b/a  b-prefix/foo"
 ../install-sh -c -d '/private/tmp/homebrew-automake-HEAD-mfsB/tests/instspc.dir/dest-a__b/a  b-prefix/foo/sub/'
  /usr/bin/install -c sub/nobase '/private/tmp/homebrew-automake-HEAD-mfsB/tests/instspc.dir/dest-a__b/a  b-prefix/foo/sub/'
test -z "/a  b-prefix/foo" || ../install-sh -c -d "/private/tmp/homebrew-automake-HEAD-mfsB/tests/instspc.dir/dest-a__b/a  b-prefix/foo"
 /usr/bin/install -c -m 644 ../sub/base.dat '/private/tmp/homebrew-automake-HEAD-mfsB/tests/instspc.dir/dest-a__b/a  b-prefix/foo'
test -z "/a  b-prefix/foo" || ../install-sh -c -d "/private/tmp/homebrew-automake-HEAD-mfsB/tests/instspc.dir/dest-a__b/a  b-prefix/foo"
 /usr/bin/install -c -m 644 ../sub/base.h '/private/tmp/homebrew-automake-HEAD-mfsB/tests/instspc.dir/dest-a__b/a  b-prefix/foo'
test -z "/a  b-prefix/foo" || ../install-sh -c -d "/private/tmp/homebrew-automake-HEAD-mfsB/tests/instspc.dir/dest-a__b/a  b-prefix/foo"
../install-sh -c -d '/private/tmp/homebrew-automake-HEAD-mfsB/tests/instspc.dir/dest-a__b/a  b-prefix/foo/sub'
 /usr/bin/install -c -m 644  ../sub/nobase.dat '/private/tmp/homebrew-automake-HEAD-mfsB/tests/instspc.dir/dest-a__b/a  b-prefix/foo/sub'
test -z "/a  b-prefix/foo" || ../install-sh -c -d "/private/tmp/homebrew-automake-HEAD-mfsB/tests/instspc.dir/dest-a__b/a  b-prefix/foo"
../install-sh -c -d '/private/tmp/homebrew-automake-HEAD-mfsB/tests/instspc.dir/dest-a__b/a  b-prefix/foo/sub'
 /usr/bin/install -c -m 644  ../sub/nobase.h '/private/tmp/homebrew-automake-HEAD-mfsB/tests/instspc.dir/dest-a__b/a  b-prefix/foo/sub'
test   -f '/private/tmp/homebrew-automake-HEAD-mfsB/tests/instspc.dir/dest-a__b/./a  b-prefix/foo/sub/nobase.h'
test ! -f '/private/tmp/homebrew-automake-HEAD-mfsB/tests/instspc.dir/dest-a__b/./a  b-prefix/foo/nobase.h'
test   -f '/private/tmp/homebrew-automake-HEAD-mfsB/tests/instspc.dir/dest-a__b/./a  b-prefix/foo/base.h'
test   -f '/private/tmp/homebrew-automake-HEAD-mfsB/tests/instspc.dir/dest-a__b/./a  b-prefix/foo/sub/nobase.dat'
test ! -f '/private/tmp/homebrew-automake-HEAD-mfsB/tests/instspc.dir/dest-a__b/./a  b-prefix/foo/nobase.dat'
test   -f '/private/tmp/homebrew-automake-HEAD-mfsB/tests/instspc.dir/dest-a__b/./a  b-prefix/foo/base.dat'
test   -f '/private/tmp/homebrew-automake-HEAD-mfsB/tests/instspc.dir/dest-a__b/./a  b-prefix/foo/sub/nobase.sh'
test ! -f '/private/tmp/homebrew-automake-HEAD-mfsB/tests/instspc.dir/dest-a__b/./a  b-prefix/foo/nobase.sh'
test   -f '/private/tmp/homebrew-automake-HEAD-mfsB/tests/instspc.dir/dest-a__b/./a  b-prefix/foo/base.sh'
test   -f '/private/tmp/homebrew-automake-HEAD-mfsB/tests/instspc.dir/dest-a__b/./a  b-prefix/foo/sub/nobase'
test ! -f '/private/tmp/homebrew-automake-HEAD-mfsB/tests/instspc.dir/dest-a__b/./a  b-prefix/foo/nobase'
test   -f '/private/tmp/homebrew-automake-HEAD-mfsB/tests/instspc.dir/dest-a__b/./a  b-prefix/foo/base'
test   -f '/private/tmp/homebrew-automake-HEAD-mfsB/tests/instspc.dir/dest-a__b/./a  b-prefix/foo/sub/libnobase.a'
test ! -f '/private/tmp/homebrew-automake-HEAD-mfsB/tests/instspc.dir/dest-a__b/./a  b-prefix/foo/libnobase.a'
test   -f '/private/tmp/homebrew-automake-HEAD-mfsB/tests/instspc.dir/dest-a__b/./a  b-prefix/foo/libbase.a'
+ description='a__b in builddir'
+ expected_to_fail build a__b
+ case $1 in
+ is_in_list a__b squote dquote bquote sharp dollar bslash ampersand linefeed quadrigraph0 a_lf_b
+ item=a__b
+ shift
+ case " $* " in
+ return 1
+ directive=
+ reason=
+ result_ ok -D '' -r '' -- 'a__b in builddir'
+ set +x
ok 83 - a__b in builddir
PASS: instspc.tap 83 - a__b in builddir
+ cd /private/tmp/homebrew-automake-HEAD-mfsB/tests/instspc.dir
+ not am_keeping_testdirs
+ am_keeping_testdirs
+ case $keep_testdirs in
+ return 1
+ return 0
+ test ok = ok
+ rm_rf_ './a  b' /private/tmp/homebrew-automake-HEAD-mfsB/tests/instspc.dir/dest-a__b
+ test 2 -gt 0
+ find './a  b' /private/tmp/homebrew-automake-HEAD-mfsB/tests/instspc.dir/dest-a__b -type d '!' -perm -700 -exec chmod u+rwx '{}' ';'
+ rm -rf './a  b' /private/tmp/homebrew-automake-HEAD-mfsB/tests/instspc.dir/dest-a__b
+ for where in build dest
+ case $where in
+ build=build-a__b
+ dest='/private/tmp/homebrew-automake-HEAD-mfsB/tests/instspc.dir/a  b'
+ mkdir build-a__b
+ cd build-a__b
+ r=ok
+ ../configure --prefix '/a  b-prefix'
checking for a BSD-compatible install... /usr/bin/install -c
checking whether build environment is sane... yes
checking for a thread-safe mkdir -p... ../install-sh -c -d
checking for gawk... gawk
checking whether make sets $(MAKE)... yes
checking for gcc... /usr/bin/llvm-gcc
checking whether the C compiler works... yes
checking for C compiler default output file name... a.out
checking for suffix of executables... 
checking whether we are cross compiling... no
checking for suffix of object files... o
checking whether we are using the GNU C compiler... yes
checking whether /usr/bin/llvm-gcc accepts -g... yes
checking for /usr/bin/llvm-gcc option to accept ISO C89... none needed
checking for style of include used by make... GNU
checking dependency style of /usr/bin/llvm-gcc... gcc3
checking for ar... ar
checking the archiver (ar) interface... ar
checking for ranlib... ranlib
checking that generated files are newer than configure... done
configure: creating ./config.status
config.status: creating Makefile
config.status: executing depfiles commands
+ make all
/usr/bin/llvm-gcc -DPACKAGE_NAME=\"instspc\" -DPACKAGE_TARNAME=\"instspc\" -DPACKAGE_VERSION=\"1.0\" -DPACKAGE_STRING=\"instspc\ 1.0\" -DPACKAGE_BUGREPORT=\"\" -DPACKAGE_URL=\"\" -DPACKAGE=\"instspc\" -DVERSION=\"1.0\" -I. -I..   -I/usr/local/Cellar/libffi/3.0.10/include -I/usr/local/Cellar/gettext/0.18.1.1/include  -Os -w -pipe   -march=core2 -msse4 -MT source.o -MD -MP -MF .deps/source.Tpo -c -o source.o ../source.c
mv -f .deps/source.Tpo .deps/source.Po
rm -f sub/libbase.a
ar cru sub/libbase.a source.o 
ranlib sub/libbase.a
rm -f sub/libnobase.a
ar cru sub/libnobase.a source.o 
ranlib sub/libnobase.a
/usr/bin/llvm-gcc  -Os -w -pipe   -march=core2 -msse4  -L/usr/local/Cellar/libffi/3.0.10/lib -L/usr/local/Cellar/gettext/0.18.1.1/lib -o sub/base source.o  
/usr/bin/llvm-gcc  -Os -w -pipe   -march=core2 -msse4  -L/usr/local/Cellar/libffi/3.0.10/lib -L/usr/local/Cellar/gettext/0.18.1.1/lib -o sub/nobase source.o  
+ DESTDIR='/private/tmp/homebrew-automake-HEAD-mfsB/tests/instspc.dir/a  b'
+ file='./a  b'
+ make -e test-inst
test -z "/a  b-prefix/foo" || ../install-sh -c -d "/private/tmp/homebrew-automake-HEAD-mfsB/tests/instspc.dir/a  b/a  b-prefix/foo"
 /usr/bin/install -c ../sub/base.sh '/private/tmp/homebrew-automake-HEAD-mfsB/tests/instspc.dir/a  b/a  b-prefix/foo'
test -z "/a  b-prefix/foo" || ../install-sh -c -d "/private/tmp/homebrew-automake-HEAD-mfsB/tests/instspc.dir/a  b/a  b-prefix/foo"
 /usr/bin/install -c -m 644  sub/libbase.a '/private/tmp/homebrew-automake-HEAD-mfsB/tests/instspc.dir/a  b/a  b-prefix/foo'
 ( cd '/private/tmp/homebrew-automake-HEAD-mfsB/tests/instspc.dir/a  b/a  b-prefix/foo' && ranlib libbase.a )
test -z "/a  b-prefix/foo" || ../install-sh -c -d "/private/tmp/homebrew-automake-HEAD-mfsB/tests/instspc.dir/a  b/a  b-prefix/foo"
  /usr/bin/install -c sub/base '/private/tmp/homebrew-automake-HEAD-mfsB/tests/instspc.dir/a  b/a  b-prefix/foo'
test -z "/a  b-prefix/foo" || ../install-sh -c -d "/private/tmp/homebrew-automake-HEAD-mfsB/tests/instspc.dir/a  b/a  b-prefix/foo"
 ../install-sh -c -d '/private/tmp/homebrew-automake-HEAD-mfsB/tests/instspc.dir/a  b/a  b-prefix/foo/sub/'
 /usr/bin/install -c ../sub/nobase.sh '/private/tmp/homebrew-automake-HEAD-mfsB/tests/instspc.dir/a  b/a  b-prefix/foo/sub/'
test -z "/a  b-prefix/foo" || ../install-sh -c -d "/private/tmp/homebrew-automake-HEAD-mfsB/tests/instspc.dir/a  b/a  b-prefix/foo"
../install-sh -c -d '/private/tmp/homebrew-automake-HEAD-mfsB/tests/instspc.dir/a  b/a  b-prefix/foo/sub'
 /usr/bin/install -c -m 644  sub/libnobase.a '/private/tmp/homebrew-automake-HEAD-mfsB/tests/instspc.dir/a  b/a  b-prefix/foo/sub'
 ( cd '/private/tmp/homebrew-automake-HEAD-mfsB/tests/instspc.dir/a  b/a  b-prefix/foo' && ranlib sub/libnobase.a )
test -z "/a  b-prefix/foo" || ../install-sh -c -d "/private/tmp/homebrew-automake-HEAD-mfsB/tests/instspc.dir/a  b/a  b-prefix/foo"
 ../install-sh -c -d '/private/tmp/homebrew-automake-HEAD-mfsB/tests/instspc.dir/a  b/a  b-prefix/foo/sub/'
  /usr/bin/install -c sub/nobase '/private/tmp/homebrew-automake-HEAD-mfsB/tests/instspc.dir/a  b/a  b-prefix/foo/sub/'
test -z "/a  b-prefix/foo" || ../install-sh -c -d "/private/tmp/homebrew-automake-HEAD-mfsB/tests/instspc.dir/a  b/a  b-prefix/foo"
 /usr/bin/install -c -m 644 ../sub/base.dat '/private/tmp/homebrew-automake-HEAD-mfsB/tests/instspc.dir/a  b/a  b-prefix/foo'
test -z "/a  b-prefix/foo" || ../install-sh -c -d "/private/tmp/homebrew-automake-HEAD-mfsB/tests/instspc.dir/a  b/a  b-prefix/foo"
 /usr/bin/install -c -m 644 ../sub/base.h '/private/tmp/homebrew-automake-HEAD-mfsB/tests/instspc.dir/a  b/a  b-prefix/foo'
test -z "/a  b-prefix/foo" || ../install-sh -c -d "/private/tmp/homebrew-automake-HEAD-mfsB/tests/instspc.dir/a  b/a  b-prefix/foo"
../install-sh -c -d '/private/tmp/homebrew-automake-HEAD-mfsB/tests/instspc.dir/a  b/a  b-prefix/foo/sub'
 /usr/bin/install -c -m 644  ../sub/nobase.dat '/private/tmp/homebrew-automake-HEAD-mfsB/tests/instspc.dir/a  b/a  b-prefix/foo/sub'
test -z "/a  b-prefix/foo" || ../install-sh -c -d "/private/tmp/homebrew-automake-HEAD-mfsB/tests/instspc.dir/a  b/a  b-prefix/foo"
../install-sh -c -d '/private/tmp/homebrew-automake-HEAD-mfsB/tests/instspc.dir/a  b/a  b-prefix/foo/sub'
 /usr/bin/install -c -m 644  ../sub/nobase.h '/private/tmp/homebrew-automake-HEAD-mfsB/tests/instspc.dir/a  b/a  b-prefix/foo/sub'
test   -f '/private/tmp/homebrew-automake-HEAD-mfsB/tests/instspc.dir/a  b/./a  b-prefix/foo/sub/nobase.h'
test ! -f '/private/tmp/homebrew-automake-HEAD-mfsB/tests/instspc.dir/a  b/./a  b-prefix/foo/nobase.h'
test   -f '/private/tmp/homebrew-automake-HEAD-mfsB/tests/instspc.dir/a  b/./a  b-prefix/foo/base.h'
test   -f '/private/tmp/homebrew-automake-HEAD-mfsB/tests/instspc.dir/a  b/./a  b-prefix/foo/sub/nobase.dat'
test ! -f '/private/tmp/homebrew-automake-HEAD-mfsB/tests/instspc.dir/a  b/./a  b-prefix/foo/nobase.dat'
test   -f '/private/tmp/homebrew-automake-HEAD-mfsB/tests/instspc.dir/a  b/./a  b-prefix/foo/base.dat'
test   -f '/private/tmp/homebrew-automake-HEAD-mfsB/tests/instspc.dir/a  b/./a  b-prefix/foo/sub/nobase.sh'
test ! -f '/private/tmp/homebrew-automake-HEAD-mfsB/tests/instspc.dir/a  b/./a  b-prefix/foo/nobase.sh'
test   -f '/private/tmp/homebrew-automake-HEAD-mfsB/tests/instspc.dir/a  b/./a  b-prefix/foo/base.sh'
test   -f '/private/tmp/homebrew-automake-HEAD-mfsB/tests/instspc.dir/a  b/./a  b-prefix/foo/sub/nobase'
test ! -f '/private/tmp/homebrew-automake-HEAD-mfsB/tests/instspc.dir/a  b/./a  b-prefix/foo/nobase'
test   -f '/private/tmp/homebrew-automake-HEAD-mfsB/tests/instspc.dir/a  b/./a  b-prefix/foo/base'
test   -f '/private/tmp/homebrew-automake-HEAD-mfsB/tests/instspc.dir/a  b/./a  b-prefix/foo/sub/libnobase.a'
test ! -f '/private/tmp/homebrew-automake-HEAD-mfsB/tests/instspc.dir/a  b/./a  b-prefix/foo/libnobase.a'
test   -f '/private/tmp/homebrew-automake-HEAD-mfsB/tests/instspc.dir/a  b/./a  b-prefix/foo/libbase.a'
+ description='a__b in destdir'
+ expected_to_fail dest a__b
+ case $1 in
+ is_in_list a__b squote dquote bquote sharp dollar linefeed a_lf_b
+ item=a__b
+ shift
+ case " $* " in
+ return 1
+ directive=
+ reason=
+ result_ ok -D '' -r '' -- 'a__b in destdir'
+ set +x
ok 84 - a__b in destdir
PASS: instspc.tap 84 - a__b in destdir
+ cd /private/tmp/homebrew-automake-HEAD-mfsB/tests/instspc.dir
+ not am_keeping_testdirs
+ am_keeping_testdirs
+ case $keep_testdirs in
+ return 1
+ return 0
+ test ok = ok
+ rm_rf_ build-a__b '/private/tmp/homebrew-automake-HEAD-mfsB/tests/instspc.dir/a  b'
+ test 2 -gt 0
+ find build-a__b '/private/tmp/homebrew-automake-HEAD-mfsB/tests/instspc.dir/a  b' -type d '!' -perm -700 -exec chmod u+rwx '{}' ';'
+ rm -rf build-a__b '/private/tmp/homebrew-automake-HEAD-mfsB/tests/instspc.dir/a  b'
+ for test_name in '$test_names_list'
+ eval 'test_string=${instspc__a_lf_b}'
++ test_string='a
b'
+ test 'xa
b' = x
+ mkdir './a
b'
+ case $test_string in
+ for where in build dest
+ case $where in
+ build='./a
b'
+ dest=/private/tmp/homebrew-automake-HEAD-mfsB/tests/instspc.dir/dest-a_lf_b
+ cd './a
b'
+ r=ok
+ ../configure --prefix '/a
b-prefix'
checking for a BSD-compatible install... /usr/bin/install -c
checking whether build environment is sane... configure: error: unsafe absolute working directory name
+ r='not ok'
+ description='a_lf_b in builddir'
+ expected_to_fail build a_lf_b
+ case $1 in
+ is_in_list a_lf_b squote dquote bquote sharp dollar bslash ampersand linefeed quadrigraph0 a_lf_b
+ item=a_lf_b
+ shift
+ case " $* " in
+ return 0
+ directive=TODO
+ reason='long-standing limitation'
+ result_ 'not ok' -D TODO -r 'long-standing limitation' -- 'a_lf_b in builddir'
+ set +x
not ok 85 - a_lf_b in builddir # TODO long-standing limitation
XFAIL: instspc.tap 85 - a_lf_b in builddir # TODO long-standing limitation
+ cd /private/tmp/homebrew-automake-HEAD-mfsB/tests/instspc.dir
+ not am_keeping_testdirs
+ am_keeping_testdirs
+ case $keep_testdirs in
+ return 1
+ return 0
+ test 'not ok' = ok
+ : For lesser shells with broken 'set -e.'
+ for where in build dest
+ case $where in
+ build=build-a_lf_b
+ dest='/private/tmp/homebrew-automake-HEAD-mfsB/tests/instspc.dir/a
b'
+ mkdir build-a_lf_b
+ cd build-a_lf_b
+ r=ok
+ ../configure --prefix '/a
b-prefix'
checking for a BSD-compatible install... /usr/bin/install -c
checking whether build environment is sane... yes
checking for a thread-safe mkdir -p... ../install-sh -c -d
checking for gawk... gawk
checking whether make sets $(MAKE)... yes
checking for gcc... /usr/bin/llvm-gcc
checking whether the C compiler works... yes
checking for C compiler default output file name... a.out
checking for suffix of executables... 
checking whether we are cross compiling... no
checking for suffix of object files... o
checking whether we are using the GNU C compiler... yes
checking whether /usr/bin/llvm-gcc accepts -g... yes
checking for /usr/bin/llvm-gcc option to accept ISO C89... none needed
checking for style of include used by make... GNU
checking dependency style of /usr/bin/llvm-gcc... gcc3
checking for ar... ar
checking the archiver (ar) interface... ar
checking for ranlib... ranlib
checking that generated files are newer than configure... done
configure: creating ./config.status
config.status: creating Makefile
config.status: executing depfiles commands
+ make all
Makefile:235: *** missing separator.  Stop.
+ r='not ok'
+ description='a_lf_b in destdir'
+ expected_to_fail dest a_lf_b
+ case $1 in
+ is_in_list a_lf_b squote dquote bquote sharp dollar linefeed a_lf_b
+ item=a_lf_b
+ shift
+ case " $* " in
+ return 0
+ directive=TODO
+ reason='long-standing limitation'
+ result_ 'not ok' -D TODO -r 'long-standing limitation' -- 'a_lf_b in destdir'
+ set +x
not ok 86 - a_lf_b in destdir # TODO long-standing limitation
XFAIL: instspc.tap 86 - a_lf_b in destdir # TODO long-standing limitation
+ cd /private/tmp/homebrew-automake-HEAD-mfsB/tests/instspc.dir
+ not am_keeping_testdirs
+ am_keeping_testdirs
+ case $keep_testdirs in
+ return 1
+ return 0
+ test 'not ok' = ok
+ : For lesser shells with broken 'set -e.'
+ for test_name in '$test_names_list'
+ eval 'test_string=${instspc__dotdotdot}'
++ test_string=...
+ test x... = x
+ mkdir ./...
+ case $test_string in
+ for where in build dest
+ case $where in
+ build=./...
+ dest=/private/tmp/homebrew-automake-HEAD-mfsB/tests/instspc.dir/dest-dotdotdot
+ cd ./...
+ r=ok
+ ../configure --prefix /...-prefix
checking for a BSD-compatible install... /usr/bin/install -c
checking whether build environment is sane... yes
checking for a thread-safe mkdir -p... ../install-sh -c -d
checking for gawk... gawk
checking whether make sets $(MAKE)... yes
checking for gcc... /usr/bin/llvm-gcc
checking whether the C compiler works... yes
checking for C compiler default output file name... a.out
checking for suffix of executables... 
checking whether we are cross compiling... no
checking for suffix of object files... o
checking whether we are using the GNU C compiler... yes
checking whether /usr/bin/llvm-gcc accepts -g... yes
checking for /usr/bin/llvm-gcc option to accept ISO C89... none needed
checking for style of include used by make... GNU
checking dependency style of /usr/bin/llvm-gcc... gcc3
checking for ar... ar
checking the archiver (ar) interface... ar
checking for ranlib... ranlib
checking that generated files are newer than configure... done
configure: creating ./config.status
config.status: creating Makefile
config.status: executing depfiles commands
+ make all
/usr/bin/llvm-gcc -DPACKAGE_NAME=\"instspc\" -DPACKAGE_TARNAME=\"instspc\" -DPACKAGE_VERSION=\"1.0\" -DPACKAGE_STRING=\"instspc\ 1.0\" -DPACKAGE_BUGREPORT=\"\" -DPACKAGE_URL=\"\" -DPACKAGE=\"instspc\" -DVERSION=\"1.0\" -I. -I..   -I/usr/local/Cellar/libffi/3.0.10/include -I/usr/local/Cellar/gettext/0.18.1.1/include  -Os -w -pipe   -march=core2 -msse4 -MT source.o -MD -MP -MF .deps/source.Tpo -c -o source.o ../source.c
mv -f .deps/source.Tpo .deps/source.Po
rm -f sub/libbase.a
ar cru sub/libbase.a source.o 
ranlib sub/libbase.a
rm -f sub/libnobase.a
ar cru sub/libnobase.a source.o 
ranlib sub/libnobase.a
/usr/bin/llvm-gcc  -Os -w -pipe   -march=core2 -msse4  -L/usr/local/Cellar/libffi/3.0.10/lib -L/usr/local/Cellar/gettext/0.18.1.1/lib -o sub/base source.o  
/usr/bin/llvm-gcc  -Os -w -pipe   -march=core2 -msse4  -L/usr/local/Cellar/libffi/3.0.10/lib -L/usr/local/Cellar/gettext/0.18.1.1/lib -o sub/nobase source.o  
+ DESTDIR=/private/tmp/homebrew-automake-HEAD-mfsB/tests/instspc.dir/dest-dotdotdot
+ file=./...
+ make -e test-inst
test -z "/...-prefix/foo" || ../install-sh -c -d "/private/tmp/homebrew-automake-HEAD-mfsB/tests/instspc.dir/dest-dotdotdot/...-prefix/foo"
 /usr/bin/install -c ../sub/base.sh '/private/tmp/homebrew-automake-HEAD-mfsB/tests/instspc.dir/dest-dotdotdot/...-prefix/foo'
test -z "/...-prefix/foo" || ../install-sh -c -d "/private/tmp/homebrew-automake-HEAD-mfsB/tests/instspc.dir/dest-dotdotdot/...-prefix/foo"
 /usr/bin/install -c -m 644  sub/libbase.a '/private/tmp/homebrew-automake-HEAD-mfsB/tests/instspc.dir/dest-dotdotdot/...-prefix/foo'
 ( cd '/private/tmp/homebrew-automake-HEAD-mfsB/tests/instspc.dir/dest-dotdotdot/...-prefix/foo' && ranlib libbase.a )
test -z "/...-prefix/foo" || ../install-sh -c -d "/private/tmp/homebrew-automake-HEAD-mfsB/tests/instspc.dir/dest-dotdotdot/...-prefix/foo"
  /usr/bin/install -c sub/base '/private/tmp/homebrew-automake-HEAD-mfsB/tests/instspc.dir/dest-dotdotdot/...-prefix/foo'
test -z "/...-prefix/foo" || ../install-sh -c -d "/private/tmp/homebrew-automake-HEAD-mfsB/tests/instspc.dir/dest-dotdotdot/...-prefix/foo"
 ../install-sh -c -d '/private/tmp/homebrew-automake-HEAD-mfsB/tests/instspc.dir/dest-dotdotdot/...-prefix/foo/sub/'
 /usr/bin/install -c ../sub/nobase.sh '/private/tmp/homebrew-automake-HEAD-mfsB/tests/instspc.dir/dest-dotdotdot/...-prefix/foo/sub/'
test -z "/...-prefix/foo" || ../install-sh -c -d "/private/tmp/homebrew-automake-HEAD-mfsB/tests/instspc.dir/dest-dotdotdot/...-prefix/foo"
../install-sh -c -d '/private/tmp/homebrew-automake-HEAD-mfsB/tests/instspc.dir/dest-dotdotdot/...-prefix/foo/sub'
 /usr/bin/install -c -m 644  sub/libnobase.a '/private/tmp/homebrew-automake-HEAD-mfsB/tests/instspc.dir/dest-dotdotdot/...-prefix/foo/sub'
 ( cd '/private/tmp/homebrew-automake-HEAD-mfsB/tests/instspc.dir/dest-dotdotdot/...-prefix/foo' && ranlib sub/libnobase.a )
test -z "/...-prefix/foo" || ../install-sh -c -d "/private/tmp/homebrew-automake-HEAD-mfsB/tests/instspc.dir/dest-dotdotdot/...-prefix/foo"
 ../install-sh -c -d '/private/tmp/homebrew-automake-HEAD-mfsB/tests/instspc.dir/dest-dotdotdot/...-prefix/foo/sub/'
  /usr/bin/install -c sub/nobase '/private/tmp/homebrew-automake-HEAD-mfsB/tests/instspc.dir/dest-dotdotdot/...-prefix/foo/sub/'
test -z "/...-prefix/foo" || ../install-sh -c -d "/private/tmp/homebrew-automake-HEAD-mfsB/tests/instspc.dir/dest-dotdotdot/...-prefix/foo"
 /usr/bin/install -c -m 644 ../sub/base.dat '/private/tmp/homebrew-automake-HEAD-mfsB/tests/instspc.dir/dest-dotdotdot/...-prefix/foo'
test -z "/...-prefix/foo" || ../install-sh -c -d "/private/tmp/homebrew-automake-HEAD-mfsB/tests/instspc.dir/dest-dotdotdot/...-prefix/foo"
 /usr/bin/install -c -m 644 ../sub/base.h '/private/tmp/homebrew-automake-HEAD-mfsB/tests/instspc.dir/dest-dotdotdot/...-prefix/foo'
test -z "/...-prefix/foo" || ../install-sh -c -d "/private/tmp/homebrew-automake-HEAD-mfsB/tests/instspc.dir/dest-dotdotdot/...-prefix/foo"
../install-sh -c -d '/private/tmp/homebrew-automake-HEAD-mfsB/tests/instspc.dir/dest-dotdotdot/...-prefix/foo/sub'
 /usr/bin/install -c -m 644  ../sub/nobase.dat '/private/tmp/homebrew-automake-HEAD-mfsB/tests/instspc.dir/dest-dotdotdot/...-prefix/foo/sub'
test -z "/...-prefix/foo" || ../install-sh -c -d "/private/tmp/homebrew-automake-HEAD-mfsB/tests/instspc.dir/dest-dotdotdot/...-prefix/foo"
../install-sh -c -d '/private/tmp/homebrew-automake-HEAD-mfsB/tests/instspc.dir/dest-dotdotdot/...-prefix/foo/sub'
 /usr/bin/install -c -m 644  ../sub/nobase.h '/private/tmp/homebrew-automake-HEAD-mfsB/tests/instspc.dir/dest-dotdotdot/...-prefix/foo/sub'
test   -f '/private/tmp/homebrew-automake-HEAD-mfsB/tests/instspc.dir/dest-dotdotdot/./...-prefix/foo/sub/nobase.h'
test ! -f '/private/tmp/homebrew-automake-HEAD-mfsB/tests/instspc.dir/dest-dotdotdot/./...-prefix/foo/nobase.h'
test   -f '/private/tmp/homebrew-automake-HEAD-mfsB/tests/instspc.dir/dest-dotdotdot/./...-prefix/foo/base.h'
test   -f '/private/tmp/homebrew-automake-HEAD-mfsB/tests/instspc.dir/dest-dotdotdot/./...-prefix/foo/sub/nobase.dat'
test ! -f '/private/tmp/homebrew-automake-HEAD-mfsB/tests/instspc.dir/dest-dotdotdot/./...-prefix/foo/nobase.dat'
test   -f '/private/tmp/homebrew-automake-HEAD-mfsB/tests/instspc.dir/dest-dotdotdot/./...-prefix/foo/base.dat'
test   -f '/private/tmp/homebrew-automake-HEAD-mfsB/tests/instspc.dir/dest-dotdotdot/./...-prefix/foo/sub/nobase.sh'
test ! -f '/private/tmp/homebrew-automake-HEAD-mfsB/tests/instspc.dir/dest-dotdotdot/./...-prefix/foo/nobase.sh'
test   -f '/private/tmp/homebrew-automake-HEAD-mfsB/tests/instspc.dir/dest-dotdotdot/./...-prefix/foo/base.sh'
test   -f '/private/tmp/homebrew-automake-HEAD-mfsB/tests/instspc.dir/dest-dotdotdot/./...-prefix/foo/sub/nobase'
test ! -f '/private/tmp/homebrew-automake-HEAD-mfsB/tests/instspc.dir/dest-dotdotdot/./...-prefix/foo/nobase'
test   -f '/private/tmp/homebrew-automake-HEAD-mfsB/tests/instspc.dir/dest-dotdotdot/./...-prefix/foo/base'
test   -f '/private/tmp/homebrew-automake-HEAD-mfsB/tests/instspc.dir/dest-dotdotdot/./...-prefix/foo/sub/libnobase.a'
test ! -f '/private/tmp/homebrew-automake-HEAD-mfsB/tests/instspc.dir/dest-dotdotdot/./...-prefix/foo/libnobase.a'
test   -f '/private/tmp/homebrew-automake-HEAD-mfsB/tests/instspc.dir/dest-dotdotdot/./...-prefix/foo/libbase.a'
+ description='dotdotdot in builddir'
+ expected_to_fail build dotdotdot
+ case $1 in
+ is_in_list dotdotdot squote dquote bquote sharp dollar bslash ampersand linefeed quadrigraph0 a_lf_b
+ item=dotdotdot
+ shift
+ case " $* " in
+ return 1
+ directive=
+ reason=
+ result_ ok -D '' -r '' -- 'dotdotdot in builddir'
+ set +x
ok 87 - dotdotdot in builddir
PASS: instspc.tap 87 - dotdotdot in builddir
+ cd /private/tmp/homebrew-automake-HEAD-mfsB/tests/instspc.dir
+ not am_keeping_testdirs
+ am_keeping_testdirs
+ case $keep_testdirs in
+ return 1
+ return 0
+ test ok = ok
+ rm_rf_ ./... /private/tmp/homebrew-automake-HEAD-mfsB/tests/instspc.dir/dest-dotdotdot
+ test 2 -gt 0
+ find ./... /private/tmp/homebrew-automake-HEAD-mfsB/tests/instspc.dir/dest-dotdotdot -type d '!' -perm -700 -exec chmod u+rwx '{}' ';'
+ rm -rf ./... /private/tmp/homebrew-automake-HEAD-mfsB/tests/instspc.dir/dest-dotdotdot
+ for where in build dest
+ case $where in
+ build=build-dotdotdot
+ dest=/private/tmp/homebrew-automake-HEAD-mfsB/tests/instspc.dir/...
+ mkdir build-dotdotdot
+ cd build-dotdotdot
+ r=ok
+ ../configure --prefix /...-prefix
checking for a BSD-compatible install... /usr/bin/install -c
checking whether build environment is sane... yes
checking for a thread-safe mkdir -p... ../install-sh -c -d
checking for gawk... gawk
checking whether make sets $(MAKE)... yes
checking for gcc... /usr/bin/llvm-gcc
checking whether the C compiler works... yes
checking for C compiler default output file name... a.out
checking for suffix of executables... 
checking whether we are cross compiling... no
checking for suffix of object files... o
checking whether we are using the GNU C compiler... yes
checking whether /usr/bin/llvm-gcc accepts -g... yes
checking for /usr/bin/llvm-gcc option to accept ISO C89... none needed
checking for style of include used by make... GNU
checking dependency style of /usr/bin/llvm-gcc... gcc3
checking for ar... ar
checking the archiver (ar) interface... ar
checking for ranlib... ranlib
checking that generated files are newer than configure... done
configure: creating ./config.status
config.status: creating Makefile
config.status: executing depfiles commands
+ make all
/usr/bin/llvm-gcc -DPACKAGE_NAME=\"instspc\" -DPACKAGE_TARNAME=\"instspc\" -DPACKAGE_VERSION=\"1.0\" -DPACKAGE_STRING=\"instspc\ 1.0\" -DPACKAGE_BUGREPORT=\"\" -DPACKAGE_URL=\"\" -DPACKAGE=\"instspc\" -DVERSION=\"1.0\" -I. -I..   -I/usr/local/Cellar/libffi/3.0.10/include -I/usr/local/Cellar/gettext/0.18.1.1/include  -Os -w -pipe   -march=core2 -msse4 -MT source.o -MD -MP -MF .deps/source.Tpo -c -o source.o ../source.c
mv -f .deps/source.Tpo .deps/source.Po
rm -f sub/libbase.a
ar cru sub/libbase.a source.o 
ranlib sub/libbase.a
rm -f sub/libnobase.a
ar cru sub/libnobase.a source.o 
ranlib sub/libnobase.a
/usr/bin/llvm-gcc  -Os -w -pipe   -march=core2 -msse4  -L/usr/local/Cellar/libffi/3.0.10/lib -L/usr/local/Cellar/gettext/0.18.1.1/lib -o sub/base source.o  
/usr/bin/llvm-gcc  -Os -w -pipe   -march=core2 -msse4  -L/usr/local/Cellar/libffi/3.0.10/lib -L/usr/local/Cellar/gettext/0.18.1.1/lib -o sub/nobase source.o  
+ DESTDIR=/private/tmp/homebrew-automake-HEAD-mfsB/tests/instspc.dir/...
+ file=./...
+ make -e test-inst
test -z "/...-prefix/foo" || ../install-sh -c -d "/private/tmp/homebrew-automake-HEAD-mfsB/tests/instspc.dir/.../...-prefix/foo"
 /usr/bin/install -c ../sub/base.sh '/private/tmp/homebrew-automake-HEAD-mfsB/tests/instspc.dir/.../...-prefix/foo'
test -z "/...-prefix/foo" || ../install-sh -c -d "/private/tmp/homebrew-automake-HEAD-mfsB/tests/instspc.dir/.../...-prefix/foo"
 /usr/bin/install -c -m 644  sub/libbase.a '/private/tmp/homebrew-automake-HEAD-mfsB/tests/instspc.dir/.../...-prefix/foo'
 ( cd '/private/tmp/homebrew-automake-HEAD-mfsB/tests/instspc.dir/.../...-prefix/foo' && ranlib libbase.a )
test -z "/...-prefix/foo" || ../install-sh -c -d "/private/tmp/homebrew-automake-HEAD-mfsB/tests/instspc.dir/.../...-prefix/foo"
  /usr/bin/install -c sub/base '/private/tmp/homebrew-automake-HEAD-mfsB/tests/instspc.dir/.../...-prefix/foo'
test -z "/...-prefix/foo" || ../install-sh -c -d "/private/tmp/homebrew-automake-HEAD-mfsB/tests/instspc.dir/.../...-prefix/foo"
 ../install-sh -c -d '/private/tmp/homebrew-automake-HEAD-mfsB/tests/instspc.dir/.../...-prefix/foo/sub/'
 /usr/bin/install -c ../sub/nobase.sh '/private/tmp/homebrew-automake-HEAD-mfsB/tests/instspc.dir/.../...-prefix/foo/sub/'
test -z "/...-prefix/foo" || ../install-sh -c -d "/private/tmp/homebrew-automake-HEAD-mfsB/tests/instspc.dir/.../...-prefix/foo"
../install-sh -c -d '/private/tmp/homebrew-automake-HEAD-mfsB/tests/instspc.dir/.../...-prefix/foo/sub'
 /usr/bin/install -c -m 644  sub/libnobase.a '/private/tmp/homebrew-automake-HEAD-mfsB/tests/instspc.dir/.../...-prefix/foo/sub'
 ( cd '/private/tmp/homebrew-automake-HEAD-mfsB/tests/instspc.dir/.../...-prefix/foo' && ranlib sub/libnobase.a )
test -z "/...-prefix/foo" || ../install-sh -c -d "/private/tmp/homebrew-automake-HEAD-mfsB/tests/instspc.dir/.../...-prefix/foo"
 ../install-sh -c -d '/private/tmp/homebrew-automake-HEAD-mfsB/tests/instspc.dir/.../...-prefix/foo/sub/'
  /usr/bin/install -c sub/nobase '/private/tmp/homebrew-automake-HEAD-mfsB/tests/instspc.dir/.../...-prefix/foo/sub/'
test -z "/...-prefix/foo" || ../install-sh -c -d "/private/tmp/homebrew-automake-HEAD-mfsB/tests/instspc.dir/.../...-prefix/foo"
 /usr/bin/install -c -m 644 ../sub/base.dat '/private/tmp/homebrew-automake-HEAD-mfsB/tests/instspc.dir/.../...-prefix/foo'
test -z "/...-prefix/foo" || ../install-sh -c -d "/private/tmp/homebrew-automake-HEAD-mfsB/tests/instspc.dir/.../...-prefix/foo"
 /usr/bin/install -c -m 644 ../sub/base.h '/private/tmp/homebrew-automake-HEAD-mfsB/tests/instspc.dir/.../...-prefix/foo'
test -z "/...-prefix/foo" || ../install-sh -c -d "/private/tmp/homebrew-automake-HEAD-mfsB/tests/instspc.dir/.../...-prefix/foo"
../install-sh -c -d '/private/tmp/homebrew-automake-HEAD-mfsB/tests/instspc.dir/.../...-prefix/foo/sub'
 /usr/bin/install -c -m 644  ../sub/nobase.dat '/private/tmp/homebrew-automake-HEAD-mfsB/tests/instspc.dir/.../...-prefix/foo/sub'
test -z "/...-prefix/foo" || ../install-sh -c -d "/private/tmp/homebrew-automake-HEAD-mfsB/tests/instspc.dir/.../...-prefix/foo"
../install-sh -c -d '/private/tmp/homebrew-automake-HEAD-mfsB/tests/instspc.dir/.../...-prefix/foo/sub'
 /usr/bin/install -c -m 644  ../sub/nobase.h '/private/tmp/homebrew-automake-HEAD-mfsB/tests/instspc.dir/.../...-prefix/foo/sub'
test   -f '/private/tmp/homebrew-automake-HEAD-mfsB/tests/instspc.dir/..././...-prefix/foo/sub/nobase.h'
test ! -f '/private/tmp/homebrew-automake-HEAD-mfsB/tests/instspc.dir/..././...-prefix/foo/nobase.h'
test   -f '/private/tmp/homebrew-automake-HEAD-mfsB/tests/instspc.dir/..././...-prefix/foo/base.h'
test   -f '/private/tmp/homebrew-automake-HEAD-mfsB/tests/instspc.dir/..././...-prefix/foo/sub/nobase.dat'
test ! -f '/private/tmp/homebrew-automake-HEAD-mfsB/tests/instspc.dir/..././...-prefix/foo/nobase.dat'
test   -f '/private/tmp/homebrew-automake-HEAD-mfsB/tests/instspc.dir/..././...-prefix/foo/base.dat'
test   -f '/private/tmp/homebrew-automake-HEAD-mfsB/tests/instspc.dir/..././...-prefix/foo/sub/nobase.sh'
test ! -f '/private/tmp/homebrew-automake-HEAD-mfsB/tests/instspc.dir/..././...-prefix/foo/nobase.sh'
test   -f '/private/tmp/homebrew-automake-HEAD-mfsB/tests/instspc.dir/..././...-prefix/foo/base.sh'
test   -f '/private/tmp/homebrew-automake-HEAD-mfsB/tests/instspc.dir/..././...-prefix/foo/sub/nobase'
test ! -f '/private/tmp/homebrew-automake-HEAD-mfsB/tests/instspc.dir/..././...-prefix/foo/nobase'
test   -f '/private/tmp/homebrew-automake-HEAD-mfsB/tests/instspc.dir/..././...-prefix/foo/base'
test   -f '/private/tmp/homebrew-automake-HEAD-mfsB/tests/instspc.dir/..././...-prefix/foo/sub/libnobase.a'
test ! -f '/private/tmp/homebrew-automake-HEAD-mfsB/tests/instspc.dir/..././...-prefix/foo/libnobase.a'
test   -f '/private/tmp/homebrew-automake-HEAD-mfsB/tests/instspc.dir/..././...-prefix/foo/libbase.a'
+ description='dotdotdot in destdir'
+ expected_to_fail dest dotdotdot
+ case $1 in
+ is_in_list dotdotdot squote dquote bquote sharp dollar linefeed a_lf_b
+ item=dotdotdot
+ shift
+ case " $* " in
+ return 1
+ directive=
+ reason=
+ result_ ok -D '' -r '' -- 'dotdotdot in destdir'
+ set +x
ok 88 - dotdotdot in destdir
PASS: instspc.tap 88 - dotdotdot in destdir
+ cd /private/tmp/homebrew-automake-HEAD-mfsB/tests/instspc.dir
+ not am_keeping_testdirs
+ am_keeping_testdirs
+ case $keep_testdirs in
+ return 1
+ return 0
+ test ok = ok
+ rm_rf_ build-dotdotdot /private/tmp/homebrew-automake-HEAD-mfsB/tests/instspc.dir/...
+ test 2 -gt 0
+ find build-dotdotdot /private/tmp/homebrew-automake-HEAD-mfsB/tests/instspc.dir/... -type d '!' -perm -700 -exec chmod u+rwx '{}' ';'
+ rm -rf build-dotdotdot /private/tmp/homebrew-automake-HEAD-mfsB/tests/instspc.dir/...
+ for test_name in '$test_names_list'
+ eval 'test_string=${instspc__dosdrive}'
++ test_string=a:
+ test xa: = x
+ mkdir ./a:
+ case $test_string in
+ cd ./a:
+ for where in build dest
+ case $where in
+ build=./a:
+ dest=/private/tmp/homebrew-automake-HEAD-mfsB/tests/instspc.dir/dest-dosdrive
+ cd ./a:
+ r=ok
+ ../configure --prefix /a:-prefix
checking for a BSD-compatible install... /usr/bin/install -c
checking whether build environment is sane... yes
checking for a thread-safe mkdir -p... ../install-sh -c -d
checking for gawk... gawk
checking whether make sets $(MAKE)... yes
checking for gcc... /usr/bin/llvm-gcc
checking whether the C compiler works... yes
checking for C compiler default output file name... a.out
checking for suffix of executables... 
checking whether we are cross compiling... no
checking for suffix of object files... o
checking whether we are using the GNU C compiler... yes
checking whether /usr/bin/llvm-gcc accepts -g... yes
checking for /usr/bin/llvm-gcc option to accept ISO C89... none needed
checking for style of include used by make... GNU
checking dependency style of /usr/bin/llvm-gcc... gcc3
checking for ar... ar
checking the archiver (ar) interface... ar
checking for ranlib... ranlib
checking that generated files are newer than configure... done
configure: creating ./config.status
config.status: creating Makefile
config.status: executing depfiles commands
+ make all
/usr/bin/llvm-gcc -DPACKAGE_NAME=\"instspc\" -DPACKAGE_TARNAME=\"instspc\" -DPACKAGE_VERSION=\"1.0\" -DPACKAGE_STRING=\"instspc\ 1.0\" -DPACKAGE_BUGREPORT=\"\" -DPACKAGE_URL=\"\" -DPACKAGE=\"instspc\" -DVERSION=\"1.0\" -I. -I..   -I/usr/local/Cellar/libffi/3.0.10/include -I/usr/local/Cellar/gettext/0.18.1.1/include  -Os -w -pipe   -march=core2 -msse4 -MT source.o -MD -MP -MF .deps/source.Tpo -c -o source.o ../source.c
mv -f .deps/source.Tpo .deps/source.Po
rm -f sub/libbase.a
ar cru sub/libbase.a source.o 
ranlib sub/libbase.a
rm -f sub/libnobase.a
ar cru sub/libnobase.a source.o 
ranlib sub/libnobase.a
/usr/bin/llvm-gcc  -Os -w -pipe   -march=core2 -msse4  -L/usr/local/Cellar/libffi/3.0.10/lib -L/usr/local/Cellar/gettext/0.18.1.1/lib -o sub/base source.o  
/usr/bin/llvm-gcc  -Os -w -pipe   -march=core2 -msse4  -L/usr/local/Cellar/libffi/3.0.10/lib -L/usr/local/Cellar/gettext/0.18.1.1/lib -o sub/nobase source.o  
+ DESTDIR=/private/tmp/homebrew-automake-HEAD-mfsB/tests/instspc.dir/dest-dosdrive
+ file=./a:
+ make -e test-inst
test -z "/a:-prefix/foo" || ../install-sh -c -d "/private/tmp/homebrew-automake-HEAD-mfsB/tests/instspc.dir/dest-dosdrive/a:-prefix/foo"
 /usr/bin/install -c ../sub/base.sh '/private/tmp/homebrew-automake-HEAD-mfsB/tests/instspc.dir/dest-dosdrive/a:-prefix/foo'
test -z "/a:-prefix/foo" || ../install-sh -c -d "/private/tmp/homebrew-automake-HEAD-mfsB/tests/instspc.dir/dest-dosdrive/a:-prefix/foo"
 /usr/bin/install -c -m 644  sub/libbase.a '/private/tmp/homebrew-automake-HEAD-mfsB/tests/instspc.dir/dest-dosdrive/a:-prefix/foo'
 ( cd '/private/tmp/homebrew-automake-HEAD-mfsB/tests/instspc.dir/dest-dosdrive/a:-prefix/foo' && ranlib libbase.a )
test -z "/a:-prefix/foo" || ../install-sh -c -d "/private/tmp/homebrew-automake-HEAD-mfsB/tests/instspc.dir/dest-dosdrive/a:-prefix/foo"
  /usr/bin/install -c sub/base '/private/tmp/homebrew-automake-HEAD-mfsB/tests/instspc.dir/dest-dosdrive/a:-prefix/foo'
test -z "/a:-prefix/foo" || ../install-sh -c -d "/private/tmp/homebrew-automake-HEAD-mfsB/tests/instspc.dir/dest-dosdrive/a:-prefix/foo"
 ../install-sh -c -d '/private/tmp/homebrew-automake-HEAD-mfsB/tests/instspc.dir/dest-dosdrive/a:-prefix/foo/sub/'
 /usr/bin/install -c ../sub/nobase.sh '/private/tmp/homebrew-automake-HEAD-mfsB/tests/instspc.dir/dest-dosdrive/a:-prefix/foo/sub/'
test -z "/a:-prefix/foo" || ../install-sh -c -d "/private/tmp/homebrew-automake-HEAD-mfsB/tests/instspc.dir/dest-dosdrive/a:-prefix/foo"
../install-sh -c -d '/private/tmp/homebrew-automake-HEAD-mfsB/tests/instspc.dir/dest-dosdrive/a:-prefix/foo/sub'
 /usr/bin/install -c -m 644  sub/libnobase.a '/private/tmp/homebrew-automake-HEAD-mfsB/tests/instspc.dir/dest-dosdrive/a:-prefix/foo/sub'
 ( cd '/private/tmp/homebrew-automake-HEAD-mfsB/tests/instspc.dir/dest-dosdrive/a:-prefix/foo' && ranlib sub/libnobase.a )
test -z "/a:-prefix/foo" || ../install-sh -c -d "/private/tmp/homebrew-automake-HEAD-mfsB/tests/instspc.dir/dest-dosdrive/a:-prefix/foo"
 ../install-sh -c -d '/private/tmp/homebrew-automake-HEAD-mfsB/tests/instspc.dir/dest-dosdrive/a:-prefix/foo/sub/'
  /usr/bin/install -c sub/nobase '/private/tmp/homebrew-automake-HEAD-mfsB/tests/instspc.dir/dest-dosdrive/a:-prefix/foo/sub/'
test -z "/a:-prefix/foo" || ../install-sh -c -d "/private/tmp/homebrew-automake-HEAD-mfsB/tests/instspc.dir/dest-dosdrive/a:-prefix/foo"
 /usr/bin/install -c -m 644 ../sub/base.dat '/private/tmp/homebrew-automake-HEAD-mfsB/tests/instspc.dir/dest-dosdrive/a:-prefix/foo'
test -z "/a:-prefix/foo" || ../install-sh -c -d "/private/tmp/homebrew-automake-HEAD-mfsB/tests/instspc.dir/dest-dosdrive/a:-prefix/foo"
 /usr/bin/install -c -m 644 ../sub/base.h '/private/tmp/homebrew-automake-HEAD-mfsB/tests/instspc.dir/dest-dosdrive/a:-prefix/foo'
test -z "/a:-prefix/foo" || ../install-sh -c -d "/private/tmp/homebrew-automake-HEAD-mfsB/tests/instspc.dir/dest-dosdrive/a:-prefix/foo"
../install-sh -c -d '/private/tmp/homebrew-automake-HEAD-mfsB/tests/instspc.dir/dest-dosdrive/a:-prefix/foo/sub'
 /usr/bin/install -c -m 644  ../sub/nobase.dat '/private/tmp/homebrew-automake-HEAD-mfsB/tests/instspc.dir/dest-dosdrive/a:-prefix/foo/sub'
test -z "/a:-prefix/foo" || ../install-sh -c -d "/private/tmp/homebrew-automake-HEAD-mfsB/tests/instspc.dir/dest-dosdrive/a:-prefix/foo"
../install-sh -c -d '/private/tmp/homebrew-automake-HEAD-mfsB/tests/instspc.dir/dest-dosdrive/a:-prefix/foo/sub'
 /usr/bin/install -c -m 644  ../sub/nobase.h '/private/tmp/homebrew-automake-HEAD-mfsB/tests/instspc.dir/dest-dosdrive/a:-prefix/foo/sub'
test   -f '/private/tmp/homebrew-automake-HEAD-mfsB/tests/instspc.dir/dest-dosdrive/./a:-prefix/foo/sub/nobase.h'
test ! -f '/private/tmp/homebrew-automake-HEAD-mfsB/tests/instspc.dir/dest-dosdrive/./a:-prefix/foo/nobase.h'
test   -f '/private/tmp/homebrew-automake-HEAD-mfsB/tests/instspc.dir/dest-dosdrive/./a:-prefix/foo/base.h'
test   -f '/private/tmp/homebrew-automake-HEAD-mfsB/tests/instspc.dir/dest-dosdrive/./a:-prefix/foo/sub/nobase.dat'
test ! -f '/private/tmp/homebrew-automake-HEAD-mfsB/tests/instspc.dir/dest-dosdrive/./a:-prefix/foo/nobase.dat'
test   -f '/private/tmp/homebrew-automake-HEAD-mfsB/tests/instspc.dir/dest-dosdrive/./a:-prefix/foo/base.dat'
test   -f '/private/tmp/homebrew-automake-HEAD-mfsB/tests/instspc.dir/dest-dosdrive/./a:-prefix/foo/sub/nobase.sh'
test ! -f '/private/tmp/homebrew-automake-HEAD-mfsB/tests/instspc.dir/dest-dosdrive/./a:-prefix/foo/nobase.sh'
test   -f '/private/tmp/homebrew-automake-HEAD-mfsB/tests/instspc.dir/dest-dosdrive/./a:-prefix/foo/base.sh'
test   -f '/private/tmp/homebrew-automake-HEAD-mfsB/tests/instspc.dir/dest-dosdrive/./a:-prefix/foo/sub/nobase'
test ! -f '/private/tmp/homebrew-automake-HEAD-mfsB/tests/instspc.dir/dest-dosdrive/./a:-prefix/foo/nobase'
test   -f '/private/tmp/homebrew-automake-HEAD-mfsB/tests/instspc.dir/dest-dosdrive/./a:-prefix/foo/base'
test   -f '/private/tmp/homebrew-automake-HEAD-mfsB/tests/instspc.dir/dest-dosdrive/./a:-prefix/foo/sub/libnobase.a'
test ! -f '/private/tmp/homebrew-automake-HEAD-mfsB/tests/instspc.dir/dest-dosdrive/./a:-prefix/foo/libnobase.a'
test   -f '/private/tmp/homebrew-automake-HEAD-mfsB/tests/instspc.dir/dest-dosdrive/./a:-prefix/foo/libbase.a'
+ description='dosdrive in builddir'
+ expected_to_fail build dosdrive
+ case $1 in
+ is_in_list dosdrive squote dquote bquote sharp dollar bslash ampersand linefeed quadrigraph0 a_lf_b
+ item=dosdrive
+ shift
+ case " $* " in
+ return 1
+ directive=
+ reason=
+ result_ ok -D '' -r '' -- 'dosdrive in builddir'
+ set +x
ok 89 - dosdrive in builddir
PASS: instspc.tap 89 - dosdrive in builddir
+ cd /private/tmp/homebrew-automake-HEAD-mfsB/tests/instspc.dir
+ not am_keeping_testdirs
+ am_keeping_testdirs
+ case $keep_testdirs in
+ return 1
+ return 0
+ test ok = ok
+ rm_rf_ ./a: /private/tmp/homebrew-automake-HEAD-mfsB/tests/instspc.dir/dest-dosdrive
+ test 2 -gt 0
+ find ./a: /private/tmp/homebrew-automake-HEAD-mfsB/tests/instspc.dir/dest-dosdrive -type d '!' -perm -700 -exec chmod u+rwx '{}' ';'
+ rm -rf ./a: /private/tmp/homebrew-automake-HEAD-mfsB/tests/instspc.dir/dest-dosdrive
+ for where in build dest
+ case $where in
+ build=build-dosdrive
+ dest=/private/tmp/homebrew-automake-HEAD-mfsB/tests/instspc.dir/a:
+ mkdir build-dosdrive
+ cd build-dosdrive
+ r=ok
+ ../configure --prefix /a:-prefix
checking for a BSD-compatible install... /usr/bin/install -c
checking whether build environment is sane... yes
checking for a thread-safe mkdir -p... ../install-sh -c -d
checking for gawk... gawk
checking whether make sets $(MAKE)... yes
checking for gcc... /usr/bin/llvm-gcc
checking whether the C compiler works... yes
checking for C compiler default output file name... a.out
checking for suffix of executables... 
checking whether we are cross compiling... no
checking for suffix of object files... o
checking whether we are using the GNU C compiler... yes
checking whether /usr/bin/llvm-gcc accepts -g... yes
checking for /usr/bin/llvm-gcc option to accept ISO C89... none needed
checking for style of include used by make... GNU
checking dependency style of /usr/bin/llvm-gcc... gcc3
checking for ar... ar
checking the archiver (ar) interface... ar
checking for ranlib... ranlib
checking that generated files are newer than configure... done
configure: creating ./config.status
config.status: creating Makefile
config.status: executing depfiles commands
+ make all
/usr/bin/llvm-gcc -DPACKAGE_NAME=\"instspc\" -DPACKAGE_TARNAME=\"instspc\" -DPACKAGE_VERSION=\"1.0\" -DPACKAGE_STRING=\"instspc\ 1.0\" -DPACKAGE_BUGREPORT=\"\" -DPACKAGE_URL=\"\" -DPACKAGE=\"instspc\" -DVERSION=\"1.0\" -I. -I..   -I/usr/local/Cellar/libffi/3.0.10/include -I/usr/local/Cellar/gettext/0.18.1.1/include  -Os -w -pipe   -march=core2 -msse4 -MT source.o -MD -MP -MF .deps/source.Tpo -c -o source.o ../source.c
mv -f .deps/source.Tpo .deps/source.Po
rm -f sub/libbase.a
ar cru sub/libbase.a source.o 
ranlib sub/libbase.a
rm -f sub/libnobase.a
ar cru sub/libnobase.a source.o 
ranlib sub/libnobase.a
/usr/bin/llvm-gcc  -Os -w -pipe   -march=core2 -msse4  -L/usr/local/Cellar/libffi/3.0.10/lib -L/usr/local/Cellar/gettext/0.18.1.1/lib -o sub/base source.o  
/usr/bin/llvm-gcc  -Os -w -pipe   -march=core2 -msse4  -L/usr/local/Cellar/libffi/3.0.10/lib -L/usr/local/Cellar/gettext/0.18.1.1/lib -o sub/nobase source.o  
+ DESTDIR=/private/tmp/homebrew-automake-HEAD-mfsB/tests/instspc.dir/a:
+ file=./a:
+ make -e test-inst
test -z "/a:-prefix/foo" || ../install-sh -c -d "/private/tmp/homebrew-automake-HEAD-mfsB/tests/instspc.dir/a:/a:-prefix/foo"
 /usr/bin/install -c ../sub/base.sh '/private/tmp/homebrew-automake-HEAD-mfsB/tests/instspc.dir/a:/a:-prefix/foo'
test -z "/a:-prefix/foo" || ../install-sh -c -d "/private/tmp/homebrew-automake-HEAD-mfsB/tests/instspc.dir/a:/a:-prefix/foo"
 /usr/bin/install -c -m 644  sub/libbase.a '/private/tmp/homebrew-automake-HEAD-mfsB/tests/instspc.dir/a:/a:-prefix/foo'
 ( cd '/private/tmp/homebrew-automake-HEAD-mfsB/tests/instspc.dir/a:/a:-prefix/foo' && ranlib libbase.a )
test -z "/a:-prefix/foo" || ../install-sh -c -d "/private/tmp/homebrew-automake-HEAD-mfsB/tests/instspc.dir/a:/a:-prefix/foo"
  /usr/bin/install -c sub/base '/private/tmp/homebrew-automake-HEAD-mfsB/tests/instspc.dir/a:/a:-prefix/foo'
test -z "/a:-prefix/foo" || ../install-sh -c -d "/private/tmp/homebrew-automake-HEAD-mfsB/tests/instspc.dir/a:/a:-prefix/foo"
 ../install-sh -c -d '/private/tmp/homebrew-automake-HEAD-mfsB/tests/instspc.dir/a:/a:-prefix/foo/sub/'
 /usr/bin/install -c ../sub/nobase.sh '/private/tmp/homebrew-automake-HEAD-mfsB/tests/instspc.dir/a:/a:-prefix/foo/sub/'
test -z "/a:-prefix/foo" || ../install-sh -c -d "/private/tmp/homebrew-automake-HEAD-mfsB/tests/instspc.dir/a:/a:-prefix/foo"
../install-sh -c -d '/private/tmp/homebrew-automake-HEAD-mfsB/tests/instspc.dir/a:/a:-prefix/foo/sub'
 /usr/bin/install -c -m 644  sub/libnobase.a '/private/tmp/homebrew-automake-HEAD-mfsB/tests/instspc.dir/a:/a:-prefix/foo/sub'
 ( cd '/private/tmp/homebrew-automake-HEAD-mfsB/tests/instspc.dir/a:/a:-prefix/foo' && ranlib sub/libnobase.a )
test -z "/a:-prefix/foo" || ../install-sh -c -d "/private/tmp/homebrew-automake-HEAD-mfsB/tests/instspc.dir/a:/a:-prefix/foo"
 ../install-sh -c -d '/private/tmp/homebrew-automake-HEAD-mfsB/tests/instspc.dir/a:/a:-prefix/foo/sub/'
  /usr/bin/install -c sub/nobase '/private/tmp/homebrew-automake-HEAD-mfsB/tests/instspc.dir/a:/a:-prefix/foo/sub/'
test -z "/a:-prefix/foo" || ../install-sh -c -d "/private/tmp/homebrew-automake-HEAD-mfsB/tests/instspc.dir/a:/a:-prefix/foo"
 /usr/bin/install -c -m 644 ../sub/base.dat '/private/tmp/homebrew-automake-HEAD-mfsB/tests/instspc.dir/a:/a:-prefix/foo'
test -z "/a:-prefix/foo" || ../install-sh -c -d "/private/tmp/homebrew-automake-HEAD-mfsB/tests/instspc.dir/a:/a:-prefix/foo"
 /usr/bin/install -c -m 644 ../sub/base.h '/private/tmp/homebrew-automake-HEAD-mfsB/tests/instspc.dir/a:/a:-prefix/foo'
test -z "/a:-prefix/foo" || ../install-sh -c -d "/private/tmp/homebrew-automake-HEAD-mfsB/tests/instspc.dir/a:/a:-prefix/foo"
../install-sh -c -d '/private/tmp/homebrew-automake-HEAD-mfsB/tests/instspc.dir/a:/a:-prefix/foo/sub'
 /usr/bin/install -c -m 644  ../sub/nobase.dat '/private/tmp/homebrew-automake-HEAD-mfsB/tests/instspc.dir/a:/a:-prefix/foo/sub'
test -z "/a:-prefix/foo" || ../install-sh -c -d "/private/tmp/homebrew-automake-HEAD-mfsB/tests/instspc.dir/a:/a:-prefix/foo"
../install-sh -c -d '/private/tmp/homebrew-automake-HEAD-mfsB/tests/instspc.dir/a:/a:-prefix/foo/sub'
 /usr/bin/install -c -m 644  ../sub/nobase.h '/private/tmp/homebrew-automake-HEAD-mfsB/tests/instspc.dir/a:/a:-prefix/foo/sub'
test   -f '/private/tmp/homebrew-automake-HEAD-mfsB/tests/instspc.dir/a:/./a:-prefix/foo/sub/nobase.h'
test ! -f '/private/tmp/homebrew-automake-HEAD-mfsB/tests/instspc.dir/a:/./a:-prefix/foo/nobase.h'
test   -f '/private/tmp/homebrew-automake-HEAD-mfsB/tests/instspc.dir/a:/./a:-prefix/foo/base.h'
test   -f '/private/tmp/homebrew-automake-HEAD-mfsB/tests/instspc.dir/a:/./a:-prefix/foo/sub/nobase.dat'
test ! -f '/private/tmp/homebrew-automake-HEAD-mfsB/tests/instspc.dir/a:/./a:-prefix/foo/nobase.dat'
test   -f '/private/tmp/homebrew-automake-HEAD-mfsB/tests/instspc.dir/a:/./a:-prefix/foo/base.dat'
test   -f '/private/tmp/homebrew-automake-HEAD-mfsB/tests/instspc.dir/a:/./a:-prefix/foo/sub/nobase.sh'
test ! -f '/private/tmp/homebrew-automake-HEAD-mfsB/tests/instspc.dir/a:/./a:-prefix/foo/nobase.sh'
test   -f '/private/tmp/homebrew-automake-HEAD-mfsB/tests/instspc.dir/a:/./a:-prefix/foo/base.sh'
test   -f '/private/tmp/homebrew-automake-HEAD-mfsB/tests/instspc.dir/a:/./a:-prefix/foo/sub/nobase'
test ! -f '/private/tmp/homebrew-automake-HEAD-mfsB/tests/instspc.dir/a:/./a:-prefix/foo/nobase'
test   -f '/private/tmp/homebrew-automake-HEAD-mfsB/tests/instspc.dir/a:/./a:-prefix/foo/base'
test   -f '/private/tmp/homebrew-automake-HEAD-mfsB/tests/instspc.dir/a:/./a:-prefix/foo/sub/libnobase.a'
test ! -f '/private/tmp/homebrew-automake-HEAD-mfsB/tests/instspc.dir/a:/./a:-prefix/foo/libnobase.a'
test   -f '/private/tmp/homebrew-automake-HEAD-mfsB/tests/instspc.dir/a:/./a:-prefix/foo/libbase.a'
+ description='dosdrive in destdir'
+ expected_to_fail dest dosdrive
+ case $1 in
+ is_in_list dosdrive squote dquote bquote sharp dollar linefeed a_lf_b
+ item=dosdrive
+ shift
+ case " $* " in
+ return 1
+ directive=
+ reason=
+ result_ ok -D '' -r '' -- 'dosdrive in destdir'
+ set +x
ok 90 - dosdrive in destdir
PASS: instspc.tap 90 - dosdrive in destdir
+ cd /private/tmp/homebrew-automake-HEAD-mfsB/tests/instspc.dir
+ not am_keeping_testdirs
+ am_keeping_testdirs
+ case $keep_testdirs in
+ return 1
+ return 0
+ test ok = ok
+ rm_rf_ build-dosdrive /private/tmp/homebrew-automake-HEAD-mfsB/tests/instspc.dir/a:
+ test 2 -gt 0
+ find build-dosdrive /private/tmp/homebrew-automake-HEAD-mfsB/tests/instspc.dir/a: -type d '!' -perm -700 -exec chmod u+rwx '{}' ';'
+ rm -rf build-dosdrive /private/tmp/homebrew-automake-HEAD-mfsB/tests/instspc.dir/a:
+ for test_name in '$test_names_list'
+ eval 'test_string=${instspc__miscglob1}'
++ test_string='?[a-z]*'
+ test 'x?[a-z]*' = x
+ mkdir './?[a-z]*'
+ case $test_string in
+ for where in build dest
+ case $where in
+ build='./?[a-z]*'
+ dest=/private/tmp/homebrew-automake-HEAD-mfsB/tests/instspc.dir/dest-miscglob1
+ cd './?[a-z]*'
+ r=ok
+ ../configure --prefix '/?[a-z]*-prefix'
checking for a BSD-compatible install... /usr/bin/install -c
checking whether build environment is sane... yes
checking for a thread-safe mkdir -p... ../install-sh -c -d
checking for gawk... gawk
checking whether make sets $(MAKE)... yes
checking for gcc... /usr/bin/llvm-gcc
checking whether the C compiler works... yes
checking for C compiler default output file name... a.out
checking for suffix of executables... 
checking whether we are cross compiling... no
checking for suffix of object files... o
checking whether we are using the GNU C compiler... yes
checking whether /usr/bin/llvm-gcc accepts -g... yes
checking for /usr/bin/llvm-gcc option to accept ISO C89... none needed
checking for style of include used by make... GNU
checking dependency style of /usr/bin/llvm-gcc... gcc3
checking for ar... ar
checking the archiver (ar) interface... ar
checking for ranlib... ranlib
checking that generated files are newer than configure... done
configure: creating ./config.status
config.status: creating Makefile
config.status: executing depfiles commands
+ make all
/usr/bin/llvm-gcc -DPACKAGE_NAME=\"instspc\" -DPACKAGE_TARNAME=\"instspc\" -DPACKAGE_VERSION=\"1.0\" -DPACKAGE_STRING=\"instspc\ 1.0\" -DPACKAGE_BUGREPORT=\"\" -DPACKAGE_URL=\"\" -DPACKAGE=\"instspc\" -DVERSION=\"1.0\" -I. -I..   -I/usr/local/Cellar/libffi/3.0.10/include -I/usr/local/Cellar/gettext/0.18.1.1/include  -Os -w -pipe   -march=core2 -msse4 -MT source.o -MD -MP -MF .deps/source.Tpo -c -o source.o ../source.c
mv -f .deps/source.Tpo .deps/source.Po
rm -f sub/libbase.a
ar cru sub/libbase.a source.o 
ranlib sub/libbase.a
rm -f sub/libnobase.a
ar cru sub/libnobase.a source.o 
ranlib sub/libnobase.a
/usr/bin/llvm-gcc  -Os -w -pipe   -march=core2 -msse4  -L/usr/local/Cellar/libffi/3.0.10/lib -L/usr/local/Cellar/gettext/0.18.1.1/lib -o sub/base source.o  
/usr/bin/llvm-gcc  -Os -w -pipe   -march=core2 -msse4  -L/usr/local/Cellar/libffi/3.0.10/lib -L/usr/local/Cellar/gettext/0.18.1.1/lib -o sub/nobase source.o  
+ DESTDIR=/private/tmp/homebrew-automake-HEAD-mfsB/tests/instspc.dir/dest-miscglob1
+ file='./?[a-z]*'
+ make -e test-inst
test -z "/?[a-z]*-prefix/foo" || ../install-sh -c -d "/private/tmp/homebrew-automake-HEAD-mfsB/tests/instspc.dir/dest-miscglob1/?[a-z]*-prefix/foo"
 /usr/bin/install -c ../sub/base.sh '/private/tmp/homebrew-automake-HEAD-mfsB/tests/instspc.dir/dest-miscglob1/?[a-z]*-prefix/foo'
test -z "/?[a-z]*-prefix/foo" || ../install-sh -c -d "/private/tmp/homebrew-automake-HEAD-mfsB/tests/instspc.dir/dest-miscglob1/?[a-z]*-prefix/foo"
 /usr/bin/install -c -m 644  sub/libbase.a '/private/tmp/homebrew-automake-HEAD-mfsB/tests/instspc.dir/dest-miscglob1/?[a-z]*-prefix/foo'
 ( cd '/private/tmp/homebrew-automake-HEAD-mfsB/tests/instspc.dir/dest-miscglob1/?[a-z]*-prefix/foo' && ranlib libbase.a )
test -z "/?[a-z]*-prefix/foo" || ../install-sh -c -d "/private/tmp/homebrew-automake-HEAD-mfsB/tests/instspc.dir/dest-miscglob1/?[a-z]*-prefix/foo"
  /usr/bin/install -c sub/base '/private/tmp/homebrew-automake-HEAD-mfsB/tests/instspc.dir/dest-miscglob1/?[a-z]*-prefix/foo'
test -z "/?[a-z]*-prefix/foo" || ../install-sh -c -d "/private/tmp/homebrew-automake-HEAD-mfsB/tests/instspc.dir/dest-miscglob1/?[a-z]*-prefix/foo"
 ../install-sh -c -d '/private/tmp/homebrew-automake-HEAD-mfsB/tests/instspc.dir/dest-miscglob1/?[a-z]*-prefix/foo/sub/'
 /usr/bin/install -c ../sub/nobase.sh '/private/tmp/homebrew-automake-HEAD-mfsB/tests/instspc.dir/dest-miscglob1/?[a-z]*-prefix/foo/sub/'
test -z "/?[a-z]*-prefix/foo" || ../install-sh -c -d "/private/tmp/homebrew-automake-HEAD-mfsB/tests/instspc.dir/dest-miscglob1/?[a-z]*-prefix/foo"
../install-sh -c -d '/private/tmp/homebrew-automake-HEAD-mfsB/tests/instspc.dir/dest-miscglob1/?[a-z]*-prefix/foo/sub'
 /usr/bin/install -c -m 644  sub/libnobase.a '/private/tmp/homebrew-automake-HEAD-mfsB/tests/instspc.dir/dest-miscglob1/?[a-z]*-prefix/foo/sub'
 ( cd '/private/tmp/homebrew-automake-HEAD-mfsB/tests/instspc.dir/dest-miscglob1/?[a-z]*-prefix/foo' && ranlib sub/libnobase.a )
test -z "/?[a-z]*-prefix/foo" || ../install-sh -c -d "/private/tmp/homebrew-automake-HEAD-mfsB/tests/instspc.dir/dest-miscglob1/?[a-z]*-prefix/foo"
 ../install-sh -c -d '/private/tmp/homebrew-automake-HEAD-mfsB/tests/instspc.dir/dest-miscglob1/?[a-z]*-prefix/foo/sub/'
  /usr/bin/install -c sub/nobase '/private/tmp/homebrew-automake-HEAD-mfsB/tests/instspc.dir/dest-miscglob1/?[a-z]*-prefix/foo/sub/'
test -z "/?[a-z]*-prefix/foo" || ../install-sh -c -d "/private/tmp/homebrew-automake-HEAD-mfsB/tests/instspc.dir/dest-miscglob1/?[a-z]*-prefix/foo"
 /usr/bin/install -c -m 644 ../sub/base.dat '/private/tmp/homebrew-automake-HEAD-mfsB/tests/instspc.dir/dest-miscglob1/?[a-z]*-prefix/foo'
test -z "/?[a-z]*-prefix/foo" || ../install-sh -c -d "/private/tmp/homebrew-automake-HEAD-mfsB/tests/instspc.dir/dest-miscglob1/?[a-z]*-prefix/foo"
 /usr/bin/install -c -m 644 ../sub/base.h '/private/tmp/homebrew-automake-HEAD-mfsB/tests/instspc.dir/dest-miscglob1/?[a-z]*-prefix/foo'
test -z "/?[a-z]*-prefix/foo" || ../install-sh -c -d "/private/tmp/homebrew-automake-HEAD-mfsB/tests/instspc.dir/dest-miscglob1/?[a-z]*-prefix/foo"
../install-sh -c -d '/private/tmp/homebrew-automake-HEAD-mfsB/tests/instspc.dir/dest-miscglob1/?[a-z]*-prefix/foo/sub'
 /usr/bin/install -c -m 644  ../sub/nobase.dat '/private/tmp/homebrew-automake-HEAD-mfsB/tests/instspc.dir/dest-miscglob1/?[a-z]*-prefix/foo/sub'
test -z "/?[a-z]*-prefix/foo" || ../install-sh -c -d "/private/tmp/homebrew-automake-HEAD-mfsB/tests/instspc.dir/dest-miscglob1/?[a-z]*-prefix/foo"
../install-sh -c -d '/private/tmp/homebrew-automake-HEAD-mfsB/tests/instspc.dir/dest-miscglob1/?[a-z]*-prefix/foo/sub'
 /usr/bin/install -c -m 644  ../sub/nobase.h '/private/tmp/homebrew-automake-HEAD-mfsB/tests/instspc.dir/dest-miscglob1/?[a-z]*-prefix/foo/sub'
test   -f '/private/tmp/homebrew-automake-HEAD-mfsB/tests/instspc.dir/dest-miscglob1/./?[a-z]*-prefix/foo/sub/nobase.h'
test ! -f '/private/tmp/homebrew-automake-HEAD-mfsB/tests/instspc.dir/dest-miscglob1/./?[a-z]*-prefix/foo/nobase.h'
test   -f '/private/tmp/homebrew-automake-HEAD-mfsB/tests/instspc.dir/dest-miscglob1/./?[a-z]*-prefix/foo/base.h'
test   -f '/private/tmp/homebrew-automake-HEAD-mfsB/tests/instspc.dir/dest-miscglob1/./?[a-z]*-prefix/foo/sub/nobase.dat'
test ! -f '/private/tmp/homebrew-automake-HEAD-mfsB/tests/instspc.dir/dest-miscglob1/./?[a-z]*-prefix/foo/nobase.dat'
test   -f '/private/tmp/homebrew-automake-HEAD-mfsB/tests/instspc.dir/dest-miscglob1/./?[a-z]*-prefix/foo/base.dat'
test   -f '/private/tmp/homebrew-automake-HEAD-mfsB/tests/instspc.dir/dest-miscglob1/./?[a-z]*-prefix/foo/sub/nobase.sh'
test ! -f '/private/tmp/homebrew-automake-HEAD-mfsB/tests/instspc.dir/dest-miscglob1/./?[a-z]*-prefix/foo/nobase.sh'
test   -f '/private/tmp/homebrew-automake-HEAD-mfsB/tests/instspc.dir/dest-miscglob1/./?[a-z]*-prefix/foo/base.sh'
test   -f '/private/tmp/homebrew-automake-HEAD-mfsB/tests/instspc.dir/dest-miscglob1/./?[a-z]*-prefix/foo/sub/nobase'
test ! -f '/private/tmp/homebrew-automake-HEAD-mfsB/tests/instspc.dir/dest-miscglob1/./?[a-z]*-prefix/foo/nobase'
test   -f '/private/tmp/homebrew-automake-HEAD-mfsB/tests/instspc.dir/dest-miscglob1/./?[a-z]*-prefix/foo/base'
test   -f '/private/tmp/homebrew-automake-HEAD-mfsB/tests/instspc.dir/dest-miscglob1/./?[a-z]*-prefix/foo/sub/libnobase.a'
test ! -f '/private/tmp/homebrew-automake-HEAD-mfsB/tests/instspc.dir/dest-miscglob1/./?[a-z]*-prefix/foo/libnobase.a'
test   -f '/private/tmp/homebrew-automake-HEAD-mfsB/tests/instspc.dir/dest-miscglob1/./?[a-z]*-prefix/foo/libbase.a'
+ description='miscglob1 in builddir'
+ expected_to_fail build miscglob1
+ case $1 in
+ is_in_list miscglob1 squote dquote bquote sharp dollar bslash ampersand linefeed quadrigraph0 a_lf_b
+ item=miscglob1
+ shift
+ case " $* " in
+ return 1
+ directive=
+ reason=
+ result_ ok -D '' -r '' -- 'miscglob1 in builddir'
+ set +x
ok 91 - miscglob1 in builddir
PASS: instspc.tap 91 - miscglob1 in builddir
+ cd /private/tmp/homebrew-automake-HEAD-mfsB/tests/instspc.dir
+ not am_keeping_testdirs
+ am_keeping_testdirs
+ case $keep_testdirs in
+ return 1
+ return 0
+ test ok = ok
+ rm_rf_ './?[a-z]*' /private/tmp/homebrew-automake-HEAD-mfsB/tests/instspc.dir/dest-miscglob1
+ test 2 -gt 0
+ find './?[a-z]*' /private/tmp/homebrew-automake-HEAD-mfsB/tests/instspc.dir/dest-miscglob1 -type d '!' -perm -700 -exec chmod u+rwx '{}' ';'
+ rm -rf './?[a-z]*' /private/tmp/homebrew-automake-HEAD-mfsB/tests/instspc.dir/dest-miscglob1
+ for where in build dest
+ case $where in
+ build=build-miscglob1
+ dest='/private/tmp/homebrew-automake-HEAD-mfsB/tests/instspc.dir/?[a-z]*'
+ mkdir build-miscglob1
+ cd build-miscglob1
+ r=ok
+ ../configure --prefix '/?[a-z]*-prefix'
checking for a BSD-compatible install... /usr/bin/install -c
checking whether build environment is sane... yes
checking for a thread-safe mkdir -p... ../install-sh -c -d
checking for gawk... gawk
checking whether make sets $(MAKE)... yes
checking for gcc... /usr/bin/llvm-gcc
checking whether the C compiler works... yes
checking for C compiler default output file name... a.out
checking for suffix of executables... 
checking whether we are cross compiling... no
checking for suffix of object files... o
checking whether we are using the GNU C compiler... yes
checking whether /usr/bin/llvm-gcc accepts -g... yes
checking for /usr/bin/llvm-gcc option to accept ISO C89... none needed
checking for style of include used by make... GNU
checking dependency style of /usr/bin/llvm-gcc... gcc3
checking for ar... ar
checking the archiver (ar) interface... ar
checking for ranlib... ranlib
checking that generated files are newer than configure... done
configure: creating ./config.status
config.status: creating Makefile
config.status: executing depfiles commands
+ make all
/usr/bin/llvm-gcc -DPACKAGE_NAME=\"instspc\" -DPACKAGE_TARNAME=\"instspc\" -DPACKAGE_VERSION=\"1.0\" -DPACKAGE_STRING=\"instspc\ 1.0\" -DPACKAGE_BUGREPORT=\"\" -DPACKAGE_URL=\"\" -DPACKAGE=\"instspc\" -DVERSION=\"1.0\" -I. -I..   -I/usr/local/Cellar/libffi/3.0.10/include -I/usr/local/Cellar/gettext/0.18.1.1/include  -Os -w -pipe   -march=core2 -msse4 -MT source.o -MD -MP -MF .deps/source.Tpo -c -o source.o ../source.c
mv -f .deps/source.Tpo .deps/source.Po
rm -f sub/libbase.a
ar cru sub/libbase.a source.o 
ranlib sub/libbase.a
rm -f sub/libnobase.a
ar cru sub/libnobase.a source.o 
ranlib sub/libnobase.a
/usr/bin/llvm-gcc  -Os -w -pipe   -march=core2 -msse4  -L/usr/local/Cellar/libffi/3.0.10/lib -L/usr/local/Cellar/gettext/0.18.1.1/lib -o sub/base source.o  
/usr/bin/llvm-gcc  -Os -w -pipe   -march=core2 -msse4  -L/usr/local/Cellar/libffi/3.0.10/lib -L/usr/local/Cellar/gettext/0.18.1.1/lib -o sub/nobase source.o  
+ DESTDIR='/private/tmp/homebrew-automake-HEAD-mfsB/tests/instspc.dir/?[a-z]*'
+ file='./?[a-z]*'
+ make -e test-inst
test -z "/?[a-z]*-prefix/foo" || ../install-sh -c -d "/private/tmp/homebrew-automake-HEAD-mfsB/tests/instspc.dir/?[a-z]*/?[a-z]*-prefix/foo"
 /usr/bin/install -c ../sub/base.sh '/private/tmp/homebrew-automake-HEAD-mfsB/tests/instspc.dir/?[a-z]*/?[a-z]*-prefix/foo'
test -z "/?[a-z]*-prefix/foo" || ../install-sh -c -d "/private/tmp/homebrew-automake-HEAD-mfsB/tests/instspc.dir/?[a-z]*/?[a-z]*-prefix/foo"
 /usr/bin/install -c -m 644  sub/libbase.a '/private/tmp/homebrew-automake-HEAD-mfsB/tests/instspc.dir/?[a-z]*/?[a-z]*-prefix/foo'
 ( cd '/private/tmp/homebrew-automake-HEAD-mfsB/tests/instspc.dir/?[a-z]*/?[a-z]*-prefix/foo' && ranlib libbase.a )
test -z "/?[a-z]*-prefix/foo" || ../install-sh -c -d "/private/tmp/homebrew-automake-HEAD-mfsB/tests/instspc.dir/?[a-z]*/?[a-z]*-prefix/foo"
  /usr/bin/install -c sub/base '/private/tmp/homebrew-automake-HEAD-mfsB/tests/instspc.dir/?[a-z]*/?[a-z]*-prefix/foo'
test -z "/?[a-z]*-prefix/foo" || ../install-sh -c -d "/private/tmp/homebrew-automake-HEAD-mfsB/tests/instspc.dir/?[a-z]*/?[a-z]*-prefix/foo"
 ../install-sh -c -d '/private/tmp/homebrew-automake-HEAD-mfsB/tests/instspc.dir/?[a-z]*/?[a-z]*-prefix/foo/sub/'
 /usr/bin/install -c ../sub/nobase.sh '/private/tmp/homebrew-automake-HEAD-mfsB/tests/instspc.dir/?[a-z]*/?[a-z]*-prefix/foo/sub/'
test -z "/?[a-z]*-prefix/foo" || ../install-sh -c -d "/private/tmp/homebrew-automake-HEAD-mfsB/tests/instspc.dir/?[a-z]*/?[a-z]*-prefix/foo"
../install-sh -c -d '/private/tmp/homebrew-automake-HEAD-mfsB/tests/instspc.dir/?[a-z]*/?[a-z]*-prefix/foo/sub'
 /usr/bin/install -c -m 644  sub/libnobase.a '/private/tmp/homebrew-automake-HEAD-mfsB/tests/instspc.dir/?[a-z]*/?[a-z]*-prefix/foo/sub'
 ( cd '/private/tmp/homebrew-automake-HEAD-mfsB/tests/instspc.dir/?[a-z]*/?[a-z]*-prefix/foo' && ranlib sub/libnobase.a )
test -z "/?[a-z]*-prefix/foo" || ../install-sh -c -d "/private/tmp/homebrew-automake-HEAD-mfsB/tests/instspc.dir/?[a-z]*/?[a-z]*-prefix/foo"
 ../install-sh -c -d '/private/tmp/homebrew-automake-HEAD-mfsB/tests/instspc.dir/?[a-z]*/?[a-z]*-prefix/foo/sub/'
  /usr/bin/install -c sub/nobase '/private/tmp/homebrew-automake-HEAD-mfsB/tests/instspc.dir/?[a-z]*/?[a-z]*-prefix/foo/sub/'
test -z "/?[a-z]*-prefix/foo" || ../install-sh -c -d "/private/tmp/homebrew-automake-HEAD-mfsB/tests/instspc.dir/?[a-z]*/?[a-z]*-prefix/foo"
 /usr/bin/install -c -m 644 ../sub/base.dat '/private/tmp/homebrew-automake-HEAD-mfsB/tests/instspc.dir/?[a-z]*/?[a-z]*-prefix/foo'
test -z "/?[a-z]*-prefix/foo" || ../install-sh -c -d "/private/tmp/homebrew-automake-HEAD-mfsB/tests/instspc.dir/?[a-z]*/?[a-z]*-prefix/foo"
 /usr/bin/install -c -m 644 ../sub/base.h '/private/tmp/homebrew-automake-HEAD-mfsB/tests/instspc.dir/?[a-z]*/?[a-z]*-prefix/foo'
test -z "/?[a-z]*-prefix/foo" || ../install-sh -c -d "/private/tmp/homebrew-automake-HEAD-mfsB/tests/instspc.dir/?[a-z]*/?[a-z]*-prefix/foo"
../install-sh -c -d '/private/tmp/homebrew-automake-HEAD-mfsB/tests/instspc.dir/?[a-z]*/?[a-z]*-prefix/foo/sub'
 /usr/bin/install -c -m 644  ../sub/nobase.dat '/private/tmp/homebrew-automake-HEAD-mfsB/tests/instspc.dir/?[a-z]*/?[a-z]*-prefix/foo/sub'
test -z "/?[a-z]*-prefix/foo" || ../install-sh -c -d "/private/tmp/homebrew-automake-HEAD-mfsB/tests/instspc.dir/?[a-z]*/?[a-z]*-prefix/foo"
../install-sh -c -d '/private/tmp/homebrew-automake-HEAD-mfsB/tests/instspc.dir/?[a-z]*/?[a-z]*-prefix/foo/sub'
 /usr/bin/install -c -m 644  ../sub/nobase.h '/private/tmp/homebrew-automake-HEAD-mfsB/tests/instspc.dir/?[a-z]*/?[a-z]*-prefix/foo/sub'
test   -f '/private/tmp/homebrew-automake-HEAD-mfsB/tests/instspc.dir/?[a-z]*/./?[a-z]*-prefix/foo/sub/nobase.h'
test ! -f '/private/tmp/homebrew-automake-HEAD-mfsB/tests/instspc.dir/?[a-z]*/./?[a-z]*-prefix/foo/nobase.h'
test   -f '/private/tmp/homebrew-automake-HEAD-mfsB/tests/instspc.dir/?[a-z]*/./?[a-z]*-prefix/foo/base.h'
test   -f '/private/tmp/homebrew-automake-HEAD-mfsB/tests/instspc.dir/?[a-z]*/./?[a-z]*-prefix/foo/sub/nobase.dat'
test ! -f '/private/tmp/homebrew-automake-HEAD-mfsB/tests/instspc.dir/?[a-z]*/./?[a-z]*-prefix/foo/nobase.dat'
test   -f '/private/tmp/homebrew-automake-HEAD-mfsB/tests/instspc.dir/?[a-z]*/./?[a-z]*-prefix/foo/base.dat'
test   -f '/private/tmp/homebrew-automake-HEAD-mfsB/tests/instspc.dir/?[a-z]*/./?[a-z]*-prefix/foo/sub/nobase.sh'
test ! -f '/private/tmp/homebrew-automake-HEAD-mfsB/tests/instspc.dir/?[a-z]*/./?[a-z]*-prefix/foo/nobase.sh'
test   -f '/private/tmp/homebrew-automake-HEAD-mfsB/tests/instspc.dir/?[a-z]*/./?[a-z]*-prefix/foo/base.sh'
test   -f '/private/tmp/homebrew-automake-HEAD-mfsB/tests/instspc.dir/?[a-z]*/./?[a-z]*-prefix/foo/sub/nobase'
test ! -f '/private/tmp/homebrew-automake-HEAD-mfsB/tests/instspc.dir/?[a-z]*/./?[a-z]*-prefix/foo/nobase'
test   -f '/private/tmp/homebrew-automake-HEAD-mfsB/tests/instspc.dir/?[a-z]*/./?[a-z]*-prefix/foo/base'
test   -f '/private/tmp/homebrew-automake-HEAD-mfsB/tests/instspc.dir/?[a-z]*/./?[a-z]*-prefix/foo/sub/libnobase.a'
test ! -f '/private/tmp/homebrew-automake-HEAD-mfsB/tests/instspc.dir/?[a-z]*/./?[a-z]*-prefix/foo/libnobase.a'
test   -f '/private/tmp/homebrew-automake-HEAD-mfsB/tests/instspc.dir/?[a-z]*/./?[a-z]*-prefix/foo/libbase.a'
+ description='miscglob1 in destdir'
+ expected_to_fail dest miscglob1
+ case $1 in
+ is_in_list miscglob1 squote dquote bquote sharp dollar linefeed a_lf_b
+ item=miscglob1
+ shift
+ case " $* " in
+ return 1
+ directive=
+ reason=
+ result_ ok -D '' -r '' -- 'miscglob1 in destdir'
+ set +x
ok 92 - miscglob1 in destdir
PASS: instspc.tap 92 - miscglob1 in destdir
+ cd /private/tmp/homebrew-automake-HEAD-mfsB/tests/instspc.dir
+ not am_keeping_testdirs
+ am_keeping_testdirs
+ case $keep_testdirs in
+ return 1
+ return 0
+ test ok = ok
+ rm_rf_ build-miscglob1 '/private/tmp/homebrew-automake-HEAD-mfsB/tests/instspc.dir/?[a-z]*'
+ test 2 -gt 0
+ find build-miscglob1 '/private/tmp/homebrew-automake-HEAD-mfsB/tests/instspc.dir/?[a-z]*' -type d '!' -perm -700 -exec chmod u+rwx '{}' ';'
+ rm -rf build-miscglob1 '/private/tmp/homebrew-automake-HEAD-mfsB/tests/instspc.dir/?[a-z]*'
+ for test_name in '$test_names_list'
+ eval 'test_string=${instspc__miscglob2}'
++ test_string='.*?[0-9]'
+ test 'x.*?[0-9]' = x
+ mkdir './.*?[0-9]'
+ case $test_string in
+ for where in build dest
+ case $where in
+ build='./.*?[0-9]'
+ dest=/private/tmp/homebrew-automake-HEAD-mfsB/tests/instspc.dir/dest-miscglob2
+ cd './.*?[0-9]'
+ r=ok
+ ../configure --prefix '/.*?[0-9]-prefix'
checking for a BSD-compatible install... /usr/bin/install -c
checking whether build environment is sane... yes
checking for a thread-safe mkdir -p... ../install-sh -c -d
checking for gawk... gawk
checking whether make sets $(MAKE)... yes
checking for gcc... /usr/bin/llvm-gcc
checking whether the C compiler works... yes
checking for C compiler default output file name... a.out
checking for suffix of executables... 
checking whether we are cross compiling... no
checking for suffix of object files... o
checking whether we are using the GNU C compiler... yes
checking whether /usr/bin/llvm-gcc accepts -g... yes
checking for /usr/bin/llvm-gcc option to accept ISO C89... none needed
checking for style of include used by make... GNU
checking dependency style of /usr/bin/llvm-gcc... gcc3
checking for ar... ar
checking the archiver (ar) interface... ar
checking for ranlib... ranlib
checking that generated files are newer than configure... done
configure: creating ./config.status
config.status: creating Makefile
config.status: executing depfiles commands
+ make all
/usr/bin/llvm-gcc -DPACKAGE_NAME=\"instspc\" -DPACKAGE_TARNAME=\"instspc\" -DPACKAGE_VERSION=\"1.0\" -DPACKAGE_STRING=\"instspc\ 1.0\" -DPACKAGE_BUGREPORT=\"\" -DPACKAGE_URL=\"\" -DPACKAGE=\"instspc\" -DVERSION=\"1.0\" -I. -I..   -I/usr/local/Cellar/libffi/3.0.10/include -I/usr/local/Cellar/gettext/0.18.1.1/include  -Os -w -pipe   -march=core2 -msse4 -MT source.o -MD -MP -MF .deps/source.Tpo -c -o source.o ../source.c
mv -f .deps/source.Tpo .deps/source.Po
rm -f sub/libbase.a
ar cru sub/libbase.a source.o 
ranlib sub/libbase.a
rm -f sub/libnobase.a
ar cru sub/libnobase.a source.o 
ranlib sub/libnobase.a
/usr/bin/llvm-gcc  -Os -w -pipe   -march=core2 -msse4  -L/usr/local/Cellar/libffi/3.0.10/lib -L/usr/local/Cellar/gettext/0.18.1.1/lib -o sub/base source.o  
/usr/bin/llvm-gcc  -Os -w -pipe   -march=core2 -msse4  -L/usr/local/Cellar/libffi/3.0.10/lib -L/usr/local/Cellar/gettext/0.18.1.1/lib -o sub/nobase source.o  
+ DESTDIR=/private/tmp/homebrew-automake-HEAD-mfsB/tests/instspc.dir/dest-miscglob2
+ file='./.*?[0-9]'
+ make -e test-inst
test -z "/.*?[0-9]-prefix/foo" || ../install-sh -c -d "/private/tmp/homebrew-automake-HEAD-mfsB/tests/instspc.dir/dest-miscglob2/.*?[0-9]-prefix/foo"
 /usr/bin/install -c ../sub/base.sh '/private/tmp/homebrew-automake-HEAD-mfsB/tests/instspc.dir/dest-miscglob2/.*?[0-9]-prefix/foo'
test -z "/.*?[0-9]-prefix/foo" || ../install-sh -c -d "/private/tmp/homebrew-automake-HEAD-mfsB/tests/instspc.dir/dest-miscglob2/.*?[0-9]-prefix/foo"
 /usr/bin/install -c -m 644  sub/libbase.a '/private/tmp/homebrew-automake-HEAD-mfsB/tests/instspc.dir/dest-miscglob2/.*?[0-9]-prefix/foo'
 ( cd '/private/tmp/homebrew-automake-HEAD-mfsB/tests/instspc.dir/dest-miscglob2/.*?[0-9]-prefix/foo' && ranlib libbase.a )
test -z "/.*?[0-9]-prefix/foo" || ../install-sh -c -d "/private/tmp/homebrew-automake-HEAD-mfsB/tests/instspc.dir/dest-miscglob2/.*?[0-9]-prefix/foo"
  /usr/bin/install -c sub/base '/private/tmp/homebrew-automake-HEAD-mfsB/tests/instspc.dir/dest-miscglob2/.*?[0-9]-prefix/foo'
test -z "/.*?[0-9]-prefix/foo" || ../install-sh -c -d "/private/tmp/homebrew-automake-HEAD-mfsB/tests/instspc.dir/dest-miscglob2/.*?[0-9]-prefix/foo"
 ../install-sh -c -d '/private/tmp/homebrew-automake-HEAD-mfsB/tests/instspc.dir/dest-miscglob2/.*?[0-9]-prefix/foo/sub/'
 /usr/bin/install -c ../sub/nobase.sh '/private/tmp/homebrew-automake-HEAD-mfsB/tests/instspc.dir/dest-miscglob2/.*?[0-9]-prefix/foo/sub/'
test -z "/.*?[0-9]-prefix/foo" || ../install-sh -c -d "/private/tmp/homebrew-automake-HEAD-mfsB/tests/instspc.dir/dest-miscglob2/.*?[0-9]-prefix/foo"
../install-sh -c -d '/private/tmp/homebrew-automake-HEAD-mfsB/tests/instspc.dir/dest-miscglob2/.*?[0-9]-prefix/foo/sub'
 /usr/bin/install -c -m 644  sub/libnobase.a '/private/tmp/homebrew-automake-HEAD-mfsB/tests/instspc.dir/dest-miscglob2/.*?[0-9]-prefix/foo/sub'
 ( cd '/private/tmp/homebrew-automake-HEAD-mfsB/tests/instspc.dir/dest-miscglob2/.*?[0-9]-prefix/foo' && ranlib sub/libnobase.a )
test -z "/.*?[0-9]-prefix/foo" || ../install-sh -c -d "/private/tmp/homebrew-automake-HEAD-mfsB/tests/instspc.dir/dest-miscglob2/.*?[0-9]-prefix/foo"
 ../install-sh -c -d '/private/tmp/homebrew-automake-HEAD-mfsB/tests/instspc.dir/dest-miscglob2/.*?[0-9]-prefix/foo/sub/'
  /usr/bin/install -c sub/nobase '/private/tmp/homebrew-automake-HEAD-mfsB/tests/instspc.dir/dest-miscglob2/.*?[0-9]-prefix/foo/sub/'
test -z "/.*?[0-9]-prefix/foo" || ../install-sh -c -d "/private/tmp/homebrew-automake-HEAD-mfsB/tests/instspc.dir/dest-miscglob2/.*?[0-9]-prefix/foo"
 /usr/bin/install -c -m 644 ../sub/base.dat '/private/tmp/homebrew-automake-HEAD-mfsB/tests/instspc.dir/dest-miscglob2/.*?[0-9]-prefix/foo'
test -z "/.*?[0-9]-prefix/foo" || ../install-sh -c -d "/private/tmp/homebrew-automake-HEAD-mfsB/tests/instspc.dir/dest-miscglob2/.*?[0-9]-prefix/foo"
 /usr/bin/install -c -m 644 ../sub/base.h '/private/tmp/homebrew-automake-HEAD-mfsB/tests/instspc.dir/dest-miscglob2/.*?[0-9]-prefix/foo'
test -z "/.*?[0-9]-prefix/foo" || ../install-sh -c -d "/private/tmp/homebrew-automake-HEAD-mfsB/tests/instspc.dir/dest-miscglob2/.*?[0-9]-prefix/foo"
../install-sh -c -d '/private/tmp/homebrew-automake-HEAD-mfsB/tests/instspc.dir/dest-miscglob2/.*?[0-9]-prefix/foo/sub'
 /usr/bin/install -c -m 644  ../sub/nobase.dat '/private/tmp/homebrew-automake-HEAD-mfsB/tests/instspc.dir/dest-miscglob2/.*?[0-9]-prefix/foo/sub'
test -z "/.*?[0-9]-prefix/foo" || ../install-sh -c -d "/private/tmp/homebrew-automake-HEAD-mfsB/tests/instspc.dir/dest-miscglob2/.*?[0-9]-prefix/foo"
../install-sh -c -d '/private/tmp/homebrew-automake-HEAD-mfsB/tests/instspc.dir/dest-miscglob2/.*?[0-9]-prefix/foo/sub'
 /usr/bin/install -c -m 644  ../sub/nobase.h '/private/tmp/homebrew-automake-HEAD-mfsB/tests/instspc.dir/dest-miscglob2/.*?[0-9]-prefix/foo/sub'
test   -f '/private/tmp/homebrew-automake-HEAD-mfsB/tests/instspc.dir/dest-miscglob2/./.*?[0-9]-prefix/foo/sub/nobase.h'
test ! -f '/private/tmp/homebrew-automake-HEAD-mfsB/tests/instspc.dir/dest-miscglob2/./.*?[0-9]-prefix/foo/nobase.h'
test   -f '/private/tmp/homebrew-automake-HEAD-mfsB/tests/instspc.dir/dest-miscglob2/./.*?[0-9]-prefix/foo/base.h'
test   -f '/private/tmp/homebrew-automake-HEAD-mfsB/tests/instspc.dir/dest-miscglob2/./.*?[0-9]-prefix/foo/sub/nobase.dat'
test ! -f '/private/tmp/homebrew-automake-HEAD-mfsB/tests/instspc.dir/dest-miscglob2/./.*?[0-9]-prefix/foo/nobase.dat'
test   -f '/private/tmp/homebrew-automake-HEAD-mfsB/tests/instspc.dir/dest-miscglob2/./.*?[0-9]-prefix/foo/base.dat'
test   -f '/private/tmp/homebrew-automake-HEAD-mfsB/tests/instspc.dir/dest-miscglob2/./.*?[0-9]-prefix/foo/sub/nobase.sh'
test ! -f '/private/tmp/homebrew-automake-HEAD-mfsB/tests/instspc.dir/dest-miscglob2/./.*?[0-9]-prefix/foo/nobase.sh'
test   -f '/private/tmp/homebrew-automake-HEAD-mfsB/tests/instspc.dir/dest-miscglob2/./.*?[0-9]-prefix/foo/base.sh'
test   -f '/private/tmp/homebrew-automake-HEAD-mfsB/tests/instspc.dir/dest-miscglob2/./.*?[0-9]-prefix/foo/sub/nobase'
test ! -f '/private/tmp/homebrew-automake-HEAD-mfsB/tests/instspc.dir/dest-miscglob2/./.*?[0-9]-prefix/foo/nobase'
test   -f '/private/tmp/homebrew-automake-HEAD-mfsB/tests/instspc.dir/dest-miscglob2/./.*?[0-9]-prefix/foo/base'
test   -f '/private/tmp/homebrew-automake-HEAD-mfsB/tests/instspc.dir/dest-miscglob2/./.*?[0-9]-prefix/foo/sub/libnobase.a'
test ! -f '/private/tmp/homebrew-automake-HEAD-mfsB/tests/instspc.dir/dest-miscglob2/./.*?[0-9]-prefix/foo/libnobase.a'
test   -f '/private/tmp/homebrew-automake-HEAD-mfsB/tests/instspc.dir/dest-miscglob2/./.*?[0-9]-prefix/foo/libbase.a'
+ description='miscglob2 in builddir'
+ expected_to_fail build miscglob2
+ case $1 in
+ is_in_list miscglob2 squote dquote bquote sharp dollar bslash ampersand linefeed quadrigraph0 a_lf_b
+ item=miscglob2
+ shift
+ case " $* " in
+ return 1
+ directive=
+ reason=
+ result_ ok -D '' -r '' -- 'miscglob2 in builddir'
+ set +x
ok 93 - miscglob2 in builddir
PASS: instspc.tap 93 - miscglob2 in builddir
+ cd /private/tmp/homebrew-automake-HEAD-mfsB/tests/instspc.dir
+ not am_keeping_testdirs
+ am_keeping_testdirs
+ case $keep_testdirs in
+ return 1
+ return 0
+ test ok = ok
+ rm_rf_ './.*?[0-9]' /private/tmp/homebrew-automake-HEAD-mfsB/tests/instspc.dir/dest-miscglob2
+ test 2 -gt 0
+ find './.*?[0-9]' /private/tmp/homebrew-automake-HEAD-mfsB/tests/instspc.dir/dest-miscglob2 -type d '!' -perm -700 -exec chmod u+rwx '{}' ';'
+ rm -rf './.*?[0-9]' /private/tmp/homebrew-automake-HEAD-mfsB/tests/instspc.dir/dest-miscglob2
+ for where in build dest
+ case $where in
+ build=build-miscglob2
+ dest='/private/tmp/homebrew-automake-HEAD-mfsB/tests/instspc.dir/.*?[0-9]'
+ mkdir build-miscglob2
+ cd build-miscglob2
+ r=ok
+ ../configure --prefix '/.*?[0-9]-prefix'
checking for a BSD-compatible install... /usr/bin/install -c
checking whether build environment is sane... yes
checking for a thread-safe mkdir -p... ../install-sh -c -d
checking for gawk... gawk
checking whether make sets $(MAKE)... yes
checking for gcc... /usr/bin/llvm-gcc
checking whether the C compiler works... yes
checking for C compiler default output file name... a.out
checking for suffix of executables... 
checking whether we are cross compiling... no
checking for suffix of object files... o
checking whether we are using the GNU C compiler... yes
checking whether /usr/bin/llvm-gcc accepts -g... yes
checking for /usr/bin/llvm-gcc option to accept ISO C89... none needed
checking for style of include used by make... GNU
checking dependency style of /usr/bin/llvm-gcc... gcc3
checking for ar... ar
checking the archiver (ar) interface... ar
checking for ranlib... ranlib
checking that generated files are newer than configure... done
configure: creating ./config.status
config.status: creating Makefile
config.status: executing depfiles commands
+ make all
/usr/bin/llvm-gcc -DPACKAGE_NAME=\"instspc\" -DPACKAGE_TARNAME=\"instspc\" -DPACKAGE_VERSION=\"1.0\" -DPACKAGE_STRING=\"instspc\ 1.0\" -DPACKAGE_BUGREPORT=\"\" -DPACKAGE_URL=\"\" -DPACKAGE=\"instspc\" -DVERSION=\"1.0\" -I. -I..   -I/usr/local/Cellar/libffi/3.0.10/include -I/usr/local/Cellar/gettext/0.18.1.1/include  -Os -w -pipe   -march=core2 -msse4 -MT source.o -MD -MP -MF .deps/source.Tpo -c -o source.o ../source.c
mv -f .deps/source.Tpo .deps/source.Po
rm -f sub/libbase.a
ar cru sub/libbase.a source.o 
ranlib sub/libbase.a
rm -f sub/libnobase.a
ar cru sub/libnobase.a source.o 
ranlib sub/libnobase.a
/usr/bin/llvm-gcc  -Os -w -pipe   -march=core2 -msse4  -L/usr/local/Cellar/libffi/3.0.10/lib -L/usr/local/Cellar/gettext/0.18.1.1/lib -o sub/base source.o  
/usr/bin/llvm-gcc  -Os -w -pipe   -march=core2 -msse4  -L/usr/local/Cellar/libffi/3.0.10/lib -L/usr/local/Cellar/gettext/0.18.1.1/lib -o sub/nobase source.o  
+ DESTDIR='/private/tmp/homebrew-automake-HEAD-mfsB/tests/instspc.dir/.*?[0-9]'
+ file='./.*?[0-9]'
+ make -e test-inst
test -z "/.*?[0-9]-prefix/foo" || ../install-sh -c -d "/private/tmp/homebrew-automake-HEAD-mfsB/tests/instspc.dir/.*?[0-9]/.*?[0-9]-prefix/foo"
 /usr/bin/install -c ../sub/base.sh '/private/tmp/homebrew-automake-HEAD-mfsB/tests/instspc.dir/.*?[0-9]/.*?[0-9]-prefix/foo'
test -z "/.*?[0-9]-prefix/foo" || ../install-sh -c -d "/private/tmp/homebrew-automake-HEAD-mfsB/tests/instspc.dir/.*?[0-9]/.*?[0-9]-prefix/foo"
 /usr/bin/install -c -m 644  sub/libbase.a '/private/tmp/homebrew-automake-HEAD-mfsB/tests/instspc.dir/.*?[0-9]/.*?[0-9]-prefix/foo'
 ( cd '/private/tmp/homebrew-automake-HEAD-mfsB/tests/instspc.dir/.*?[0-9]/.*?[0-9]-prefix/foo' && ranlib libbase.a )
test -z "/.*?[0-9]-prefix/foo" || ../install-sh -c -d "/private/tmp/homebrew-automake-HEAD-mfsB/tests/instspc.dir/.*?[0-9]/.*?[0-9]-prefix/foo"
  /usr/bin/install -c sub/base '/private/tmp/homebrew-automake-HEAD-mfsB/tests/instspc.dir/.*?[0-9]/.*?[0-9]-prefix/foo'
test -z "/.*?[0-9]-prefix/foo" || ../install-sh -c -d "/private/tmp/homebrew-automake-HEAD-mfsB/tests/instspc.dir/.*?[0-9]/.*?[0-9]-prefix/foo"
 ../install-sh -c -d '/private/tmp/homebrew-automake-HEAD-mfsB/tests/instspc.dir/.*?[0-9]/.*?[0-9]-prefix/foo/sub/'
 /usr/bin/install -c ../sub/nobase.sh '/private/tmp/homebrew-automake-HEAD-mfsB/tests/instspc.dir/.*?[0-9]/.*?[0-9]-prefix/foo/sub/'
test -z "/.*?[0-9]-prefix/foo" || ../install-sh -c -d "/private/tmp/homebrew-automake-HEAD-mfsB/tests/instspc.dir/.*?[0-9]/.*?[0-9]-prefix/foo"
../install-sh -c -d '/private/tmp/homebrew-automake-HEAD-mfsB/tests/instspc.dir/.*?[0-9]/.*?[0-9]-prefix/foo/sub'
 /usr/bin/install -c -m 644  sub/libnobase.a '/private/tmp/homebrew-automake-HEAD-mfsB/tests/instspc.dir/.*?[0-9]/.*?[0-9]-prefix/foo/sub'
 ( cd '/private/tmp/homebrew-automake-HEAD-mfsB/tests/instspc.dir/.*?[0-9]/.*?[0-9]-prefix/foo' && ranlib sub/libnobase.a )
test -z "/.*?[0-9]-prefix/foo" || ../install-sh -c -d "/private/tmp/homebrew-automake-HEAD-mfsB/tests/instspc.dir/.*?[0-9]/.*?[0-9]-prefix/foo"
 ../install-sh -c -d '/private/tmp/homebrew-automake-HEAD-mfsB/tests/instspc.dir/.*?[0-9]/.*?[0-9]-prefix/foo/sub/'
  /usr/bin/install -c sub/nobase '/private/tmp/homebrew-automake-HEAD-mfsB/tests/instspc.dir/.*?[0-9]/.*?[0-9]-prefix/foo/sub/'
test -z "/.*?[0-9]-prefix/foo" || ../install-sh -c -d "/private/tmp/homebrew-automake-HEAD-mfsB/tests/instspc.dir/.*?[0-9]/.*?[0-9]-prefix/foo"
 /usr/bin/install -c -m 644 ../sub/base.dat '/private/tmp/homebrew-automake-HEAD-mfsB/tests/instspc.dir/.*?[0-9]/.*?[0-9]-prefix/foo'
test -z "/.*?[0-9]-prefix/foo" || ../install-sh -c -d "/private/tmp/homebrew-automake-HEAD-mfsB/tests/instspc.dir/.*?[0-9]/.*?[0-9]-prefix/foo"
 /usr/bin/install -c -m 644 ../sub/base.h '/private/tmp/homebrew-automake-HEAD-mfsB/tests/instspc.dir/.*?[0-9]/.*?[0-9]-prefix/foo'
test -z "/.*?[0-9]-prefix/foo" || ../install-sh -c -d "/private/tmp/homebrew-automake-HEAD-mfsB/tests/instspc.dir/.*?[0-9]/.*?[0-9]-prefix/foo"
../install-sh -c -d '/private/tmp/homebrew-automake-HEAD-mfsB/tests/instspc.dir/.*?[0-9]/.*?[0-9]-prefix/foo/sub'
 /usr/bin/install -c -m 644  ../sub/nobase.dat '/private/tmp/homebrew-automake-HEAD-mfsB/tests/instspc.dir/.*?[0-9]/.*?[0-9]-prefix/foo/sub'
test -z "/.*?[0-9]-prefix/foo" || ../install-sh -c -d "/private/tmp/homebrew-automake-HEAD-mfsB/tests/instspc.dir/.*?[0-9]/.*?[0-9]-prefix/foo"
../install-sh -c -d '/private/tmp/homebrew-automake-HEAD-mfsB/tests/instspc.dir/.*?[0-9]/.*?[0-9]-prefix/foo/sub'
 /usr/bin/install -c -m 644  ../sub/nobase.h '/private/tmp/homebrew-automake-HEAD-mfsB/tests/instspc.dir/.*?[0-9]/.*?[0-9]-prefix/foo/sub'
test   -f '/private/tmp/homebrew-automake-HEAD-mfsB/tests/instspc.dir/.*?[0-9]/./.*?[0-9]-prefix/foo/sub/nobase.h'
test ! -f '/private/tmp/homebrew-automake-HEAD-mfsB/tests/instspc.dir/.*?[0-9]/./.*?[0-9]-prefix/foo/nobase.h'
test   -f '/private/tmp/homebrew-automake-HEAD-mfsB/tests/instspc.dir/.*?[0-9]/./.*?[0-9]-prefix/foo/base.h'
test   -f '/private/tmp/homebrew-automake-HEAD-mfsB/tests/instspc.dir/.*?[0-9]/./.*?[0-9]-prefix/foo/sub/nobase.dat'
test ! -f '/private/tmp/homebrew-automake-HEAD-mfsB/tests/instspc.dir/.*?[0-9]/./.*?[0-9]-prefix/foo/nobase.dat'
test   -f '/private/tmp/homebrew-automake-HEAD-mfsB/tests/instspc.dir/.*?[0-9]/./.*?[0-9]-prefix/foo/base.dat'
test   -f '/private/tmp/homebrew-automake-HEAD-mfsB/tests/instspc.dir/.*?[0-9]/./.*?[0-9]-prefix/foo/sub/nobase.sh'
test ! -f '/private/tmp/homebrew-automake-HEAD-mfsB/tests/instspc.dir/.*?[0-9]/./.*?[0-9]-prefix/foo/nobase.sh'
test   -f '/private/tmp/homebrew-automake-HEAD-mfsB/tests/instspc.dir/.*?[0-9]/./.*?[0-9]-prefix/foo/base.sh'
test   -f '/private/tmp/homebrew-automake-HEAD-mfsB/tests/instspc.dir/.*?[0-9]/./.*?[0-9]-prefix/foo/sub/nobase'
test ! -f '/private/tmp/homebrew-automake-HEAD-mfsB/tests/instspc.dir/.*?[0-9]/./.*?[0-9]-prefix/foo/nobase'
test   -f '/private/tmp/homebrew-automake-HEAD-mfsB/tests/instspc.dir/.*?[0-9]/./.*?[0-9]-prefix/foo/base'
test   -f '/private/tmp/homebrew-automake-HEAD-mfsB/tests/instspc.dir/.*?[0-9]/./.*?[0-9]-prefix/foo/sub/libnobase.a'
test ! -f '/private/tmp/homebrew-automake-HEAD-mfsB/tests/instspc.dir/.*?[0-9]/./.*?[0-9]-prefix/foo/libnobase.a'
test   -f '/private/tmp/homebrew-automake-HEAD-mfsB/tests/instspc.dir/.*?[0-9]/./.*?[0-9]-prefix/foo/libbase.a'
+ description='miscglob2 in destdir'
+ expected_to_fail dest miscglob2
+ case $1 in
+ is_in_list miscglob2 squote dquote bquote sharp dollar linefeed a_lf_b
+ item=miscglob2
+ shift
+ case " $* " in
+ return 1
+ directive=
+ reason=
+ result_ ok -D '' -r '' -- 'miscglob2 in destdir'
+ set +x
ok 94 - miscglob2 in destdir
PASS: instspc.tap 94 - miscglob2 in destdir
+ cd /private/tmp/homebrew-automake-HEAD-mfsB/tests/instspc.dir
+ not am_keeping_testdirs
+ am_keeping_testdirs
+ case $keep_testdirs in
+ return 1
+ return 0
+ test ok = ok
+ rm_rf_ build-miscglob2 '/private/tmp/homebrew-automake-HEAD-mfsB/tests/instspc.dir/.*?[0-9]'
+ test 2 -gt 0
+ find build-miscglob2 '/private/tmp/homebrew-automake-HEAD-mfsB/tests/instspc.dir/.*?[0-9]' -type d '!' -perm -700 -exec chmod u+rwx '{}' ';'
+ rm -rf build-miscglob2 '/private/tmp/homebrew-automake-HEAD-mfsB/tests/instspc.dir/.*?[0-9]'
+ :
+ exit_status=0
+ set +e
+ cd /private/tmp/homebrew-automake-HEAD-mfsB/tests
+ test yes = yes
+ test 94 = later
+ test 0 -eq 0
+ test 77 -eq 94
+ keep_testdirs=yes
+ am_keeping_testdirs
+ case $keep_testdirs in
+ return 0
+ set +x
instspc: exit 0

XFAIL: all
==========

Running from installcheck: no
Using TAP: no
PATH = /private/tmp/homebrew-automake-HEAD-mfsB/tests/ax:/private/tmp/homebrew-automake-HEAD-mfsB/tests/wrap:/usr/local/Cellar/libffi/3.0.10/bin:/usr/local/Cellar/gettext/0.18.1.1/bin:/usr/local/bin:/usr/local/sbin:/usr/local/texlive/2011/bin/x86_64-darwin:/usr/bin:/bin:/usr/sbin:/sbin:/usr/X11/bin:/usr/local/Library/Contributions/examples
++ pwd
/private/tmp/homebrew-automake-HEAD-mfsB/tests/all.dir
+ targets='all install-exec install-data uninstall'
+ echo 'all install-exec install-data uninstall:'
+ sed -e 's/[ :]/-local&/g'
+ cat Makefile.am
all-local install-exec-local install-data-local uninstall-local:
+ aclocal-1.11a -Werror
+ automake-1.11a --foreign -Werror -Wall
+ for target in '$targets'
+ grep all-local Makefile.in
all-local install-exec-local install-data-local uninstall-local:
+ grep 'all-am:.*all-local' Makefile.in
+ exit_status=1
+ set +e
+ cd /private/tmp/homebrew-automake-HEAD-mfsB/tests
+ test no = yes
+ case $am_explicit_skips in
+ test 1 -eq 0
+ keep_testdirs=yes
+ am_keeping_testdirs
+ case $keep_testdirs in
+ return 0
+ set +x
all: exit 1

SKIP: amhello-cross-compile
===========================

Running from installcheck: no
Using TAP: no
PATH = /private/tmp/homebrew-automake-HEAD-mfsB/tests/ax:/private/tmp/homebrew-automake-HEAD-mfsB/tests/wrap:/usr/local/Cellar/libffi/3.0.10/bin:/usr/local/Cellar/gettext/0.18.1.1/bin:/usr/local/bin:/usr/local/sbin:/usr/local/texlive/2011/bin/x86_64-darwin:/usr/bin:/bin:/usr/sbin:/sbin:/usr/X11/bin:/usr/local/Library/Contributions/examples
amhello-cross-compile: running i586-mingw32msvc-gcc --version
./defs: line 954: i586-mingw32msvc-gcc: command not found

SKIP: ar-lib5a
==============

Running from installcheck: no
Using TAP: no
PATH = /private/tmp/homebrew-automake-HEAD-mfsB/tests/ax:/private/tmp/homebrew-automake-HEAD-mfsB/tests/wrap:/usr/local/Cellar/libffi/3.0.10/bin:/usr/local/Cellar/gettext/0.18.1.1/bin:/usr/local/bin:/usr/local/sbin:/usr/local/texlive/2011/bin/x86_64-darwin:/usr/bin:/bin:/usr/sbin:/sbin:/usr/X11/bin:/usr/local/Library/Contributions/examples
ar-lib5a: running lib -out:defstest.lib
./defs: line 835: lib: command not found

PASS: auxdir-computed
=====================

Running from installcheck: no
Using TAP: yes
PATH = /private/tmp/homebrew-automake-HEAD-mfsB/tests/ax:/private/tmp/homebrew-automake-HEAD-mfsB/tests/wrap:/usr/local/Cellar/libffi/3.0.10/bin:/usr/local/Cellar/gettext/0.18.1.1/bin:/usr/local/bin:/usr/local/sbin:/usr/local/texlive/2011/bin/x86_64-darwin:/usr/bin:/bin:/usr/sbin:/sbin:/usr/X11/bin:/usr/local/Library/Contributions/examples
++ pwd
/private/tmp/homebrew-automake-HEAD-mfsB/tests/auxdir-computed.dir
+ plan_ 3
+ test 1 -eq 0
+ test 1 -ge 2
+ test xnone '!=' xnone
+ test x3 = xunknown
+ test x3 = xlater
+ test x3 = xlazy
+ test x3 = xnow
+ test 3 -ge 0
+ planned_=3
+ echo 1..3
1..3
+ cat
+ :
+ command_ok_ aclocal aclocal-1.11a -Werror
+ tap_directive_=
+ tap_reason_=
+ test 3 -gt 0
+ tap_description_=aclocal
+ shift
+ test 2 -gt 0
+ case $1 in
+ break
+ tap_result_=ok
+ aclocal-1.11a -Werror
+ result_ ok -D '' -r '' -- aclocal
+ set +x
ok 1 - aclocal
PASS: auxdir-computed.tap 1 - aclocal
+ command_ok_ 'automake -a' -D TODO -r 'long-standing limitation' automake-1.11a --foreign -Werror -Wall -a
+ tap_directive_=
+ tap_reason_=
+ test 10 -gt 0
+ tap_description_='automake -a'
+ shift
+ test 9 -gt 0
+ case $1 in
+ tap_directive_=TODO
+ shift
+ shift
+ test 7 -gt 0
+ case $1 in
+ tap_reason_='long-standing limitation'
+ shift
+ shift
+ test 5 -gt 0
+ case $1 in
+ break
+ tap_result_=ok
+ automake-1.11a --foreign -Werror -Wall -a
configure.ac:2: error: required directory ./$foo does not exist
configure.ac:3: error: installing '$foo/install-sh'; error while making link: No such file or directory
configure.ac:3: error: installing '$foo/missing'; error while making link: No such file or directory
+ tap_result_='not ok'
+ result_ 'not ok' -D TODO -r 'long-standing limitation' -- 'automake -a'
+ set +x
not ok 2 - automake -a # TODO long-standing limitation
XFAIL: auxdir-computed.tap 2 - automake -a # TODO long-standing limitation
+ command_ok_ automake -D TODO -r 'long-standing limitation' automake-1.11a --foreign -Werror -Wall
+ tap_directive_=
+ tap_reason_=
+ test 9 -gt 0
+ tap_description_=automake
+ shift
+ test 8 -gt 0
+ case $1 in
+ tap_directive_=TODO
+ shift
+ shift
+ test 6 -gt 0
+ case $1 in
+ tap_reason_='long-standing limitation'
+ shift
+ shift
+ test 4 -gt 0
+ case $1 in
+ break
+ tap_result_=ok
+ automake-1.11a --foreign -Werror -Wall
configure.ac:2: error: required directory ./$foo does not exist
configure.ac:3: error: required file '$foo/install-sh' not found
configure.ac:3:   'automake --add-missing' can install 'install-sh'
configure.ac:3: error: required file '$foo/missing' not found
configure.ac:3:   'automake --add-missing' can install 'missing'
+ tap_result_='not ok'
+ result_ 'not ok' -D TODO -r 'long-standing limitation' -- automake
+ set +x
not ok 3 - automake # TODO long-standing limitation
XFAIL: auxdir-computed.tap 3 - automake # TODO long-standing limitation
+ :
+ exit_status=0
+ set +e
+ cd /private/tmp/homebrew-automake-HEAD-mfsB/tests
+ test yes = yes
+ test 3 = later
+ test 0 -eq 0
+ test 1 -eq 3
+ keep_testdirs=yes
+ am_keeping_testdirs
+ case $keep_testdirs in
+ return 0
+ set +x
auxdir-computed: exit 0

SKIP: compile4
==============

Running from installcheck: no
Using TAP: no
PATH = /private/tmp/homebrew-automake-HEAD-mfsB/tests/ax:/private/tmp/homebrew-automake-HEAD-mfsB/tests/wrap:/usr/local/Cellar/libffi/3.0.10/bin:/usr/local/Cellar/gettext/0.18.1.1/bin:/usr/local/bin:/usr/local/sbin:/usr/local/texlive/2011/bin/x86_64-darwin:/usr/bin:/bin:/usr/sbin:/sbin:/usr/X11/bin:/usr/local/Library/Contributions/examples
compile4: running cl -?
./defs: line 760: cl: command not found

SKIP: compile5
==============

Running from installcheck: no
Using TAP: no
PATH = /private/tmp/homebrew-automake-HEAD-mfsB/tests/ax:/private/tmp/homebrew-automake-HEAD-mfsB/tests/wrap:/usr/local/Cellar/libffi/3.0.10/bin:/usr/local/Cellar/gettext/0.18.1.1/bin:/usr/local/bin:/usr/local/sbin:/usr/local/texlive/2011/bin/x86_64-darwin:/usr/bin:/bin:/usr/sbin:/sbin:/usr/X11/bin:/usr/local/Library/Contributions/examples
++ pwd
/private/tmp/homebrew-automake-HEAD-mfsB/tests/compile5.dir
+ get_shell_script compile
+ test '!' -f compile
+ test x = xyes
+ cp -f /private/tmp/homebrew-automake-HEAD-mfsB/lib/compile .
+ sed 10q compile
#! /bin/sh
# Wrapper for compilers which do not understand '-c -o'.

scriptversion=2012-03-05.13; # UTC

# Copyright (C) 1999-2012 Free Software Foundation, Inc.
# Written by Tom Tromey <tromey@cygnus.com>.
#
# This program is free software; you can redistribute it and/or modify
# it under the terms of the GNU General Public License as published by
+ cat
+ chmod +x ./cl
+ cat
+ :
+ cat
+ aclocal-1.11a -Werror
+ autoconf
+ automake-1.11a --foreign -Werror -Wall -a
configure.ac:4: installing './config.guess'
configure.ac:4: installing './config.sub'
+ ./configure
checking for a BSD-compatible install... /usr/bin/install -c
checking whether build environment is sane... yes
checking for a thread-safe mkdir -p... ./install-sh -c -d
checking for gawk... gawk
checking whether make sets $(MAKE)... yes
checking build system type... x86_64-apple-darwin11.3.0
checking host system type... x86_64-apple-darwin11.3.0
checking that generated files are newer than configure... done
configure: creating ./config.status
config.status: creating Makefile
config.status: creating check_host
+ . ./check_host
++ case 'darwin11.3.0' in
++ skip_ 'target OS is not MinGW'
++ warn_ 'compile5: skipped test: target OS is not MinGW'
++ echo 'compile5: skipped test: target OS is not MinGW'
++ Exit 77
++ set +e
++ test 77 = 77
++ am__test_skipped=yes
++ exit 77
++ exit 77
+ exit_status=77
+ set +e
+ cd /private/tmp/homebrew-automake-HEAD-mfsB/tests
+ test no = yes
+ case $am_explicit_skips in
+ test 77 -eq 0
+ keep_testdirs=yes
+ am_keeping_testdirs
+ case $keep_testdirs in
+ return 0
+ set +x
compile5: exit 77

XFAIL: cond17
=============

Running from installcheck: no
Using TAP: no
PATH = /private/tmp/homebrew-automake-HEAD-mfsB/tests/ax:/private/tmp/homebrew-automake-HEAD-mfsB/tests/wrap:/usr/local/Cellar/libffi/3.0.10/bin:/usr/local/Cellar/gettext/0.18.1.1/bin:/usr/local/bin:/usr/local/sbin:/usr/local/texlive/2011/bin/x86_64-darwin:/usr/bin:/bin:/usr/sbin:/sbin:/usr/X11/bin:/usr/local/Library/Contributions/examples
++ pwd
/private/tmp/homebrew-automake-HEAD-mfsB/tests/cond17.dir
+ cat
+ cat
+ aclocal-1.11a -Werror
+ automake-1.11a --foreign -Werror -Wall -a
Makefile.am: error: object 'foo.$(OBJEXT)' created by 'foo.cc' and 'foo.c'
+ exit_status=1
+ set +e
+ cd /private/tmp/homebrew-automake-HEAD-mfsB/tests
+ test no = yes
+ case $am_explicit_skips in
+ test 1 -eq 0
+ keep_testdirs=yes
+ am_keeping_testdirs
+ case $keep_testdirs in
+ return 0
+ set +x
cond17: exit 1

SKIP: cond29
============

Running from installcheck: no
Using TAP: no
PATH = /private/tmp/homebrew-automake-HEAD-mfsB/tests/ax:/private/tmp/homebrew-automake-HEAD-mfsB/tests/wrap:/usr/local/Cellar/libffi/3.0.10/bin:/usr/local/Cellar/gettext/0.18.1.1/bin:/usr/local/bin:/usr/local/sbin:/usr/local/texlive/2011/bin/x86_64-darwin:/usr/bin:/bin:/usr/sbin:/sbin:/usr/X11/bin:/usr/local/Library/Contributions/examples
++ pwd
/private/tmp/homebrew-automake-HEAD-mfsB/tests/cond29.dir
+ echo AC_PROG_CC
+ cat
+ ulimit -v 1
+ sh -c :
+ skip_ 'no adequate '\''ulimit'\'' builtin found'
+ warn_ 'cond29: skipped test: no adequate '\''ulimit'\'' builtin found'
+ echo 'cond29: skipped test: no adequate '\''ulimit'\'' builtin found'
+ Exit 77
+ set +e
+ test 77 = 77
+ am__test_skipped=yes
+ exit 77
+ exit 77
+ exit_status=77
+ set +e
+ cd /private/tmp/homebrew-automake-HEAD-mfsB/tests
+ test no = yes
+ case $am_explicit_skips in
+ test 77 -eq 0
+ keep_testdirs=yes
+ am_keeping_testdirs
+ case $keep_testdirs in
+ return 0
+ set +x
cond29: exit 77

FAIL: cond41
============

Running from installcheck: no
Using TAP: no
PATH = /private/tmp/homebrew-automake-HEAD-mfsB/tests/ax:/private/tmp/homebrew-automake-HEAD-mfsB/tests/wrap:/usr/local/Cellar/libffi/3.0.10/bin:/usr/local/Cellar/gettext/0.18.1.1/bin:/usr/local/bin:/usr/local/sbin:/usr/local/texlive/2011/bin/x86_64-darwin:/usr/bin:/bin:/usr/sbin:/sbin:/usr/X11/bin:/usr/local/Library/Contributions/examples
++ pwd
/private/tmp/homebrew-automake-HEAD-mfsB/tests/cond41.dir
+ cat
+ aclocal-1.11a -Werror
+ cat stderr
configure.ac:5: error: AM_COND_IF: no such condition "BAD_COND"
/private/tmp/homebrew-automake-HEAD-mfsB/m4/cond-if.m4:39: AM_COND_IF is expanded from...
configure.ac:5: the top level
autom4te: /usr/bin/m4 failed with exit status: 1
aclocal: error: autom4te failed with exit status: 1
+ grep '^configure\.ac:4:.*AM_COND_IF.* no such condition.*BAD_COND' stderr
+ exit_status=1
+ set +e
+ cd /private/tmp/homebrew-automake-HEAD-mfsB/tests
+ test no = yes
+ case $am_explicit_skips in
+ test 1 -eq 0
+ keep_testdirs=yes
+ am_keeping_testdirs
+ case $keep_testdirs in
+ return 0
+ set +x
cond41: exit 1

FAIL: distcheck-override-infodir
================================

Running from installcheck: no
Using TAP: no
PATH = /private/tmp/homebrew-automake-HEAD-mfsB/tests/ax:/private/tmp/homebrew-automake-HEAD-mfsB/tests/wrap:/usr/local/Cellar/libffi/3.0.10/bin:/usr/local/Cellar/gettext/0.18.1.1/bin:/usr/local/bin:/usr/local/sbin:/usr/local/texlive/2011/bin/x86_64-darwin:/usr/bin:/bin:/usr/sbin:/sbin:/usr/X11/bin:/usr/local/Library/Contributions/examples
distcheck-override-infodir: running makeinfo --version
makeinfo (GNU texinfo) 4.8

Copyright (C) 2004 Free Software Foundation, Inc.
There is NO warranty.  You may redistribute this software
under the terms of the GNU General Public License.
For more information about these matters, see the files named COPYING.
distcheck-override-infodir: running texi2dvi --version
texi2dvi (GNU Texinfo 4.8) 1.34

Copyright (C) 2004 Free Software Foundation, Inc.
There is NO warranty.  You may redistribute this software
under the terms of the GNU General Public License.
For more information about these matters, see the files named COPYING.
distcheck-override-infodir: running install-info --version
install-info (GNU texinfo) 4.8

Copyright (C) 2004 Free Software Foundation, Inc.
There is NO warranty.  You may redistribute this software
under the terms of the GNU General Public License.
For more information about these matters, see the files named COPYING.
++ pwd
/private/tmp/homebrew-automake-HEAD-mfsB/tests/distcheck-override-infodir.dir
+ cat
+ cat
+ cat
+ aclocal-1.11a -Werror
+ automake-1.11a --foreign -Werror -Wall -a
Makefile.am:2: installing './texinfo.tex'
+ autoconf
+ ./configure
checking for a BSD-compatible install... /usr/bin/install -c
checking whether build environment is sane... yes
checking for a thread-safe mkdir -p... ./install-sh -c -d
checking for gawk... gawk
checking whether make sets $(MAKE)... yes
checking that generated files are newer than configure... done
configure: creating ./config.status
config.status: creating Makefile
+ make
restore=: && backupdir=".am$$" && \
	am__cwd=`pwd` && CDPATH="${ZSH_VERSION+.}:" && cd . && \
	rm -rf $backupdir && mkdir $backupdir && \
	if (/bin/sh /private/tmp/homebrew-automake-HEAD-mfsB/tests/distcheck-override-infodir.dir/missing --run makeinfo --version) >/dev/null 2>&1; then \
	  for f in main.info main.info-[0-9] main.info-[0-9][0-9] main.i[0-9] main.i[0-9][0-9]; do \
	    if test -f $f; then mv $f $backupdir; restore=mv; else :; fi; \
	  done; \
	else :; fi && \
	cd "$am__cwd"; \
	if /bin/sh /private/tmp/homebrew-automake-HEAD-mfsB/tests/distcheck-override-infodir.dir/missing --run makeinfo   -I . \
	 -o main.info main.texi; \
	then \
	  rc=0; \
	  CDPATH="${ZSH_VERSION+.}:" && cd .; \
	else \
	  rc=$?; \
	  CDPATH="${ZSH_VERSION+.}:" && cd . && \
	  $restore $backupdir/* `echo "./main.info" | sed 's|[^/]*$||'`; \
	fi; \
	rm -rf $backupdir; exit $rc
+ make distcheck
make  dist-gzip am__post_remove_distdir='@:'
if test -d "distcheck-override-infodir-1.0"; then find "distcheck-override-infodir-1.0" -type d ! -perm -200 -exec chmod u+w {} ';' && rm -rf "distcheck-override-infodir-1.0" || { sleep 5 && rm -rf "distcheck-override-infodir-1.0"; }; else :; fi
test -d "distcheck-override-infodir-1.0" || mkdir "distcheck-override-infodir-1.0"
make  \
	  top_distdir="distcheck-override-infodir-1.0" distdir="distcheck-override-infodir-1.0" \
	  dist-info
test -n "" \
	|| find "distcheck-override-infodir-1.0" -type d ! -perm -755 \
		-exec chmod u+rwx,go+rx {} \; -o \
	  ! -type d ! -perm -444 -links 1 -exec chmod a+r {} \; -o \
	  ! -type d ! -perm -400 -exec chmod a+r {} \; -o \
	  ! -type d ! -perm -444 -exec /bin/sh /private/tmp/homebrew-automake-HEAD-mfsB/tests/distcheck-override-infodir.dir/install-sh -c -m a+r {} {} \; \
	|| chmod -R a+r "distcheck-override-infodir-1.0"
tardir=distcheck-override-infodir-1.0 && ${TAR-tar} chof - "$tardir" | GZIP=--best gzip -c >distcheck-override-infodir-1.0.tar.gz
if test -d "distcheck-override-infodir-1.0"; then find "distcheck-override-infodir-1.0" -type d ! -perm -200 -exec chmod u+w {} ';' && rm -rf "distcheck-override-infodir-1.0" || { sleep 5 && rm -rf "distcheck-override-infodir-1.0"; }; else :; fi
case 'distcheck-override-infodir-1.0.tar.gz' in \
	*.tar.gz*) \
	  GZIP=--best gzip -dc distcheck-override-infodir-1.0.tar.gz | ${TAR-tar} xf - ;;\
	*.tar.bz2*) \
	  bzip2 -dc distcheck-override-infodir-1.0.tar.bz2 | ${TAR-tar} xf - ;;\
	*.tar.lz*) \
	  lzip -dc distcheck-override-infodir-1.0.tar.lz | ${TAR-tar} xf - ;;\
	*.tar.xz*) \
	  xz -dc distcheck-override-infodir-1.0.tar.xz | ${TAR-tar} xf - ;;\
	*.tar.Z*) \
	  uncompress -c distcheck-override-infodir-1.0.tar.Z | ${TAR-tar} xf - ;;\
	*.shar.gz*) \
	  GZIP=--best gzip -dc distcheck-override-infodir-1.0.shar.gz | unshar ;;\
	*.zip*) \
	  unzip distcheck-override-infodir-1.0.zip ;;\
	esac
chmod -R a-w distcheck-override-infodir-1.0; chmod a+w distcheck-override-infodir-1.0
mkdir distcheck-override-infodir-1.0/_build
mkdir distcheck-override-infodir-1.0/_inst
chmod a-w distcheck-override-infodir-1.0
test -d distcheck-override-infodir-1.0/_build || exit 0; \
	dc_install_base=`CDPATH="${ZSH_VERSION+.}:" && cd distcheck-override-infodir-1.0/_inst && pwd | sed -e 's,^[^:\\/]:[\\/],/,'` \
	  && dc_destdir="${TMPDIR-/tmp}/am-dc-$$/" \
	  && am__cwd=`pwd` \
	  && CDPATH="${ZSH_VERSION+.}:" && cd distcheck-override-infodir-1.0/_build \
	  && ../configure --srcdir=.. --prefix="$dc_install_base" \
	     \
	     \
	  && make  \
	  && make  dvi \
	  && make  check \
	  && make  install \
	  && make  installcheck \
	  && make  uninstall \
	  && make  distuninstallcheck_dir="$dc_install_base" \
	        distuninstallcheck \
	  && chmod -R a-w "$dc_install_base" \
	  && ({ \
	       (cd ../.. && umask 077 && mkdir "$dc_destdir") \
	       && make  DESTDIR="$dc_destdir" install \
	       && make  DESTDIR="$dc_destdir" uninstall \
	       && make  DESTDIR="$dc_destdir" \
	            distuninstallcheck_dir="$dc_destdir" distuninstallcheck; \
	      } || { rm -rf "$dc_destdir"; exit 1; }) \
	  && rm -rf "$dc_destdir" \
	  && make  dist \
	  && rm -rf distcheck-override-infodir-1.0.tar.gz \
	  && make  distcleancheck \
	  && cd "$am__cwd" \
	  || exit 1
checking for a BSD-compatible install... /usr/bin/install -c
checking whether build environment is sane... yes
checking for a thread-safe mkdir -p... ../install-sh -c -d
checking for gawk... gawk
checking whether make sets $(MAKE)... yes
checking that generated files are newer than configure... done
configure: creating ./config.status
config.status: creating Makefile
make[1]: Nothing to be done for `all'.
TEXINPUTS="..:$TEXINPUTS" \
	MAKEINFO='/bin/sh /private/tmp/homebrew-automake-HEAD-mfsB/tests/distcheck-override-infodir.dir/distcheck-override-infodir-1.0/missing --run makeinfo   -I ..' \
	texi2dvi  ../main.texi 
sed: 2: "s/\(^\|.* \)@documenten ...": whitespace after branch
sed: 4: "s/\(^\|.* \)@documenten ...": whitespace after label
sed: 6: "s/\(^\|.* \)@documenten ...": undefined label 'found                                                '
This is pdfTeX, Version 3.1415926-2.3-1.40.12 (TeX Live 2011)
 restricted \write18 enabled.
entering extended mode

(/private/tmp/homebrew-automake-HEAD-mfsB/tests/distcheck-override-infodir.dir/
distcheck-override-infodir-1.0/main.texi
(/private/tmp/homebrew-automake-HEAD-mfsB/tests/distcheck-override-infodir.dir/
distcheck-override-infodir-1.0/texinfo.tex
Loading texinfo [version 2012-01-19.16]: pdf, fonts, markup, glyphs,
page headings, tables, conditionals, indexing, sectioning, toc, environments,
defuns, macros, cross references, insertions,
(/usr/local/texlive/2011/texmf-dist/tex/generic/epsf/epsf.tex
This is `epsf.tex' v2.7.4 <14 February 2011>
) localization, formatting, and turning on texinfo input format.) [1] )
Output written on main.dvi (1 page, 212 bytes).
Transcript written on main.log.
make[1]: Nothing to be done for `check'.
make[2]: Nothing to be done for `install-exec-am'.
test -z "/private/tmp/homebrew-automake-HEAD-mfsB/tests/distcheck-override-infodir.dir/distcheck-override-infodir-1.0/_inst/blah/blah/foobar" || ../install-sh -c -d "/private/tmp/homebrew-automake-HEAD-mfsB/tests/distcheck-override-infodir.dir/distcheck-override-infodir-1.0/_inst/blah/blah/foobar"
 /usr/bin/install -c -m 644 ../main.info '/private/tmp/homebrew-automake-HEAD-mfsB/tests/distcheck-override-infodir.dir/distcheck-override-infodir-1.0/_inst/blah/blah/foobar'
 install-info --info-dir='/private/tmp/homebrew-automake-HEAD-mfsB/tests/distcheck-override-infodir.dir/distcheck-override-infodir-1.0/_inst/blah/blah/foobar' '/private/tmp/homebrew-automake-HEAD-mfsB/tests/distcheck-override-infodir.dir/distcheck-override-infodir-1.0/_inst/blah/blah/foobar/main.info'
install-info: warning: no info dir entry in `/private/tmp/homebrew-automake-HEAD-mfsB/tests/distcheck-override-infodir.dir/distcheck-override-infodir-1.0/_inst/blah/blah/foobar/main.info'
if test x${infodir+set} != xset; then \
	  ls -l "/private/tmp/homebrew-automake-HEAD-mfsB/tests/distcheck-override-infodir.dir/distcheck-override-infodir-1.0/_inst/blah/blah/foobar/" || exit 1; \
	  test -f "/private/tmp/homebrew-automake-HEAD-mfsB/tests/distcheck-override-infodir.dir/distcheck-override-infodir-1.0/_inst/blah/blah/foobar/dir" || exit 1; \
	else \
	  ls -l "$infodir/" || exit 1; \
	  test -f "$infodir/dir" || exit 1; \
	fi
total 8
-rw-r--r--  1 nibbles  wheel  172 Mar 14 11:39 main.info
make[1]: *** [installcheck-local] Error 1
make: *** [distcheck] Error 1
+ exit_status=2
+ set +e
+ cd /private/tmp/homebrew-automake-HEAD-mfsB/tests
+ test no = yes
+ case $am_explicit_skips in
+ test 2 -eq 0
+ keep_testdirs=yes
+ am_keeping_testdirs
+ case $keep_testdirs in
+ return 0
+ set +x
distcheck-override-infodir: exit 2

SKIP: distcheck-pr10470
=======================

Running from installcheck: no
Using TAP: no
PATH = /private/tmp/homebrew-automake-HEAD-mfsB/tests/ax:/private/tmp/homebrew-automake-HEAD-mfsB/tests/wrap:/usr/local/Cellar/libffi/3.0.10/bin:/usr/local/Cellar/gettext/0.18.1.1/bin:/usr/local/bin:/usr/local/sbin:/usr/local/texlive/2011/bin/x86_64-darwin:/usr/bin:/bin:/usr/sbin:/sbin:/usr/X11/bin:/usr/local/Library/Contributions/examples
++ pwd
/private/tmp/homebrew-automake-HEAD-mfsB/tests/distcheck-pr10470.dir
+ mkdir foo.d
+ sleep 1
+ sh -c 'cd foo.d && sleep '\''4'\'''
+ rm -rf foo.d
+ skip_ 'system is able to remove "in use" directories'
+ warn_ 'distcheck-pr10470: skipped test: system is able to remove "in use" directories'
+ echo 'distcheck-pr10470: skipped test: system is able to remove "in use" directories'
+ Exit 77
+ set +e
+ test 77 = 77
+ am__test_skipped=yes
+ exit 77
+ exit 77
+ exit_status=77
+ set +e
+ cd /private/tmp/homebrew-automake-HEAD-mfsB/tests
+ test no = yes
+ case $am_explicit_skips in
+ test 77 -eq 0
+ keep_testdirs=yes
+ am_keeping_testdirs
+ case $keep_testdirs in
+ return 0
+ set +x
distcheck-pr10470: exit 77

SKIP: fort4
===========

Running from installcheck: no
Using TAP: no
PATH = /private/tmp/homebrew-automake-HEAD-mfsB/tests/ax:/private/tmp/homebrew-automake-HEAD-mfsB/tests/wrap:/usr/local/Cellar/libffi/3.0.10/bin:/usr/local/Cellar/gettext/0.18.1.1/bin:/usr/local/bin:/usr/local/sbin:/usr/local/texlive/2011/bin/x86_64-darwin:/usr/bin:/bin:/usr/sbin:/sbin:/usr/X11/bin:/usr/local/Library/Contributions/examples

SKIP: fort5
===========

Running from installcheck: no
Using TAP: no
PATH = /private/tmp/homebrew-automake-HEAD-mfsB/tests/ax:/private/tmp/homebrew-automake-HEAD-mfsB/tests/wrap:/usr/local/Cellar/libffi/3.0.10/bin:/usr/local/Cellar/gettext/0.18.1.1/bin:/usr/local/bin:/usr/local/sbin:/usr/local/texlive/2011/bin/x86_64-darwin:/usr/bin:/bin:/usr/sbin:/sbin:/usr/X11/bin:/usr/local/Library/Contributions/examples
fort5: running libtoolize --version
libtoolize (GNU libtool) 2.4.2
Written by Gary V. Vaughan <gary@gnu.org>, 2003

Copyright (C) 2011 Free Software Foundation, Inc.
This is free software; see the source for copying conditions.  There is NO
warranty; not even for MERCHANTABILITY or FITNESS FOR A PARTICULAR PURPOSE.

SKIP: gcj4
==========

Running from installcheck: no
Using TAP: no
PATH = /private/tmp/homebrew-automake-HEAD-mfsB/tests/ax:/private/tmp/homebrew-automake-HEAD-mfsB/tests/wrap:/usr/local/Cellar/libffi/3.0.10/bin:/usr/local/Cellar/gettext/0.18.1.1/bin:/usr/local/bin:/usr/local/sbin:/usr/local/texlive/2011/bin/x86_64-darwin:/usr/bin:/bin:/usr/sbin:/sbin:/usr/X11/bin:/usr/local/Library/Contributions/examples

SKIP: gcj6
==========

Running from installcheck: no
Using TAP: no
PATH = /private/tmp/homebrew-automake-HEAD-mfsB/tests/ax:/private/tmp/homebrew-automake-HEAD-mfsB/tests/wrap:/usr/local/Cellar/libffi/3.0.10/bin:/usr/local/Cellar/gettext/0.18.1.1/bin:/usr/local/bin:/usr/local/sbin:/usr/local/texlive/2011/bin/x86_64-darwin:/usr/bin:/bin:/usr/sbin:/sbin:/usr/X11/bin:/usr/local/Library/Contributions/examples

XFAIL: java-nobase
==================

Running from installcheck: no
Using TAP: no
PATH = /private/tmp/homebrew-automake-HEAD-mfsB/tests/ax:/private/tmp/homebrew-automake-HEAD-mfsB/tests/wrap:/usr/local/Cellar/libffi/3.0.10/bin:/usr/local/Cellar/gettext/0.18.1.1/bin:/usr/local/bin:/usr/local/sbin:/usr/local/texlive/2011/bin/x86_64-darwin:/usr/bin:/bin:/usr/sbin:/sbin:/usr/X11/bin:/usr/local/Library/Contributions/examples
java-nobase: running javac -version -help
javac 1.6.0_29
Usage: javac <options> <source files>
where possible options include:
  -g                         Generate all debugging info
  -g:none                    Generate no debugging info
  -g:{lines,vars,source}     Generate only some debugging info
  -nowarn                    Generate no warnings
  -verbose                   Output messages about what the compiler is doing
  -deprecation               Output source locations where deprecated APIs are used
  -classpath <path>          Specify where to find user class files and annotation processors
  -cp <path>                 Specify where to find user class files and annotation processors
  -sourcepath <path>         Specify where to find input source files
  -bootclasspath <path>      Override location of bootstrap class files
  -extdirs <dirs>            Override location of installed extensions
  -endorseddirs <dirs>       Override location of endorsed standards path
  -proc:{none,only}          Control whether annotation processing and/or compilation is done.
  -processor <class1>[,<class2>,<class3>...]Names of the annotation processors to run; bypasses default discovery process
  -processorpath <path>      Specify where to find annotation processors
  -d <directory>             Specify where to place generated class files
  -s <directory>             Specify where to place generated source files
  -implicit:{none,class}     Specify whether or not to generate class files for implicitly referenced files 
  -encoding <encoding>       Specify character encoding used by source files
  -source <release>          Provide source compatibility with specified release
  -target <release>          Generate class files for specific VM version
  -version                   Version information
  -help                      Print a synopsis of standard options
  -Akey[=value]              Options to pass to annotation processors
  -X                         Print a synopsis of nonstandard options
  -J<flag>                   Pass <flag> directly to the runtime system

++ pwd
/private/tmp/homebrew-automake-HEAD-mfsB/tests/java-nobase.dir
+ cat
+ cat
+ mkdir sub sub/subsub
+ echo 'class Foo {}'
+ echo 'class Bar {}'
+ aclocal-1.11a -Werror
+ autoconf
+ automake-1.11a --foreign -Werror -Wall
++ pwd
+ ./configure --prefix=/private/tmp/homebrew-automake-HEAD-mfsB/tests/java-nobase.dir/_inst
checking for a BSD-compatible install... /usr/bin/install -c
checking whether build environment is sane... yes
checking for a thread-safe mkdir -p... ./install-sh -c -d
checking for gawk... gawk
checking whether make sets $(MAKE)... yes
checking that generated files are newer than configure... done
configure: creating ./config.status
config.status: creating Makefile
+ make check
rm -f sub2/Baz.java sub2/Baz.java-t
test -d sub2 || mkdir sub2
echo 'class Baz {}' > sub2/Baz.java-t
chmod a-w sub2/Baz.java-t && mv -f sub2/Baz.java-t sub2/Baz.java
CLASSPATH=.:./.${CLASSPATH:+":$CLASSPATH"} javac -d .    sub/Bar.java sub/subsub/Foo.java sub2/Baz.java
echo timestamp > classjava.stamp
+ make install
make[1]: Nothing to be done for `install-exec-am'.
test -z "/private/tmp/homebrew-automake-HEAD-mfsB/tests/java-nobase.dir/_inst/share/java" || ./install-sh -c -d "/private/tmp/homebrew-automake-HEAD-mfsB/tests/java-nobase.dir/_inst/share/java"
 /usr/bin/install -c -m 644 Bar.class Baz.class Foo.class '/private/tmp/homebrew-automake-HEAD-mfsB/tests/java-nobase.dir/_inst/share/java/'
test -z "/private/tmp/homebrew-automake-HEAD-mfsB/tests/java-nobase.dir/_inst/share/java" || ./install-sh -c -d "/private/tmp/homebrew-automake-HEAD-mfsB/tests/java-nobase.dir/_inst/share/java"
 /usr/bin/install -c -m 644 Bar.class Baz.class Foo.class '/private/tmp/homebrew-automake-HEAD-mfsB/tests/java-nobase.dir/_inst/share/java/'
test -z "/private/tmp/homebrew-automake-HEAD-mfsB/tests/java-nobase.dir/_inst/share/java" || ./install-sh -c -d "/private/tmp/homebrew-automake-HEAD-mfsB/tests/java-nobase.dir/_inst/share/java"
 /usr/bin/install -c -m 644 Bar.class Baz.class Foo.class '/private/tmp/homebrew-automake-HEAD-mfsB/tests/java-nobase.dir/_inst/share/java/'
+ make test-install
find /private/tmp/homebrew-automake-HEAD-mfsB/tests/java-nobase.dir/_inst ;: For debugging.
/private/tmp/homebrew-automake-HEAD-mfsB/tests/java-nobase.dir/_inst
/private/tmp/homebrew-automake-HEAD-mfsB/tests/java-nobase.dir/_inst/share
/private/tmp/homebrew-automake-HEAD-mfsB/tests/java-nobase.dir/_inst/share/java
/private/tmp/homebrew-automake-HEAD-mfsB/tests/java-nobase.dir/_inst/share/java/Bar.class
/private/tmp/homebrew-automake-HEAD-mfsB/tests/java-nobase.dir/_inst/share/java/Baz.class
/private/tmp/homebrew-automake-HEAD-mfsB/tests/java-nobase.dir/_inst/share/java/Foo.class
test   -f /private/tmp/homebrew-automake-HEAD-mfsB/tests/java-nobase.dir/_inst/share/java/sub/subsub/Foo.class
make: *** [test-install] Error 1
+ exit_status=2
+ set +e
+ cd /private/tmp/homebrew-automake-HEAD-mfsB/tests
+ test no = yes
+ case $am_explicit_skips in
+ test 2 -eq 0
+ keep_testdirs=yes
+ am_keeping_testdirs
+ case $keep_testdirs in
+ return 0
+ set +x
java-nobase: exit 2

XFAIL: lex-subobj-nodep
=======================

Running from installcheck: no
Using TAP: no
PATH = /private/tmp/homebrew-automake-HEAD-mfsB/tests/ax:/private/tmp/homebrew-automake-HEAD-mfsB/tests/wrap:/usr/local/Cellar/libffi/3.0.10/bin:/usr/local/Cellar/gettext/0.18.1.1/bin:/usr/local/bin:/usr/local/sbin:/usr/local/texlive/2011/bin/x86_64-darwin:/usr/bin:/bin:/usr/sbin:/sbin:/usr/X11/bin:/usr/local/Library/Contributions/examples
++ pwd
/private/tmp/homebrew-automake-HEAD-mfsB/tests/lex-subobj-nodep.dir
+ cat
+ cat
+ mkdir sub1 sub2
+ cat
+ cp sub1/s1.l sub2/s2.l
+ aclocal-1.11a -Werror
+ autoconf
+ automake-1.11a --foreign -Werror -Wall -a
configure.ac:5: installing './compile'
configure.ac: installing './ylwrap'
+ mkdir build
+ cd build
+ ../configure --disable-dependency-tracking
checking for a BSD-compatible install... /usr/bin/install -c
checking whether build environment is sane... yes
checking for a thread-safe mkdir -p... ../install-sh -c -d
checking for gawk... gawk
checking whether make sets $(MAKE)... yes
checking for gcc... /usr/bin/llvm-gcc
checking whether the C compiler works... yes
checking for C compiler default output file name... a.out
checking for suffix of executables... 
checking whether we are cross compiling... no
checking for suffix of object files... o
checking whether we are using the GNU C compiler... yes
checking whether /usr/bin/llvm-gcc accepts -g... yes
checking for /usr/bin/llvm-gcc option to accept ISO C89... none needed
checking for style of include used by make... GNU
checking dependency style of /usr/bin/llvm-gcc... none
checking whether /usr/bin/llvm-gcc and cc understand -c and -o together... yes
checking for flex... lex
checking lex output file root... lex.yy
checking lex library... -lfl
checking whether yytext is a pointer... yes
checking that generated files are newer than configure... done
configure: creating ./config.status
config.status: creating Makefile
config.status: executing depfiles commands
+ make sub1/s1.c
/bin/sh ../ylwrap ../sub1/s1.l lex.yy.c sub1/s1.c -- lex  
../ylwrap: line 181: ../sub1/s1.c: No such file or directory
make: *** [sub1/s1.c] Error 1
+ exit_status=2
+ set +e
+ cd /private/tmp/homebrew-automake-HEAD-mfsB/tests
+ test no = yes
+ case $am_explicit_skips in
+ test 2 -eq 0
+ keep_testdirs=yes
+ am_keeping_testdirs
+ case $keep_testdirs in
+ return 0
+ set +x
lex-subobj-nodep: exit 2

SKIP: man6
==========

Running from installcheck: no
Using TAP: no
PATH = /private/tmp/homebrew-automake-HEAD-mfsB/tests/ax:/private/tmp/homebrew-automake-HEAD-mfsB/tests/wrap:/usr/local/Cellar/libffi/3.0.10/bin:/usr/local/Cellar/gettext/0.18.1.1/bin:/usr/local/bin:/usr/local/sbin:/usr/local/texlive/2011/bin/x86_64-darwin:/usr/bin:/bin:/usr/sbin:/sbin:/usr/X11/bin:/usr/local/Library/Contributions/examples
man6: running help2man --version
./defs: line 954: help2man: command not found

XFAIL: objext-pr10128
=====================

Running from installcheck: no
Using TAP: no
PATH = /private/tmp/homebrew-automake-HEAD-mfsB/tests/ax:/private/tmp/homebrew-automake-HEAD-mfsB/tests/wrap:/usr/local/Cellar/libffi/3.0.10/bin:/usr/local/Cellar/gettext/0.18.1.1/bin:/usr/local/bin:/usr/local/sbin:/usr/local/texlive/2011/bin/x86_64-darwin:/usr/bin:/bin:/usr/sbin:/sbin:/usr/X11/bin:/usr/local/Library/Contributions/examples
++ pwd
/private/tmp/homebrew-automake-HEAD-mfsB/tests/objext-pr10128.dir
+ echo AC_OUTPUT
+ cat
+ aclocal-1.11a -Werror
+ automake-1.11a --foreign -Werror -Wall
+ autoconf
+ ./configure
checking for a BSD-compatible install... /usr/bin/install -c
checking whether build environment is sane... yes
checking for a thread-safe mkdir -p... ./install-sh -c -d
checking for gawk... gawk
checking whether make sets $(MAKE)... yes
checking that generated files are newer than configure... done
configure: creating ./config.status
config.status: creating Makefile
+ make test
is  == foo.fasl
make: *** [test] Error 1
+ exit_status=2
+ set +e
+ cd /private/tmp/homebrew-automake-HEAD-mfsB/tests
+ test no = yes
+ case $am_explicit_skips in
+ test 2 -eq 0
+ keep_testdirs=yes
+ am_keeping_testdirs
+ case $keep_testdirs in
+ return 0
+ set +x
objext-pr10128: exit 2

XFAIL: override-conditional-2
=============================

Running from installcheck: no
Using TAP: no
PATH = /private/tmp/homebrew-automake-HEAD-mfsB/tests/ax:/private/tmp/homebrew-automake-HEAD-mfsB/tests/wrap:/usr/local/Cellar/libffi/3.0.10/bin:/usr/local/Cellar/gettext/0.18.1.1/bin:/usr/local/bin:/usr/local/sbin:/usr/local/texlive/2011/bin/x86_64-darwin:/usr/bin:/bin:/usr/sbin:/sbin:/usr/X11/bin:/usr/local/Library/Contributions/examples
++ pwd
/private/tmp/homebrew-automake-HEAD-mfsB/tests/override-conditional-2.dir
+ cat
+ cat
+ aclocal-1.11a -Werror
+ AUTOMAKE_fails
+ AUTOMAKE_run -e 1
+ am__desc=
+ am__exp_rc=0
+ test 2 -gt 0
+ case $1 in
+ am__exp_rc=1
+ shift
+ shift
+ test 0 -gt 0
+ am__got_rc=0
+ automake-1.11a --foreign -Werror -Wall
+ cat stderr
+ cat stdout
+ test no '!=' yes
+ test 0 -eq 1
+ Exit 1
+ set +e
+ test 77 = 1
+ exit 1
+ exit 1
+ exit_status=1
+ set +e
+ cd /private/tmp/homebrew-automake-HEAD-mfsB/tests
+ test no = yes
+ case $am_explicit_skips in
+ test 1 -eq 0
+ keep_testdirs=yes
+ am_keeping_testdirs
+ case $keep_testdirs in
+ return 0
+ set +x
override-conditional-2: exit 1

SKIP: parallel-tests2
=====================

Running from installcheck: no
Using TAP: no
PATH = /private/tmp/homebrew-automake-HEAD-mfsB/tests/ax:/private/tmp/homebrew-automake-HEAD-mfsB/tests/wrap:/usr/local/Cellar/libffi/3.0.10/bin:/usr/local/Cellar/gettext/0.18.1.1/bin:/usr/local/bin:/usr/local/sbin:/usr/local/texlive/2011/bin/x86_64-darwin:/usr/bin:/bin:/usr/sbin:/sbin:/usr/X11/bin:/usr/local/Library/Contributions/examples
++ pwd
/private/tmp/homebrew-automake-HEAD-mfsB/tests/parallel-tests2.dir
+ :
+ for r2h in '$RST2HTML' rst2html rst2html.py
+ echo 'parallel-tests2: running rst2html --version'
parallel-tests2: running rst2html --version
+ rst2html --version
./parallel-tests2.test: line 33: rst2html: command not found
+ :
+ for r2h in '$RST2HTML' rst2html rst2html.py
+ echo 'parallel-tests2: running rst2html.py --version'
parallel-tests2: running rst2html.py --version
+ rst2html.py --version
./parallel-tests2.test: line 33: rst2html.py: command not found
+ :
+ skip_all_ 'no proper rst2html program found'
+ skip_ 'no proper rst2html program found'
+ warn_ 'parallel-tests2: skipped test: no proper rst2html program found'
+ echo 'parallel-tests2: skipped test: no proper rst2html program found'
+ Exit 77
+ set +e
+ test 77 = 77
+ am__test_skipped=yes
+ exit 77
+ exit 77
+ exit_status=77
+ set +e
+ cd /private/tmp/homebrew-automake-HEAD-mfsB/tests
+ test no = yes
+ case $am_explicit_skips in
+ test 77 -eq 0
+ keep_testdirs=yes
+ am_keeping_testdirs
+ case $keep_testdirs in
+ return 0
+ set +x
parallel-tests2: exit 77

XFAIL: parallel-tests-many
==========================

Running from installcheck: no
Using TAP: no
PATH = /private/tmp/homebrew-automake-HEAD-mfsB/tests/ax:/private/tmp/homebrew-automake-HEAD-mfsB/tests/wrap:/usr/local/Cellar/libffi/3.0.10/bin:/usr/local/Cellar/gettext/0.18.1.1/bin:/usr/local/bin:/usr/local/sbin:/usr/local/texlive/2011/bin/x86_64-darwin:/usr/bin:/bin:/usr/sbin:/sbin:/usr/X11/bin:/usr/local/Library/Contributions/examples
++ pwd
/private/tmp/homebrew-automake-HEAD-mfsB/tests/parallel-tests-many.dir
+ cat
+ cat
+ echo TESTS = foo.test
+ aclocal-1.11a -Werror
+ autoconf
+ automake-1.11a --foreign -Werror -Wall -a
configure.ac:2: installing './test-driver'
+ ./configure
checking for a BSD-compatible install... /usr/bin/install -c
checking whether build environment is sane... yes
checking for a thread-safe mkdir -p... ./install-sh -c -d
checking for gawk... gawk
checking whether make sets $(MAKE)... yes
checking that generated files are newer than configure... done
configure: creating ./config.status
config.status: creating Makefile
+ tname=wow-this-is-a-very-long-name-for-a-simple-dummy-test-case
+ dname=and-this-too-is-a-very-long-name-for-a-dummy-directory
+ deepdir=.
+ depth=0
+ for i in 1 2 3 4 5 6 7 8 9 10 12 13 14 15 16 17 18 19 29 21 22 23 24
+ new_deepdir=./and-this-too-is-a-very-long-name-for-a-dummy-directory.d1
+ mkdir ./and-this-too-is-a-very-long-name-for-a-dummy-directory.d1
+ tmpfile=./and-this-too-is-a-very-long-name-for-a-dummy-directory.d1/wow-this-is-a-very-long-name-for-a-simple-dummy-test-case-some-more-chars-for-good-measure
+ touch ./and-this-too-is-a-very-long-name-for-a-dummy-directory.d1/wow-this-is-a-very-long-name-for-a-simple-dummy-test-case-some-more-chars-for-good-measure
+ rm -f ./and-this-too-is-a-very-long-name-for-a-dummy-directory.d1/wow-this-is-a-very-long-name-for-a-simple-dummy-test-case-some-more-chars-for-good-measure
+ deepdir=./and-this-too-is-a-very-long-name-for-a-dummy-directory.d1
+ unset tmpfile new_deepdir
+ depth=1
+ for i in 1 2 3 4 5 6 7 8 9 10 12 13 14 15 16 17 18 19 29 21 22 23 24
+ new_deepdir=./and-this-too-is-a-very-long-name-for-a-dummy-directory.d1/and-this-too-is-a-very-long-name-for-a-dummy-directory.d2
+ mkdir ./and-this-too-is-a-very-long-name-for-a-dummy-directory.d1/and-this-too-is-a-very-long-name-for-a-dummy-directory.d2
+ tmpfile=./and-this-too-is-a-very-long-name-for-a-dummy-directory.d1/and-this-too-is-a-very-long-name-for-a-dummy-directory.d2/wow-this-is-a-very-long-name-for-a-simple-dummy-test-case-some-more-chars-for-good-measure
+ touch ./and-this-too-is-a-very-long-name-for-a-dummy-directory.d1/and-this-too-is-a-very-long-name-for-a-dummy-directory.d2/wow-this-is-a-very-long-name-for-a-simple-dummy-test-case-some-more-chars-for-good-measure
+ rm -f ./and-this-too-is-a-very-long-name-for-a-dummy-directory.d1/and-this-too-is-a-very-long-name-for-a-dummy-directory.d2/wow-this-is-a-very-long-name-for-a-simple-dummy-test-case-some-more-chars-for-good-measure
+ deepdir=./and-this-too-is-a-very-long-name-for-a-dummy-directory.d1/and-this-too-is-a-very-long-name-for-a-dummy-directory.d2
+ unset tmpfile new_deepdir
+ depth=2
+ for i in 1 2 3 4 5 6 7 8 9 10 12 13 14 15 16 17 18 19 29 21 22 23 24
+ new_deepdir=./and-this-too-is-a-very-long-name-for-a-dummy-directory.d1/and-this-too-is-a-very-long-name-for-a-dummy-directory.d2/and-this-too-is-a-very-long-name-for-a-dummy-directory.d3
+ mkdir ./and-this-too-is-a-very-long-name-for-a-dummy-directory.d1/and-this-too-is-a-very-long-name-for-a-dummy-directory.d2/and-this-too-is-a-very-long-name-for-a-dummy-directory.d3
+ tmpfile=./and-this-too-is-a-very-long-name-for-a-dummy-directory.d1/and-this-too-is-a-very-long-name-for-a-dummy-directory.d2/and-this-too-is-a-very-long-name-for-a-dummy-directory.d3/wow-this-is-a-very-long-name-for-a-simple-dummy-test-case-some-more-chars-for-good-measure
+ touch ./and-this-too-is-a-very-long-name-for-a-dummy-directory.d1/and-this-too-is-a-very-long-name-for-a-dummy-directory.d2/and-this-too-is-a-very-long-name-for-a-dummy-directory.d3/wow-this-is-a-very-long-name-for-a-simple-dummy-test-case-some-more-chars-for-good-measure
+ rm -f ./and-this-too-is-a-very-long-name-for-a-dummy-directory.d1/and-this-too-is-a-very-long-name-for-a-dummy-directory.d2/and-this-too-is-a-very-long-name-for-a-dummy-directory.d3/wow-this-is-a-very-long-name-for-a-simple-dummy-test-case-some-more-chars-for-good-measure
+ deepdir=./and-this-too-is-a-very-long-name-for-a-dummy-directory.d1/and-this-too-is-a-very-long-name-for-a-dummy-directory.d2/and-this-too-is-a-very-long-name-for-a-dummy-directory.d3
+ unset tmpfile new_deepdir
+ depth=3
+ for i in 1 2 3 4 5 6 7 8 9 10 12 13 14 15 16 17 18 19 29 21 22 23 24
+ new_deepdir=./and-this-too-is-a-very-long-name-for-a-dummy-directory.d1/and-this-too-is-a-very-long-name-for-a-dummy-directory.d2/and-this-too-is-a-very-long-name-for-a-dummy-directory.d3/and-this-too-is-a-very-long-name-for-a-dummy-directory.d4
+ mkdir ./and-this-too-is-a-very-long-name-for-a-dummy-directory.d1/and-this-too-is-a-very-long-name-for-a-dummy-directory.d2/and-this-too-is-a-very-long-name-for-a-dummy-directory.d3/and-this-too-is-a-very-long-name-for-a-dummy-directory.d4
+ tmpfile=./and-this-too-is-a-very-long-name-for-a-dummy-directory.d1/and-this-too-is-a-very-long-name-for-a-dummy-directory.d2/and-this-too-is-a-very-long-name-for-a-dummy-directory.d3/and-this-too-is-a-very-long-name-for-a-dummy-directory.d4/wow-this-is-a-very-long-name-for-a-simple-dummy-test-case-some-more-chars-for-good-measure
+ touch ./and-this-too-is-a-very-long-name-for-a-dummy-directory.d1/and-this-too-is-a-very-long-name-for-a-dummy-directory.d2/and-this-too-is-a-very-long-name-for-a-dummy-directory.d3/and-this-too-is-a-very-long-name-for-a-dummy-directory.d4/wow-this-is-a-very-long-name-for-a-simple-dummy-test-case-some-more-chars-for-good-measure
+ rm -f ./and-this-too-is-a-very-long-name-for-a-dummy-directory.d1/and-this-too-is-a-very-long-name-for-a-dummy-directory.d2/and-this-too-is-a-very-long-name-for-a-dummy-directory.d3/and-this-too-is-a-very-long-name-for-a-dummy-directory.d4/wow-this-is-a-very-long-name-for-a-simple-dummy-test-case-some-more-chars-for-good-measure
+ deepdir=./and-this-too-is-a-very-long-name-for-a-dummy-directory.d1/and-this-too-is-a-very-long-name-for-a-dummy-directory.d2/and-this-too-is-a-very-long-name-for-a-dummy-directory.d3/and-this-too-is-a-very-long-name-for-a-dummy-directory.d4
+ unset tmpfile new_deepdir
+ depth=4
+ for i in 1 2 3 4 5 6 7 8 9 10 12 13 14 15 16 17 18 19 29 21 22 23 24
+ new_deepdir=./and-this-too-is-a-very-long-name-for-a-dummy-directory.d1/and-this-too-is-a-very-long-name-for-a-dummy-directory.d2/and-this-too-is-a-very-long-name-for-a-dummy-directory.d3/and-this-too-is-a-very-long-name-for-a-dummy-directory.d4/and-this-too-is-a-very-long-name-for-a-dummy-directory.d5
+ mkdir ./and-this-too-is-a-very-long-name-for-a-dummy-directory.d1/and-this-too-is-a-very-long-name-for-a-dummy-directory.d2/and-this-too-is-a-very-long-name-for-a-dummy-directory.d3/and-this-too-is-a-very-long-name-for-a-dummy-directory.d4/and-this-too-is-a-very-long-name-for-a-dummy-directory.d5
+ tmpfile=./and-this-too-is-a-very-long-name-for-a-dummy-directory.d1/and-this-too-is-a-very-long-name-for-a-dummy-directory.d2/and-this-too-is-a-very-long-name-for-a-dummy-directory.d3/and-this-too-is-a-very-long-name-for-a-dummy-directory.d4/and-this-too-is-a-very-long-name-for-a-dummy-directory.d5/wow-this-is-a-very-long-name-for-a-simple-dummy-test-case-some-more-chars-for-good-measure
+ touch ./and-this-too-is-a-very-long-name-for-a-dummy-directory.d1/and-this-too-is-a-very-long-name-for-a-dummy-directory.d2/and-this-too-is-a-very-long-name-for-a-dummy-directory.d3/and-this-too-is-a-very-long-name-for-a-dummy-directory.d4/and-this-too-is-a-very-long-name-for-a-dummy-directory.d5/wow-this-is-a-very-long-name-for-a-simple-dummy-test-case-some-more-chars-for-good-measure
+ rm -f ./and-this-too-is-a-very-long-name-for-a-dummy-directory.d1/and-this-too-is-a-very-long-name-for-a-dummy-directory.d2/and-this-too-is-a-very-long-name-for-a-dummy-directory.d3/and-this-too-is-a-very-long-name-for-a-dummy-directory.d4/and-this-too-is-a-very-long-name-for-a-dummy-directory.d5/wow-this-is-a-very-long-name-for-a-simple-dummy-test-case-some-more-chars-for-good-measure
+ deepdir=./and-this-too-is-a-very-long-name-for-a-dummy-directory.d1/and-this-too-is-a-very-long-name-for-a-dummy-directory.d2/and-this-too-is-a-very-long-name-for-a-dummy-directory.d3/and-this-too-is-a-very-long-name-for-a-dummy-directory.d4/and-this-too-is-a-very-long-name-for-a-dummy-directory.d5
+ unset tmpfile new_deepdir
+ depth=5
+ for i in 1 2 3 4 5 6 7 8 9 10 12 13 14 15 16 17 18 19 29 21 22 23 24
+ new_deepdir=./and-this-too-is-a-very-long-name-for-a-dummy-directory.d1/and-this-too-is-a-very-long-name-for-a-dummy-directory.d2/and-this-too-is-a-very-long-name-for-a-dummy-directory.d3/and-this-too-is-a-very-long-name-for-a-dummy-directory.d4/and-this-too-is-a-very-long-name-for-a-dummy-directory.d5/and-this-too-is-a-very-long-name-for-a-dummy-directory.d6
+ mkdir ./and-this-too-is-a-very-long-name-for-a-dummy-directory.d1/and-this-too-is-a-very-long-name-for-a-dummy-directory.d2/and-this-too-is-a-very-long-name-for-a-dummy-directory.d3/and-this-too-is-a-very-long-name-for-a-dummy-directory.d4/and-this-too-is-a-very-long-name-for-a-dummy-directory.d5/and-this-too-is-a-very-long-name-for-a-dummy-directory.d6
+ tmpfile=./and-this-too-is-a-very-long-name-for-a-dummy-directory.d1/and-this-too-is-a-very-long-name-for-a-dummy-directory.d2/and-this-too-is-a-very-long-name-for-a-dummy-directory.d3/and-this-too-is-a-very-long-name-for-a-dummy-directory.d4/and-this-too-is-a-very-long-name-for-a-dummy-directory.d5/and-this-too-is-a-very-long-name-for-a-dummy-directory.d6/wow-this-is-a-very-long-name-for-a-simple-dummy-test-case-some-more-chars-for-good-measure
+ touch ./and-this-too-is-a-very-long-name-for-a-dummy-directory.d1/and-this-too-is-a-very-long-name-for-a-dummy-directory.d2/and-this-too-is-a-very-long-name-for-a-dummy-directory.d3/and-this-too-is-a-very-long-name-for-a-dummy-directory.d4/and-this-too-is-a-very-long-name-for-a-dummy-directory.d5/and-this-too-is-a-very-long-name-for-a-dummy-directory.d6/wow-this-is-a-very-long-name-for-a-simple-dummy-test-case-some-more-chars-for-good-measure
+ rm -f ./and-this-too-is-a-very-long-name-for-a-dummy-directory.d1/and-this-too-is-a-very-long-name-for-a-dummy-directory.d2/and-this-too-is-a-very-long-name-for-a-dummy-directory.d3/and-this-too-is-a-very-long-name-for-a-dummy-directory.d4/and-this-too-is-a-very-long-name-for-a-dummy-directory.d5/and-this-too-is-a-very-long-name-for-a-dummy-directory.d6/wow-this-is-a-very-long-name-for-a-simple-dummy-test-case-some-more-chars-for-good-measure
+ deepdir=./and-this-too-is-a-very-long-name-for-a-dummy-directory.d1/and-this-too-is-a-very-long-name-for-a-dummy-directory.d2/and-this-too-is-a-very-long-name-for-a-dummy-directory.d3/and-this-too-is-a-very-long-name-for-a-dummy-directory.d4/and-this-too-is-a-very-long-name-for-a-dummy-directory.d5/and-this-too-is-a-very-long-name-for-a-dummy-directory.d6
+ unset tmpfile new_deepdir
+ depth=6
+ for i in 1 2 3 4 5 6 7 8 9 10 12 13 14 15 16 17 18 19 29 21 22 23 24
+ new_deepdir=./and-this-too-is-a-very-long-name-for-a-dummy-directory.d1/and-this-too-is-a-very-long-name-for-a-dummy-directory.d2/and-this-too-is-a-very-long-name-for-a-dummy-directory.d3/and-this-too-is-a-very-long-name-for-a-dummy-directory.d4/and-this-too-is-a-very-long-name-for-a-dummy-directory.d5/and-this-too-is-a-very-long-name-for-a-dummy-directory.d6/and-this-too-is-a-very-long-name-for-a-dummy-directory.d7
+ mkdir ./and-this-too-is-a-very-long-name-for-a-dummy-directory.d1/and-this-too-is-a-very-long-name-for-a-dummy-directory.d2/and-this-too-is-a-very-long-name-for-a-dummy-directory.d3/and-this-too-is-a-very-long-name-for-a-dummy-directory.d4/and-this-too-is-a-very-long-name-for-a-dummy-directory.d5/and-this-too-is-a-very-long-name-for-a-dummy-directory.d6/and-this-too-is-a-very-long-name-for-a-dummy-directory.d7
+ tmpfile=./and-this-too-is-a-very-long-name-for-a-dummy-directory.d1/and-this-too-is-a-very-long-name-for-a-dummy-directory.d2/and-this-too-is-a-very-long-name-for-a-dummy-directory.d3/and-this-too-is-a-very-long-name-for-a-dummy-directory.d4/and-this-too-is-a-very-long-name-for-a-dummy-directory.d5/and-this-too-is-a-very-long-name-for-a-dummy-directory.d6/and-this-too-is-a-very-long-name-for-a-dummy-directory.d7/wow-this-is-a-very-long-name-for-a-simple-dummy-test-case-some-more-chars-for-good-measure
+ touch ./and-this-too-is-a-very-long-name-for-a-dummy-directory.d1/and-this-too-is-a-very-long-name-for-a-dummy-directory.d2/and-this-too-is-a-very-long-name-for-a-dummy-directory.d3/and-this-too-is-a-very-long-name-for-a-dummy-directory.d4/and-this-too-is-a-very-long-name-for-a-dummy-directory.d5/and-this-too-is-a-very-long-name-for-a-dummy-directory.d6/and-this-too-is-a-very-long-name-for-a-dummy-directory.d7/wow-this-is-a-very-long-name-for-a-simple-dummy-test-case-some-more-chars-for-good-measure
+ rm -f ./and-this-too-is-a-very-long-name-for-a-dummy-directory.d1/and-this-too-is-a-very-long-name-for-a-dummy-directory.d2/and-this-too-is-a-very-long-name-for-a-dummy-directory.d3/and-this-too-is-a-very-long-name-for-a-dummy-directory.d4/and-this-too-is-a-very-long-name-for-a-dummy-directory.d5/and-this-too-is-a-very-long-name-for-a-dummy-directory.d6/and-this-too-is-a-very-long-name-for-a-dummy-directory.d7/wow-this-is-a-very-long-name-for-a-simple-dummy-test-case-some-more-chars-for-good-measure
+ deepdir=./and-this-too-is-a-very-long-name-for-a-dummy-directory.d1/and-this-too-is-a-very-long-name-for-a-dummy-directory.d2/and-this-too-is-a-very-long-name-for-a-dummy-directory.d3/and-this-too-is-a-very-long-name-for-a-dummy-directory.d4/and-this-too-is-a-very-long-name-for-a-dummy-directory.d5/and-this-too-is-a-very-long-name-for-a-dummy-directory.d6/and-this-too-is-a-very-long-name-for-a-dummy-directory.d7
+ unset tmpfile new_deepdir
+ depth=7
+ for i in 1 2 3 4 5 6 7 8 9 10 12 13 14 15 16 17 18 19 29 21 22 23 24
+ new_deepdir=./and-this-too-is-a-very-long-name-for-a-dummy-directory.d1/and-this-too-is-a-very-long-name-for-a-dummy-directory.d2/and-this-too-is-a-very-long-name-for-a-dummy-directory.d3/and-this-too-is-a-very-long-name-for-a-dummy-directory.d4/and-this-too-is-a-very-long-name-for-a-dummy-directory.d5/and-this-too-is-a-very-long-name-for-a-dummy-directory.d6/and-this-too-is-a-very-long-name-for-a-dummy-directory.d7/and-this-too-is-a-very-long-name-for-a-dummy-directory.d8
+ mkdir ./and-this-too-is-a-very-long-name-for-a-dummy-directory.d1/and-this-too-is-a-very-long-name-for-a-dummy-directory.d2/and-this-too-is-a-very-long-name-for-a-dummy-directory.d3/and-this-too-is-a-very-long-name-for-a-dummy-directory.d4/and-this-too-is-a-very-long-name-for-a-dummy-directory.d5/and-this-too-is-a-very-long-name-for-a-dummy-directory.d6/and-this-too-is-a-very-long-name-for-a-dummy-directory.d7/and-this-too-is-a-very-long-name-for-a-dummy-directory.d8
+ tmpfile=./and-this-too-is-a-very-long-name-for-a-dummy-directory.d1/and-this-too-is-a-very-long-name-for-a-dummy-directory.d2/and-this-too-is-a-very-long-name-for-a-dummy-directory.d3/and-this-too-is-a-very-long-name-for-a-dummy-directory.d4/and-this-too-is-a-very-long-name-for-a-dummy-directory.d5/and-this-too-is-a-very-long-name-for-a-dummy-directory.d6/and-this-too-is-a-very-long-name-for-a-dummy-directory.d7/and-this-too-is-a-very-long-name-for-a-dummy-directory.d8/wow-this-is-a-very-long-name-for-a-simple-dummy-test-case-some-more-chars-for-good-measure
+ touch ./and-this-too-is-a-very-long-name-for-a-dummy-directory.d1/and-this-too-is-a-very-long-name-for-a-dummy-directory.d2/and-this-too-is-a-very-long-name-for-a-dummy-directory.d3/and-this-too-is-a-very-long-name-for-a-dummy-directory.d4/and-this-too-is-a-very-long-name-for-a-dummy-directory.d5/and-this-too-is-a-very-long-name-for-a-dummy-directory.d6/and-this-too-is-a-very-long-name-for-a-dummy-directory.d7/and-this-too-is-a-very-long-name-for-a-dummy-directory.d8/wow-this-is-a-very-long-name-for-a-simple-dummy-test-case-some-more-chars-for-good-measure
+ rm -f ./and-this-too-is-a-very-long-name-for-a-dummy-directory.d1/and-this-too-is-a-very-long-name-for-a-dummy-directory.d2/and-this-too-is-a-very-long-name-for-a-dummy-directory.d3/and-this-too-is-a-very-long-name-for-a-dummy-directory.d4/and-this-too-is-a-very-long-name-for-a-dummy-directory.d5/and-this-too-is-a-very-long-name-for-a-dummy-directory.d6/and-this-too-is-a-very-long-name-for-a-dummy-directory.d7/and-this-too-is-a-very-long-name-for-a-dummy-directory.d8/wow-this-is-a-very-long-name-for-a-simple-dummy-test-case-some-more-chars-for-good-measure
+ deepdir=./and-this-too-is-a-very-long-name-for-a-dummy-directory.d1/and-this-too-is-a-very-long-name-for-a-dummy-directory.d2/and-this-too-is-a-very-long-name-for-a-dummy-directory.d3/and-this-too-is-a-very-long-name-for-a-dummy-directory.d4/and-this-too-is-a-very-long-name-for-a-dummy-directory.d5/and-this-too-is-a-very-long-name-for-a-dummy-directory.d6/and-this-too-is-a-very-long-name-for-a-dummy-directory.d7/and-this-too-is-a-very-long-name-for-a-dummy-directory.d8
+ unset tmpfile new_deepdir
+ depth=8
+ for i in 1 2 3 4 5 6 7 8 9 10 12 13 14 15 16 17 18 19 29 21 22 23 24
+ new_deepdir=./and-this-too-is-a-very-long-name-for-a-dummy-directory.d1/and-this-too-is-a-very-long-name-for-a-dummy-directory.d2/and-this-too-is-a-very-long-name-for-a-dummy-directory.d3/and-this-too-is-a-very-long-name-for-a-dummy-directory.d4/and-this-too-is-a-very-long-name-for-a-dummy-directory.d5/and-this-too-is-a-very-long-name-for-a-dummy-directory.d6/and-this-too-is-a-very-long-name-for-a-dummy-directory.d7/and-this-too-is-a-very-long-name-for-a-dummy-directory.d8/and-this-too-is-a-very-long-name-for-a-dummy-directory.d9
+ mkdir ./and-this-too-is-a-very-long-name-for-a-dummy-directory.d1/and-this-too-is-a-very-long-name-for-a-dummy-directory.d2/and-this-too-is-a-very-long-name-for-a-dummy-directory.d3/and-this-too-is-a-very-long-name-for-a-dummy-directory.d4/and-this-too-is-a-very-long-name-for-a-dummy-directory.d5/and-this-too-is-a-very-long-name-for-a-dummy-directory.d6/and-this-too-is-a-very-long-name-for-a-dummy-directory.d7/and-this-too-is-a-very-long-name-for-a-dummy-directory.d8/and-this-too-is-a-very-long-name-for-a-dummy-directory.d9
+ tmpfile=./and-this-too-is-a-very-long-name-for-a-dummy-directory.d1/and-this-too-is-a-very-long-name-for-a-dummy-directory.d2/and-this-too-is-a-very-long-name-for-a-dummy-directory.d3/and-this-too-is-a-very-long-name-for-a-dummy-directory.d4/and-this-too-is-a-very-long-name-for-a-dummy-directory.d5/and-this-too-is-a-very-long-name-for-a-dummy-directory.d6/and-this-too-is-a-very-long-name-for-a-dummy-directory.d7/and-this-too-is-a-very-long-name-for-a-dummy-directory.d8/and-this-too-is-a-very-long-name-for-a-dummy-directory.d9/wow-this-is-a-very-long-name-for-a-simple-dummy-test-case-some-more-chars-for-good-measure
+ touch ./and-this-too-is-a-very-long-name-for-a-dummy-directory.d1/and-this-too-is-a-very-long-name-for-a-dummy-directory.d2/and-this-too-is-a-very-long-name-for-a-dummy-directory.d3/and-this-too-is-a-very-long-name-for-a-dummy-directory.d4/and-this-too-is-a-very-long-name-for-a-dummy-directory.d5/and-this-too-is-a-very-long-name-for-a-dummy-directory.d6/and-this-too-is-a-very-long-name-for-a-dummy-directory.d7/and-this-too-is-a-very-long-name-for-a-dummy-directory.d8/and-this-too-is-a-very-long-name-for-a-dummy-directory.d9/wow-this-is-a-very-long-name-for-a-simple-dummy-test-case-some-more-chars-for-good-measure
+ rm -f ./and-this-too-is-a-very-long-name-for-a-dummy-directory.d1/and-this-too-is-a-very-long-name-for-a-dummy-directory.d2/and-this-too-is-a-very-long-name-for-a-dummy-directory.d3/and-this-too-is-a-very-long-name-for-a-dummy-directory.d4/and-this-too-is-a-very-long-name-for-a-dummy-directory.d5/and-this-too-is-a-very-long-name-for-a-dummy-directory.d6/and-this-too-is-a-very-long-name-for-a-dummy-directory.d7/and-this-too-is-a-very-long-name-for-a-dummy-directory.d8/and-this-too-is-a-very-long-name-for-a-dummy-directory.d9/wow-this-is-a-very-long-name-for-a-simple-dummy-test-case-some-more-chars-for-good-measure
+ deepdir=./and-this-too-is-a-very-long-name-for-a-dummy-directory.d1/and-this-too-is-a-very-long-name-for-a-dummy-directory.d2/and-this-too-is-a-very-long-name-for-a-dummy-directory.d3/and-this-too-is-a-very-long-name-for-a-dummy-directory.d4/and-this-too-is-a-very-long-name-for-a-dummy-directory.d5/and-this-too-is-a-very-long-name-for-a-dummy-directory.d6/and-this-too-is-a-very-long-name-for-a-dummy-directory.d7/and-this-too-is-a-very-long-name-for-a-dummy-directory.d8/and-this-too-is-a-very-long-name-for-a-dummy-directory.d9
+ unset tmpfile new_deepdir
+ depth=9
+ for i in 1 2 3 4 5 6 7 8 9 10 12 13 14 15 16 17 18 19 29 21 22 23 24
+ new_deepdir=./and-this-too-is-a-very-long-name-for-a-dummy-directory.d1/and-this-too-is-a-very-long-name-for-a-dummy-directory.d2/and-this-too-is-a-very-long-name-for-a-dummy-directory.d3/and-this-too-is-a-very-long-name-for-a-dummy-directory.d4/and-this-too-is-a-very-long-name-for-a-dummy-directory.d5/and-this-too-is-a-very-long-name-for-a-dummy-directory.d6/and-this-too-is-a-very-long-name-for-a-dummy-directory.d7/and-this-too-is-a-very-long-name-for-a-dummy-directory.d8/and-this-too-is-a-very-long-name-for-a-dummy-directory.d9/and-this-too-is-a-very-long-name-for-a-dummy-directory.d10
+ mkdir ./and-this-too-is-a-very-long-name-for-a-dummy-directory.d1/and-this-too-is-a-very-long-name-for-a-dummy-directory.d2/and-this-too-is-a-very-long-name-for-a-dummy-directory.d3/and-this-too-is-a-very-long-name-for-a-dummy-directory.d4/and-this-too-is-a-very-long-name-for-a-dummy-directory.d5/and-this-too-is-a-very-long-name-for-a-dummy-directory.d6/and-this-too-is-a-very-long-name-for-a-dummy-directory.d7/and-this-too-is-a-very-long-name-for-a-dummy-directory.d8/and-this-too-is-a-very-long-name-for-a-dummy-directory.d9/and-this-too-is-a-very-long-name-for-a-dummy-directory.d10
+ tmpfile=./and-this-too-is-a-very-long-name-for-a-dummy-directory.d1/and-this-too-is-a-very-long-name-for-a-dummy-directory.d2/and-this-too-is-a-very-long-name-for-a-dummy-directory.d3/and-this-too-is-a-very-long-name-for-a-dummy-directory.d4/and-this-too-is-a-very-long-name-for-a-dummy-directory.d5/and-this-too-is-a-very-long-name-for-a-dummy-directory.d6/and-this-too-is-a-very-long-name-for-a-dummy-directory.d7/and-this-too-is-a-very-long-name-for-a-dummy-directory.d8/and-this-too-is-a-very-long-name-for-a-dummy-directory.d9/and-this-too-is-a-very-long-name-for-a-dummy-directory.d10/wow-this-is-a-very-long-name-for-a-simple-dummy-test-case-some-more-chars-for-good-measure
+ touch ./and-this-too-is-a-very-long-name-for-a-dummy-directory.d1/and-this-too-is-a-very-long-name-for-a-dummy-directory.d2/and-this-too-is-a-very-long-name-for-a-dummy-directory.d3/and-this-too-is-a-very-long-name-for-a-dummy-directory.d4/and-this-too-is-a-very-long-name-for-a-dummy-directory.d5/and-this-too-is-a-very-long-name-for-a-dummy-directory.d6/and-this-too-is-a-very-long-name-for-a-dummy-directory.d7/and-this-too-is-a-very-long-name-for-a-dummy-directory.d8/and-this-too-is-a-very-long-name-for-a-dummy-directory.d9/and-this-too-is-a-very-long-name-for-a-dummy-directory.d10/wow-this-is-a-very-long-name-for-a-simple-dummy-test-case-some-more-chars-for-good-measure
+ rm -f ./and-this-too-is-a-very-long-name-for-a-dummy-directory.d1/and-this-too-is-a-very-long-name-for-a-dummy-directory.d2/and-this-too-is-a-very-long-name-for-a-dummy-directory.d3/and-this-too-is-a-very-long-name-for-a-dummy-directory.d4/and-this-too-is-a-very-long-name-for-a-dummy-directory.d5/and-this-too-is-a-very-long-name-for-a-dummy-directory.d6/and-this-too-is-a-very-long-name-for-a-dummy-directory.d7/and-this-too-is-a-very-long-name-for-a-dummy-directory.d8/and-this-too-is-a-very-long-name-for-a-dummy-directory.d9/and-this-too-is-a-very-long-name-for-a-dummy-directory.d10/wow-this-is-a-very-long-name-for-a-simple-dummy-test-case-some-more-chars-for-good-measure
+ deepdir=./and-this-too-is-a-very-long-name-for-a-dummy-directory.d1/and-this-too-is-a-very-long-name-for-a-dummy-directory.d2/and-this-too-is-a-very-long-name-for-a-dummy-directory.d3/and-this-too-is-a-very-long-name-for-a-dummy-directory.d4/and-this-too-is-a-very-long-name-for-a-dummy-directory.d5/and-this-too-is-a-very-long-name-for-a-dummy-directory.d6/and-this-too-is-a-very-long-name-for-a-dummy-directory.d7/and-this-too-is-a-very-long-name-for-a-dummy-directory.d8/and-this-too-is-a-very-long-name-for-a-dummy-directory.d9/and-this-too-is-a-very-long-name-for-a-dummy-directory.d10
+ unset tmpfile new_deepdir
+ depth=10
+ for i in 1 2 3 4 5 6 7 8 9 10 12 13 14 15 16 17 18 19 29 21 22 23 24
+ new_deepdir=./and-this-too-is-a-very-long-name-for-a-dummy-directory.d1/and-this-too-is-a-very-long-name-for-a-dummy-directory.d2/and-this-too-is-a-very-long-name-for-a-dummy-directory.d3/and-this-too-is-a-very-long-name-for-a-dummy-directory.d4/and-this-too-is-a-very-long-name-for-a-dummy-directory.d5/and-this-too-is-a-very-long-name-for-a-dummy-directory.d6/and-this-too-is-a-very-long-name-for-a-dummy-directory.d7/and-this-too-is-a-very-long-name-for-a-dummy-directory.d8/and-this-too-is-a-very-long-name-for-a-dummy-directory.d9/and-this-too-is-a-very-long-name-for-a-dummy-directory.d10/and-this-too-is-a-very-long-name-for-a-dummy-directory.d12
+ mkdir ./and-this-too-is-a-very-long-name-for-a-dummy-directory.d1/and-this-too-is-a-very-long-name-for-a-dummy-directory.d2/and-this-too-is-a-very-long-name-for-a-dummy-directory.d3/and-this-too-is-a-very-long-name-for-a-dummy-directory.d4/and-this-too-is-a-very-long-name-for-a-dummy-directory.d5/and-this-too-is-a-very-long-name-for-a-dummy-directory.d6/and-this-too-is-a-very-long-name-for-a-dummy-directory.d7/and-this-too-is-a-very-long-name-for-a-dummy-directory.d8/and-this-too-is-a-very-long-name-for-a-dummy-directory.d9/and-this-too-is-a-very-long-name-for-a-dummy-directory.d10/and-this-too-is-a-very-long-name-for-a-dummy-directory.d12
+ tmpfile=./and-this-too-is-a-very-long-name-for-a-dummy-directory.d1/and-this-too-is-a-very-long-name-for-a-dummy-directory.d2/and-this-too-is-a-very-long-name-for-a-dummy-directory.d3/and-this-too-is-a-very-long-name-for-a-dummy-directory.d4/and-this-too-is-a-very-long-name-for-a-dummy-directory.d5/and-this-too-is-a-very-long-name-for-a-dummy-directory.d6/and-this-too-is-a-very-long-name-for-a-dummy-directory.d7/and-this-too-is-a-very-long-name-for-a-dummy-directory.d8/and-this-too-is-a-very-long-name-for-a-dummy-directory.d9/and-this-too-is-a-very-long-name-for-a-dummy-directory.d10/and-this-too-is-a-very-long-name-for-a-dummy-directory.d12/wow-this-is-a-very-long-name-for-a-simple-dummy-test-case-some-more-chars-for-good-measure
+ touch ./and-this-too-is-a-very-long-name-for-a-dummy-directory.d1/and-this-too-is-a-very-long-name-for-a-dummy-directory.d2/and-this-too-is-a-very-long-name-for-a-dummy-directory.d3/and-this-too-is-a-very-long-name-for-a-dummy-directory.d4/and-this-too-is-a-very-long-name-for-a-dummy-directory.d5/and-this-too-is-a-very-long-name-for-a-dummy-directory.d6/and-this-too-is-a-very-long-name-for-a-dummy-directory.d7/and-this-too-is-a-very-long-name-for-a-dummy-directory.d8/and-this-too-is-a-very-long-name-for-a-dummy-directory.d9/and-this-too-is-a-very-long-name-for-a-dummy-directory.d10/and-this-too-is-a-very-long-name-for-a-dummy-directory.d12/wow-this-is-a-very-long-name-for-a-simple-dummy-test-case-some-more-chars-for-good-measure
+ rm -f ./and-this-too-is-a-very-long-name-for-a-dummy-directory.d1/and-this-too-is-a-very-long-name-for-a-dummy-directory.d2/and-this-too-is-a-very-long-name-for-a-dummy-directory.d3/and-this-too-is-a-very-long-name-for-a-dummy-directory.d4/and-this-too-is-a-very-long-name-for-a-dummy-directory.d5/and-this-too-is-a-very-long-name-for-a-dummy-directory.d6/and-this-too-is-a-very-long-name-for-a-dummy-directory.d7/and-this-too-is-a-very-long-name-for-a-dummy-directory.d8/and-this-too-is-a-very-long-name-for-a-dummy-directory.d9/and-this-too-is-a-very-long-name-for-a-dummy-directory.d10/and-this-too-is-a-very-long-name-for-a-dummy-directory.d12/wow-this-is-a-very-long-name-for-a-simple-dummy-test-case-some-more-chars-for-good-measure
+ deepdir=./and-this-too-is-a-very-long-name-for-a-dummy-directory.d1/and-this-too-is-a-very-long-name-for-a-dummy-directory.d2/and-this-too-is-a-very-long-name-for-a-dummy-directory.d3/and-this-too-is-a-very-long-name-for-a-dummy-directory.d4/and-this-too-is-a-very-long-name-for-a-dummy-directory.d5/and-this-too-is-a-very-long-name-for-a-dummy-directory.d6/and-this-too-is-a-very-long-name-for-a-dummy-directory.d7/and-this-too-is-a-very-long-name-for-a-dummy-directory.d8/and-this-too-is-a-very-long-name-for-a-dummy-directory.d9/and-this-too-is-a-very-long-name-for-a-dummy-directory.d10/and-this-too-is-a-very-long-name-for-a-dummy-directory.d12
+ unset tmpfile new_deepdir
+ depth=12
+ for i in 1 2 3 4 5 6 7 8 9 10 12 13 14 15 16 17 18 19 29 21 22 23 24
+ new_deepdir=./and-this-too-is-a-very-long-name-for-a-dummy-directory.d1/and-this-too-is-a-very-long-name-for-a-dummy-directory.d2/and-this-too-is-a-very-long-name-for-a-dummy-directory.d3/and-this-too-is-a-very-long-name-for-a-dummy-directory.d4/and-this-too-is-a-very-long-name-for-a-dummy-directory.d5/and-this-too-is-a-very-long-name-for-a-dummy-directory.d6/and-this-too-is-a-very-long-name-for-a-dummy-directory.d7/and-this-too-is-a-very-long-name-for-a-dummy-directory.d8/and-this-too-is-a-very-long-name-for-a-dummy-directory.d9/and-this-too-is-a-very-long-name-for-a-dummy-directory.d10/and-this-too-is-a-very-long-name-for-a-dummy-directory.d12/and-this-too-is-a-very-long-name-for-a-dummy-directory.d13
+ mkdir ./and-this-too-is-a-very-long-name-for-a-dummy-directory.d1/and-this-too-is-a-very-long-name-for-a-dummy-directory.d2/and-this-too-is-a-very-long-name-for-a-dummy-directory.d3/and-this-too-is-a-very-long-name-for-a-dummy-directory.d4/and-this-too-is-a-very-long-name-for-a-dummy-directory.d5/and-this-too-is-a-very-long-name-for-a-dummy-directory.d6/and-this-too-is-a-very-long-name-for-a-dummy-directory.d7/and-this-too-is-a-very-long-name-for-a-dummy-directory.d8/and-this-too-is-a-very-long-name-for-a-dummy-directory.d9/and-this-too-is-a-very-long-name-for-a-dummy-directory.d10/and-this-too-is-a-very-long-name-for-a-dummy-directory.d12/and-this-too-is-a-very-long-name-for-a-dummy-directory.d13
+ tmpfile=./and-this-too-is-a-very-long-name-for-a-dummy-directory.d1/and-this-too-is-a-very-long-name-for-a-dummy-directory.d2/and-this-too-is-a-very-long-name-for-a-dummy-directory.d3/and-this-too-is-a-very-long-name-for-a-dummy-directory.d4/and-this-too-is-a-very-long-name-for-a-dummy-directory.d5/and-this-too-is-a-very-long-name-for-a-dummy-directory.d6/and-this-too-is-a-very-long-name-for-a-dummy-directory.d7/and-this-too-is-a-very-long-name-for-a-dummy-directory.d8/and-this-too-is-a-very-long-name-for-a-dummy-directory.d9/and-this-too-is-a-very-long-name-for-a-dummy-directory.d10/and-this-too-is-a-very-long-name-for-a-dummy-directory.d12/and-this-too-is-a-very-long-name-for-a-dummy-directory.d13/wow-this-is-a-very-long-name-for-a-simple-dummy-test-case-some-more-chars-for-good-measure
+ touch ./and-this-too-is-a-very-long-name-for-a-dummy-directory.d1/and-this-too-is-a-very-long-name-for-a-dummy-directory.d2/and-this-too-is-a-very-long-name-for-a-dummy-directory.d3/and-this-too-is-a-very-long-name-for-a-dummy-directory.d4/and-this-too-is-a-very-long-name-for-a-dummy-directory.d5/and-this-too-is-a-very-long-name-for-a-dummy-directory.d6/and-this-too-is-a-very-long-name-for-a-dummy-directory.d7/and-this-too-is-a-very-long-name-for-a-dummy-directory.d8/and-this-too-is-a-very-long-name-for-a-dummy-directory.d9/and-this-too-is-a-very-long-name-for-a-dummy-directory.d10/and-this-too-is-a-very-long-name-for-a-dummy-directory.d12/and-this-too-is-a-very-long-name-for-a-dummy-directory.d13/wow-this-is-a-very-long-name-for-a-simple-dummy-test-case-some-more-chars-for-good-measure
+ rm -f ./and-this-too-is-a-very-long-name-for-a-dummy-directory.d1/and-this-too-is-a-very-long-name-for-a-dummy-directory.d2/and-this-too-is-a-very-long-name-for-a-dummy-directory.d3/and-this-too-is-a-very-long-name-for-a-dummy-directory.d4/and-this-too-is-a-very-long-name-for-a-dummy-directory.d5/and-this-too-is-a-very-long-name-for-a-dummy-directory.d6/and-this-too-is-a-very-long-name-for-a-dummy-directory.d7/and-this-too-is-a-very-long-name-for-a-dummy-directory.d8/and-this-too-is-a-very-long-name-for-a-dummy-directory.d9/and-this-too-is-a-very-long-name-for-a-dummy-directory.d10/and-this-too-is-a-very-long-name-for-a-dummy-directory.d12/and-this-too-is-a-very-long-name-for-a-dummy-directory.d13/wow-this-is-a-very-long-name-for-a-simple-dummy-test-case-some-more-chars-for-good-measure
+ deepdir=./and-this-too-is-a-very-long-name-for-a-dummy-directory.d1/and-this-too-is-a-very-long-name-for-a-dummy-directory.d2/and-this-too-is-a-very-long-name-for-a-dummy-directory.d3/and-this-too-is-a-very-long-name-for-a-dummy-directory.d4/and-this-too-is-a-very-long-name-for-a-dummy-directory.d5/and-this-too-is-a-very-long-name-for-a-dummy-directory.d6/and-this-too-is-a-very-long-name-for-a-dummy-directory.d7/and-this-too-is-a-very-long-name-for-a-dummy-directory.d8/and-this-too-is-a-very-long-name-for-a-dummy-directory.d9/and-this-too-is-a-very-long-name-for-a-dummy-directory.d10/and-this-too-is-a-very-long-name-for-a-dummy-directory.d12/and-this-too-is-a-very-long-name-for-a-dummy-directory.d13
+ unset tmpfile new_deepdir
+ depth=13
+ for i in 1 2 3 4 5 6 7 8 9 10 12 13 14 15 16 17 18 19 29 21 22 23 24
+ new_deepdir=./and-this-too-is-a-very-long-name-for-a-dummy-directory.d1/and-this-too-is-a-very-long-name-for-a-dummy-directory.d2/and-this-too-is-a-very-long-name-for-a-dummy-directory.d3/and-this-too-is-a-very-long-name-for-a-dummy-directory.d4/and-this-too-is-a-very-long-name-for-a-dummy-directory.d5/and-this-too-is-a-very-long-name-for-a-dummy-directory.d6/and-this-too-is-a-very-long-name-for-a-dummy-directory.d7/and-this-too-is-a-very-long-name-for-a-dummy-directory.d8/and-this-too-is-a-very-long-name-for-a-dummy-directory.d9/and-this-too-is-a-very-long-name-for-a-dummy-directory.d10/and-this-too-is-a-very-long-name-for-a-dummy-directory.d12/and-this-too-is-a-very-long-name-for-a-dummy-directory.d13/and-this-too-is-a-very-long-name-for-a-dummy-directory.d14
+ mkdir ./and-this-too-is-a-very-long-name-for-a-dummy-directory.d1/and-this-too-is-a-very-long-name-for-a-dummy-directory.d2/and-this-too-is-a-very-long-name-for-a-dummy-directory.d3/and-this-too-is-a-very-long-name-for-a-dummy-directory.d4/and-this-too-is-a-very-long-name-for-a-dummy-directory.d5/and-this-too-is-a-very-long-name-for-a-dummy-directory.d6/and-this-too-is-a-very-long-name-for-a-dummy-directory.d7/and-this-too-is-a-very-long-name-for-a-dummy-directory.d8/and-this-too-is-a-very-long-name-for-a-dummy-directory.d9/and-this-too-is-a-very-long-name-for-a-dummy-directory.d10/and-this-too-is-a-very-long-name-for-a-dummy-directory.d12/and-this-too-is-a-very-long-name-for-a-dummy-directory.d13/and-this-too-is-a-very-long-name-for-a-dummy-directory.d14
+ tmpfile=./and-this-too-is-a-very-long-name-for-a-dummy-directory.d1/and-this-too-is-a-very-long-name-for-a-dummy-directory.d2/and-this-too-is-a-very-long-name-for-a-dummy-directory.d3/and-this-too-is-a-very-long-name-for-a-dummy-directory.d4/and-this-too-is-a-very-long-name-for-a-dummy-directory.d5/and-this-too-is-a-very-long-name-for-a-dummy-directory.d6/and-this-too-is-a-very-long-name-for-a-dummy-directory.d7/and-this-too-is-a-very-long-name-for-a-dummy-directory.d8/and-this-too-is-a-very-long-name-for-a-dummy-directory.d9/and-this-too-is-a-very-long-name-for-a-dummy-directory.d10/and-this-too-is-a-very-long-name-for-a-dummy-directory.d12/and-this-too-is-a-very-long-name-for-a-dummy-directory.d13/and-this-too-is-a-very-long-name-for-a-dummy-directory.d14/wow-this-is-a-very-long-name-for-a-simple-dummy-test-case-some-more-chars-for-good-measure
+ touch ./and-this-too-is-a-very-long-name-for-a-dummy-directory.d1/and-this-too-is-a-very-long-name-for-a-dummy-directory.d2/and-this-too-is-a-very-long-name-for-a-dummy-directory.d3/and-this-too-is-a-very-long-name-for-a-dummy-directory.d4/and-this-too-is-a-very-long-name-for-a-dummy-directory.d5/and-this-too-is-a-very-long-name-for-a-dummy-directory.d6/and-this-too-is-a-very-long-name-for-a-dummy-directory.d7/and-this-too-is-a-very-long-name-for-a-dummy-directory.d8/and-this-too-is-a-very-long-name-for-a-dummy-directory.d9/and-this-too-is-a-very-long-name-for-a-dummy-directory.d10/and-this-too-is-a-very-long-name-for-a-dummy-directory.d12/and-this-too-is-a-very-long-name-for-a-dummy-directory.d13/and-this-too-is-a-very-long-name-for-a-dummy-directory.d14/wow-this-is-a-very-long-name-for-a-simple-dummy-test-case-some-more-chars-for-good-measure
+ rm -f ./and-this-too-is-a-very-long-name-for-a-dummy-directory.d1/and-this-too-is-a-very-long-name-for-a-dummy-directory.d2/and-this-too-is-a-very-long-name-for-a-dummy-directory.d3/and-this-too-is-a-very-long-name-for-a-dummy-directory.d4/and-this-too-is-a-very-long-name-for-a-dummy-directory.d5/and-this-too-is-a-very-long-name-for-a-dummy-directory.d6/and-this-too-is-a-very-long-name-for-a-dummy-directory.d7/and-this-too-is-a-very-long-name-for-a-dummy-directory.d8/and-this-too-is-a-very-long-name-for-a-dummy-directory.d9/and-this-too-is-a-very-long-name-for-a-dummy-directory.d10/and-this-too-is-a-very-long-name-for-a-dummy-directory.d12/and-this-too-is-a-very-long-name-for-a-dummy-directory.d13/and-this-too-is-a-very-long-name-for-a-dummy-directory.d14/wow-this-is-a-very-long-name-for-a-simple-dummy-test-case-some-more-chars-for-good-measure
+ deepdir=./and-this-too-is-a-very-long-name-for-a-dummy-directory.d1/and-this-too-is-a-very-long-name-for-a-dummy-directory.d2/and-this-too-is-a-very-long-name-for-a-dummy-directory.d3/and-this-too-is-a-very-long-name-for-a-dummy-directory.d4/and-this-too-is-a-very-long-name-for-a-dummy-directory.d5/and-this-too-is-a-very-long-name-for-a-dummy-directory.d6/and-this-too-is-a-very-long-name-for-a-dummy-directory.d7/and-this-too-is-a-very-long-name-for-a-dummy-directory.d8/and-this-too-is-a-very-long-name-for-a-dummy-directory.d9/and-this-too-is-a-very-long-name-for-a-dummy-directory.d10/and-this-too-is-a-very-long-name-for-a-dummy-directory.d12/and-this-too-is-a-very-long-name-for-a-dummy-directory.d13/and-this-too-is-a-very-long-name-for-a-dummy-directory.d14
+ unset tmpfile new_deepdir
+ depth=14
+ for i in 1 2 3 4 5 6 7 8 9 10 12 13 14 15 16 17 18 19 29 21 22 23 24
+ new_deepdir=./and-this-too-is-a-very-long-name-for-a-dummy-directory.d1/and-this-too-is-a-very-long-name-for-a-dummy-directory.d2/and-this-too-is-a-very-long-name-for-a-dummy-directory.d3/and-this-too-is-a-very-long-name-for-a-dummy-directory.d4/and-this-too-is-a-very-long-name-for-a-dummy-directory.d5/and-this-too-is-a-very-long-name-for-a-dummy-directory.d6/and-this-too-is-a-very-long-name-for-a-dummy-directory.d7/and-this-too-is-a-very-long-name-for-a-dummy-directory.d8/and-this-too-is-a-very-long-name-for-a-dummy-directory.d9/and-this-too-is-a-very-long-name-for-a-dummy-directory.d10/and-this-too-is-a-very-long-name-for-a-dummy-directory.d12/and-this-too-is-a-very-long-name-for-a-dummy-directory.d13/and-this-too-is-a-very-long-name-for-a-dummy-directory.d14/and-this-too-is-a-very-long-name-for-a-dummy-directory.d15
+ mkdir ./and-this-too-is-a-very-long-name-for-a-dummy-directory.d1/and-this-too-is-a-very-long-name-for-a-dummy-directory.d2/and-this-too-is-a-very-long-name-for-a-dummy-directory.d3/and-this-too-is-a-very-long-name-for-a-dummy-directory.d4/and-this-too-is-a-very-long-name-for-a-dummy-directory.d5/and-this-too-is-a-very-long-name-for-a-dummy-directory.d6/and-this-too-is-a-very-long-name-for-a-dummy-directory.d7/and-this-too-is-a-very-long-name-for-a-dummy-directory.d8/and-this-too-is-a-very-long-name-for-a-dummy-directory.d9/and-this-too-is-a-very-long-name-for-a-dummy-directory.d10/and-this-too-is-a-very-long-name-for-a-dummy-directory.d12/and-this-too-is-a-very-long-name-for-a-dummy-directory.d13/and-this-too-is-a-very-long-name-for-a-dummy-directory.d14/and-this-too-is-a-very-long-name-for-a-dummy-directory.d15
+ tmpfile=./and-this-too-is-a-very-long-name-for-a-dummy-directory.d1/and-this-too-is-a-very-long-name-for-a-dummy-directory.d2/and-this-too-is-a-very-long-name-for-a-dummy-directory.d3/and-this-too-is-a-very-long-name-for-a-dummy-directory.d4/and-this-too-is-a-very-long-name-for-a-dummy-directory.d5/and-this-too-is-a-very-long-name-for-a-dummy-directory.d6/and-this-too-is-a-very-long-name-for-a-dummy-directory.d7/and-this-too-is-a-very-long-name-for-a-dummy-directory.d8/and-this-too-is-a-very-long-name-for-a-dummy-directory.d9/and-this-too-is-a-very-long-name-for-a-dummy-directory.d10/and-this-too-is-a-very-long-name-for-a-dummy-directory.d12/and-this-too-is-a-very-long-name-for-a-dummy-directory.d13/and-this-too-is-a-very-long-name-for-a-dummy-directory.d14/and-this-too-is-a-very-long-name-for-a-dummy-directory.d15/wow-this-is-a-very-long-name-for-a-simple-dummy-test-case-some-more-chars-for-good-measure
+ touch ./and-this-too-is-a-very-long-name-for-a-dummy-directory.d1/and-this-too-is-a-very-long-name-for-a-dummy-directory.d2/and-this-too-is-a-very-long-name-for-a-dummy-directory.d3/and-this-too-is-a-very-long-name-for-a-dummy-directory.d4/and-this-too-is-a-very-long-name-for-a-dummy-directory.d5/and-this-too-is-a-very-long-name-for-a-dummy-directory.d6/and-this-too-is-a-very-long-name-for-a-dummy-directory.d7/and-this-too-is-a-very-long-name-for-a-dummy-directory.d8/and-this-too-is-a-very-long-name-for-a-dummy-directory.d9/and-this-too-is-a-very-long-name-for-a-dummy-directory.d10/and-this-too-is-a-very-long-name-for-a-dummy-directory.d12/and-this-too-is-a-very-long-name-for-a-dummy-directory.d13/and-this-too-is-a-very-long-name-for-a-dummy-directory.d14/and-this-too-is-a-very-long-name-for-a-dummy-directory.d15/wow-this-is-a-very-long-name-for-a-simple-dummy-test-case-some-more-chars-for-good-measure
+ rm -f ./and-this-too-is-a-very-long-name-for-a-dummy-directory.d1/and-this-too-is-a-very-long-name-for-a-dummy-directory.d2/and-this-too-is-a-very-long-name-for-a-dummy-directory.d3/and-this-too-is-a-very-long-name-for-a-dummy-directory.d4/and-this-too-is-a-very-long-name-for-a-dummy-directory.d5/and-this-too-is-a-very-long-name-for-a-dummy-directory.d6/and-this-too-is-a-very-long-name-for-a-dummy-directory.d7/and-this-too-is-a-very-long-name-for-a-dummy-directory.d8/and-this-too-is-a-very-long-name-for-a-dummy-directory.d9/and-this-too-is-a-very-long-name-for-a-dummy-directory.d10/and-this-too-is-a-very-long-name-for-a-dummy-directory.d12/and-this-too-is-a-very-long-name-for-a-dummy-directory.d13/and-this-too-is-a-very-long-name-for-a-dummy-directory.d14/and-this-too-is-a-very-long-name-for-a-dummy-directory.d15/wow-this-is-a-very-long-name-for-a-simple-dummy-test-case-some-more-chars-for-good-measure
+ deepdir=./and-this-too-is-a-very-long-name-for-a-dummy-directory.d1/and-this-too-is-a-very-long-name-for-a-dummy-directory.d2/and-this-too-is-a-very-long-name-for-a-dummy-directory.d3/and-this-too-is-a-very-long-name-for-a-dummy-directory.d4/and-this-too-is-a-very-long-name-for-a-dummy-directory.d5/and-this-too-is-a-very-long-name-for-a-dummy-directory.d6/and-this-too-is-a-very-long-name-for-a-dummy-directory.d7/and-this-too-is-a-very-long-name-for-a-dummy-directory.d8/and-this-too-is-a-very-long-name-for-a-dummy-directory.d9/and-this-too-is-a-very-long-name-for-a-dummy-directory.d10/and-this-too-is-a-very-long-name-for-a-dummy-directory.d12/and-this-too-is-a-very-long-name-for-a-dummy-directory.d13/and-this-too-is-a-very-long-name-for-a-dummy-directory.d14/and-this-too-is-a-very-long-name-for-a-dummy-directory.d15
+ unset tmpfile new_deepdir
+ depth=15
+ for i in 1 2 3 4 5 6 7 8 9 10 12 13 14 15 16 17 18 19 29 21 22 23 24
+ new_deepdir=./and-this-too-is-a-very-long-name-for-a-dummy-directory.d1/and-this-too-is-a-very-long-name-for-a-dummy-directory.d2/and-this-too-is-a-very-long-name-for-a-dummy-directory.d3/and-this-too-is-a-very-long-name-for-a-dummy-directory.d4/and-this-too-is-a-very-long-name-for-a-dummy-directory.d5/and-this-too-is-a-very-long-name-for-a-dummy-directory.d6/and-this-too-is-a-very-long-name-for-a-dummy-directory.d7/and-this-too-is-a-very-long-name-for-a-dummy-directory.d8/and-this-too-is-a-very-long-name-for-a-dummy-directory.d9/and-this-too-is-a-very-long-name-for-a-dummy-directory.d10/and-this-too-is-a-very-long-name-for-a-dummy-directory.d12/and-this-too-is-a-very-long-name-for-a-dummy-directory.d13/and-this-too-is-a-very-long-name-for-a-dummy-directory.d14/and-this-too-is-a-very-long-name-for-a-dummy-directory.d15/and-this-too-is-a-very-long-name-for-a-dummy-directory.d16
+ mkdir ./and-this-too-is-a-very-long-name-for-a-dummy-directory.d1/and-this-too-is-a-very-long-name-for-a-dummy-directory.d2/and-this-too-is-a-very-long-name-for-a-dummy-directory.d3/and-this-too-is-a-very-long-name-for-a-dummy-directory.d4/and-this-too-is-a-very-long-name-for-a-dummy-directory.d5/and-this-too-is-a-very-long-name-for-a-dummy-directory.d6/and-this-too-is-a-very-long-name-for-a-dummy-directory.d7/and-this-too-is-a-very-long-name-for-a-dummy-directory.d8/and-this-too-is-a-very-long-name-for-a-dummy-directory.d9/and-this-too-is-a-very-long-name-for-a-dummy-directory.d10/and-this-too-is-a-very-long-name-for-a-dummy-directory.d12/and-this-too-is-a-very-long-name-for-a-dummy-directory.d13/and-this-too-is-a-very-long-name-for-a-dummy-directory.d14/and-this-too-is-a-very-long-name-for-a-dummy-directory.d15/and-this-too-is-a-very-long-name-for-a-dummy-directory.d16
+ tmpfile=./and-this-too-is-a-very-long-name-for-a-dummy-directory.d1/and-this-too-is-a-very-long-name-for-a-dummy-directory.d2/and-this-too-is-a-very-long-name-for-a-dummy-directory.d3/and-this-too-is-a-very-long-name-for-a-dummy-directory.d4/and-this-too-is-a-very-long-name-for-a-dummy-directory.d5/and-this-too-is-a-very-long-name-for-a-dummy-directory.d6/and-this-too-is-a-very-long-name-for-a-dummy-directory.d7/and-this-too-is-a-very-long-name-for-a-dummy-directory.d8/and-this-too-is-a-very-long-name-for-a-dummy-directory.d9/and-this-too-is-a-very-long-name-for-a-dummy-directory.d10/and-this-too-is-a-very-long-name-for-a-dummy-directory.d12/and-this-too-is-a-very-long-name-for-a-dummy-directory.d13/and-this-too-is-a-very-long-name-for-a-dummy-directory.d14/and-this-too-is-a-very-long-name-for-a-dummy-directory.d15/and-this-too-is-a-very-long-name-for-a-dummy-directory.d16/wow-this-is-a-very-long-name-for-a-simple-dummy-test-case-some-more-chars-for-good-measure
+ touch ./and-this-too-is-a-very-long-name-for-a-dummy-directory.d1/and-this-too-is-a-very-long-name-for-a-dummy-directory.d2/and-this-too-is-a-very-long-name-for-a-dummy-directory.d3/and-this-too-is-a-very-long-name-for-a-dummy-directory.d4/and-this-too-is-a-very-long-name-for-a-dummy-directory.d5/and-this-too-is-a-very-long-name-for-a-dummy-directory.d6/and-this-too-is-a-very-long-name-for-a-dummy-directory.d7/and-this-too-is-a-very-long-name-for-a-dummy-directory.d8/and-this-too-is-a-very-long-name-for-a-dummy-directory.d9/and-this-too-is-a-very-long-name-for-a-dummy-directory.d10/and-this-too-is-a-very-long-name-for-a-dummy-directory.d12/and-this-too-is-a-very-long-name-for-a-dummy-directory.d13/and-this-too-is-a-very-long-name-for-a-dummy-directory.d14/and-this-too-is-a-very-long-name-for-a-dummy-directory.d15/and-this-too-is-a-very-long-name-for-a-dummy-directory.d16/wow-this-is-a-very-long-name-for-a-simple-dummy-test-case-some-more-chars-for-good-measure
+ rm -f ./and-this-too-is-a-very-long-name-for-a-dummy-directory.d1/and-this-too-is-a-very-long-name-for-a-dummy-directory.d2/and-this-too-is-a-very-long-name-for-a-dummy-directory.d3/and-this-too-is-a-very-long-name-for-a-dummy-directory.d4/and-this-too-is-a-very-long-name-for-a-dummy-directory.d5/and-this-too-is-a-very-long-name-for-a-dummy-directory.d6/and-this-too-is-a-very-long-name-for-a-dummy-directory.d7/and-this-too-is-a-very-long-name-for-a-dummy-directory.d8/and-this-too-is-a-very-long-name-for-a-dummy-directory.d9/and-this-too-is-a-very-long-name-for-a-dummy-directory.d10/and-this-too-is-a-very-long-name-for-a-dummy-directory.d12/and-this-too-is-a-very-long-name-for-a-dummy-directory.d13/and-this-too-is-a-very-long-name-for-a-dummy-directory.d14/and-this-too-is-a-very-long-name-for-a-dummy-directory.d15/and-this-too-is-a-very-long-name-for-a-dummy-directory.d16/wow-this-is-a-very-long-name-for-a-simple-dummy-test-case-some-more-chars-for-good-measure
+ deepdir=./and-this-too-is-a-very-long-name-for-a-dummy-directory.d1/and-this-too-is-a-very-long-name-for-a-dummy-directory.d2/and-this-too-is-a-very-long-name-for-a-dummy-directory.d3/and-this-too-is-a-very-long-name-for-a-dummy-directory.d4/and-this-too-is-a-very-long-name-for-a-dummy-directory.d5/and-this-too-is-a-very-long-name-for-a-dummy-directory.d6/and-this-too-is-a-very-long-name-for-a-dummy-directory.d7/and-this-too-is-a-very-long-name-for-a-dummy-directory.d8/and-this-too-is-a-very-long-name-for-a-dummy-directory.d9/and-this-too-is-a-very-long-name-for-a-dummy-directory.d10/and-this-too-is-a-very-long-name-for-a-dummy-directory.d12/and-this-too-is-a-very-long-name-for-a-dummy-directory.d13/and-this-too-is-a-very-long-name-for-a-dummy-directory.d14/and-this-too-is-a-very-long-name-for-a-dummy-directory.d15/and-this-too-is-a-very-long-name-for-a-dummy-directory.d16
+ unset tmpfile new_deepdir
+ depth=16
+ for i in 1 2 3 4 5 6 7 8 9 10 12 13 14 15 16 17 18 19 29 21 22 23 24
+ new_deepdir=./and-this-too-is-a-very-long-name-for-a-dummy-directory.d1/and-this-too-is-a-very-long-name-for-a-dummy-directory.d2/and-this-too-is-a-very-long-name-for-a-dummy-directory.d3/and-this-too-is-a-very-long-name-for-a-dummy-directory.d4/and-this-too-is-a-very-long-name-for-a-dummy-directory.d5/and-this-too-is-a-very-long-name-for-a-dummy-directory.d6/and-this-too-is-a-very-long-name-for-a-dummy-directory.d7/and-this-too-is-a-very-long-name-for-a-dummy-directory.d8/and-this-too-is-a-very-long-name-for-a-dummy-directory.d9/and-this-too-is-a-very-long-name-for-a-dummy-directory.d10/and-this-too-is-a-very-long-name-for-a-dummy-directory.d12/and-this-too-is-a-very-long-name-for-a-dummy-directory.d13/and-this-too-is-a-very-long-name-for-a-dummy-directory.d14/and-this-too-is-a-very-long-name-for-a-dummy-directory.d15/and-this-too-is-a-very-long-name-for-a-dummy-directory.d16/and-this-too-is-a-very-long-name-for-a-dummy-directory.d17
+ mkdir ./and-this-too-is-a-very-long-name-for-a-dummy-directory.d1/and-this-too-is-a-very-long-name-for-a-dummy-directory.d2/and-this-too-is-a-very-long-name-for-a-dummy-directory.d3/and-this-too-is-a-very-long-name-for-a-dummy-directory.d4/and-this-too-is-a-very-long-name-for-a-dummy-directory.d5/and-this-too-is-a-very-long-name-for-a-dummy-directory.d6/and-this-too-is-a-very-long-name-for-a-dummy-directory.d7/and-this-too-is-a-very-long-name-for-a-dummy-directory.d8/and-this-too-is-a-very-long-name-for-a-dummy-directory.d9/and-this-too-is-a-very-long-name-for-a-dummy-directory.d10/and-this-too-is-a-very-long-name-for-a-dummy-directory.d12/and-this-too-is-a-very-long-name-for-a-dummy-directory.d13/and-this-too-is-a-very-long-name-for-a-dummy-directory.d14/and-this-too-is-a-very-long-name-for-a-dummy-directory.d15/and-this-too-is-a-very-long-name-for-a-dummy-directory.d16/and-this-too-is-a-very-long-name-for-a-dummy-directory.d17
+ tmpfile=./and-this-too-is-a-very-long-name-for-a-dummy-directory.d1/and-this-too-is-a-very-long-name-for-a-dummy-directory.d2/and-this-too-is-a-very-long-name-for-a-dummy-directory.d3/and-this-too-is-a-very-long-name-for-a-dummy-directory.d4/and-this-too-is-a-very-long-name-for-a-dummy-directory.d5/and-this-too-is-a-very-long-name-for-a-dummy-directory.d6/and-this-too-is-a-very-long-name-for-a-dummy-directory.d7/and-this-too-is-a-very-long-name-for-a-dummy-directory.d8/and-this-too-is-a-very-long-name-for-a-dummy-directory.d9/and-this-too-is-a-very-long-name-for-a-dummy-directory.d10/and-this-too-is-a-very-long-name-for-a-dummy-directory.d12/and-this-too-is-a-very-long-name-for-a-dummy-directory.d13/and-this-too-is-a-very-long-name-for-a-dummy-directory.d14/and-this-too-is-a-very-long-name-for-a-dummy-directory.d15/and-this-too-is-a-very-long-name-for-a-dummy-directory.d16/and-this-too-is-a-very-long-name-for-a-dummy-directory.d17/wow-this-is-a-very-long-name-for-a-simple-dummy-test-case-some-more-chars-for-good-measure
+ touch ./and-this-too-is-a-very-long-name-for-a-dummy-directory.d1/and-this-too-is-a-very-long-name-for-a-dummy-directory.d2/and-this-too-is-a-very-long-name-for-a-dummy-directory.d3/and-this-too-is-a-very-long-name-for-a-dummy-directory.d4/and-this-too-is-a-very-long-name-for-a-dummy-directory.d5/and-this-too-is-a-very-long-name-for-a-dummy-directory.d6/and-this-too-is-a-very-long-name-for-a-dummy-directory.d7/and-this-too-is-a-very-long-name-for-a-dummy-directory.d8/and-this-too-is-a-very-long-name-for-a-dummy-directory.d9/and-this-too-is-a-very-long-name-for-a-dummy-directory.d10/and-this-too-is-a-very-long-name-for-a-dummy-directory.d12/and-this-too-is-a-very-long-name-for-a-dummy-directory.d13/and-this-too-is-a-very-long-name-for-a-dummy-directory.d14/and-this-too-is-a-very-long-name-for-a-dummy-directory.d15/and-this-too-is-a-very-long-name-for-a-dummy-directory.d16/and-this-too-is-a-very-long-name-for-a-dummy-directory.d17/wow-this-is-a-very-long-name-for-a-simple-dummy-test-case-some-more-chars-for-good-measure
touch: ./and-this-too-is-a-very-long-name-for-a-dummy-directory.d1/and-this-too-is-a-very-long-name-for-a-dummy-directory.d2/and-this-too-is-a-very-long-name-for-a-dummy-directory.d3/and-this-too-is-a-very-long-name-for-a-dummy-directory.d4/and-this-too-is-a-very-long-name-for-a-dummy-directory.d5/and-this-too-is-a-very-long-name-for-a-dummy-directory.d6/and-this-too-is-a-very-long-name-for-a-dummy-directory.d7/and-this-too-is-a-very-long-name-for-a-dummy-directory.d8/and-this-too-is-a-very-long-name-for-a-dummy-directory.d9/and-this-too-is-a-very-long-name-for-a-dummy-directory.d10/and-this-too-is-a-very-long-name-for-a-dummy-directory.d12/and-this-too-is-a-very-long-name-for-a-dummy-directory.d13/and-this-too-is-a-very-long-name-for-a-dummy-directory.d14/and-this-too-is-a-very-long-name-for-a-dummy-directory.d15/and-this-too-is-a-very-long-name-for-a-dummy-directory.d16/and-this-too-is-a-very-long-name-for-a-dummy-directory.d17/wow-this-is-a-very-long-name-for-a-simple-dummy-test-case-some-more-chars-for-good-measure: File name too long
+ rmdir ./and-this-too-is-a-very-long-name-for-a-dummy-directory.d1/and-this-too-is-a-very-long-name-for-a-dummy-directory.d2/and-this-too-is-a-very-long-name-for-a-dummy-directory.d3/and-this-too-is-a-very-long-name-for-a-dummy-directory.d4/and-this-too-is-a-very-long-name-for-a-dummy-directory.d5/and-this-too-is-a-very-long-name-for-a-dummy-directory.d6/and-this-too-is-a-very-long-name-for-a-dummy-directory.d7/and-this-too-is-a-very-long-name-for-a-dummy-directory.d8/and-this-too-is-a-very-long-name-for-a-dummy-directory.d9/and-this-too-is-a-very-long-name-for-a-dummy-directory.d10/and-this-too-is-a-very-long-name-for-a-dummy-directory.d12/and-this-too-is-a-very-long-name-for-a-dummy-directory.d13/and-this-too-is-a-very-long-name-for-a-dummy-directory.d14/and-this-too-is-a-very-long-name-for-a-dummy-directory.d15/and-this-too-is-a-very-long-name-for-a-dummy-directory.d16/and-this-too-is-a-very-long-name-for-a-dummy-directory.d17
+ deepdir=./and-this-too-is-a-very-long-name-for-a-dummy-directory.d1/and-this-too-is-a-very-long-name-for-a-dummy-directory.d2/and-this-too-is-a-very-long-name-for-a-dummy-directory.d3/and-this-too-is-a-very-long-name-for-a-dummy-directory.d4/and-this-too-is-a-very-long-name-for-a-dummy-directory.d5/and-this-too-is-a-very-long-name-for-a-dummy-directory.d6/and-this-too-is-a-very-long-name-for-a-dummy-directory.d7/and-this-too-is-a-very-long-name-for-a-dummy-directory.d8/and-this-too-is-a-very-long-name-for-a-dummy-directory.d9/and-this-too-is-a-very-long-name-for-a-dummy-directory.d10/and-this-too-is-a-very-long-name-for-a-dummy-directory.d12/and-this-too-is-a-very-long-name-for-a-dummy-directory.d13/and-this-too-is-a-very-long-name-for-a-dummy-directory.d14/and-this-too-is-a-very-long-name-for-a-dummy-directory.d15/and-this-too-is-a-very-long-name-for-a-dummy-directory.d16/and-this-too-is-a-very-long-name-for-a-dummy-directory.d17
+ unset tmpfile new_deepdir
+ depth=17
+ for i in 1 2 3 4 5 6 7 8 9 10 12 13 14 15 16 17 18 19 29 21 22 23 24
+ new_deepdir=./and-this-too-is-a-very-long-name-for-a-dummy-directory.d1/and-this-too-is-a-very-long-name-for-a-dummy-directory.d2/and-this-too-is-a-very-long-name-for-a-dummy-directory.d3/and-this-too-is-a-very-long-name-for-a-dummy-directory.d4/and-this-too-is-a-very-long-name-for-a-dummy-directory.d5/and-this-too-is-a-very-long-name-for-a-dummy-directory.d6/and-this-too-is-a-very-long-name-for-a-dummy-directory.d7/and-this-too-is-a-very-long-name-for-a-dummy-directory.d8/and-this-too-is-a-very-long-name-for-a-dummy-directory.d9/and-this-too-is-a-very-long-name-for-a-dummy-directory.d10/and-this-too-is-a-very-long-name-for-a-dummy-directory.d12/and-this-too-is-a-very-long-name-for-a-dummy-directory.d13/and-this-too-is-a-very-long-name-for-a-dummy-directory.d14/and-this-too-is-a-very-long-name-for-a-dummy-directory.d15/and-this-too-is-a-very-long-name-for-a-dummy-directory.d16/and-this-too-is-a-very-long-name-for-a-dummy-directory.d17/and-this-too-is-a-very-long-name-for-a-dummy-directory.d18
+ mkdir ./and-this-too-is-a-very-long-name-for-a-dummy-directory.d1/and-this-too-is-a-very-long-name-for-a-dummy-directory.d2/and-this-too-is-a-very-long-name-for-a-dummy-directory.d3/and-this-too-is-a-very-long-name-for-a-dummy-directory.d4/and-this-too-is-a-very-long-name-for-a-dummy-directory.d5/and-this-too-is-a-very-long-name-for-a-dummy-directory.d6/and-this-too-is-a-very-long-name-for-a-dummy-directory.d7/and-this-too-is-a-very-long-name-for-a-dummy-directory.d8/and-this-too-is-a-very-long-name-for-a-dummy-directory.d9/and-this-too-is-a-very-long-name-for-a-dummy-directory.d10/and-this-too-is-a-very-long-name-for-a-dummy-directory.d12/and-this-too-is-a-very-long-name-for-a-dummy-directory.d13/and-this-too-is-a-very-long-name-for-a-dummy-directory.d14/and-this-too-is-a-very-long-name-for-a-dummy-directory.d15/and-this-too-is-a-very-long-name-for-a-dummy-directory.d16/and-this-too-is-a-very-long-name-for-a-dummy-directory.d17/and-this-too-is-a-very-long-name-for-a-dummy-directory.d18
mkdir: ./and-this-too-is-a-very-long-name-for-a-dummy-directory.d1/and-this-too-is-a-very-long-name-for-a-dummy-directory.d2/and-this-too-is-a-very-long-name-for-a-dummy-directory.d3/and-this-too-is-a-very-long-name-for-a-dummy-directory.d4/and-this-too-is-a-very-long-name-for-a-dummy-directory.d5/and-this-too-is-a-very-long-name-for-a-dummy-directory.d6/and-this-too-is-a-very-long-name-for-a-dummy-directory.d7/and-this-too-is-a-very-long-name-for-a-dummy-directory.d8/and-this-too-is-a-very-long-name-for-a-dummy-directory.d9/and-this-too-is-a-very-long-name-for-a-dummy-directory.d10/and-this-too-is-a-very-long-name-for-a-dummy-directory.d12/and-this-too-is-a-very-long-name-for-a-dummy-directory.d13/and-this-too-is-a-very-long-name-for-a-dummy-directory.d14/and-this-too-is-a-very-long-name-for-a-dummy-directory.d15/and-this-too-is-a-very-long-name-for-a-dummy-directory.d16/and-this-too-is-a-very-long-name-for-a-dummy-directory.d17: No such file or directory
+ break
+ cat
*********************************************************************
Our tests will be in the following directory (depth = 17)
*********************************************************************
./and-this-too-is-a-very-long-name-for-a-dummy-directory.d1/and-this-too-is-a-very-long-name-for-a-dummy-directory.d2/and-this-too-is-a-very-long-name-for-a-dummy-directory.d3/and-this-too-is-a-very-long-name-for-a-dummy-directory.d4/and-this-too-is-a-very-long-name-for-a-dummy-directory.d5/and-this-too-is-a-very-long-name-for-a-dummy-directory.d6/and-this-too-is-a-very-long-name-for-a-dummy-directory.d7/and-this-too-is-a-very-long-name-for-a-dummy-directory.d8/and-this-too-is-a-very-long-name-for-a-dummy-directory.d9/and-this-too-is-a-very-long-name-for-a-dummy-directory.d10/and-this-too-is-a-very-long-name-for-a-dummy-directory.d12/and-this-too-is-a-very-long-name-for-a-dummy-directory.d13/and-this-too-is-a-very-long-name-for-a-dummy-directory.d14/and-this-too-is-a-very-long-name-for-a-dummy-directory.d15/and-this-too-is-a-very-long-name-for-a-dummy-directory.d16/and-this-too-is-a-very-long-name-for-a-dummy-directory.d17
*********************************************************************
+ for count in 1 2 4 8 12 16 20 24 28 32 48 64 96 128 E_HUGE
+ test 1 = E_HUGE
++ expr 1 '*' 100
+ count=100
+ setup_data
+ count=100
+ deepdir=./and-this-too-is-a-very-long-name-for-a-dummy-directory.d1/and-this-too-is-a-very-long-name-for-a-dummy-directory.d2/and-this-too-is-a-very-long-name-for-a-dummy-directory.d3/and-this-too-is-a-very-long-name-for-a-dummy-directory.d4/and-this-too-is-a-very-long-name-for-a-dummy-directory.d5/and-this-too-is-a-very-long-name-for-a-dummy-directory.d6/and-this-too-is-a-very-long-name-for-a-dummy-directory.d7/and-this-too-is-a-very-long-name-for-a-dummy-directory.d8/and-this-too-is-a-very-long-name-for-a-dummy-directory.d9/and-this-too-is-a-very-long-name-for-a-dummy-directory.d10/and-this-too-is-a-very-long-name-for-a-dummy-directory.d12/and-this-too-is-a-very-long-name-for-a-dummy-directory.d13/and-this-too-is-a-very-long-name-for-a-dummy-directory.d14/and-this-too-is-a-very-long-name-for-a-dummy-directory.d15/and-this-too-is-a-very-long-name-for-a-dummy-directory.d16/and-this-too-is-a-very-long-name-for-a-dummy-directory.d17
+ tname=wow-this-is-a-very-long-name-for-a-simple-dummy-test-case
+ /usr/bin/perl -e '
    use warnings FATAL => "all";
    use strict;
    print "TESTS = \\\n";
    my $i = 0;
    while (++$i)
      {
        print "  $ENV{deepdir}/$ENV{tname}-$i.test";
        if ($i >= $ENV{count})
          {
            print "\n";
            last;
          }
        else
          {
            print " \\\n";
          }
      }
  '
+ sed 20q list-of-tests.am
TESTS = \
  ./and-this-too-is-a-very-long-name-for-a-dummy-directory.d1/and-this-too-is-a-very-long-name-for-a-dummy-directory.d2/and-this-too-is-a-very-long-name-for-a-dummy-directory.d3/and-this-too-is-a-very-long-name-for-a-dummy-directory.d4/and-this-too-is-a-very-long-name-for-a-dummy-directory.d5/and-this-too-is-a-very-long-name-for-a-dummy-directory.d6/and-this-too-is-a-very-long-name-for-a-dummy-directory.d7/and-this-too-is-a-very-long-name-for-a-dummy-directory.d8/and-this-too-is-a-very-long-name-for-a-dummy-directory.d9/and-this-too-is-a-very-long-name-for-a-dummy-directory.d10/and-this-too-is-a-very-long-name-for-a-dummy-directory.d12/and-this-too-is-a-very-long-name-for-a-dummy-directory.d13/and-this-too-is-a-very-long-name-for-a-dummy-directory.d14/and-this-too-is-a-very-long-name-for-a-dummy-directory.d15/and-this-too-is-a-very-long-name-for-a-dummy-directory.d16/and-this-too-is-a-very-long-name-for-a-dummy-directory.d17/wow-this-is-a-very-long-name-for-a-simple-dummy-test-case-1.test \
  ./and-this-too-is-a-very-long-name-for-a-dummy-directory.d1/and-this-too-is-a-very-long-name-for-a-dummy-directory.d2/and-this-too-is-a-very-long-name-for-a-dummy-directory.d3/and-this-too-is-a-very-long-name-for-a-dummy-directory.d4/and-this-too-is-a-very-long-name-for-a-dummy-directory.d5/and-this-too-is-a-very-long-name-for-a-dummy-directory.d6/and-this-too-is-a-very-long-name-for-a-dummy-directory.d7/and-this-too-is-a-very-long-name-for-a-dummy-directory.d8/and-this-too-is-a-very-long-name-for-a-dummy-directory.d9/and-this-too-is-a-very-long-name-for-a-dummy-directory.d10/and-this-too-is-a-very-long-name-for-a-dummy-directory.d12/and-this-too-is-a-very-long-name-for-a-dummy-directory.d13/and-this-too-is-a-very-long-name-for-a-dummy-directory.d14/and-this-too-is-a-very-long-name-for-a-dummy-directory.d15/and-this-too-is-a-very-long-name-for-a-dummy-directory.d16/and-this-too-is-a-very-long-name-for-a-dummy-directory.d17/wow-this-is-a-very-long-name-for-a-simple-dummy-test-case-2.test \
  ./and-this-too-is-a-very-long-name-for-a-dummy-directory.d1/and-this-too-is-a-very-long-name-for-a-dummy-directory.d2/and-this-too-is-a-very-long-name-for-a-dummy-directory.d3/and-this-too-is-a-very-long-name-for-a-dummy-directory.d4/and-this-too-is-a-very-long-name-for-a-dummy-directory.d5/and-this-too-is-a-very-long-name-for-a-dummy-directory.d6/and-this-too-is-a-very-long-name-for-a-dummy-directory.d7/and-this-too-is-a-very-long-name-for-a-dummy-directory.d8/and-this-too-is-a-very-long-name-for-a-dummy-directory.d9/and-this-too-is-a-very-long-name-for-a-dummy-directory.d10/and-this-too-is-a-very-long-name-for-a-dummy-directory.d12/and-this-too-is-a-very-long-name-for-a-dummy-directory.d13/and-this-too-is-a-very-long-name-for-a-dummy-directory.d14/and-this-too-is-a-very-long-name-for-a-dummy-directory.d15/and-this-too-is-a-very-long-name-for-a-dummy-directory.d16/and-this-too-is-a-very-long-name-for-a-dummy-directory.d17/wow-this-is-a-very-long-name-for-a-simple-dummy-test-case-3.test \
  ./and-this-too-is-a-very-long-name-for-a-dummy-directory.d1/and-this-too-is-a-very-long-name-for-a-dummy-directory.d2/and-this-too-is-a-very-long-name-for-a-dummy-directory.d3/and-this-too-is-a-very-long-name-for-a-dummy-directory.d4/and-this-too-is-a-very-long-name-for-a-dummy-directory.d5/and-this-too-is-a-very-long-name-for-a-dummy-directory.d6/and-this-too-is-a-very-long-name-for-a-dummy-directory.d7/and-this-too-is-a-very-long-name-for-a-dummy-directory.d8/and-this-too-is-a-very-long-name-for-a-dummy-directory.d9/and-this-too-is-a-very-long-name-for-a-dummy-directory.d10/and-this-too-is-a-very-long-name-for-a-dummy-directory.d12/and-this-too-is-a-very-long-name-for-a-dummy-directory.d13/and-this-too-is-a-very-long-name-for-a-dummy-directory.d14/and-this-too-is-a-very-long-name-for-a-dummy-directory.d15/and-this-too-is-a-very-long-name-for-a-dummy-directory.d16/and-this-too-is-a-very-long-name-for-a-dummy-directory.d17/wow-this-is-a-very-long-name-for-a-simple-dummy-test-case-4.test \
  ./and-this-too-is-a-very-long-name-for-a-dummy-directory.d1/and-this-too-is-a-very-long-name-for-a-dummy-directory.d2/and-this-too-is-a-very-long-name-for-a-dummy-directory.d3/and-this-too-is-a-very-long-name-for-a-dummy-directory.d4/and-this-too-is-a-very-long-name-for-a-dummy-directory.d5/and-this-too-is-a-very-long-name-for-a-dummy-directory.d6/and-this-too-is-a-very-long-name-for-a-dummy-directory.d7/and-this-too-is-a-very-long-name-for-a-dummy-directory.d8/and-this-too-is-a-very-long-name-for-a-dummy-directory.d9/and-this-too-is-a-very-long-name-for-a-dummy-directory.d10/and-this-too-is-a-very-long-name-for-a-dummy-directory.d12/and-this-too-is-a-very-long-name-for-a-dummy-directory.d13/and-this-too-is-a-very-long-name-for-a-dummy-directory.d14/and-this-too-is-a-very-long-name-for-a-dummy-directory.d15/and-this-too-is-a-very-long-name-for-a-dummy-directory.d16/and-this-too-is-a-very-long-name-for-a-dummy-directory.d17/wow-this-is-a-very-long-name-for-a-simple-dummy-test-case-5.test \
  ./and-this-too-is-a-very-long-name-for-a-dummy-directory.d1/and-this-too-is-a-very-long-name-for-a-dummy-directory.d2/and-this-too-is-a-very-long-name-for-a-dummy-directory.d3/and-this-too-is-a-very-long-name-for-a-dummy-directory.d4/and-this-too-is-a-very-long-name-for-a-dummy-directory.d5/and-this-too-is-a-very-long-name-for-a-dummy-directory.d6/and-this-too-is-a-very-long-name-for-a-dummy-directory.d7/and-this-too-is-a-very-long-name-for-a-dummy-directory.d8/and-this-too-is-a-very-long-name-for-a-dummy-directory.d9/and-this-too-is-a-very-long-name-for-a-dummy-directory.d10/and-this-too-is-a-very-long-name-for-a-dummy-directory.d12/and-this-too-is-a-very-long-name-for-a-dummy-directory.d13/and-this-too-is-a-very-long-name-for-a-dummy-directory.d14/and-this-too-is-a-very-long-name-for-a-dummy-directory.d15/and-this-too-is-a-very-long-name-for-a-dummy-directory.d16/and-this-too-is-a-very-long-name-for-a-dummy-directory.d17/wow-this-is-a-very-long-name-for-a-simple-dummy-test-case-6.test \
  ./and-this-too-is-a-very-long-name-for-a-dummy-directory.d1/and-this-too-is-a-very-long-name-for-a-dummy-directory.d2/and-this-too-is-a-very-long-name-for-a-dummy-directory.d3/and-this-too-is-a-very-long-name-for-a-dummy-directory.d4/and-this-too-is-a-very-long-name-for-a-dummy-directory.d5/and-this-too-is-a-very-long-name-for-a-dummy-directory.d6/and-this-too-is-a-very-long-name-for-a-dummy-directory.d7/and-this-too-is-a-very-long-name-for-a-dummy-directory.d8/and-this-too-is-a-very-long-name-for-a-dummy-directory.d9/and-this-too-is-a-very-long-name-for-a-dummy-directory.d10/and-this-too-is-a-very-long-name-for-a-dummy-directory.d12/and-this-too-is-a-very-long-name-for-a-dummy-directory.d13/and-this-too-is-a-very-long-name-for-a-dummy-directory.d14/and-this-too-is-a-very-long-name-for-a-dummy-directory.d15/and-this-too-is-a-very-long-name-for-a-dummy-directory.d16/and-this-too-is-a-very-long-name-for-a-dummy-directory.d17/wow-this-is-a-very-long-name-for-a-simple-dummy-test-case-7.test \
  ./and-this-too-is-a-very-long-name-for-a-dummy-directory.d1/and-this-too-is-a-very-long-name-for-a-dummy-directory.d2/and-this-too-is-a-very-long-name-for-a-dummy-directory.d3/and-this-too-is-a-very-long-name-for-a-dummy-directory.d4/and-this-too-is-a-very-long-name-for-a-dummy-directory.d5/and-this-too-is-a-very-long-name-for-a-dummy-directory.d6/and-this-too-is-a-very-long-name-for-a-dummy-directory.d7/and-this-too-is-a-very-long-name-for-a-dummy-directory.d8/and-this-too-is-a-very-long-name-for-a-dummy-directory.d9/and-this-too-is-a-very-long-name-for-a-dummy-directory.d10/and-this-too-is-a-very-long-name-for-a-dummy-directory.d12/and-this-too-is-a-very-long-name-for-a-dummy-directory.d13/and-this-too-is-a-very-long-name-for-a-dummy-directory.d14/and-this-too-is-a-very-long-name-for-a-dummy-directory.d15/and-this-too-is-a-very-long-name-for-a-dummy-directory.d16/and-this-too-is-a-very-long-name-for-a-dummy-directory.d17/wow-this-is-a-very-long-name-for-a-simple-dummy-test-case-8.test \
  ./and-this-too-is-a-very-long-name-for-a-dummy-directory.d1/and-this-too-is-a-very-long-name-for-a-dummy-directory.d2/and-this-too-is-a-very-long-name-for-a-dummy-directory.d3/and-this-too-is-a-very-long-name-for-a-dummy-directory.d4/and-this-too-is-a-very-long-name-for-a-dummy-directory.d5/and-this-too-is-a-very-long-name-for-a-dummy-directory.d6/and-this-too-is-a-very-long-name-for-a-dummy-directory.d7/and-this-too-is-a-very-long-name-for-a-dummy-directory.d8/and-this-too-is-a-very-long-name-for-a-dummy-directory.d9/and-this-too-is-a-very-long-name-for-a-dummy-directory.d10/and-this-too-is-a-very-long-name-for-a-dummy-directory.d12/and-this-too-is-a-very-long-name-for-a-dummy-directory.d13/and-this-too-is-a-very-long-name-for-a-dummy-directory.d14/and-this-too-is-a-very-long-name-for-a-dummy-directory.d15/and-this-too-is-a-very-long-name-for-a-dummy-directory.d16/and-this-too-is-a-very-long-name-for-a-dummy-directory.d17/wow-this-is-a-very-long-name-for-a-simple-dummy-test-case-9.test \
  ./and-this-too-is-a-very-long-name-for-a-dummy-directory.d1/and-this-too-is-a-very-long-name-for-a-dummy-directory.d2/and-this-too-is-a-very-long-name-for-a-dummy-directory.d3/and-this-too-is-a-very-long-name-for-a-dummy-directory.d4/and-this-too-is-a-very-long-name-for-a-dummy-directory.d5/and-this-too-is-a-very-long-name-for-a-dummy-directory.d6/and-this-too-is-a-very-long-name-for-a-dummy-directory.d7/and-this-too-is-a-very-long-name-for-a-dummy-directory.d8/and-this-too-is-a-very-long-name-for-a-dummy-directory.d9/and-this-too-is-a-very-long-name-for-a-dummy-directory.d10/and-this-too-is-a-very-long-name-for-a-dummy-directory.d12/and-this-too-is-a-very-long-name-for-a-dummy-directory.d13/and-this-too-is-a-very-long-name-for-a-dummy-directory.d14/and-this-too-is-a-very-long-name-for-a-dummy-directory.d15/and-this-too-is-a-very-long-name-for-a-dummy-directory.d16/and-this-too-is-a-very-long-name-for-a-dummy-directory.d17/wow-this-is-a-very-long-name-for-a-simple-dummy-test-case-10.test \
  ./and-this-too-is-a-very-long-name-for-a-dummy-directory.d1/and-this-too-is-a-very-long-name-for-a-dummy-directory.d2/and-this-too-is-a-very-long-name-for-a-dummy-directory.d3/and-this-too-is-a-very-long-name-for-a-dummy-directory.d4/and-this-too-is-a-very-long-name-for-a-dummy-directory.d5/and-this-too-is-a-very-long-name-for-a-dummy-directory.d6/and-this-too-is-a-very-long-name-for-a-dummy-directory.d7/and-this-too-is-a-very-long-name-for-a-dummy-directory.d8/and-this-too-is-a-very-long-name-for-a-dummy-directory.d9/and-this-too-is-a-very-long-name-for-a-dummy-directory.d10/and-this-too-is-a-very-long-name-for-a-dummy-directory.d12/and-this-too-is-a-very-long-name-for-a-dummy-directory.d13/and-this-too-is-a-very-long-name-for-a-dummy-directory.d14/and-this-too-is-a-very-long-name-for-a-dummy-directory.d15/and-this-too-is-a-very-long-name-for-a-dummy-directory.d16/and-this-too-is-a-very-long-name-for-a-dummy-directory.d17/wow-this-is-a-very-long-name-for-a-simple-dummy-test-case-11.test \
  ./and-this-too-is-a-very-long-name-for-a-dummy-directory.d1/and-this-too-is-a-very-long-name-for-a-dummy-directory.d2/and-this-too-is-a-very-long-name-for-a-dummy-directory.d3/and-this-too-is-a-very-long-name-for-a-dummy-directory.d4/and-this-too-is-a-very-long-name-for-a-dummy-directory.d5/and-this-too-is-a-very-long-name-for-a-dummy-directory.d6/and-this-too-is-a-very-long-name-for-a-dummy-directory.d7/and-this-too-is-a-very-long-name-for-a-dummy-directory.d8/and-this-too-is-a-very-long-name-for-a-dummy-directory.d9/and-this-too-is-a-very-long-name-for-a-dummy-directory.d10/and-this-too-is-a-very-long-name-for-a-dummy-directory.d12/and-this-too-is-a-very-long-name-for-a-dummy-directory.d13/and-this-too-is-a-very-long-name-for-a-dummy-directory.d14/and-this-too-is-a-very-long-name-for-a-dummy-directory.d15/and-this-too-is-a-very-long-name-for-a-dummy-directory.d16/and-this-too-is-a-very-long-name-for-a-dummy-directory.d17/wow-this-is-a-very-long-name-for-a-simple-dummy-test-case-12.test \
  ./and-this-too-is-a-very-long-name-for-a-dummy-directory.d1/and-this-too-is-a-very-long-name-for-a-dummy-directory.d2/and-this-too-is-a-very-long-name-for-a-dummy-directory.d3/and-this-too-is-a-very-long-name-for-a-dummy-directory.d4/and-this-too-is-a-very-long-name-for-a-dummy-directory.d5/and-this-too-is-a-very-long-name-for-a-dummy-directory.d6/and-this-too-is-a-very-long-name-for-a-dummy-directory.d7/and-this-too-is-a-very-long-name-for-a-dummy-directory.d8/and-this-too-is-a-very-long-name-for-a-dummy-directory.d9/and-this-too-is-a-very-long-name-for-a-dummy-directory.d10/and-this-too-is-a-very-long-name-for-a-dummy-directory.d12/and-this-too-is-a-very-long-name-for-a-dummy-directory.d13/and-this-too-is-a-very-long-name-for-a-dummy-directory.d14/and-this-too-is-a-very-long-name-for-a-dummy-directory.d15/and-this-too-is-a-very-long-name-for-a-dummy-directory.d16/and-this-too-is-a-very-long-name-for-a-dummy-directory.d17/wow-this-is-a-very-long-name-for-a-simple-dummy-test-case-13.test \
  ./and-this-too-is-a-very-long-name-for-a-dummy-directory.d1/and-this-too-is-a-very-long-name-for-a-dummy-directory.d2/and-this-too-is-a-very-long-name-for-a-dummy-directory.d3/and-this-too-is-a-very-long-name-for-a-dummy-directory.d4/and-this-too-is-a-very-long-name-for-a-dummy-directory.d5/and-this-too-is-a-very-long-name-for-a-dummy-directory.d6/and-this-too-is-a-very-long-name-for-a-dummy-directory.d7/and-this-too-is-a-very-long-name-for-a-dummy-directory.d8/and-this-too-is-a-very-long-name-for-a-dummy-directory.d9/and-this-too-is-a-very-long-name-for-a-dummy-directory.d10/and-this-too-is-a-very-long-name-for-a-dummy-directory.d12/and-this-too-is-a-very-long-name-for-a-dummy-directory.d13/and-this-too-is-a-very-long-name-for-a-dummy-directory.d14/and-this-too-is-a-very-long-name-for-a-dummy-directory.d15/and-this-too-is-a-very-long-name-for-a-dummy-directory.d16/and-this-too-is-a-very-long-name-for-a-dummy-directory.d17/wow-this-is-a-very-long-name-for-a-simple-dummy-test-case-14.test \
  ./and-this-too-is-a-very-long-name-for-a-dummy-directory.d1/and-this-too-is-a-very-long-name-for-a-dummy-directory.d2/and-this-too-is-a-very-long-name-for-a-dummy-directory.d3/and-this-too-is-a-very-long-name-for-a-dummy-directory.d4/and-this-too-is-a-very-long-name-for-a-dummy-directory.d5/and-this-too-is-a-very-long-name-for-a-dummy-directory.d6/and-this-too-is-a-very-long-name-for-a-dummy-directory.d7/and-this-too-is-a-very-long-name-for-a-dummy-directory.d8/and-this-too-is-a-very-long-name-for-a-dummy-directory.d9/and-this-too-is-a-very-long-name-for-a-dummy-directory.d10/and-this-too-is-a-very-long-name-for-a-dummy-directory.d12/and-this-too-is-a-very-long-name-for-a-dummy-directory.d13/and-this-too-is-a-very-long-name-for-a-dummy-directory.d14/and-this-too-is-a-very-long-name-for-a-dummy-directory.d15/and-this-too-is-a-very-long-name-for-a-dummy-directory.d16/and-this-too-is-a-very-long-name-for-a-dummy-directory.d17/wow-this-is-a-very-long-name-for-a-simple-dummy-test-case-15.test \
  ./and-this-too-is-a-very-long-name-for-a-dummy-directory.d1/and-this-too-is-a-very-long-name-for-a-dummy-directory.d2/and-this-too-is-a-very-long-name-for-a-dummy-directory.d3/and-this-too-is-a-very-long-name-for-a-dummy-directory.d4/and-this-too-is-a-very-long-name-for-a-dummy-directory.d5/and-this-too-is-a-very-long-name-for-a-dummy-directory.d6/and-this-too-is-a-very-long-name-for-a-dummy-directory.d7/and-this-too-is-a-very-long-name-for-a-dummy-directory.d8/and-this-too-is-a-very-long-name-for-a-dummy-directory.d9/and-this-too-is-a-very-long-name-for-a-dummy-directory.d10/and-this-too-is-a-very-long-name-for-a-dummy-directory.d12/and-this-too-is-a-very-long-name-for-a-dummy-directory.d13/and-this-too-is-a-very-long-name-for-a-dummy-directory.d14/and-this-too-is-a-very-long-name-for-a-dummy-directory.d15/and-this-too-is-a-very-long-name-for-a-dummy-directory.d16/and-this-too-is-a-very-long-name-for-a-dummy-directory.d17/wow-this-is-a-very-long-name-for-a-simple-dummy-test-case-16.test \
  ./and-this-too-is-a-very-long-name-for-a-dummy-directory.d1/and-this-too-is-a-very-long-name-for-a-dummy-directory.d2/and-this-too-is-a-very-long-name-for-a-dummy-directory.d3/and-this-too-is-a-very-long-name-for-a-dummy-directory.d4/and-this-too-is-a-very-long-name-for-a-dummy-directory.d5/and-this-too-is-a-very-long-name-for-a-dummy-directory.d6/and-this-too-is-a-very-long-name-for-a-dummy-directory.d7/and-this-too-is-a-very-long-name-for-a-dummy-directory.d8/and-this-too-is-a-very-long-name-for-a-dummy-directory.d9/and-this-too-is-a-very-long-name-for-a-dummy-directory.d10/and-this-too-is-a-very-long-name-for-a-dummy-directory.d12/and-this-too-is-a-very-long-name-for-a-dummy-directory.d13/and-this-too-is-a-very-long-name-for-a-dummy-directory.d14/and-this-too-is-a-very-long-name-for-a-dummy-directory.d15/and-this-too-is-a-very-long-name-for-a-dummy-directory.d16/and-this-too-is-a-very-long-name-for-a-dummy-directory.d17/wow-this-is-a-very-long-name-for-a-simple-dummy-test-case-17.test \
  ./and-this-too-is-a-very-long-name-for-a-dummy-directory.d1/and-this-too-is-a-very-long-name-for-a-dummy-directory.d2/and-this-too-is-a-very-long-name-for-a-dummy-directory.d3/and-this-too-is-a-very-long-name-for-a-dummy-directory.d4/and-this-too-is-a-very-long-name-for-a-dummy-directory.d5/and-this-too-is-a-very-long-name-for-a-dummy-directory.d6/and-this-too-is-a-very-long-name-for-a-dummy-directory.d7/and-this-too-is-a-very-long-name-for-a-dummy-directory.d8/and-this-too-is-a-very-long-name-for-a-dummy-directory.d9/and-this-too-is-a-very-long-name-for-a-dummy-directory.d10/and-this-too-is-a-very-long-name-for-a-dummy-directory.d12/and-this-too-is-a-very-long-name-for-a-dummy-directory.d13/and-this-too-is-a-very-long-name-for-a-dummy-directory.d14/and-this-too-is-a-very-long-name-for-a-dummy-directory.d15/and-this-too-is-a-very-long-name-for-a-dummy-directory.d16/and-this-too-is-a-very-long-name-for-a-dummy-directory.d17/wow-this-is-a-very-long-name-for-a-simple-dummy-test-case-18.test \
  ./and-this-too-is-a-very-long-name-for-a-dummy-directory.d1/and-this-too-is-a-very-long-name-for-a-dummy-directory.d2/and-this-too-is-a-very-long-name-for-a-dummy-directory.d3/and-this-too-is-a-very-long-name-for-a-dummy-directory.d4/and-this-too-is-a-very-long-name-for-a-dummy-directory.d5/and-this-too-is-a-very-long-name-for-a-dummy-directory.d6/and-this-too-is-a-very-long-name-for-a-dummy-directory.d7/and-this-too-is-a-very-long-name-for-a-dummy-directory.d8/and-this-too-is-a-very-long-name-for-a-dummy-directory.d9/and-this-too-is-a-very-long-name-for-a-dummy-directory.d10/and-this-too-is-a-very-long-name-for-a-dummy-directory.d12/and-this-too-is-a-very-long-name-for-a-dummy-directory.d13/and-this-too-is-a-very-long-name-for-a-dummy-directory.d14/and-this-too-is-a-very-long-name-for-a-dummy-directory.d15/and-this-too-is-a-very-long-name-for-a-dummy-directory.d16/and-this-too-is-a-very-long-name-for-a-dummy-directory.d17/wow-this-is-a-very-long-name-for-a-simple-dummy-test-case-19.test \
+ automake-1.11a --foreign -Werror -Wall Makefile
+ ./config.status Makefile
config.status: creating Makefile
+ make this-will-fail
+ continue
+ for count in 1 2 4 8 12 16 20 24 28 32 48 64 96 128 E_HUGE
+ test 2 = E_HUGE
++ expr 2 '*' 100
+ count=200
+ setup_data
+ count=200
+ deepdir=./and-this-too-is-a-very-long-name-for-a-dummy-directory.d1/and-this-too-is-a-very-long-name-for-a-dummy-directory.d2/and-this-too-is-a-very-long-name-for-a-dummy-directory.d3/and-this-too-is-a-very-long-name-for-a-dummy-directory.d4/and-this-too-is-a-very-long-name-for-a-dummy-directory.d5/and-this-too-is-a-very-long-name-for-a-dummy-directory.d6/and-this-too-is-a-very-long-name-for-a-dummy-directory.d7/and-this-too-is-a-very-long-name-for-a-dummy-directory.d8/and-this-too-is-a-very-long-name-for-a-dummy-directory.d9/and-this-too-is-a-very-long-name-for-a-dummy-directory.d10/and-this-too-is-a-very-long-name-for-a-dummy-directory.d12/and-this-too-is-a-very-long-name-for-a-dummy-directory.d13/and-this-too-is-a-very-long-name-for-a-dummy-directory.d14/and-this-too-is-a-very-long-name-for-a-dummy-directory.d15/and-this-too-is-a-very-long-name-for-a-dummy-directory.d16/and-this-too-is-a-very-long-name-for-a-dummy-directory.d17
+ tname=wow-this-is-a-very-long-name-for-a-simple-dummy-test-case
+ /usr/bin/perl -e '
    use warnings FATAL => "all";
    use strict;
    print "TESTS = \\\n";
    my $i = 0;
    while (++$i)
      {
        print "  $ENV{deepdir}/$ENV{tname}-$i.test";
        if ($i >= $ENV{count})
          {
            print "\n";
            last;
          }
        else
          {
            print " \\\n";
          }
      }
  '
+ sed 20q list-of-tests.am
TESTS = \
  ./and-this-too-is-a-very-long-name-for-a-dummy-directory.d1/and-this-too-is-a-very-long-name-for-a-dummy-directory.d2/and-this-too-is-a-very-long-name-for-a-dummy-directory.d3/and-this-too-is-a-very-long-name-for-a-dummy-directory.d4/and-this-too-is-a-very-long-name-for-a-dummy-directory.d5/and-this-too-is-a-very-long-name-for-a-dummy-directory.d6/and-this-too-is-a-very-long-name-for-a-dummy-directory.d7/and-this-too-is-a-very-long-name-for-a-dummy-directory.d8/and-this-too-is-a-very-long-name-for-a-dummy-directory.d9/and-this-too-is-a-very-long-name-for-a-dummy-directory.d10/and-this-too-is-a-very-long-name-for-a-dummy-directory.d12/and-this-too-is-a-very-long-name-for-a-dummy-directory.d13/and-this-too-is-a-very-long-name-for-a-dummy-directory.d14/and-this-too-is-a-very-long-name-for-a-dummy-directory.d15/and-this-too-is-a-very-long-name-for-a-dummy-directory.d16/and-this-too-is-a-very-long-name-for-a-dummy-directory.d17/wow-this-is-a-very-long-name-for-a-simple-dummy-test-case-1.test \
  ./and-this-too-is-a-very-long-name-for-a-dummy-directory.d1/and-this-too-is-a-very-long-name-for-a-dummy-directory.d2/and-this-too-is-a-very-long-name-for-a-dummy-directory.d3/and-this-too-is-a-very-long-name-for-a-dummy-directory.d4/and-this-too-is-a-very-long-name-for-a-dummy-directory.d5/and-this-too-is-a-very-long-name-for-a-dummy-directory.d6/and-this-too-is-a-very-long-name-for-a-dummy-directory.d7/and-this-too-is-a-very-long-name-for-a-dummy-directory.d8/and-this-too-is-a-very-long-name-for-a-dummy-directory.d9/and-this-too-is-a-very-long-name-for-a-dummy-directory.d10/and-this-too-is-a-very-long-name-for-a-dummy-directory.d12/and-this-too-is-a-very-long-name-for-a-dummy-directory.d13/and-this-too-is-a-very-long-name-for-a-dummy-directory.d14/and-this-too-is-a-very-long-name-for-a-dummy-directory.d15/and-this-too-is-a-very-long-name-for-a-dummy-directory.d16/and-this-too-is-a-very-long-name-for-a-dummy-directory.d17/wow-this-is-a-very-long-name-for-a-simple-dummy-test-case-2.test \
  ./and-this-too-is-a-very-long-name-for-a-dummy-directory.d1/and-this-too-is-a-very-long-name-for-a-dummy-directory.d2/and-this-too-is-a-very-long-name-for-a-dummy-directory.d3/and-this-too-is-a-very-long-name-for-a-dummy-directory.d4/and-this-too-is-a-very-long-name-for-a-dummy-directory.d5/and-this-too-is-a-very-long-name-for-a-dummy-directory.d6/and-this-too-is-a-very-long-name-for-a-dummy-directory.d7/and-this-too-is-a-very-long-name-for-a-dummy-directory.d8/and-this-too-is-a-very-long-name-for-a-dummy-directory.d9/and-this-too-is-a-very-long-name-for-a-dummy-directory.d10/and-this-too-is-a-very-long-name-for-a-dummy-directory.d12/and-this-too-is-a-very-long-name-for-a-dummy-directory.d13/and-this-too-is-a-very-long-name-for-a-dummy-directory.d14/and-this-too-is-a-very-long-name-for-a-dummy-directory.d15/and-this-too-is-a-very-long-name-for-a-dummy-directory.d16/and-this-too-is-a-very-long-name-for-a-dummy-directory.d17/wow-this-is-a-very-long-name-for-a-simple-dummy-test-case-3.test \
  ./and-this-too-is-a-very-long-name-for-a-dummy-directory.d1/and-this-too-is-a-very-long-name-for-a-dummy-directory.d2/and-this-too-is-a-very-long-name-for-a-dummy-directory.d3/and-this-too-is-a-very-long-name-for-a-dummy-directory.d4/and-this-too-is-a-very-long-name-for-a-dummy-directory.d5/and-this-too-is-a-very-long-name-for-a-dummy-directory.d6/and-this-too-is-a-very-long-name-for-a-dummy-directory.d7/and-this-too-is-a-very-long-name-for-a-dummy-directory.d8/and-this-too-is-a-very-long-name-for-a-dummy-directory.d9/and-this-too-is-a-very-long-name-for-a-dummy-directory.d10/and-this-too-is-a-very-long-name-for-a-dummy-directory.d12/and-this-too-is-a-very-long-name-for-a-dummy-directory.d13/and-this-too-is-a-very-long-name-for-a-dummy-directory.d14/and-this-too-is-a-very-long-name-for-a-dummy-directory.d15/and-this-too-is-a-very-long-name-for-a-dummy-directory.d16/and-this-too-is-a-very-long-name-for-a-dummy-directory.d17/wow-this-is-a-very-long-name-for-a-simple-dummy-test-case-4.test \
  ./and-this-too-is-a-very-long-name-for-a-dummy-directory.d1/and-this-too-is-a-very-long-name-for-a-dummy-directory.d2/and-this-too-is-a-very-long-name-for-a-dummy-directory.d3/and-this-too-is-a-very-long-name-for-a-dummy-directory.d4/and-this-too-is-a-very-long-name-for-a-dummy-directory.d5/and-this-too-is-a-very-long-name-for-a-dummy-directory.d6/and-this-too-is-a-very-long-name-for-a-dummy-directory.d7/and-this-too-is-a-very-long-name-for-a-dummy-directory.d8/and-this-too-is-a-very-long-name-for-a-dummy-directory.d9/and-this-too-is-a-very-long-name-for-a-dummy-directory.d10/and-this-too-is-a-very-long-name-for-a-dummy-directory.d12/and-this-too-is-a-very-long-name-for-a-dummy-directory.d13/and-this-too-is-a-very-long-name-for-a-dummy-directory.d14/and-this-too-is-a-very-long-name-for-a-dummy-directory.d15/and-this-too-is-a-very-long-name-for-a-dummy-directory.d16/and-this-too-is-a-very-long-name-for-a-dummy-directory.d17/wow-this-is-a-very-long-name-for-a-simple-dummy-test-case-5.test \
  ./and-this-too-is-a-very-long-name-for-a-dummy-directory.d1/and-this-too-is-a-very-long-name-for-a-dummy-directory.d2/and-this-too-is-a-very-long-name-for-a-dummy-directory.d3/and-this-too-is-a-very-long-name-for-a-dummy-directory.d4/and-this-too-is-a-very-long-name-for-a-dummy-directory.d5/and-this-too-is-a-very-long-name-for-a-dummy-directory.d6/and-this-too-is-a-very-long-name-for-a-dummy-directory.d7/and-this-too-is-a-very-long-name-for-a-dummy-directory.d8/and-this-too-is-a-very-long-name-for-a-dummy-directory.d9/and-this-too-is-a-very-long-name-for-a-dummy-directory.d10/and-this-too-is-a-very-long-name-for-a-dummy-directory.d12/and-this-too-is-a-very-long-name-for-a-dummy-directory.d13/and-this-too-is-a-very-long-name-for-a-dummy-directory.d14/and-this-too-is-a-very-long-name-for-a-dummy-directory.d15/and-this-too-is-a-very-long-name-for-a-dummy-directory.d16/and-this-too-is-a-very-long-name-for-a-dummy-directory.d17/wow-this-is-a-very-long-name-for-a-simple-dummy-test-case-6.test \
  ./and-this-too-is-a-very-long-name-for-a-dummy-directory.d1/and-this-too-is-a-very-long-name-for-a-dummy-directory.d2/and-this-too-is-a-very-long-name-for-a-dummy-directory.d3/and-this-too-is-a-very-long-name-for-a-dummy-directory.d4/and-this-too-is-a-very-long-name-for-a-dummy-directory.d5/and-this-too-is-a-very-long-name-for-a-dummy-directory.d6/and-this-too-is-a-very-long-name-for-a-dummy-directory.d7/and-this-too-is-a-very-long-name-for-a-dummy-directory.d8/and-this-too-is-a-very-long-name-for-a-dummy-directory.d9/and-this-too-is-a-very-long-name-for-a-dummy-directory.d10/and-this-too-is-a-very-long-name-for-a-dummy-directory.d12/and-this-too-is-a-very-long-name-for-a-dummy-directory.d13/and-this-too-is-a-very-long-name-for-a-dummy-directory.d14/and-this-too-is-a-very-long-name-for-a-dummy-directory.d15/and-this-too-is-a-very-long-name-for-a-dummy-directory.d16/and-this-too-is-a-very-long-name-for-a-dummy-directory.d17/wow-this-is-a-very-long-name-for-a-simple-dummy-test-case-7.test \
  ./and-this-too-is-a-very-long-name-for-a-dummy-directory.d1/and-this-too-is-a-very-long-name-for-a-dummy-directory.d2/and-this-too-is-a-very-long-name-for-a-dummy-directory.d3/and-this-too-is-a-very-long-name-for-a-dummy-directory.d4/and-this-too-is-a-very-long-name-for-a-dummy-directory.d5/and-this-too-is-a-very-long-name-for-a-dummy-directory.d6/and-this-too-is-a-very-long-name-for-a-dummy-directory.d7/and-this-too-is-a-very-long-name-for-a-dummy-directory.d8/and-this-too-is-a-very-long-name-for-a-dummy-directory.d9/and-this-too-is-a-very-long-name-for-a-dummy-directory.d10/and-this-too-is-a-very-long-name-for-a-dummy-directory.d12/and-this-too-is-a-very-long-name-for-a-dummy-directory.d13/and-this-too-is-a-very-long-name-for-a-dummy-directory.d14/and-this-too-is-a-very-long-name-for-a-dummy-directory.d15/and-this-too-is-a-very-long-name-for-a-dummy-directory.d16/and-this-too-is-a-very-long-name-for-a-dummy-directory.d17/wow-this-is-a-very-long-name-for-a-simple-dummy-test-case-8.test \
  ./and-this-too-is-a-very-long-name-for-a-dummy-directory.d1/and-this-too-is-a-very-long-name-for-a-dummy-directory.d2/and-this-too-is-a-very-long-name-for-a-dummy-directory.d3/and-this-too-is-a-very-long-name-for-a-dummy-directory.d4/and-this-too-is-a-very-long-name-for-a-dummy-directory.d5/and-this-too-is-a-very-long-name-for-a-dummy-directory.d6/and-this-too-is-a-very-long-name-for-a-dummy-directory.d7/and-this-too-is-a-very-long-name-for-a-dummy-directory.d8/and-this-too-is-a-very-long-name-for-a-dummy-directory.d9/and-this-too-is-a-very-long-name-for-a-dummy-directory.d10/and-this-too-is-a-very-long-name-for-a-dummy-directory.d12/and-this-too-is-a-very-long-name-for-a-dummy-directory.d13/and-this-too-is-a-very-long-name-for-a-dummy-directory.d14/and-this-too-is-a-very-long-name-for-a-dummy-directory.d15/and-this-too-is-a-very-long-name-for-a-dummy-directory.d16/and-this-too-is-a-very-long-name-for-a-dummy-directory.d17/wow-this-is-a-very-long-name-for-a-simple-dummy-test-case-9.test \
  ./and-this-too-is-a-very-long-name-for-a-dummy-directory.d1/and-this-too-is-a-very-long-name-for-a-dummy-directory.d2/and-this-too-is-a-very-long-name-for-a-dummy-directory.d3/and-this-too-is-a-very-long-name-for-a-dummy-directory.d4/and-this-too-is-a-very-long-name-for-a-dummy-directory.d5/and-this-too-is-a-very-long-name-for-a-dummy-directory.d6/and-this-too-is-a-very-long-name-for-a-dummy-directory.d7/and-this-too-is-a-very-long-name-for-a-dummy-directory.d8/and-this-too-is-a-very-long-name-for-a-dummy-directory.d9/and-this-too-is-a-very-long-name-for-a-dummy-directory.d10/and-this-too-is-a-very-long-name-for-a-dummy-directory.d12/and-this-too-is-a-very-long-name-for-a-dummy-directory.d13/and-this-too-is-a-very-long-name-for-a-dummy-directory.d14/and-this-too-is-a-very-long-name-for-a-dummy-directory.d15/and-this-too-is-a-very-long-name-for-a-dummy-directory.d16/and-this-too-is-a-very-long-name-for-a-dummy-directory.d17/wow-this-is-a-very-long-name-for-a-simple-dummy-test-case-10.test \
  ./and-this-too-is-a-very-long-name-for-a-dummy-directory.d1/and-this-too-is-a-very-long-name-for-a-dummy-directory.d2/and-this-too-is-a-very-long-name-for-a-dummy-directory.d3/and-this-too-is-a-very-long-name-for-a-dummy-directory.d4/and-this-too-is-a-very-long-name-for-a-dummy-directory.d5/and-this-too-is-a-very-long-name-for-a-dummy-directory.d6/and-this-too-is-a-very-long-name-for-a-dummy-directory.d7/and-this-too-is-a-very-long-name-for-a-dummy-directory.d8/and-this-too-is-a-very-long-name-for-a-dummy-directory.d9/and-this-too-is-a-very-long-name-for-a-dummy-directory.d10/and-this-too-is-a-very-long-name-for-a-dummy-directory.d12/and-this-too-is-a-very-long-name-for-a-dummy-directory.d13/and-this-too-is-a-very-long-name-for-a-dummy-directory.d14/and-this-too-is-a-very-long-name-for-a-dummy-directory.d15/and-this-too-is-a-very-long-name-for-a-dummy-directory.d16/and-this-too-is-a-very-long-name-for-a-dummy-directory.d17/wow-this-is-a-very-long-name-for-a-simple-dummy-test-case-11.test \
  ./and-this-too-is-a-very-long-name-for-a-dummy-directory.d1/and-this-too-is-a-very-long-name-for-a-dummy-directory.d2/and-this-too-is-a-very-long-name-for-a-dummy-directory.d3/and-this-too-is-a-very-long-name-for-a-dummy-directory.d4/and-this-too-is-a-very-long-name-for-a-dummy-directory.d5/and-this-too-is-a-very-long-name-for-a-dummy-directory.d6/and-this-too-is-a-very-long-name-for-a-dummy-directory.d7/and-this-too-is-a-very-long-name-for-a-dummy-directory.d8/and-this-too-is-a-very-long-name-for-a-dummy-directory.d9/and-this-too-is-a-very-long-name-for-a-dummy-directory.d10/and-this-too-is-a-very-long-name-for-a-dummy-directory.d12/and-this-too-is-a-very-long-name-for-a-dummy-directory.d13/and-this-too-is-a-very-long-name-for-a-dummy-directory.d14/and-this-too-is-a-very-long-name-for-a-dummy-directory.d15/and-this-too-is-a-very-long-name-for-a-dummy-directory.d16/and-this-too-is-a-very-long-name-for-a-dummy-directory.d17/wow-this-is-a-very-long-name-for-a-simple-dummy-test-case-12.test \
  ./and-this-too-is-a-very-long-name-for-a-dummy-directory.d1/and-this-too-is-a-very-long-name-for-a-dummy-directory.d2/and-this-too-is-a-very-long-name-for-a-dummy-directory.d3/and-this-too-is-a-very-long-name-for-a-dummy-directory.d4/and-this-too-is-a-very-long-name-for-a-dummy-directory.d5/and-this-too-is-a-very-long-name-for-a-dummy-directory.d6/and-this-too-is-a-very-long-name-for-a-dummy-directory.d7/and-this-too-is-a-very-long-name-for-a-dummy-directory.d8/and-this-too-is-a-very-long-name-for-a-dummy-directory.d9/and-this-too-is-a-very-long-name-for-a-dummy-directory.d10/and-this-too-is-a-very-long-name-for-a-dummy-directory.d12/and-this-too-is-a-very-long-name-for-a-dummy-directory.d13/and-this-too-is-a-very-long-name-for-a-dummy-directory.d14/and-this-too-is-a-very-long-name-for-a-dummy-directory.d15/and-this-too-is-a-very-long-name-for-a-dummy-directory.d16/and-this-too-is-a-very-long-name-for-a-dummy-directory.d17/wow-this-is-a-very-long-name-for-a-simple-dummy-test-case-13.test \
  ./and-this-too-is-a-very-long-name-for-a-dummy-directory.d1/and-this-too-is-a-very-long-name-for-a-dummy-directory.d2/and-this-too-is-a-very-long-name-for-a-dummy-directory.d3/and-this-too-is-a-very-long-name-for-a-dummy-directory.d4/and-this-too-is-a-very-long-name-for-a-dummy-directory.d5/and-this-too-is-a-very-long-name-for-a-dummy-directory.d6/and-this-too-is-a-very-long-name-for-a-dummy-directory.d7/and-this-too-is-a-very-long-name-for-a-dummy-directory.d8/and-this-too-is-a-very-long-name-for-a-dummy-directory.d9/and-this-too-is-a-very-long-name-for-a-dummy-directory.d10/and-this-too-is-a-very-long-name-for-a-dummy-directory.d12/and-this-too-is-a-very-long-name-for-a-dummy-directory.d13/and-this-too-is-a-very-long-name-for-a-dummy-directory.d14/and-this-too-is-a-very-long-name-for-a-dummy-directory.d15/and-this-too-is-a-very-long-name-for-a-dummy-directory.d16/and-this-too-is-a-very-long-name-for-a-dummy-directory.d17/wow-this-is-a-very-long-name-for-a-simple-dummy-test-case-14.test \
  ./and-this-too-is-a-very-long-name-for-a-dummy-directory.d1/and-this-too-is-a-very-long-name-for-a-dummy-directory.d2/and-this-too-is-a-very-long-name-for-a-dummy-directory.d3/and-this-too-is-a-very-long-name-for-a-dummy-directory.d4/and-this-too-is-a-very-long-name-for-a-dummy-directory.d5/and-this-too-is-a-very-long-name-for-a-dummy-directory.d6/and-this-too-is-a-very-long-name-for-a-dummy-directory.d7/and-this-too-is-a-very-long-name-for-a-dummy-directory.d8/and-this-too-is-a-very-long-name-for-a-dummy-directory.d9/and-this-too-is-a-very-long-name-for-a-dummy-directory.d10/and-this-too-is-a-very-long-name-for-a-dummy-directory.d12/and-this-too-is-a-very-long-name-for-a-dummy-directory.d13/and-this-too-is-a-very-long-name-for-a-dummy-directory.d14/and-this-too-is-a-very-long-name-for-a-dummy-directory.d15/and-this-too-is-a-very-long-name-for-a-dummy-directory.d16/and-this-too-is-a-very-long-name-for-a-dummy-directory.d17/wow-this-is-a-very-long-name-for-a-simple-dummy-test-case-15.test \
  ./and-this-too-is-a-very-long-name-for-a-dummy-directory.d1/and-this-too-is-a-very-long-name-for-a-dummy-directory.d2/and-this-too-is-a-very-long-name-for-a-dummy-directory.d3/and-this-too-is-a-very-long-name-for-a-dummy-directory.d4/and-this-too-is-a-very-long-name-for-a-dummy-directory.d5/and-this-too-is-a-very-long-name-for-a-dummy-directory.d6/and-this-too-is-a-very-long-name-for-a-dummy-directory.d7/and-this-too-is-a-very-long-name-for-a-dummy-directory.d8/and-this-too-is-a-very-long-name-for-a-dummy-directory.d9/and-this-too-is-a-very-long-name-for-a-dummy-directory.d10/and-this-too-is-a-very-long-name-for-a-dummy-directory.d12/and-this-too-is-a-very-long-name-for-a-dummy-directory.d13/and-this-too-is-a-very-long-name-for-a-dummy-directory.d14/and-this-too-is-a-very-long-name-for-a-dummy-directory.d15/and-this-too-is-a-very-long-name-for-a-dummy-directory.d16/and-this-too-is-a-very-long-name-for-a-dummy-directory.d17/wow-this-is-a-very-long-name-for-a-simple-dummy-test-case-16.test \
  ./and-this-too-is-a-very-long-name-for-a-dummy-directory.d1/and-this-too-is-a-very-long-name-for-a-dummy-directory.d2/and-this-too-is-a-very-long-name-for-a-dummy-directory.d3/and-this-too-is-a-very-long-name-for-a-dummy-directory.d4/and-this-too-is-a-very-long-name-for-a-dummy-directory.d5/and-this-too-is-a-very-long-name-for-a-dummy-directory.d6/and-this-too-is-a-very-long-name-for-a-dummy-directory.d7/and-this-too-is-a-very-long-name-for-a-dummy-directory.d8/and-this-too-is-a-very-long-name-for-a-dummy-directory.d9/and-this-too-is-a-very-long-name-for-a-dummy-directory.d10/and-this-too-is-a-very-long-name-for-a-dummy-directory.d12/and-this-too-is-a-very-long-name-for-a-dummy-directory.d13/and-this-too-is-a-very-long-name-for-a-dummy-directory.d14/and-this-too-is-a-very-long-name-for-a-dummy-directory.d15/and-this-too-is-a-very-long-name-for-a-dummy-directory.d16/and-this-too-is-a-very-long-name-for-a-dummy-directory.d17/wow-this-is-a-very-long-name-for-a-simple-dummy-test-case-17.test \
  ./and-this-too-is-a-very-long-name-for-a-dummy-directory.d1/and-this-too-is-a-very-long-name-for-a-dummy-directory.d2/and-this-too-is-a-very-long-name-for-a-dummy-directory.d3/and-this-too-is-a-very-long-name-for-a-dummy-directory.d4/and-this-too-is-a-very-long-name-for-a-dummy-directory.d5/and-this-too-is-a-very-long-name-for-a-dummy-directory.d6/and-this-too-is-a-very-long-name-for-a-dummy-directory.d7/and-this-too-is-a-very-long-name-for-a-dummy-directory.d8/and-this-too-is-a-very-long-name-for-a-dummy-directory.d9/and-this-too-is-a-very-long-name-for-a-dummy-directory.d10/and-this-too-is-a-very-long-name-for-a-dummy-directory.d12/and-this-too-is-a-very-long-name-for-a-dummy-directory.d13/and-this-too-is-a-very-long-name-for-a-dummy-directory.d14/and-this-too-is-a-very-long-name-for-a-dummy-directory.d15/and-this-too-is-a-very-long-name-for-a-dummy-directory.d16/and-this-too-is-a-very-long-name-for-a-dummy-directory.d17/wow-this-is-a-very-long-name-for-a-simple-dummy-test-case-18.test \
  ./and-this-too-is-a-very-long-name-for-a-dummy-directory.d1/and-this-too-is-a-very-long-name-for-a-dummy-directory.d2/and-this-too-is-a-very-long-name-for-a-dummy-directory.d3/and-this-too-is-a-very-long-name-for-a-dummy-directory.d4/and-this-too-is-a-very-long-name-for-a-dummy-directory.d5/and-this-too-is-a-very-long-name-for-a-dummy-directory.d6/and-this-too-is-a-very-long-name-for-a-dummy-directory.d7/and-this-too-is-a-very-long-name-for-a-dummy-directory.d8/and-this-too-is-a-very-long-name-for-a-dummy-directory.d9/and-this-too-is-a-very-long-name-for-a-dummy-directory.d10/and-this-too-is-a-very-long-name-for-a-dummy-directory.d12/and-this-too-is-a-very-long-name-for-a-dummy-directory.d13/and-this-too-is-a-very-long-name-for-a-dummy-directory.d14/and-this-too-is-a-very-long-name-for-a-dummy-directory.d15/and-this-too-is-a-very-long-name-for-a-dummy-directory.d16/and-this-too-is-a-very-long-name-for-a-dummy-directory.d17/wow-this-is-a-very-long-name-for-a-simple-dummy-test-case-19.test \
+ automake-1.11a --foreign -Werror -Wall Makefile
+ ./config.status Makefile
config.status: creating Makefile
+ make this-will-fail
+ continue
+ for count in 1 2 4 8 12 16 20 24 28 32 48 64 96 128 E_HUGE
+ test 4 = E_HUGE
++ expr 4 '*' 100
+ count=400
+ setup_data
+ count=400
+ deepdir=./and-this-too-is-a-very-long-name-for-a-dummy-directory.d1/and-this-too-is-a-very-long-name-for-a-dummy-directory.d2/and-this-too-is-a-very-long-name-for-a-dummy-directory.d3/and-this-too-is-a-very-long-name-for-a-dummy-directory.d4/and-this-too-is-a-very-long-name-for-a-dummy-directory.d5/and-this-too-is-a-very-long-name-for-a-dummy-directory.d6/and-this-too-is-a-very-long-name-for-a-dummy-directory.d7/and-this-too-is-a-very-long-name-for-a-dummy-directory.d8/and-this-too-is-a-very-long-name-for-a-dummy-directory.d9/and-this-too-is-a-very-long-name-for-a-dummy-directory.d10/and-this-too-is-a-very-long-name-for-a-dummy-directory.d12/and-this-too-is-a-very-long-name-for-a-dummy-directory.d13/and-this-too-is-a-very-long-name-for-a-dummy-directory.d14/and-this-too-is-a-very-long-name-for-a-dummy-directory.d15/and-this-too-is-a-very-long-name-for-a-dummy-directory.d16/and-this-too-is-a-very-long-name-for-a-dummy-directory.d17
+ tname=wow-this-is-a-very-long-name-for-a-simple-dummy-test-case
+ /usr/bin/perl -e '
    use warnings FATAL => "all";
    use strict;
    print "TESTS = \\\n";
    my $i = 0;
    while (++$i)
      {
        print "  $ENV{deepdir}/$ENV{tname}-$i.test";
        if ($i >= $ENV{count})
          {
            print "\n";
            last;
          }
        else
          {
            print " \\\n";
          }
      }
  '
+ sed 20q list-of-tests.am
TESTS = \
  ./and-this-too-is-a-very-long-name-for-a-dummy-directory.d1/and-this-too-is-a-very-long-name-for-a-dummy-directory.d2/and-this-too-is-a-very-long-name-for-a-dummy-directory.d3/and-this-too-is-a-very-long-name-for-a-dummy-directory.d4/and-this-too-is-a-very-long-name-for-a-dummy-directory.d5/and-this-too-is-a-very-long-name-for-a-dummy-directory.d6/and-this-too-is-a-very-long-name-for-a-dummy-directory.d7/and-this-too-is-a-very-long-name-for-a-dummy-directory.d8/and-this-too-is-a-very-long-name-for-a-dummy-directory.d9/and-this-too-is-a-very-long-name-for-a-dummy-directory.d10/and-this-too-is-a-very-long-name-for-a-dummy-directory.d12/and-this-too-is-a-very-long-name-for-a-dummy-directory.d13/and-this-too-is-a-very-long-name-for-a-dummy-directory.d14/and-this-too-is-a-very-long-name-for-a-dummy-directory.d15/and-this-too-is-a-very-long-name-for-a-dummy-directory.d16/and-this-too-is-a-very-long-name-for-a-dummy-directory.d17/wow-this-is-a-very-long-name-for-a-simple-dummy-test-case-1.test \
  ./and-this-too-is-a-very-long-name-for-a-dummy-directory.d1/and-this-too-is-a-very-long-name-for-a-dummy-directory.d2/and-this-too-is-a-very-long-name-for-a-dummy-directory.d3/and-this-too-is-a-very-long-name-for-a-dummy-directory.d4/and-this-too-is-a-very-long-name-for-a-dummy-directory.d5/and-this-too-is-a-very-long-name-for-a-dummy-directory.d6/and-this-too-is-a-very-long-name-for-a-dummy-directory.d7/and-this-too-is-a-very-long-name-for-a-dummy-directory.d8/and-this-too-is-a-very-long-name-for-a-dummy-directory.d9/and-this-too-is-a-very-long-name-for-a-dummy-directory.d10/and-this-too-is-a-very-long-name-for-a-dummy-directory.d12/and-this-too-is-a-very-long-name-for-a-dummy-directory.d13/and-this-too-is-a-very-long-name-for-a-dummy-directory.d14/and-this-too-is-a-very-long-name-for-a-dummy-directory.d15/and-this-too-is-a-very-long-name-for-a-dummy-directory.d16/and-this-too-is-a-very-long-name-for-a-dummy-directory.d17/wow-this-is-a-very-long-name-for-a-simple-dummy-test-case-2.test \
  ./and-this-too-is-a-very-long-name-for-a-dummy-directory.d1/and-this-too-is-a-very-long-name-for-a-dummy-directory.d2/and-this-too-is-a-very-long-name-for-a-dummy-directory.d3/and-this-too-is-a-very-long-name-for-a-dummy-directory.d4/and-this-too-is-a-very-long-name-for-a-dummy-directory.d5/and-this-too-is-a-very-long-name-for-a-dummy-directory.d6/and-this-too-is-a-very-long-name-for-a-dummy-directory.d7/and-this-too-is-a-very-long-name-for-a-dummy-directory.d8/and-this-too-is-a-very-long-name-for-a-dummy-directory.d9/and-this-too-is-a-very-long-name-for-a-dummy-directory.d10/and-this-too-is-a-very-long-name-for-a-dummy-directory.d12/and-this-too-is-a-very-long-name-for-a-dummy-directory.d13/and-this-too-is-a-very-long-name-for-a-dummy-directory.d14/and-this-too-is-a-very-long-name-for-a-dummy-directory.d15/and-this-too-is-a-very-long-name-for-a-dummy-directory.d16/and-this-too-is-a-very-long-name-for-a-dummy-directory.d17/wow-this-is-a-very-long-name-for-a-simple-dummy-test-case-3.test \
  ./and-this-too-is-a-very-long-name-for-a-dummy-directory.d1/and-this-too-is-a-very-long-name-for-a-dummy-directory.d2/and-this-too-is-a-very-long-name-for-a-dummy-directory.d3/and-this-too-is-a-very-long-name-for-a-dummy-directory.d4/and-this-too-is-a-very-long-name-for-a-dummy-directory.d5/and-this-too-is-a-very-long-name-for-a-dummy-directory.d6/and-this-too-is-a-very-long-name-for-a-dummy-directory.d7/and-this-too-is-a-very-long-name-for-a-dummy-directory.d8/and-this-too-is-a-very-long-name-for-a-dummy-directory.d9/and-this-too-is-a-very-long-name-for-a-dummy-directory.d10/and-this-too-is-a-very-long-name-for-a-dummy-directory.d12/and-this-too-is-a-very-long-name-for-a-dummy-directory.d13/and-this-too-is-a-very-long-name-for-a-dummy-directory.d14/and-this-too-is-a-very-long-name-for-a-dummy-directory.d15/and-this-too-is-a-very-long-name-for-a-dummy-directory.d16/and-this-too-is-a-very-long-name-for-a-dummy-directory.d17/wow-this-is-a-very-long-name-for-a-simple-dummy-test-case-4.test \
  ./and-this-too-is-a-very-long-name-for-a-dummy-directory.d1/and-this-too-is-a-very-long-name-for-a-dummy-directory.d2/and-this-too-is-a-very-long-name-for-a-dummy-directory.d3/and-this-too-is-a-very-long-name-for-a-dummy-directory.d4/and-this-too-is-a-very-long-name-for-a-dummy-directory.d5/and-this-too-is-a-very-long-name-for-a-dummy-directory.d6/and-this-too-is-a-very-long-name-for-a-dummy-directory.d7/and-this-too-is-a-very-long-name-for-a-dummy-directory.d8/and-this-too-is-a-very-long-name-for-a-dummy-directory.d9/and-this-too-is-a-very-long-name-for-a-dummy-directory.d10/and-this-too-is-a-very-long-name-for-a-dummy-directory.d12/and-this-too-is-a-very-long-name-for-a-dummy-directory.d13/and-this-too-is-a-very-long-name-for-a-dummy-directory.d14/and-this-too-is-a-very-long-name-for-a-dummy-directory.d15/and-this-too-is-a-very-long-name-for-a-dummy-directory.d16/and-this-too-is-a-very-long-name-for-a-dummy-directory.d17/wow-this-is-a-very-long-name-for-a-simple-dummy-test-case-5.test \
  ./and-this-too-is-a-very-long-name-for-a-dummy-directory.d1/and-this-too-is-a-very-long-name-for-a-dummy-directory.d2/and-this-too-is-a-very-long-name-for-a-dummy-directory.d3/and-this-too-is-a-very-long-name-for-a-dummy-directory.d4/and-this-too-is-a-very-long-name-for-a-dummy-directory.d5/and-this-too-is-a-very-long-name-for-a-dummy-directory.d6/and-this-too-is-a-very-long-name-for-a-dummy-directory.d7/and-this-too-is-a-very-long-name-for-a-dummy-directory.d8/and-this-too-is-a-very-long-name-for-a-dummy-directory.d9/and-this-too-is-a-very-long-name-for-a-dummy-directory.d10/and-this-too-is-a-very-long-name-for-a-dummy-directory.d12/and-this-too-is-a-very-long-name-for-a-dummy-directory.d13/and-this-too-is-a-very-long-name-for-a-dummy-directory.d14/and-this-too-is-a-very-long-name-for-a-dummy-directory.d15/and-this-too-is-a-very-long-name-for-a-dummy-directory.d16/and-this-too-is-a-very-long-name-for-a-dummy-directory.d17/wow-this-is-a-very-long-name-for-a-simple-dummy-test-case-6.test \
  ./and-this-too-is-a-very-long-name-for-a-dummy-directory.d1/and-this-too-is-a-very-long-name-for-a-dummy-directory.d2/and-this-too-is-a-very-long-name-for-a-dummy-directory.d3/and-this-too-is-a-very-long-name-for-a-dummy-directory.d4/and-this-too-is-a-very-long-name-for-a-dummy-directory.d5/and-this-too-is-a-very-long-name-for-a-dummy-directory.d6/and-this-too-is-a-very-long-name-for-a-dummy-directory.d7/and-this-too-is-a-very-long-name-for-a-dummy-directory.d8/and-this-too-is-a-very-long-name-for-a-dummy-directory.d9/and-this-too-is-a-very-long-name-for-a-dummy-directory.d10/and-this-too-is-a-very-long-name-for-a-dummy-directory.d12/and-this-too-is-a-very-long-name-for-a-dummy-directory.d13/and-this-too-is-a-very-long-name-for-a-dummy-directory.d14/and-this-too-is-a-very-long-name-for-a-dummy-directory.d15/and-this-too-is-a-very-long-name-for-a-dummy-directory.d16/and-this-too-is-a-very-long-name-for-a-dummy-directory.d17/wow-this-is-a-very-long-name-for-a-simple-dummy-test-case-7.test \
  ./and-this-too-is-a-very-long-name-for-a-dummy-directory.d1/and-this-too-is-a-very-long-name-for-a-dummy-directory.d2/and-this-too-is-a-very-long-name-for-a-dummy-directory.d3/and-this-too-is-a-very-long-name-for-a-dummy-directory.d4/and-this-too-is-a-very-long-name-for-a-dummy-directory.d5/and-this-too-is-a-very-long-name-for-a-dummy-directory.d6/and-this-too-is-a-very-long-name-for-a-dummy-directory.d7/and-this-too-is-a-very-long-name-for-a-dummy-directory.d8/and-this-too-is-a-very-long-name-for-a-dummy-directory.d9/and-this-too-is-a-very-long-name-for-a-dummy-directory.d10/and-this-too-is-a-very-long-name-for-a-dummy-directory.d12/and-this-too-is-a-very-long-name-for-a-dummy-directory.d13/and-this-too-is-a-very-long-name-for-a-dummy-directory.d14/and-this-too-is-a-very-long-name-for-a-dummy-directory.d15/and-this-too-is-a-very-long-name-for-a-dummy-directory.d16/and-this-too-is-a-very-long-name-for-a-dummy-directory.d17/wow-this-is-a-very-long-name-for-a-simple-dummy-test-case-8.test \
  ./and-this-too-is-a-very-long-name-for-a-dummy-directory.d1/and-this-too-is-a-very-long-name-for-a-dummy-directory.d2/and-this-too-is-a-very-long-name-for-a-dummy-directory.d3/and-this-too-is-a-very-long-name-for-a-dummy-directory.d4/and-this-too-is-a-very-long-name-for-a-dummy-directory.d5/and-this-too-is-a-very-long-name-for-a-dummy-directory.d6/and-this-too-is-a-very-long-name-for-a-dummy-directory.d7/and-this-too-is-a-very-long-name-for-a-dummy-directory.d8/and-this-too-is-a-very-long-name-for-a-dummy-directory.d9/and-this-too-is-a-very-long-name-for-a-dummy-directory.d10/and-this-too-is-a-very-long-name-for-a-dummy-directory.d12/and-this-too-is-a-very-long-name-for-a-dummy-directory.d13/and-this-too-is-a-very-long-name-for-a-dummy-directory.d14/and-this-too-is-a-very-long-name-for-a-dummy-directory.d15/and-this-too-is-a-very-long-name-for-a-dummy-directory.d16/and-this-too-is-a-very-long-name-for-a-dummy-directory.d17/wow-this-is-a-very-long-name-for-a-simple-dummy-test-case-9.test \
  ./and-this-too-is-a-very-long-name-for-a-dummy-directory.d1/and-this-too-is-a-very-long-name-for-a-dummy-directory.d2/and-this-too-is-a-very-long-name-for-a-dummy-directory.d3/and-this-too-is-a-very-long-name-for-a-dummy-directory.d4/and-this-too-is-a-very-long-name-for-a-dummy-directory.d5/and-this-too-is-a-very-long-name-for-a-dummy-directory.d6/and-this-too-is-a-very-long-name-for-a-dummy-directory.d7/and-this-too-is-a-very-long-name-for-a-dummy-directory.d8/and-this-too-is-a-very-long-name-for-a-dummy-directory.d9/and-this-too-is-a-very-long-name-for-a-dummy-directory.d10/and-this-too-is-a-very-long-name-for-a-dummy-directory.d12/and-this-too-is-a-very-long-name-for-a-dummy-directory.d13/and-this-too-is-a-very-long-name-for-a-dummy-directory.d14/and-this-too-is-a-very-long-name-for-a-dummy-directory.d15/and-this-too-is-a-very-long-name-for-a-dummy-directory.d16/and-this-too-is-a-very-long-name-for-a-dummy-directory.d17/wow-this-is-a-very-long-name-for-a-simple-dummy-test-case-10.test \
  ./and-this-too-is-a-very-long-name-for-a-dummy-directory.d1/and-this-too-is-a-very-long-name-for-a-dummy-directory.d2/and-this-too-is-a-very-long-name-for-a-dummy-directory.d3/and-this-too-is-a-very-long-name-for-a-dummy-directory.d4/and-this-too-is-a-very-long-name-for-a-dummy-directory.d5/and-this-too-is-a-very-long-name-for-a-dummy-directory.d6/and-this-too-is-a-very-long-name-for-a-dummy-directory.d7/and-this-too-is-a-very-long-name-for-a-dummy-directory.d8/and-this-too-is-a-very-long-name-for-a-dummy-directory.d9/and-this-too-is-a-very-long-name-for-a-dummy-directory.d10/and-this-too-is-a-very-long-name-for-a-dummy-directory.d12/and-this-too-is-a-very-long-name-for-a-dummy-directory.d13/and-this-too-is-a-very-long-name-for-a-dummy-directory.d14/and-this-too-is-a-very-long-name-for-a-dummy-directory.d15/and-this-too-is-a-very-long-name-for-a-dummy-directory.d16/and-this-too-is-a-very-long-name-for-a-dummy-directory.d17/wow-this-is-a-very-long-name-for-a-simple-dummy-test-case-11.test \
  ./and-this-too-is-a-very-long-name-for-a-dummy-directory.d1/and-this-too-is-a-very-long-name-for-a-dummy-directory.d2/and-this-too-is-a-very-long-name-for-a-dummy-directory.d3/and-this-too-is-a-very-long-name-for-a-dummy-directory.d4/and-this-too-is-a-very-long-name-for-a-dummy-directory.d5/and-this-too-is-a-very-long-name-for-a-dummy-directory.d6/and-this-too-is-a-very-long-name-for-a-dummy-directory.d7/and-this-too-is-a-very-long-name-for-a-dummy-directory.d8/and-this-too-is-a-very-long-name-for-a-dummy-directory.d9/and-this-too-is-a-very-long-name-for-a-dummy-directory.d10/and-this-too-is-a-very-long-name-for-a-dummy-directory.d12/and-this-too-is-a-very-long-name-for-a-dummy-directory.d13/and-this-too-is-a-very-long-name-for-a-dummy-directory.d14/and-this-too-is-a-very-long-name-for-a-dummy-directory.d15/and-this-too-is-a-very-long-name-for-a-dummy-directory.d16/and-this-too-is-a-very-long-name-for-a-dummy-directory.d17/wow-this-is-a-very-long-name-for-a-simple-dummy-test-case-12.test \
  ./and-this-too-is-a-very-long-name-for-a-dummy-directory.d1/and-this-too-is-a-very-long-name-for-a-dummy-directory.d2/and-this-too-is-a-very-long-name-for-a-dummy-directory.d3/and-this-too-is-a-very-long-name-for-a-dummy-directory.d4/and-this-too-is-a-very-long-name-for-a-dummy-directory.d5/and-this-too-is-a-very-long-name-for-a-dummy-directory.d6/and-this-too-is-a-very-long-name-for-a-dummy-directory.d7/and-this-too-is-a-very-long-name-for-a-dummy-directory.d8/and-this-too-is-a-very-long-name-for-a-dummy-directory.d9/and-this-too-is-a-very-long-name-for-a-dummy-directory.d10/and-this-too-is-a-very-long-name-for-a-dummy-directory.d12/and-this-too-is-a-very-long-name-for-a-dummy-directory.d13/and-this-too-is-a-very-long-name-for-a-dummy-directory.d14/and-this-too-is-a-very-long-name-for-a-dummy-directory.d15/and-this-too-is-a-very-long-name-for-a-dummy-directory.d16/and-this-too-is-a-very-long-name-for-a-dummy-directory.d17/wow-this-is-a-very-long-name-for-a-simple-dummy-test-case-13.test \
  ./and-this-too-is-a-very-long-name-for-a-dummy-directory.d1/and-this-too-is-a-very-long-name-for-a-dummy-directory.d2/and-this-too-is-a-very-long-name-for-a-dummy-directory.d3/and-this-too-is-a-very-long-name-for-a-dummy-directory.d4/and-this-too-is-a-very-long-name-for-a-dummy-directory.d5/and-this-too-is-a-very-long-name-for-a-dummy-directory.d6/and-this-too-is-a-very-long-name-for-a-dummy-directory.d7/and-this-too-is-a-very-long-name-for-a-dummy-directory.d8/and-this-too-is-a-very-long-name-for-a-dummy-directory.d9/and-this-too-is-a-very-long-name-for-a-dummy-directory.d10/and-this-too-is-a-very-long-name-for-a-dummy-directory.d12/and-this-too-is-a-very-long-name-for-a-dummy-directory.d13/and-this-too-is-a-very-long-name-for-a-dummy-directory.d14/and-this-too-is-a-very-long-name-for-a-dummy-directory.d15/and-this-too-is-a-very-long-name-for-a-dummy-directory.d16/and-this-too-is-a-very-long-name-for-a-dummy-directory.d17/wow-this-is-a-very-long-name-for-a-simple-dummy-test-case-14.test \
  ./and-this-too-is-a-very-long-name-for-a-dummy-directory.d1/and-this-too-is-a-very-long-name-for-a-dummy-directory.d2/and-this-too-is-a-very-long-name-for-a-dummy-directory.d3/and-this-too-is-a-very-long-name-for-a-dummy-directory.d4/and-this-too-is-a-very-long-name-for-a-dummy-directory.d5/and-this-too-is-a-very-long-name-for-a-dummy-directory.d6/and-this-too-is-a-very-long-name-for-a-dummy-directory.d7/and-this-too-is-a-very-long-name-for-a-dummy-directory.d8/and-this-too-is-a-very-long-name-for-a-dummy-directory.d9/and-this-too-is-a-very-long-name-for-a-dummy-directory.d10/and-this-too-is-a-very-long-name-for-a-dummy-directory.d12/and-this-too-is-a-very-long-name-for-a-dummy-directory.d13/and-this-too-is-a-very-long-name-for-a-dummy-directory.d14/and-this-too-is-a-very-long-name-for-a-dummy-directory.d15/and-this-too-is-a-very-long-name-for-a-dummy-directory.d16/and-this-too-is-a-very-long-name-for-a-dummy-directory.d17/wow-this-is-a-very-long-name-for-a-simple-dummy-test-case-15.test \
  ./and-this-too-is-a-very-long-name-for-a-dummy-directory.d1/and-this-too-is-a-very-long-name-for-a-dummy-directory.d2/and-this-too-is-a-very-long-name-for-a-dummy-directory.d3/and-this-too-is-a-very-long-name-for-a-dummy-directory.d4/and-this-too-is-a-very-long-name-for-a-dummy-directory.d5/and-this-too-is-a-very-long-name-for-a-dummy-directory.d6/and-this-too-is-a-very-long-name-for-a-dummy-directory.d7/and-this-too-is-a-very-long-name-for-a-dummy-directory.d8/and-this-too-is-a-very-long-name-for-a-dummy-directory.d9/and-this-too-is-a-very-long-name-for-a-dummy-directory.d10/and-this-too-is-a-very-long-name-for-a-dummy-directory.d12/and-this-too-is-a-very-long-name-for-a-dummy-directory.d13/and-this-too-is-a-very-long-name-for-a-dummy-directory.d14/and-this-too-is-a-very-long-name-for-a-dummy-directory.d15/and-this-too-is-a-very-long-name-for-a-dummy-directory.d16/and-this-too-is-a-very-long-name-for-a-dummy-directory.d17/wow-this-is-a-very-long-name-for-a-simple-dummy-test-case-16.test \
  ./and-this-too-is-a-very-long-name-for-a-dummy-directory.d1/and-this-too-is-a-very-long-name-for-a-dummy-directory.d2/and-this-too-is-a-very-long-name-for-a-dummy-directory.d3/and-this-too-is-a-very-long-name-for-a-dummy-directory.d4/and-this-too-is-a-very-long-name-for-a-dummy-directory.d5/and-this-too-is-a-very-long-name-for-a-dummy-directory.d6/and-this-too-is-a-very-long-name-for-a-dummy-directory.d7/and-this-too-is-a-very-long-name-for-a-dummy-directory.d8/and-this-too-is-a-very-long-name-for-a-dummy-directory.d9/and-this-too-is-a-very-long-name-for-a-dummy-directory.d10/and-this-too-is-a-very-long-name-for-a-dummy-directory.d12/and-this-too-is-a-very-long-name-for-a-dummy-directory.d13/and-this-too-is-a-very-long-name-for-a-dummy-directory.d14/and-this-too-is-a-very-long-name-for-a-dummy-directory.d15/and-this-too-is-a-very-long-name-for-a-dummy-directory.d16/and-this-too-is-a-very-long-name-for-a-dummy-directory.d17/wow-this-is-a-very-long-name-for-a-simple-dummy-test-case-17.test \
  ./and-this-too-is-a-very-long-name-for-a-dummy-directory.d1/and-this-too-is-a-very-long-name-for-a-dummy-directory.d2/and-this-too-is-a-very-long-name-for-a-dummy-directory.d3/and-this-too-is-a-very-long-name-for-a-dummy-directory.d4/and-this-too-is-a-very-long-name-for-a-dummy-directory.d5/and-this-too-is-a-very-long-name-for-a-dummy-directory.d6/and-this-too-is-a-very-long-name-for-a-dummy-directory.d7/and-this-too-is-a-very-long-name-for-a-dummy-directory.d8/and-this-too-is-a-very-long-name-for-a-dummy-directory.d9/and-this-too-is-a-very-long-name-for-a-dummy-directory.d10/and-this-too-is-a-very-long-name-for-a-dummy-directory.d12/and-this-too-is-a-very-long-name-for-a-dummy-directory.d13/and-this-too-is-a-very-long-name-for-a-dummy-directory.d14/and-this-too-is-a-very-long-name-for-a-dummy-directory.d15/and-this-too-is-a-very-long-name-for-a-dummy-directory.d16/and-this-too-is-a-very-long-name-for-a-dummy-directory.d17/wow-this-is-a-very-long-name-for-a-simple-dummy-test-case-18.test \
  ./and-this-too-is-a-very-long-name-for-a-dummy-directory.d1/and-this-too-is-a-very-long-name-for-a-dummy-directory.d2/and-this-too-is-a-very-long-name-for-a-dummy-directory.d3/and-this-too-is-a-very-long-name-for-a-dummy-directory.d4/and-this-too-is-a-very-long-name-for-a-dummy-directory.d5/and-this-too-is-a-very-long-name-for-a-dummy-directory.d6/and-this-too-is-a-very-long-name-for-a-dummy-directory.d7/and-this-too-is-a-very-long-name-for-a-dummy-directory.d8/and-this-too-is-a-very-long-name-for-a-dummy-directory.d9/and-this-too-is-a-very-long-name-for-a-dummy-directory.d10/and-this-too-is-a-very-long-name-for-a-dummy-directory.d12/and-this-too-is-a-very-long-name-for-a-dummy-directory.d13/and-this-too-is-a-very-long-name-for-a-dummy-directory.d14/and-this-too-is-a-very-long-name-for-a-dummy-directory.d15/and-this-too-is-a-very-long-name-for-a-dummy-directory.d16/and-this-too-is-a-very-long-name-for-a-dummy-directory.d17/wow-this-is-a-very-long-name-for-a-simple-dummy-test-case-19.test \
+ automake-1.11a --foreign -Werror -Wall Makefile
+ ./config.status Makefile
config.status: creating Makefile
+ make this-will-fail
make: /bin/sh: Argument list too long
make: *** [this-will-fail] Error 1
++ expr '(' 400 '*' 12 ')' / 10
+ count=480
+ setup_data
+ count=480
+ deepdir=./and-this-too-is-a-very-long-name-for-a-dummy-directory.d1/and-this-too-is-a-very-long-name-for-a-dummy-directory.d2/and-this-too-is-a-very-long-name-for-a-dummy-directory.d3/and-this-too-is-a-very-long-name-for-a-dummy-directory.d4/and-this-too-is-a-very-long-name-for-a-dummy-directory.d5/and-this-too-is-a-very-long-name-for-a-dummy-directory.d6/and-this-too-is-a-very-long-name-for-a-dummy-directory.d7/and-this-too-is-a-very-long-name-for-a-dummy-directory.d8/and-this-too-is-a-very-long-name-for-a-dummy-directory.d9/and-this-too-is-a-very-long-name-for-a-dummy-directory.d10/and-this-too-is-a-very-long-name-for-a-dummy-directory.d12/and-this-too-is-a-very-long-name-for-a-dummy-directory.d13/and-this-too-is-a-very-long-name-for-a-dummy-directory.d14/and-this-too-is-a-very-long-name-for-a-dummy-directory.d15/and-this-too-is-a-very-long-name-for-a-dummy-directory.d16/and-this-too-is-a-very-long-name-for-a-dummy-directory.d17
+ tname=wow-this-is-a-very-long-name-for-a-simple-dummy-test-case
+ /usr/bin/perl -e '
    use warnings FATAL => "all";
    use strict;
    print "TESTS = \\\n";
    my $i = 0;
    while (++$i)
      {
        print "  $ENV{deepdir}/$ENV{tname}-$i.test";
        if ($i >= $ENV{count})
          {
            print "\n";
            last;
          }
        else
          {
            print " \\\n";
          }
      }
  '
+ sed 20q list-of-tests.am
TESTS = \
  ./and-this-too-is-a-very-long-name-for-a-dummy-directory.d1/and-this-too-is-a-very-long-name-for-a-dummy-directory.d2/and-this-too-is-a-very-long-name-for-a-dummy-directory.d3/and-this-too-is-a-very-long-name-for-a-dummy-directory.d4/and-this-too-is-a-very-long-name-for-a-dummy-directory.d5/and-this-too-is-a-very-long-name-for-a-dummy-directory.d6/and-this-too-is-a-very-long-name-for-a-dummy-directory.d7/and-this-too-is-a-very-long-name-for-a-dummy-directory.d8/and-this-too-is-a-very-long-name-for-a-dummy-directory.d9/and-this-too-is-a-very-long-name-for-a-dummy-directory.d10/and-this-too-is-a-very-long-name-for-a-dummy-directory.d12/and-this-too-is-a-very-long-name-for-a-dummy-directory.d13/and-this-too-is-a-very-long-name-for-a-dummy-directory.d14/and-this-too-is-a-very-long-name-for-a-dummy-directory.d15/and-this-too-is-a-very-long-name-for-a-dummy-directory.d16/and-this-too-is-a-very-long-name-for-a-dummy-directory.d17/wow-this-is-a-very-long-name-for-a-simple-dummy-test-case-1.test \
  ./and-this-too-is-a-very-long-name-for-a-dummy-directory.d1/and-this-too-is-a-very-long-name-for-a-dummy-directory.d2/and-this-too-is-a-very-long-name-for-a-dummy-directory.d3/and-this-too-is-a-very-long-name-for-a-dummy-directory.d4/and-this-too-is-a-very-long-name-for-a-dummy-directory.d5/and-this-too-is-a-very-long-name-for-a-dummy-directory.d6/and-this-too-is-a-very-long-name-for-a-dummy-directory.d7/and-this-too-is-a-very-long-name-for-a-dummy-directory.d8/and-this-too-is-a-very-long-name-for-a-dummy-directory.d9/and-this-too-is-a-very-long-name-for-a-dummy-directory.d10/and-this-too-is-a-very-long-name-for-a-dummy-directory.d12/and-this-too-is-a-very-long-name-for-a-dummy-directory.d13/and-this-too-is-a-very-long-name-for-a-dummy-directory.d14/and-this-too-is-a-very-long-name-for-a-dummy-directory.d15/and-this-too-is-a-very-long-name-for-a-dummy-directory.d16/and-this-too-is-a-very-long-name-for-a-dummy-directory.d17/wow-this-is-a-very-long-name-for-a-simple-dummy-test-case-2.test \
  ./and-this-too-is-a-very-long-name-for-a-dummy-directory.d1/and-this-too-is-a-very-long-name-for-a-dummy-directory.d2/and-this-too-is-a-very-long-name-for-a-dummy-directory.d3/and-this-too-is-a-very-long-name-for-a-dummy-directory.d4/and-this-too-is-a-very-long-name-for-a-dummy-directory.d5/and-this-too-is-a-very-long-name-for-a-dummy-directory.d6/and-this-too-is-a-very-long-name-for-a-dummy-directory.d7/and-this-too-is-a-very-long-name-for-a-dummy-directory.d8/and-this-too-is-a-very-long-name-for-a-dummy-directory.d9/and-this-too-is-a-very-long-name-for-a-dummy-directory.d10/and-this-too-is-a-very-long-name-for-a-dummy-directory.d12/and-this-too-is-a-very-long-name-for-a-dummy-directory.d13/and-this-too-is-a-very-long-name-for-a-dummy-directory.d14/and-this-too-is-a-very-long-name-for-a-dummy-directory.d15/and-this-too-is-a-very-long-name-for-a-dummy-directory.d16/and-this-too-is-a-very-long-name-for-a-dummy-directory.d17/wow-this-is-a-very-long-name-for-a-simple-dummy-test-case-3.test \
  ./and-this-too-is-a-very-long-name-for-a-dummy-directory.d1/and-this-too-is-a-very-long-name-for-a-dummy-directory.d2/and-this-too-is-a-very-long-name-for-a-dummy-directory.d3/and-this-too-is-a-very-long-name-for-a-dummy-directory.d4/and-this-too-is-a-very-long-name-for-a-dummy-directory.d5/and-this-too-is-a-very-long-name-for-a-dummy-directory.d6/and-this-too-is-a-very-long-name-for-a-dummy-directory.d7/and-this-too-is-a-very-long-name-for-a-dummy-directory.d8/and-this-too-is-a-very-long-name-for-a-dummy-directory.d9/and-this-too-is-a-very-long-name-for-a-dummy-directory.d10/and-this-too-is-a-very-long-name-for-a-dummy-directory.d12/and-this-too-is-a-very-long-name-for-a-dummy-directory.d13/and-this-too-is-a-very-long-name-for-a-dummy-directory.d14/and-this-too-is-a-very-long-name-for-a-dummy-directory.d15/and-this-too-is-a-very-long-name-for-a-dummy-directory.d16/and-this-too-is-a-very-long-name-for-a-dummy-directory.d17/wow-this-is-a-very-long-name-for-a-simple-dummy-test-case-4.test \
  ./and-this-too-is-a-very-long-name-for-a-dummy-directory.d1/and-this-too-is-a-very-long-name-for-a-dummy-directory.d2/and-this-too-is-a-very-long-name-for-a-dummy-directory.d3/and-this-too-is-a-very-long-name-for-a-dummy-directory.d4/and-this-too-is-a-very-long-name-for-a-dummy-directory.d5/and-this-too-is-a-very-long-name-for-a-dummy-directory.d6/and-this-too-is-a-very-long-name-for-a-dummy-directory.d7/and-this-too-is-a-very-long-name-for-a-dummy-directory.d8/and-this-too-is-a-very-long-name-for-a-dummy-directory.d9/and-this-too-is-a-very-long-name-for-a-dummy-directory.d10/and-this-too-is-a-very-long-name-for-a-dummy-directory.d12/and-this-too-is-a-very-long-name-for-a-dummy-directory.d13/and-this-too-is-a-very-long-name-for-a-dummy-directory.d14/and-this-too-is-a-very-long-name-for-a-dummy-directory.d15/and-this-too-is-a-very-long-name-for-a-dummy-directory.d16/and-this-too-is-a-very-long-name-for-a-dummy-directory.d17/wow-this-is-a-very-long-name-for-a-simple-dummy-test-case-5.test \
  ./and-this-too-is-a-very-long-name-for-a-dummy-directory.d1/and-this-too-is-a-very-long-name-for-a-dummy-directory.d2/and-this-too-is-a-very-long-name-for-a-dummy-directory.d3/and-this-too-is-a-very-long-name-for-a-dummy-directory.d4/and-this-too-is-a-very-long-name-for-a-dummy-directory.d5/and-this-too-is-a-very-long-name-for-a-dummy-directory.d6/and-this-too-is-a-very-long-name-for-a-dummy-directory.d7/and-this-too-is-a-very-long-name-for-a-dummy-directory.d8/and-this-too-is-a-very-long-name-for-a-dummy-directory.d9/and-this-too-is-a-very-long-name-for-a-dummy-directory.d10/and-this-too-is-a-very-long-name-for-a-dummy-directory.d12/and-this-too-is-a-very-long-name-for-a-dummy-directory.d13/and-this-too-is-a-very-long-name-for-a-dummy-directory.d14/and-this-too-is-a-very-long-name-for-a-dummy-directory.d15/and-this-too-is-a-very-long-name-for-a-dummy-directory.d16/and-this-too-is-a-very-long-name-for-a-dummy-directory.d17/wow-this-is-a-very-long-name-for-a-simple-dummy-test-case-6.test \
  ./and-this-too-is-a-very-long-name-for-a-dummy-directory.d1/and-this-too-is-a-very-long-name-for-a-dummy-directory.d2/and-this-too-is-a-very-long-name-for-a-dummy-directory.d3/and-this-too-is-a-very-long-name-for-a-dummy-directory.d4/and-this-too-is-a-very-long-name-for-a-dummy-directory.d5/and-this-too-is-a-very-long-name-for-a-dummy-directory.d6/and-this-too-is-a-very-long-name-for-a-dummy-directory.d7/and-this-too-is-a-very-long-name-for-a-dummy-directory.d8/and-this-too-is-a-very-long-name-for-a-dummy-directory.d9/and-this-too-is-a-very-long-name-for-a-dummy-directory.d10/and-this-too-is-a-very-long-name-for-a-dummy-directory.d12/and-this-too-is-a-very-long-name-for-a-dummy-directory.d13/and-this-too-is-a-very-long-name-for-a-dummy-directory.d14/and-this-too-is-a-very-long-name-for-a-dummy-directory.d15/and-this-too-is-a-very-long-name-for-a-dummy-directory.d16/and-this-too-is-a-very-long-name-for-a-dummy-directory.d17/wow-this-is-a-very-long-name-for-a-simple-dummy-test-case-7.test \
  ./and-this-too-is-a-very-long-name-for-a-dummy-directory.d1/and-this-too-is-a-very-long-name-for-a-dummy-directory.d2/and-this-too-is-a-very-long-name-for-a-dummy-directory.d3/and-this-too-is-a-very-long-name-for-a-dummy-directory.d4/and-this-too-is-a-very-long-name-for-a-dummy-directory.d5/and-this-too-is-a-very-long-name-for-a-dummy-directory.d6/and-this-too-is-a-very-long-name-for-a-dummy-directory.d7/and-this-too-is-a-very-long-name-for-a-dummy-directory.d8/and-this-too-is-a-very-long-name-for-a-dummy-directory.d9/and-this-too-is-a-very-long-name-for-a-dummy-directory.d10/and-this-too-is-a-very-long-name-for-a-dummy-directory.d12/and-this-too-is-a-very-long-name-for-a-dummy-directory.d13/and-this-too-is-a-very-long-name-for-a-dummy-directory.d14/and-this-too-is-a-very-long-name-for-a-dummy-directory.d15/and-this-too-is-a-very-long-name-for-a-dummy-directory.d16/and-this-too-is-a-very-long-name-for-a-dummy-directory.d17/wow-this-is-a-very-long-name-for-a-simple-dummy-test-case-8.test \
  ./and-this-too-is-a-very-long-name-for-a-dummy-directory.d1/and-this-too-is-a-very-long-name-for-a-dummy-directory.d2/and-this-too-is-a-very-long-name-for-a-dummy-directory.d3/and-this-too-is-a-very-long-name-for-a-dummy-directory.d4/and-this-too-is-a-very-long-name-for-a-dummy-directory.d5/and-this-too-is-a-very-long-name-for-a-dummy-directory.d6/and-this-too-is-a-very-long-name-for-a-dummy-directory.d7/and-this-too-is-a-very-long-name-for-a-dummy-directory.d8/and-this-too-is-a-very-long-name-for-a-dummy-directory.d9/and-this-too-is-a-very-long-name-for-a-dummy-directory.d10/and-this-too-is-a-very-long-name-for-a-dummy-directory.d12/and-this-too-is-a-very-long-name-for-a-dummy-directory.d13/and-this-too-is-a-very-long-name-for-a-dummy-directory.d14/and-this-too-is-a-very-long-name-for-a-dummy-directory.d15/and-this-too-is-a-very-long-name-for-a-dummy-directory.d16/and-this-too-is-a-very-long-name-for-a-dummy-directory.d17/wow-this-is-a-very-long-name-for-a-simple-dummy-test-case-9.test \
  ./and-this-too-is-a-very-long-name-for-a-dummy-directory.d1/and-this-too-is-a-very-long-name-for-a-dummy-directory.d2/and-this-too-is-a-very-long-name-for-a-dummy-directory.d3/and-this-too-is-a-very-long-name-for-a-dummy-directory.d4/and-this-too-is-a-very-long-name-for-a-dummy-directory.d5/and-this-too-is-a-very-long-name-for-a-dummy-directory.d6/and-this-too-is-a-very-long-name-for-a-dummy-directory.d7/and-this-too-is-a-very-long-name-for-a-dummy-directory.d8/and-this-too-is-a-very-long-name-for-a-dummy-directory.d9/and-this-too-is-a-very-long-name-for-a-dummy-directory.d10/and-this-too-is-a-very-long-name-for-a-dummy-directory.d12/and-this-too-is-a-very-long-name-for-a-dummy-directory.d13/and-this-too-is-a-very-long-name-for-a-dummy-directory.d14/and-this-too-is-a-very-long-name-for-a-dummy-directory.d15/and-this-too-is-a-very-long-name-for-a-dummy-directory.d16/and-this-too-is-a-very-long-name-for-a-dummy-directory.d17/wow-this-is-a-very-long-name-for-a-simple-dummy-test-case-10.test \
  ./and-this-too-is-a-very-long-name-for-a-dummy-directory.d1/and-this-too-is-a-very-long-name-for-a-dummy-directory.d2/and-this-too-is-a-very-long-name-for-a-dummy-directory.d3/and-this-too-is-a-very-long-name-for-a-dummy-directory.d4/and-this-too-is-a-very-long-name-for-a-dummy-directory.d5/and-this-too-is-a-very-long-name-for-a-dummy-directory.d6/and-this-too-is-a-very-long-name-for-a-dummy-directory.d7/and-this-too-is-a-very-long-name-for-a-dummy-directory.d8/and-this-too-is-a-very-long-name-for-a-dummy-directory.d9/and-this-too-is-a-very-long-name-for-a-dummy-directory.d10/and-this-too-is-a-very-long-name-for-a-dummy-directory.d12/and-this-too-is-a-very-long-name-for-a-dummy-directory.d13/and-this-too-is-a-very-long-name-for-a-dummy-directory.d14/and-this-too-is-a-very-long-name-for-a-dummy-directory.d15/and-this-too-is-a-very-long-name-for-a-dummy-directory.d16/and-this-too-is-a-very-long-name-for-a-dummy-directory.d17/wow-this-is-a-very-long-name-for-a-simple-dummy-test-case-11.test \
  ./and-this-too-is-a-very-long-name-for-a-dummy-directory.d1/and-this-too-is-a-very-long-name-for-a-dummy-directory.d2/and-this-too-is-a-very-long-name-for-a-dummy-directory.d3/and-this-too-is-a-very-long-name-for-a-dummy-directory.d4/and-this-too-is-a-very-long-name-for-a-dummy-directory.d5/and-this-too-is-a-very-long-name-for-a-dummy-directory.d6/and-this-too-is-a-very-long-name-for-a-dummy-directory.d7/and-this-too-is-a-very-long-name-for-a-dummy-directory.d8/and-this-too-is-a-very-long-name-for-a-dummy-directory.d9/and-this-too-is-a-very-long-name-for-a-dummy-directory.d10/and-this-too-is-a-very-long-name-for-a-dummy-directory.d12/and-this-too-is-a-very-long-name-for-a-dummy-directory.d13/and-this-too-is-a-very-long-name-for-a-dummy-directory.d14/and-this-too-is-a-very-long-name-for-a-dummy-directory.d15/and-this-too-is-a-very-long-name-for-a-dummy-directory.d16/and-this-too-is-a-very-long-name-for-a-dummy-directory.d17/wow-this-is-a-very-long-name-for-a-simple-dummy-test-case-12.test \
  ./and-this-too-is-a-very-long-name-for-a-dummy-directory.d1/and-this-too-is-a-very-long-name-for-a-dummy-directory.d2/and-this-too-is-a-very-long-name-for-a-dummy-directory.d3/and-this-too-is-a-very-long-name-for-a-dummy-directory.d4/and-this-too-is-a-very-long-name-for-a-dummy-directory.d5/and-this-too-is-a-very-long-name-for-a-dummy-directory.d6/and-this-too-is-a-very-long-name-for-a-dummy-directory.d7/and-this-too-is-a-very-long-name-for-a-dummy-directory.d8/and-this-too-is-a-very-long-name-for-a-dummy-directory.d9/and-this-too-is-a-very-long-name-for-a-dummy-directory.d10/and-this-too-is-a-very-long-name-for-a-dummy-directory.d12/and-this-too-is-a-very-long-name-for-a-dummy-directory.d13/and-this-too-is-a-very-long-name-for-a-dummy-directory.d14/and-this-too-is-a-very-long-name-for-a-dummy-directory.d15/and-this-too-is-a-very-long-name-for-a-dummy-directory.d16/and-this-too-is-a-very-long-name-for-a-dummy-directory.d17/wow-this-is-a-very-long-name-for-a-simple-dummy-test-case-13.test \
  ./and-this-too-is-a-very-long-name-for-a-dummy-directory.d1/and-this-too-is-a-very-long-name-for-a-dummy-directory.d2/and-this-too-is-a-very-long-name-for-a-dummy-directory.d3/and-this-too-is-a-very-long-name-for-a-dummy-directory.d4/and-this-too-is-a-very-long-name-for-a-dummy-directory.d5/and-this-too-is-a-very-long-name-for-a-dummy-directory.d6/and-this-too-is-a-very-long-name-for-a-dummy-directory.d7/and-this-too-is-a-very-long-name-for-a-dummy-directory.d8/and-this-too-is-a-very-long-name-for-a-dummy-directory.d9/and-this-too-is-a-very-long-name-for-a-dummy-directory.d10/and-this-too-is-a-very-long-name-for-a-dummy-directory.d12/and-this-too-is-a-very-long-name-for-a-dummy-directory.d13/and-this-too-is-a-very-long-name-for-a-dummy-directory.d14/and-this-too-is-a-very-long-name-for-a-dummy-directory.d15/and-this-too-is-a-very-long-name-for-a-dummy-directory.d16/and-this-too-is-a-very-long-name-for-a-dummy-directory.d17/wow-this-is-a-very-long-name-for-a-simple-dummy-test-case-14.test \
  ./and-this-too-is-a-very-long-name-for-a-dummy-directory.d1/and-this-too-is-a-very-long-name-for-a-dummy-directory.d2/and-this-too-is-a-very-long-name-for-a-dummy-directory.d3/and-this-too-is-a-very-long-name-for-a-dummy-directory.d4/and-this-too-is-a-very-long-name-for-a-dummy-directory.d5/and-this-too-is-a-very-long-name-for-a-dummy-directory.d6/and-this-too-is-a-very-long-name-for-a-dummy-directory.d7/and-this-too-is-a-very-long-name-for-a-dummy-directory.d8/and-this-too-is-a-very-long-name-for-a-dummy-directory.d9/and-this-too-is-a-very-long-name-for-a-dummy-directory.d10/and-this-too-is-a-very-long-name-for-a-dummy-directory.d12/and-this-too-is-a-very-long-name-for-a-dummy-directory.d13/and-this-too-is-a-very-long-name-for-a-dummy-directory.d14/and-this-too-is-a-very-long-name-for-a-dummy-directory.d15/and-this-too-is-a-very-long-name-for-a-dummy-directory.d16/and-this-too-is-a-very-long-name-for-a-dummy-directory.d17/wow-this-is-a-very-long-name-for-a-simple-dummy-test-case-15.test \
  ./and-this-too-is-a-very-long-name-for-a-dummy-directory.d1/and-this-too-is-a-very-long-name-for-a-dummy-directory.d2/and-this-too-is-a-very-long-name-for-a-dummy-directory.d3/and-this-too-is-a-very-long-name-for-a-dummy-directory.d4/and-this-too-is-a-very-long-name-for-a-dummy-directory.d5/and-this-too-is-a-very-long-name-for-a-dummy-directory.d6/and-this-too-is-a-very-long-name-for-a-dummy-directory.d7/and-this-too-is-a-very-long-name-for-a-dummy-directory.d8/and-this-too-is-a-very-long-name-for-a-dummy-directory.d9/and-this-too-is-a-very-long-name-for-a-dummy-directory.d10/and-this-too-is-a-very-long-name-for-a-dummy-directory.d12/and-this-too-is-a-very-long-name-for-a-dummy-directory.d13/and-this-too-is-a-very-long-name-for-a-dummy-directory.d14/and-this-too-is-a-very-long-name-for-a-dummy-directory.d15/and-this-too-is-a-very-long-name-for-a-dummy-directory.d16/and-this-too-is-a-very-long-name-for-a-dummy-directory.d17/wow-this-is-a-very-long-name-for-a-simple-dummy-test-case-16.test \
  ./and-this-too-is-a-very-long-name-for-a-dummy-directory.d1/and-this-too-is-a-very-long-name-for-a-dummy-directory.d2/and-this-too-is-a-very-long-name-for-a-dummy-directory.d3/and-this-too-is-a-very-long-name-for-a-dummy-directory.d4/and-this-too-is-a-very-long-name-for-a-dummy-directory.d5/and-this-too-is-a-very-long-name-for-a-dummy-directory.d6/and-this-too-is-a-very-long-name-for-a-dummy-directory.d7/and-this-too-is-a-very-long-name-for-a-dummy-directory.d8/and-this-too-is-a-very-long-name-for-a-dummy-directory.d9/and-this-too-is-a-very-long-name-for-a-dummy-directory.d10/and-this-too-is-a-very-long-name-for-a-dummy-directory.d12/and-this-too-is-a-very-long-name-for-a-dummy-directory.d13/and-this-too-is-a-very-long-name-for-a-dummy-directory.d14/and-this-too-is-a-very-long-name-for-a-dummy-directory.d15/and-this-too-is-a-very-long-name-for-a-dummy-directory.d16/and-this-too-is-a-very-long-name-for-a-dummy-directory.d17/wow-this-is-a-very-long-name-for-a-simple-dummy-test-case-17.test \
  ./and-this-too-is-a-very-long-name-for-a-dummy-directory.d1/and-this-too-is-a-very-long-name-for-a-dummy-directory.d2/and-this-too-is-a-very-long-name-for-a-dummy-directory.d3/and-this-too-is-a-very-long-name-for-a-dummy-directory.d4/and-this-too-is-a-very-long-name-for-a-dummy-directory.d5/and-this-too-is-a-very-long-name-for-a-dummy-directory.d6/and-this-too-is-a-very-long-name-for-a-dummy-directory.d7/and-this-too-is-a-very-long-name-for-a-dummy-directory.d8/and-this-too-is-a-very-long-name-for-a-dummy-directory.d9/and-this-too-is-a-very-long-name-for-a-dummy-directory.d10/and-this-too-is-a-very-long-name-for-a-dummy-directory.d12/and-this-too-is-a-very-long-name-for-a-dummy-directory.d13/and-this-too-is-a-very-long-name-for-a-dummy-directory.d14/and-this-too-is-a-very-long-name-for-a-dummy-directory.d15/and-this-too-is-a-very-long-name-for-a-dummy-directory.d16/and-this-too-is-a-very-long-name-for-a-dummy-directory.d17/wow-this-is-a-very-long-name-for-a-simple-dummy-test-case-18.test \
  ./and-this-too-is-a-very-long-name-for-a-dummy-directory.d1/and-this-too-is-a-very-long-name-for-a-dummy-directory.d2/and-this-too-is-a-very-long-name-for-a-dummy-directory.d3/and-this-too-is-a-very-long-name-for-a-dummy-directory.d4/and-this-too-is-a-very-long-name-for-a-dummy-directory.d5/and-this-too-is-a-very-long-name-for-a-dummy-directory.d6/and-this-too-is-a-very-long-name-for-a-dummy-directory.d7/and-this-too-is-a-very-long-name-for-a-dummy-directory.d8/and-this-too-is-a-very-long-name-for-a-dummy-directory.d9/and-this-too-is-a-very-long-name-for-a-dummy-directory.d10/and-this-too-is-a-very-long-name-for-a-dummy-directory.d12/and-this-too-is-a-very-long-name-for-a-dummy-directory.d13/and-this-too-is-a-very-long-name-for-a-dummy-directory.d14/and-this-too-is-a-very-long-name-for-a-dummy-directory.d15/and-this-too-is-a-very-long-name-for-a-dummy-directory.d16/and-this-too-is-a-very-long-name-for-a-dummy-directory.d17/wow-this-is-a-very-long-name-for-a-simple-dummy-test-case-19.test \
+ automake-1.11a --foreign -Werror -Wall Makefile
+ ./config.status Makefile
config.status: creating Makefile
+ break
+ test 480 = E_HUGE
+ cat
*********************************************************************
               Number of tests we will use: 480
*********************************************************************
+ env TESTS=./and-this-too-is-a-very-long-name-for-a-dummy-directory.d1/and-this-too-is-a-very-long-name-for-a-dummy-directory.d2/and-this-too-is-a-very-long-name-for-a-dummy-directory.d3/and-this-too-is-a-very-long-name-for-a-dummy-directory.d4/and-this-too-is-a-very-long-name-for-a-dummy-directory.d5/and-this-too-is-a-very-long-name-for-a-dummy-directory.d6/and-this-too-is-a-very-long-name-for-a-dummy-directory.d7/and-this-too-is-a-very-long-name-for-a-dummy-directory.d8/and-this-too-is-a-very-long-name-for-a-dummy-directory.d9/and-this-too-is-a-very-long-name-for-a-dummy-directory.d10/and-this-too-is-a-very-long-name-for-a-dummy-directory.d12/and-this-too-is-a-very-long-name-for-a-dummy-directory.d13/and-this-too-is-a-very-long-name-for-a-dummy-directory.d14/and-this-too-is-a-very-long-name-for-a-dummy-directory.d15/and-this-too-is-a-very-long-name-for-a-dummy-directory.d16/and-this-too-is-a-very-long-name-for-a-dummy-directory.d17/wow-this-is-a-very-long-name-for-a-simple-dummy-test-case-1.test make -e check
make  check-TESTS
PASS: and-this-too-is-a-very-long-name-for-a-dummy-directory.d1/and-this-too-is-a-very-long-name-for-a-dummy-directory.d2/and-this-too-is-a-very-long-name-for-a-dummy-directory.d3/and-this-too-is-a-very-long-name-for-a-dummy-directory.d4/and-this-too-is-a-very-long-name-for-a-dummy-directory.d5/and-this-too-is-a-very-long-name-for-a-dummy-directory.d6/and-this-too-is-a-very-long-name-for-a-dummy-directory.d7/and-this-too-is-a-very-long-name-for-a-dummy-directory.d8/and-this-too-is-a-very-long-name-for-a-dummy-directory.d9/and-this-too-is-a-very-long-name-for-a-dummy-directory.d10/and-this-too-is-a-very-long-name-for-a-dummy-directory.d12/and-this-too-is-a-very-long-name-for-a-dummy-directory.d13/and-this-too-is-a-very-long-name-for-a-dummy-directory.d14/and-this-too-is-a-very-long-name-for-a-dummy-directory.d15/and-this-too-is-a-very-long-name-for-a-dummy-directory.d16/and-this-too-is-a-very-long-name-for-a-dummy-directory.d17/wow-this-is-a-very-long-name-for-a-simple-dummy-test-case-1.test
make[3]: Nothing to be done for `all'.
============================================================================
Testsuite summary for parallel-tests-many 1.0
============================================================================
# TOTAL: 1
# PASS:  1
# SKIP:  0
# XFAIL: 0
# FAIL:  0
# XPASS: 0
# ERROR: 0
============================================================================
+ test -f ./and-this-too-is-a-very-long-name-for-a-dummy-directory.d1/and-this-too-is-a-very-long-name-for-a-dummy-directory.d2/and-this-too-is-a-very-long-name-for-a-dummy-directory.d3/and-this-too-is-a-very-long-name-for-a-dummy-directory.d4/and-this-too-is-a-very-long-name-for-a-dummy-directory.d5/and-this-too-is-a-very-long-name-for-a-dummy-directory.d6/and-this-too-is-a-very-long-name-for-a-dummy-directory.d7/and-this-too-is-a-very-long-name-for-a-dummy-directory.d8/and-this-too-is-a-very-long-name-for-a-dummy-directory.d9/and-this-too-is-a-very-long-name-for-a-dummy-directory.d10/and-this-too-is-a-very-long-name-for-a-dummy-directory.d12/and-this-too-is-a-very-long-name-for-a-dummy-directory.d13/and-this-too-is-a-very-long-name-for-a-dummy-directory.d14/and-this-too-is-a-very-long-name-for-a-dummy-directory.d15/and-this-too-is-a-very-long-name-for-a-dummy-directory.d16/and-this-too-is-a-very-long-name-for-a-dummy-directory.d17/wow-this-is-a-very-long-name-for-a-simple-dummy-test-case-1.log
+ rm -f ./and-this-too-is-a-very-long-name-for-a-dummy-directory.d1/and-this-too-is-a-very-long-name-for-a-dummy-directory.d2/and-this-too-is-a-very-long-name-for-a-dummy-directory.d3/and-this-too-is-a-very-long-name-for-a-dummy-directory.d4/and-this-too-is-a-very-long-name-for-a-dummy-directory.d5/and-this-too-is-a-very-long-name-for-a-dummy-directory.d6/and-this-too-is-a-very-long-name-for-a-dummy-directory.d7/and-this-too-is-a-very-long-name-for-a-dummy-directory.d8/and-this-too-is-a-very-long-name-for-a-dummy-directory.d9/and-this-too-is-a-very-long-name-for-a-dummy-directory.d10/and-this-too-is-a-very-long-name-for-a-dummy-directory.d12/and-this-too-is-a-very-long-name-for-a-dummy-directory.d13/and-this-too-is-a-very-long-name-for-a-dummy-directory.d14/and-this-too-is-a-very-long-name-for-a-dummy-directory.d15/and-this-too-is-a-very-long-name-for-a-dummy-directory.d16/and-this-too-is-a-very-long-name-for-a-dummy-directory.d17/wow-this-is-a-very-long-name-for-a-simple-dummy-test-case-1.log ./and-this-too-is-a-very-long-name-for-a-dummy-directory.d1/and-this-too-is-a-very-long-name-for-a-dummy-directory.d2/and-this-too-is-a-very-long-name-for-a-dummy-directory.d3/and-this-too-is-a-very-long-name-for-a-dummy-directory.d4/and-this-too-is-a-very-long-name-for-a-dummy-directory.d5/and-this-too-is-a-very-long-name-for-a-dummy-directory.d6/and-this-too-is-a-very-long-name-for-a-dummy-directory.d7/and-this-too-is-a-very-long-name-for-a-dummy-directory.d8/and-this-too-is-a-very-long-name-for-a-dummy-directory.d9/and-this-too-is-a-very-long-name-for-a-dummy-directory.d10/and-this-too-is-a-very-long-name-for-a-dummy-directory.d12/and-this-too-is-a-very-long-name-for-a-dummy-directory.d13/and-this-too-is-a-very-long-name-for-a-dummy-directory.d14/and-this-too-is-a-very-long-name-for-a-dummy-directory.d15/and-this-too-is-a-very-long-name-for-a-dummy-directory.d16/and-this-too-is-a-very-long-name-for-a-dummy-directory.d17/wow-this-is-a-very-long-name-for-a-simple-dummy-test-case-1.trs
+ make check
make[1]: /bin/sh: Argument list too long
make[1]: *** [check-TESTS] Error 1
make: *** [check-am] Error 2
+ cat stdout
make  check-TESTS
+ Exit 1
+ set +e
+ test 77 = 1
+ exit 1
+ exit 1
+ exit_status=1
+ set +e
+ cd /private/tmp/homebrew-automake-HEAD-mfsB/tests
+ test no = yes
+ case $am_explicit_skips in
+ test 1 -eq 0
+ keep_testdirs=yes
+ am_keeping_testdirs
+ case $keep_testdirs in
+ return 0
+ set +x
parallel-tests-many: exit 1

SKIP: python-virtualenv
=======================

Running from installcheck: no
Using TAP: no
PATH = /private/tmp/homebrew-automake-HEAD-mfsB/tests/ax:/private/tmp/homebrew-automake-HEAD-mfsB/tests/wrap:/usr/local/Cellar/libffi/3.0.10/bin:/usr/local/Cellar/gettext/0.18.1.1/bin:/usr/local/bin:/usr/local/sbin:/usr/local/texlive/2011/bin/x86_64-darwin:/usr/bin:/bin:/usr/sbin:/sbin:/usr/X11/bin:/usr/local/Library/Contributions/examples
python-virtualenv: running python -V
Python 2.7.1
python-virtualenv: running virtualenv --version
./defs: line 954: virtualenv: command not found

XFAIL: remake-am-pr10111
========================

Running from installcheck: no
Using TAP: no
PATH = /private/tmp/homebrew-automake-HEAD-mfsB/tests/ax:/private/tmp/homebrew-automake-HEAD-mfsB/tests/wrap:/usr/local/Cellar/libffi/3.0.10/bin:/usr/local/Cellar/gettext/0.18.1.1/bin:/usr/local/bin:/usr/local/sbin:/usr/local/texlive/2011/bin/x86_64-darwin:/usr/bin:/bin:/usr/sbin:/sbin:/usr/X11/bin:/usr/local/Library/Contributions/examples
++ pwd
/private/tmp/homebrew-automake-HEAD-mfsB/tests/remake-am-pr10111.dir
+ cat
+ :
+ cat
+ aclocal-1.11a -Werror
+ autoconf
+ automake-1.11a --foreign -Werror -Wall
automake: warnings are treated as errors
Makefile.am:2: warning: user target '$(srcdir)/foobar.am' defined here ...
/private/tmp/homebrew-automake-HEAD-mfsB/lib/am/configure.am: ... overrides Automake target '$(srcdir)/foobar.am' defined here
+ exit_status=1
+ set +e
+ cd /private/tmp/homebrew-automake-HEAD-mfsB/tests
+ test no = yes
+ case $am_explicit_skips in
+ test 1 -eq 0
+ keep_testdirs=yes
+ am_keeping_testdirs
+ case $keep_testdirs in
+ return 0
+ set +x
remake-am-pr10111: exit 1

XFAIL: remake-m4-pr10111
========================

Running from installcheck: no
Using TAP: no
PATH = /private/tmp/homebrew-automake-HEAD-mfsB/tests/ax:/private/tmp/homebrew-automake-HEAD-mfsB/tests/wrap:/usr/local/Cellar/libffi/3.0.10/bin:/usr/local/Cellar/gettext/0.18.1.1/bin:/usr/local/bin:/usr/local/sbin:/usr/local/texlive/2011/bin/x86_64-darwin:/usr/bin:/bin:/usr/sbin:/sbin:/usr/X11/bin:/usr/local/Library/Contributions/examples
++ pwd
/private/tmp/homebrew-automake-HEAD-mfsB/tests/remake-m4-pr10111.dir
+ cat
+ :
+ cat
+ aclocal-1.11a -Werror
+ autoconf
+ automake-1.11a --foreign -Werror -Wall
+ ./configure
checking for a BSD-compatible install... /usr/bin/install -c
checking whether build environment is sane... yes
checking for a thread-safe mkdir -p... ./install-sh -c -d
checking for gawk... gawk
checking whether make sets $(MAKE)... yes
checking that generated files are newer than configure... done
configure: creating ./config.status
config.status: creating Makefile
+ make distdir
if test -d "remake-m4-pr10111-1.0"; then find "remake-m4-pr10111-1.0" -type d ! -perm -200 -exec chmod u+w {} ';' && rm -rf "remake-m4-pr10111-1.0" || { sleep 5 && rm -rf "remake-m4-pr10111-1.0"; }; else :; fi
test -d "remake-m4-pr10111-1.0" || mkdir "remake-m4-pr10111-1.0"
test -n "" \
	|| find "remake-m4-pr10111-1.0" -type d ! -perm -755 \
		-exec chmod u+rwx,go+rx {} \; -o \
	  ! -type d ! -perm -444 -links 1 -exec chmod a+r {} \; -o \
	  ! -type d ! -perm -400 -exec chmod a+r {} \; -o \
	  ! -type d ! -perm -444 -exec /bin/sh /private/tmp/homebrew-automake-HEAD-mfsB/tests/remake-m4-pr10111.dir/install-sh -c -m a+r {} {} \; \
	|| chmod -R a+r "remake-m4-pr10111-1.0"
+ cd remake-m4-pr10111-1.0
+ mkdir build
+ cd build
+ ../configure
checking for a BSD-compatible install... /usr/bin/install -c
checking whether build environment is sane... yes
checking for a thread-safe mkdir -p... ../install-sh -c -d
checking for gawk... gawk
checking whether make sets $(MAKE)... yes
checking that generated files are newer than configure... done
configure: creating ./config.status
config.status: creating Makefile
+ rm -f ../foobar.m4
+ make
make: Nothing to be done for `all'.
+ grep ': foobar was here :' ../configure
+ exit_status=1
+ set +e
+ cd /private/tmp/homebrew-automake-HEAD-mfsB/tests
+ test no = yes
+ case $am_explicit_skips in
+ test 1 -eq 0
+ keep_testdirs=yes
+ am_keeping_testdirs
+ case $keep_testdirs in
+ return 0
+ set +x
remake-m4-pr10111: exit 1

XFAIL: pr8365-remake-timing
===========================

Running from installcheck: no
Using TAP: no
PATH = /private/tmp/homebrew-automake-HEAD-mfsB/tests/ax:/private/tmp/homebrew-automake-HEAD-mfsB/tests/wrap:/usr/local/Cellar/libffi/3.0.10/bin:/usr/local/Cellar/gettext/0.18.1.1/bin:/usr/local/bin:/usr/local/sbin:/usr/local/texlive/2011/bin/x86_64-darwin:/usr/bin:/bin:/usr/sbin:/sbin:/usr/X11/bin:/usr/local/Library/Contributions/examples
++ pwd
/private/tmp/homebrew-automake-HEAD-mfsB/tests/pr8365-remake-timing.dir
+ stat /dev/null
332320872 304 crw-rw-rw- 1 root wheel 50331650 0 "Mar 14 12:17:48 2012" "Mar 14 12:17:48 2012" "Mar 14 12:17:48 2012" "Mar 14 12:17:48 2012" 131072 0 0 /dev/null
+ stat=stat
+ cat
+ :
+ aclocal-1.11a -Werror
+ automake-1.11a --foreign -Werror -Wall
+ autoconf
+ ./configure
checking for a BSD-compatible install... /usr/bin/install -c
checking whether build environment is sane... yes
checking for a thread-safe mkdir -p... ./install-sh -c -d
checking for gawk... gawk
checking whether make sets $(MAKE)... yes
checking that generated files are newer than configure... done
configure: creating ./config.status
config.status: creating Makefile
+ make Makefile
make: `Makefile' is up to date.
+ /usr/bin/grep -E 'FOOBAR|zardoz' Makefile
+ echo 'AC_SUBST([FOOBAR])'
+ stat config.status Makefile configure.ac
234881026 1228559 -rwxr-xr-x 1 nibbles wheel 0 25814 "Mar 14 12:17:50 2012" "Mar 14 12:17:50 2012" "Mar 14 12:17:50 2012" "Mar 14 12:17:50 2012" 4096 56 0 config.status
234881026 1228592 -rw-r--r-- 1 nibbles wheel 0 15553 "Mar 14 12:17:50 2012" "Mar 14 12:17:50 2012" "Mar 14 12:17:50 2012" "Mar 14 12:17:50 2012" 4096 32 0 Makefile
234881026 1228508 -rw-r--r-- 1 nibbles wheel 0 127 "Mar 14 12:17:49 2012" "Mar 14 12:17:50 2012" "Mar 14 12:17:50 2012" "Mar 14 12:17:48 2012" 4096 8 0 configure.ac
+ sleep 2
+ touch config.status
+ touch -r config.status config.status Makefile configure.ac
+ stat config.status Makefile configure.ac
234881026 1228559 -rwxr-xr-x 1 nibbles wheel 0 25814 "Mar 14 12:17:52 2012" "Mar 14 12:17:52 2012" "Mar 14 12:17:52 2012" "Mar 14 12:17:50 2012" 4096 56 0 config.status
234881026 1228592 -rw-r--r-- 1 nibbles wheel 0 15553 "Mar 14 12:17:52 2012" "Mar 14 12:17:52 2012" "Mar 14 12:17:52 2012" "Mar 14 12:17:50 2012" 4096 32 0 Makefile
234881026 1228508 -rw-r--r-- 1 nibbles wheel 0 127 "Mar 14 12:17:52 2012" "Mar 14 12:17:52 2012" "Mar 14 12:17:52 2012" "Mar 14 12:17:48 2012" 4096 8 0 configure.ac
+ cat
+ cat
+ cat
+ chmod a+x aclocal-wrap automake-wrap autoconf-wrap
+ env ACLOCAL=./aclocal-wrap AUTOMAKE=./automake-wrap AUTOCONF=./autoconf-wrap make -e Makefile
CDPATH="${ZSH_VERSION+.}:" && cd . && ./aclocal-wrap 
+ AUTOCONF=autoconf
+ export AUTOCONF
+ aclocal-1.11a -Werror
+ touch -r config.status aclocal.m4
+ stat aclocal.m4
234881026 1228605 -rw-r--r-- 1 nibbles wheel 0 22602 "Mar 14 12:17:52 2012" "Mar 14 12:17:52 2012" "Mar 14 12:17:53 2012" "Mar 14 12:17:52 2012" 4096 48 0 aclocal.m4
 cd . && ./automake-wrap --foreign
+ AUTOCONF=autoconf
+ export AUTOCONF
+ automake-1.11a --foreign -Werror -Wall --foreign
+ touch -r config.status Makefile.in
+ stat Makefile.in
234881026 1228612 -rw-r--r-- 1 nibbles wheel 0 14571 "Mar 14 12:17:52 2012" "Mar 14 12:17:52 2012" "Mar 14 12:17:53 2012" "Mar 14 12:17:52 2012" 4096 32 0 Makefile.in
CDPATH="${ZSH_VERSION+.}:" && cd . && ./autoconf-wrap
+ autoconf
+ touch -r config.status configure
+ stat configure
234881026 1228530 -rwxr-xr-x 1 nibbles wheel 0 99949 "Mar 14 12:17:52 2012" "Mar 14 12:17:52 2012" "Mar 14 12:17:54 2012" "Mar 14 12:17:49 2012" 4096 200 0 configure
make: `Makefile' is up to date.
+ grep '^FOOBAR =' Makefile.in
FOOBAR = @FOOBAR@
+ grep '^FOOBAR *= *zardoz *$' Makefile
+ exit_status=1
+ set +e
+ cd /private/tmp/homebrew-automake-HEAD-mfsB/tests
+ test no = yes
+ case $am_explicit_skips in
+ test 1 -eq 0
+ keep_testdirs=yes
+ am_keeping_testdirs
+ case $keep_testdirs in
+ return 0
+ set +x
pr8365-remake-timing: exit 1

SKIP: silentf77
===============

Running from installcheck: no
Using TAP: no
PATH = /private/tmp/homebrew-automake-HEAD-mfsB/tests/ax:/private/tmp/homebrew-automake-HEAD-mfsB/tests/wrap:/usr/local/Cellar/libffi/3.0.10/bin:/usr/local/Cellar/gettext/0.18.1.1/bin:/usr/local/bin:/usr/local/sbin:/usr/local/texlive/2011/bin/x86_64-darwin:/usr/bin:/bin:/usr/sbin:/sbin:/usr/X11/bin:/usr/local/Library/Contributions/examples

SKIP: silentf90
===============

Running from installcheck: no
Using TAP: no
PATH = /private/tmp/homebrew-automake-HEAD-mfsB/tests/ax:/private/tmp/homebrew-automake-HEAD-mfsB/tests/wrap:/usr/local/Cellar/libffi/3.0.10/bin:/usr/local/Cellar/gettext/0.18.1.1/bin:/usr/local/bin:/usr/local/sbin:/usr/local/texlive/2011/bin/x86_64-darwin:/usr/bin:/bin:/usr/sbin:/sbin:/usr/X11/bin:/usr/local/Library/Contributions/examples

SKIP: silent-many-gcc
=====================

Running from installcheck: no
Using TAP: no
PATH = /private/tmp/homebrew-automake-HEAD-mfsB/tests/ax:/private/tmp/homebrew-automake-HEAD-mfsB/tests/wrap:/usr/local/Cellar/libffi/3.0.10/bin:/usr/local/Cellar/gettext/0.18.1.1/bin:/usr/local/bin:/usr/local/sbin:/usr/local/texlive/2011/bin/x86_64-darwin:/usr/bin:/bin:/usr/sbin:/sbin:/usr/X11/bin:/usr/local/Library/Contributions/examples

SKIP: silent-many-generic
=========================

Running from installcheck: no
Using TAP: no
PATH = /private/tmp/homebrew-automake-HEAD-mfsB/tests/ax:/private/tmp/homebrew-automake-HEAD-mfsB/tests/wrap:/usr/local/Cellar/libffi/3.0.10/bin:/usr/local/Cellar/gettext/0.18.1.1/bin:/usr/local/bin:/usr/local/sbin:/usr/local/texlive/2011/bin/x86_64-darwin:/usr/bin:/bin:/usr/sbin:/sbin:/usr/X11/bin:/usr/local/Library/Contributions/examples

SKIP: strip2
============

Running from installcheck: no
Using TAP: no
PATH = /private/tmp/homebrew-automake-HEAD-mfsB/tests/ax:/private/tmp/homebrew-automake-HEAD-mfsB/tests/wrap:/usr/local/Cellar/libffi/3.0.10/bin:/usr/local/Cellar/gettext/0.18.1.1/bin:/usr/local/bin:/usr/local/sbin:/usr/local/texlive/2011/bin/x86_64-darwin:/usr/bin:/bin:/usr/sbin:/sbin:/usr/X11/bin:/usr/local/Library/Contributions/examples
strip2: running strip --version
strip: unrecognized option: --version
Usage: strip [-AnuSXx] [-] [-d filename] [-s filename] [-R filename] [-o output] file [...] 

SKIP: strip3
============

Running from installcheck: no
Using TAP: no
PATH = /private/tmp/homebrew-automake-HEAD-mfsB/tests/ax:/private/tmp/homebrew-automake-HEAD-mfsB/tests/wrap:/usr/local/Cellar/libffi/3.0.10/bin:/usr/local/Cellar/gettext/0.18.1.1/bin:/usr/local/bin:/usr/local/sbin:/usr/local/texlive/2011/bin/x86_64-darwin:/usr/bin:/bin:/usr/sbin:/sbin:/usr/X11/bin:/usr/local/Library/Contributions/examples
strip3: running libtoolize --version
libtoolize (GNU libtool) 2.4.2
Written by Gary V. Vaughan <gary@gnu.org>, 2003

Copyright (C) 2011 Free Software Foundation, Inc.
This is free software; see the source for copying conditions.  There is NO
warranty; not even for MERCHANTABILITY or FITNESS FOR A PARTICULAR PURPOSE.
strip3: running strip --version
strip: unrecognized option: --version
Usage: strip [-AnuSXx] [-] [-d filename] [-s filename] [-R filename] [-o output] file [...] 

PASS: tap-bad-prog
==================

Running from installcheck: no
Using TAP: yes
PATH = /private/tmp/homebrew-automake-HEAD-mfsB/tests/ax:/private/tmp/homebrew-automake-HEAD-mfsB/tests/wrap:/usr/local/Cellar/libffi/3.0.10/bin:/usr/local/Cellar/gettext/0.18.1.1/bin:/usr/local/bin:/usr/local/sbin:/usr/local/texlive/2011/bin/x86_64-darwin:/usr/bin:/bin:/usr/sbin:/sbin:/usr/X11/bin:/usr/local/Library/Contributions/examples
++ pwd
/private/tmp/homebrew-automake-HEAD-mfsB/tests/tap-bad-prog.dir
+ fetch_tap_driver
+ case $am_tap_implementation in
+ AM_TAP_AWK=gawk
+ export AM_TAP_AWK
+ sed '1s|#!.*|#! /bin/sh|' /private/tmp/homebrew-automake-HEAD-mfsB/lib/tap-driver.sh
+ chmod a+x tap-driver
+ sed 10q tap-driver
#! /bin/sh
# Copyright (C) 2011-2012 Free Software Foundation, Inc.
#
# This program is free software; you can redistribute it and/or modify
# it under the terms of the GNU General Public License as published by
# the Free Software Foundation; either version 2, or (at your option)
# any later version.
#
# This program is distributed in the hope that it will be useful,
# but WITHOUT ANY WARRANTY; without even the implied warranty of
+ plan_ 6
+ test 1 -eq 0
+ test 1 -ge 2
+ test xnone '!=' xnone
+ test x6 = xunknown
+ test x6 = xlater
+ test x6 = xlazy
+ test x6 = xnow
+ test 6 -ge 0
+ planned_=6
+ echo 1..6
1..6
+ cat
+ cat
+ cat
+ cp noexec.test noread.test
+ chmod a-r noread.test
+ aclocal-1.11a -Werror
+ autoconf
+ automake-1.11a --foreign -Werror -Wall
+ ./configure
checking for a BSD-compatible install... /usr/bin/install -c
checking whether build environment is sane... yes
checking for a thread-safe mkdir -p... ./install-sh -c -d
checking for gawk... gawk
checking whether make sets $(MAKE)... yes
checking that generated files are newer than configure... done
configure: creating ./config.status
config.status: creating Makefile
+ make check
make[2]: *** [test-suite.log] Error 1
make[1]: *** [check-TESTS] Error 2
make: *** [check-am] Error 2
+ r=ok
+ cat stdout
make  check-TESTS
ERROR: none.test - missing test plan
ERROR: none.test - exited with status 127 (command not found?)
ERROR: noread.test - missing test plan
ERROR: noread.test - exited with status 126
ERROR: noexec.test - missing test plan
ERROR: noexec.test - exited with status 126
make[3]: Nothing to be done for `all'.
============================================================================
Testsuite summary for tap-bad-prog 1.0
============================================================================
# TOTAL: 6
# PASS:  0
# SKIP:  0
# XFAIL: 0
# FAIL:  0
# XPASS: 0
# ERROR: 6
============================================================================
See ./test-suite.log
============================================================================
+ result_ ok '"make check" returns non-zero exit status'
+ set +x
ok 1 - "make check" returns non-zero exit status
PASS: tap-bad-prog.tap 1 - "make check" returns non-zero exit status
+ command_ok_ 'non-existent test is reported' grep '^ERROR: none\.test' stdout
+ tap_directive_=
+ tap_reason_=
+ test 4 -gt 0
+ tap_description_='non-existent test is reported'
+ shift
+ test 3 -gt 0
+ case $1 in
+ break
+ tap_result_=ok
+ grep '^ERROR: none\.test' stdout
ERROR: none.test - missing test plan
ERROR: none.test - exited with status 127 (command not found?)
+ result_ ok -D '' -r '' -- 'non-existent test is reported'
+ set +x
ok 2 - non-existent test is reported
PASS: tap-bad-prog.tap 2 - non-existent test is reported
+ desc='non-executable test is reported'
+ ./noexec.test
./tap-bad-prog.tap: line 68: ./noexec.test: Permission denied
+ command_ok_ 'non-executable test is reported' -- grep '^ERROR: noexec\.test' stdout
+ tap_directive_=
+ tap_reason_=
+ test 5 -gt 0
+ tap_description_='non-executable test is reported'
+ shift
+ test 4 -gt 0
+ case $1 in
+ shift
+ break
+ tap_result_=ok
+ grep '^ERROR: noexec\.test' stdout
ERROR: noexec.test - missing test plan
ERROR: noexec.test - exited with status 126
+ result_ ok -D '' -r '' -- 'non-executable test is reported'
+ set +x
ok 3 - non-executable test is reported
PASS: tap-bad-prog.tap 3 - non-executable test is reported
+ desc='non-readable test is reported'
+ test -r noread.test
+ command_ok_ 'non-readable test is reported' -- grep '^ERROR: noread\.test' stdout
+ tap_directive_=
+ tap_reason_=
+ test 5 -gt 0
+ tap_description_='non-readable test is reported'
+ shift
+ test 4 -gt 0
+ case $1 in
+ shift
+ break
+ tap_result_=ok
+ grep '^ERROR: noread\.test' stdout
ERROR: noread.test - missing test plan
ERROR: noread.test - exited with status 126
+ result_ ok -D '' -r '' -- 'non-readable test is reported'
+ set +x
ok 4 - non-readable test is reported
PASS: tap-bad-prog.tap 4 - non-readable test is reported
+ directive=
+ test shell = shell
+ directive=TODO
+ command_ok_ 'no spurious "missing plan" message' -D TODO -- not grep 'missing.* plan' stdout
+ tap_directive_=
+ tap_reason_=
+ test 8 -gt 0
+ tap_description_='no spurious "missing plan" message'
+ shift
+ test 7 -gt 0
+ case $1 in
+ tap_directive_=TODO
+ shift
+ shift
+ test 5 -gt 0
+ case $1 in
+ shift
+ break
+ tap_result_=ok
+ not grep 'missing.* plan' stdout
+ grep 'missing.* plan' stdout
ERROR: none.test - missing test plan
ERROR: noread.test - missing test plan
ERROR: noexec.test - missing test plan
+ return 1
+ tap_result_='not ok'
+ result_ 'not ok' -D TODO -r '' -- 'no spurious "missing plan" message'
+ set +x
not ok 5 - no spurious "missing plan" message # TODO
XFAIL: tap-bad-prog.tap 5 - no spurious "missing plan" message # TODO
+ command_ok_ 'no spurious results' -D TODO -r 'still get "missing plan"' count_test_results total=3 pass=0 fail=0 xpass=0 xfail=0 skip=0 error=3
+ tap_directive_=
+ tap_reason_=
+ test 13 -gt 0
+ tap_description_='no spurious results'
+ shift
+ test 12 -gt 0
+ case $1 in
+ tap_directive_=TODO
+ shift
+ shift
+ test 10 -gt 0
+ case $1 in
+ tap_reason_='still get "missing plan"'
+ shift
+ shift
+ test 8 -gt 0
+ case $1 in
+ break
+ tap_result_=ok
+ count_test_results total=3 pass=0 fail=0 xpass=0 xfail=0 skip=0 error=3
+ total=ERR
+ pass=ERR
+ fail=ERR
+ xpass=ERR
+ xfail=ERR
+ skip=ERR
+ error=ERR
+ eval total=3 pass=0 fail=0 xpass=0 xfail=0 skip=0 error=3
++ total=3
++ pass=0
++ fail=0
++ xpass=0
++ xfail=0
++ skip=0
++ error=3
+ /usr/bin/grep -E -i '(total|x?pass|x?fail|skip|error)' stdout
ERROR: none.test - missing test plan
ERROR: none.test - exited with status 127 (command not found?)
ERROR: noread.test - missing test plan
ERROR: noread.test - exited with status 126
ERROR: noexec.test - missing test plan
ERROR: noexec.test - exited with status 126
# TOTAL: 6
# PASS:  0
# SKIP:  0
# XFAIL: 0
# FAIL:  0
# XPASS: 0
# ERROR: 6
+ rc=0
+ set +e
++ grep -c '^PASS:' stdout
+ test 0 -eq 0
++ grep -c '^XFAIL:' stdout
+ test 0 -eq 0
++ grep -c '^SKIP:' stdout
+ test 0 -eq 0
++ grep -c '^FAIL:' stdout
+ test 0 -eq 0
++ grep -c '^XPASS:' stdout
+ test 0 -eq 0
++ grep -c '^ERROR:' stdout
+ test 6 -eq 3
+ rc=1
+ grep '^# TOTAL:  *3$' stdout
+ rc=1
+ grep '^# PASS:  *0$' stdout
# PASS:  0
+ grep '^# XFAIL:  *0$' stdout
# XFAIL: 0
+ grep '^# SKIP:  *0$' stdout
# SKIP:  0
+ grep '^# FAIL:  *0$' stdout
# FAIL:  0
+ grep '^# XPASS:  *0$' stdout
# XPASS: 0
+ grep '^# ERROR:  *3$' stdout
+ rc=1
+ test 1 -eq 0
+ tap_result_='not ok'
+ result_ 'not ok' -D TODO -r 'still get "missing plan"' -- 'no spurious results'
+ set +x
not ok 6 - no spurious results # TODO still get "missing plan"
XFAIL: tap-bad-prog.tap 6 - no spurious results # TODO still get "missing plan"
+ :
+ exit_status=0
+ set +e
+ cd /private/tmp/homebrew-automake-HEAD-mfsB/tests
+ test yes = yes
+ test 6 = later
+ test 0 -eq 0
+ test 4 -eq 6
+ keep_testdirs=yes
+ am_keeping_testdirs
+ case $keep_testdirs in
+ return 0
+ set +x
tap-bad-prog: exit 0

XFAIL: txinfo5
==============

Running from installcheck: no
Using TAP: no
PATH = /private/tmp/homebrew-automake-HEAD-mfsB/tests/ax:/private/tmp/homebrew-automake-HEAD-mfsB/tests/wrap:/usr/local/Cellar/libffi/3.0.10/bin:/usr/local/Cellar/gettext/0.18.1.1/bin:/usr/local/bin:/usr/local/sbin:/usr/local/texlive/2011/bin/x86_64-darwin:/usr/bin:/bin:/usr/sbin:/sbin:/usr/X11/bin:/usr/local/Library/Contributions/examples
++ pwd
/private/tmp/homebrew-automake-HEAD-mfsB/tests/txinfo5.dir
+ cat
+ cat
+ echo '@setfilename ian.info'
+ aclocal-1.11a -Werror
+ automake-1.11a --foreign -Werror -Wall --cygnus
automake: warnings are treated as errors
configure.ac:2: warning: user variable 'MAKEINFO' defined here ...
/private/tmp/homebrew-automake-HEAD-mfsB/lib/am/texinfos.am: ... overrides Automake variable 'MAKEINFO' defined here
+ exit_status=1
+ set +e
+ cd /private/tmp/homebrew-automake-HEAD-mfsB/tests
+ test no = yes
+ case $am_explicit_skips in
+ test 1 -eq 0
+ keep_testdirs=yes
+ am_keeping_testdirs
+ case $keep_testdirs in
+ return 0
+ set +x
txinfo5: exit 1

SKIP: upc
=========

Running from installcheck: no
Using TAP: no
PATH = /private/tmp/homebrew-automake-HEAD-mfsB/tests/ax:/private/tmp/homebrew-automake-HEAD-mfsB/tests/wrap:/usr/local/Cellar/libffi/3.0.10/bin:/usr/local/Cellar/gettext/0.18.1.1/bin:/usr/local/bin:/usr/local/sbin:/usr/local/texlive/2011/bin/x86_64-darwin:/usr/bin:/bin:/usr/sbin:/sbin:/usr/X11/bin:/usr/local/Library/Contributions/examples
++ pwd
/private/tmp/homebrew-automake-HEAD-mfsB/tests/upc.dir
+ cat
+ cat
+ cat
+ aclocal-1.11a -Werror
+ automake-1.11a --foreign -Werror -Wall
+ autoconf
+ ./configure
checking for a BSD-compatible install... /usr/bin/install -c
checking whether build environment is sane... yes
checking for a thread-safe mkdir -p... ./install-sh -c -d
checking for gawk... gawk
checking whether make sets $(MAKE)... yes
checking for style of include used by make... GNU
checking for gcc... /usr/bin/llvm-gcc
checking whether the C compiler works... yes
checking for C compiler default output file name... a.out
checking for suffix of executables... 
checking whether we are cross compiling... no
checking for suffix of object files... o
checking whether we are using the GNU C compiler... yes
checking whether /usr/bin/llvm-gcc accepts -g... yes
checking for /usr/bin/llvm-gcc option to accept ISO C89... none needed
checking dependency style of /usr/bin/llvm-gcc... gcc3
checking for upcc... no
checking for upc... no
configure: error: no Unified Parallel C compiler was found
+ Exit 77
+ set +e
+ test 77 = 77
+ am__test_skipped=yes
+ exit 77
+ exit 77
+ exit_status=77
+ set +e
+ cd /private/tmp/homebrew-automake-HEAD-mfsB/tests
+ test no = yes
+ case $am_explicit_skips in
+ test 77 -eq 0
+ keep_testdirs=yes
+ am_keeping_testdirs
+ case $keep_testdirs in
+ return 0
+ set +x
upc: exit 77

SKIP: upc3
==========

Running from installcheck: no
Using TAP: no
PATH = /private/tmp/homebrew-automake-HEAD-mfsB/tests/ax:/private/tmp/homebrew-automake-HEAD-mfsB/tests/wrap:/usr/local/Cellar/libffi/3.0.10/bin:/usr/local/Cellar/gettext/0.18.1.1/bin:/usr/local/bin:/usr/local/sbin:/usr/local/texlive/2011/bin/x86_64-darwin:/usr/bin:/bin:/usr/sbin:/sbin:/usr/X11/bin:/usr/local/Library/Contributions/examples
++ pwd
/private/tmp/homebrew-automake-HEAD-mfsB/tests/upc3.dir
+ cat
+ cat
+ cat
+ cat
+ cat
+ aclocal-1.11a -Werror
+ automake-1.11a --foreign -Werror -Wall
+ autoconf
+ ./configure
checking for a BSD-compatible install... /usr/bin/install -c
checking whether build environment is sane... yes
checking for a thread-safe mkdir -p... ./install-sh -c -d
checking for gawk... gawk
checking whether make sets $(MAKE)... yes
checking for gcc... /usr/bin/llvm-gcc
checking whether the C compiler works... yes
checking for C compiler default output file name... a.out
checking for suffix of executables... 
checking whether we are cross compiling... no
checking for suffix of object files... o
checking whether we are using the GNU C compiler... yes
checking whether /usr/bin/llvm-gcc accepts -g... yes
checking for /usr/bin/llvm-gcc option to accept ISO C89... none needed
checking for style of include used by make... GNU
checking dependency style of /usr/bin/llvm-gcc... gcc3
checking for upcc... no
checking for upc... no
configure: error: no Unified Parallel C compiler was found
+ Exit 77
+ set +e
+ test 77 = 77
+ am__test_skipped=yes
+ exit 77
+ exit 77
+ exit_status=77
+ set +e
+ cd /private/tmp/homebrew-automake-HEAD-mfsB/tests
+ test no = yes
+ case $am_explicit_skips in
+ test 77 -eq 0
+ keep_testdirs=yes
+ am_keeping_testdirs
+ case $keep_testdirs in
+ return 0
+ set +x
upc3: exit 77

SKIP: vala2
===========

Running from installcheck: no
Using TAP: no
PATH = /private/tmp/homebrew-automake-HEAD-mfsB/tests/ax:/private/tmp/homebrew-automake-HEAD-mfsB/tests/wrap:/usr/local/Cellar/libffi/3.0.10/bin:/usr/local/Cellar/gettext/0.18.1.1/bin:/usr/local/bin:/usr/local/sbin:/usr/local/texlive/2011/bin/x86_64-darwin:/usr/bin:/bin:/usr/sbin:/sbin:/usr/X11/bin:/usr/local/Library/Contributions/examples
vala2: running libtool --version
libtool (GNU libtool) 2.4.2
Written by Gordon Matzigkeit <gord@gnu.ai.mit.edu>, 1996

Copyright (C) 2011 Free Software Foundation, Inc.
This is free software; see the source for copying conditions.  There is NO
warranty; not even for MERCHANTABILITY or FITNESS FOR A PARTICULAR PURPOSE.
vala2: running libtoolize --version
libtoolize (GNU libtool) 2.4.2
Written by Gary V. Vaughan <gary@gnu.org>, 2003

Copyright (C) 2011 Free Software Foundation, Inc.
This is free software; see the source for copying conditions.  There is NO
warranty; not even for MERCHANTABILITY or FITNESS FOR A PARTICULAR PURPOSE.
vala2: running pkg-config --version
0.25
vala2: running valac --version
Vala 0.15.2
vala2: determine whether make is GNU make
GNU Make 3.81
++ pwd
/private/tmp/homebrew-automake-HEAD-mfsB/tests/vala2.dir
+ mkdir src
+ cat
+ cat
+ cat
+ cat
+ libtoolize
libtoolize: putting auxiliary files in `.'.
libtoolize: linking file `./ltmain.sh'
libtoolize: You should add the contents of the following files to `aclocal.m4':
libtoolize:   `/usr/local/Cellar/libtool/2.4.2/share/aclocal/libtool.m4'
libtoolize:   `/usr/local/Cellar/libtool/2.4.2/share/aclocal/ltoptions.m4'
libtoolize:   `/usr/local/Cellar/libtool/2.4.2/share/aclocal/ltversion.m4'
libtoolize:   `/usr/local/Cellar/libtool/2.4.2/share/aclocal/ltsugar.m4'
libtoolize:   `/usr/local/Cellar/libtool/2.4.2/share/aclocal/lt~obsolete.m4'
libtoolize: Consider adding `AC_CONFIG_MACRO_DIR([m4])' to configure.ac and
libtoolize: rerunning libtoolize, to keep the correct libtool macros in-tree.
libtoolize: Consider adding `-I m4' to ACLOCAL_AMFLAGS in Makefile.am.
+ aclocal-1.11a -Werror
+ autoconf
+ automake-1.11a --foreign -Werror -Wall -a
configure.ac:5: installing './compile'
configure.ac:6: installing './config.guess'
configure.ac:6: installing './config.sub'
+ ./configure
checking for a BSD-compatible install... /usr/bin/install -c
checking whether build environment is sane... yes
checking for a thread-safe mkdir -p... ./install-sh -c -d
checking for gawk... gawk
checking whether make sets $(MAKE)... yes
checking for gcc... /usr/bin/llvm-gcc
checking whether the C compiler works... yes
checking for C compiler default output file name... a.out
checking for suffix of executables... 
checking whether we are cross compiling... no
checking for suffix of object files... o
checking whether we are using the GNU C compiler... yes
checking whether /usr/bin/llvm-gcc accepts -g... yes
checking for /usr/bin/llvm-gcc option to accept ISO C89... none needed
checking for style of include used by make... GNU
checking dependency style of /usr/bin/llvm-gcc... gcc3
checking whether /usr/bin/llvm-gcc and cc understand -c and -o together... yes
checking build system type... x86_64-apple-darwin11.3.0
checking host system type... x86_64-apple-darwin11.3.0
checking how to print strings... printf
checking for a sed that does not truncate output... /usr/local/bin/gsed
checking for grep that handles long lines and -e... /usr/bin/grep
checking for egrep... /usr/bin/grep -E
checking for fgrep... /usr/bin/grep -F
checking for ld used by /usr/bin/llvm-gcc... /usr/bin/llvm-gcc
checking if the linker (/usr/bin/llvm-gcc) is GNU ld... no
checking for BSD- or MS-compatible name lister (nm)... /usr/bin/nm
checking the name lister (/usr/bin/nm) interface... BSD nm
checking whether ln -s works... yes
checking the maximum length of command line arguments... 196608
checking whether the shell understands some XSI constructs... yes
checking whether the shell understands "+="... yes
checking how to convert x86_64-apple-darwin11.3.0 file names to x86_64-apple-darwin11.3.0 format... func_convert_file_noop
checking how to convert x86_64-apple-darwin11.3.0 file names to toolchain format... func_convert_file_noop
checking for /usr/bin/llvm-gcc option to reload object files... -r
checking for objdump... no
checking how to recognize dependent libraries... pass_all
checking for dlltool... no
checking how to associate runtime and link libraries... printf %s\n
checking for ar... ar
checking for archiver @FILE support... no
checking for strip... strip
checking for ranlib... ranlib
checking command to parse /usr/bin/nm output from /usr/bin/llvm-gcc object... ok
checking for sysroot... no
checking for mt... no
checking if : is a manifest tool... no
checking for dsymutil... dsymutil
checking for nmedit... nmedit
checking for lipo... lipo
checking for otool... otool
checking for otool64... no
checking for -single_module linker flag... yes
checking for -exported_symbols_list linker flag... yes
checking for -force_load linker flag... yes
checking how to run the C preprocessor... /usr/bin/llvm-gcc -E
checking for ANSI C header files... yes
checking for sys/types.h... yes
checking for sys/stat.h... yes
checking for stdlib.h... yes
checking for string.h... yes
checking for memory.h... yes
checking for strings.h... yes
checking for inttypes.h... yes
checking for stdint.h... yes
checking for unistd.h... yes
checking for dlfcn.h... yes
checking for objdir... .libs
checking if /usr/bin/llvm-gcc supports -fno-rtti -fno-exceptions... yes
checking for /usr/bin/llvm-gcc option to produce PIC... -fno-common -DPIC
checking if /usr/bin/llvm-gcc PIC flag -fno-common -DPIC works... yes
checking if /usr/bin/llvm-gcc static flag -static works... no
checking if /usr/bin/llvm-gcc supports -c -o file.o... yes
checking if /usr/bin/llvm-gcc supports -c -o file.o... (cached) yes
checking whether the /usr/bin/llvm-gcc linker (/usr/bin/llvm-gcc) supports shared libraries... yes
checking dynamic linker characteristics... darwin11.3.0 dyld
checking how to hardcode library paths into programs... immediate
checking whether stripping libraries is possible... yes
checking if libtool supports shared libraries... yes
checking whether to build shared libraries... yes
checking whether to build static libraries... yes
checking for valac... /usr/local/bin/valac
checking /usr/local/bin/valac is at least version 0.7.0... yes
./configure: line 11423: syntax error near unexpected token `GOBJECT,gobject-2.0'
./configure: line 11423: `PKG_CHECK_MODULES(GOBJECT,gobject-2.0 >= 2.10)'
+ skip_ 'configure failure'
+ warn_ 'vala2: skipped test: configure failure'
+ echo 'vala2: skipped test: configure failure'
+ Exit 77
+ set +e
+ test 77 = 77
+ am__test_skipped=yes
+ exit 77
+ exit 77
+ exit_status=77
+ set +e
+ cd /private/tmp/homebrew-automake-HEAD-mfsB/tests
+ test no = yes
+ case $am_explicit_skips in
+ test 77 -eq 0
+ keep_testdirs=yes
+ am_keeping_testdirs
+ case $keep_testdirs in
+ return 0
+ set +x
vala2: exit 77

SKIP: vala3
===========

Running from installcheck: no
Using TAP: no
PATH = /private/tmp/homebrew-automake-HEAD-mfsB/tests/ax:/private/tmp/homebrew-automake-HEAD-mfsB/tests/wrap:/usr/local/Cellar/libffi/3.0.10/bin:/usr/local/Cellar/gettext/0.18.1.1/bin:/usr/local/bin:/usr/local/sbin:/usr/local/texlive/2011/bin/x86_64-darwin:/usr/bin:/bin:/usr/sbin:/sbin:/usr/X11/bin:/usr/local/Library/Contributions/examples
vala3: running libtool --version
libtool (GNU libtool) 2.4.2
Written by Gordon Matzigkeit <gord@gnu.ai.mit.edu>, 1996

Copyright (C) 2011 Free Software Foundation, Inc.
This is free software; see the source for copying conditions.  There is NO
warranty; not even for MERCHANTABILITY or FITNESS FOR A PARTICULAR PURPOSE.
vala3: running libtoolize --version
libtoolize (GNU libtool) 2.4.2
Written by Gary V. Vaughan <gary@gnu.org>, 2003

Copyright (C) 2011 Free Software Foundation, Inc.
This is free software; see the source for copying conditions.  There is NO
warranty; not even for MERCHANTABILITY or FITNESS FOR A PARTICULAR PURPOSE.
vala3: running pkg-config --version
0.25
vala3: running valac --version
Vala 0.15.2
vala3: determine whether make is GNU make
GNU Make 3.81
++ pwd
/private/tmp/homebrew-automake-HEAD-mfsB/tests/vala3.dir
+ mkdir src
+ cat
+ cat
+ cat
+ libtoolize
libtoolize: putting auxiliary files in `.'.
libtoolize: linking file `./ltmain.sh'
libtoolize: You should add the contents of the following files to `aclocal.m4':
libtoolize:   `/usr/local/Cellar/libtool/2.4.2/share/aclocal/libtool.m4'
libtoolize:   `/usr/local/Cellar/libtool/2.4.2/share/aclocal/ltoptions.m4'
libtoolize:   `/usr/local/Cellar/libtool/2.4.2/share/aclocal/ltversion.m4'
libtoolize:   `/usr/local/Cellar/libtool/2.4.2/share/aclocal/ltsugar.m4'
libtoolize:   `/usr/local/Cellar/libtool/2.4.2/share/aclocal/lt~obsolete.m4'
libtoolize: Consider adding `AC_CONFIG_MACRO_DIR([m4])' to configure.ac and
libtoolize: rerunning libtoolize, to keep the correct libtool macros in-tree.
libtoolize: Consider adding `-I m4' to ACLOCAL_AMFLAGS in Makefile.am.
+ aclocal-1.11a -Werror
+ autoconf
+ automake-1.11a --foreign -Werror -Wall -a
configure.ac:5: installing './compile'
configure.ac:6: installing './config.guess'
configure.ac:6: installing './config.sub'
+ ./configure
checking for a BSD-compatible install... /usr/bin/install -c
checking whether build environment is sane... yes
checking for a thread-safe mkdir -p... ./install-sh -c -d
checking for gawk... gawk
checking whether make sets $(MAKE)... yes
checking for gcc... /usr/bin/llvm-gcc
checking whether the C compiler works... yes
checking for C compiler default output file name... a.out
checking for suffix of executables... 
checking whether we are cross compiling... no
checking for suffix of object files... o
checking whether we are using the GNU C compiler... yes
checking whether /usr/bin/llvm-gcc accepts -g... yes
checking for /usr/bin/llvm-gcc option to accept ISO C89... none needed
checking for style of include used by make... GNU
checking dependency style of /usr/bin/llvm-gcc... gcc3
checking whether /usr/bin/llvm-gcc and cc understand -c and -o together... yes
checking build system type... x86_64-apple-darwin11.3.0
checking host system type... x86_64-apple-darwin11.3.0
checking how to print strings... printf
checking for a sed that does not truncate output... /usr/local/bin/gsed
checking for grep that handles long lines and -e... /usr/bin/grep
checking for egrep... /usr/bin/grep -E
checking for fgrep... /usr/bin/grep -F
checking for ld used by /usr/bin/llvm-gcc... /usr/bin/llvm-gcc
checking if the linker (/usr/bin/llvm-gcc) is GNU ld... no
checking for BSD- or MS-compatible name lister (nm)... /usr/bin/nm
checking the name lister (/usr/bin/nm) interface... BSD nm
checking whether ln -s works... yes
checking the maximum length of command line arguments... 196608
checking whether the shell understands some XSI constructs... yes
checking whether the shell understands "+="... yes
checking how to convert x86_64-apple-darwin11.3.0 file names to x86_64-apple-darwin11.3.0 format... func_convert_file_noop
checking how to convert x86_64-apple-darwin11.3.0 file names to toolchain format... func_convert_file_noop
checking for /usr/bin/llvm-gcc option to reload object files... -r
checking for objdump... no
checking how to recognize dependent libraries... pass_all
checking for dlltool... no
checking how to associate runtime and link libraries... printf %s\n
checking for ar... ar
checking for archiver @FILE support... no
checking for strip... strip
checking for ranlib... ranlib
checking command to parse /usr/bin/nm output from /usr/bin/llvm-gcc object... ok
checking for sysroot... no
checking for mt... no
checking if : is a manifest tool... no
checking for dsymutil... dsymutil
checking for nmedit... nmedit
checking for lipo... lipo
checking for otool... otool
checking for otool64... no
checking for -single_module linker flag... yes
checking for -exported_symbols_list linker flag... yes
checking for -force_load linker flag... yes
checking how to run the C preprocessor... /usr/bin/llvm-gcc -E
checking for ANSI C header files... yes
checking for sys/types.h... yes
checking for sys/stat.h... yes
checking for stdlib.h... yes
checking for string.h... yes
checking for memory.h... yes
checking for strings.h... yes
checking for inttypes.h... yes
checking for stdint.h... yes
checking for unistd.h... yes
checking for dlfcn.h... yes
checking for objdir... .libs
checking if /usr/bin/llvm-gcc supports -fno-rtti -fno-exceptions... yes
checking for /usr/bin/llvm-gcc option to produce PIC... -fno-common -DPIC
checking if /usr/bin/llvm-gcc PIC flag -fno-common -DPIC works... yes
checking if /usr/bin/llvm-gcc static flag -static works... no
checking if /usr/bin/llvm-gcc supports -c -o file.o... yes
checking if /usr/bin/llvm-gcc supports -c -o file.o... (cached) yes
checking whether the /usr/bin/llvm-gcc linker (/usr/bin/llvm-gcc) supports shared libraries... yes
checking dynamic linker characteristics... darwin11.3.0 dyld
checking how to hardcode library paths into programs... immediate
checking whether stripping libraries is possible... yes
checking if libtool supports shared libraries... yes
checking whether to build shared libraries... yes
checking whether to build static libraries... yes
checking for valac... /usr/local/bin/valac
checking /usr/local/bin/valac is at least version 0.7.0... yes
./configure: line 11423: syntax error near unexpected token `GOBJECT,gobject-2.0'
./configure: line 11423: `PKG_CHECK_MODULES(GOBJECT,gobject-2.0 >= 2.10)'
+ skip_ 'configure failure'
+ warn_ 'vala3: skipped test: configure failure'
+ echo 'vala3: skipped test: configure failure'
+ Exit 77
+ set +e
+ test 77 = 77
+ am__test_skipped=yes
+ exit 77
+ exit 77
+ exit_status=77
+ set +e
+ cd /private/tmp/homebrew-automake-HEAD-mfsB/tests
+ test no = yes
+ case $am_explicit_skips in
+ test 77 -eq 0
+ keep_testdirs=yes
+ am_keeping_testdirs
+ case $keep_testdirs in
+ return 0
+ set +x
vala3: exit 77

SKIP: vala5
===========

Running from installcheck: no
Using TAP: no
PATH = /private/tmp/homebrew-automake-HEAD-mfsB/tests/ax:/private/tmp/homebrew-automake-HEAD-mfsB/tests/wrap:/usr/local/Cellar/libffi/3.0.10/bin:/usr/local/Cellar/gettext/0.18.1.1/bin:/usr/local/bin:/usr/local/sbin:/usr/local/texlive/2011/bin/x86_64-darwin:/usr/bin:/bin:/usr/sbin:/sbin:/usr/X11/bin:/usr/local/Library/Contributions/examples
vala5: running pkg-config --version
0.25
vala5: running valac --version
Vala 0.15.2
vala5: determine whether make is GNU make
GNU Make 3.81
++ pwd
/private/tmp/homebrew-automake-HEAD-mfsB/tests/vala5.dir
+ mkdir src
+ cat
+ cat
+ cat
+ cat
+ cat
+ aclocal-1.11a -Werror
+ autoconf
+ automake-1.11a --foreign -Werror -Wall -a
configure.ac:5: installing './compile'
+ grep PKG_CHECK_MODULES configure
PKG_CHECK_MODULES(GOBJECT, gobject-2.0 >= 2.10)
+ skip_ 'pkg-config m4 macros not found'
+ warn_ 'vala5: skipped test: pkg-config m4 macros not found'
+ echo 'vala5: skipped test: pkg-config m4 macros not found'
+ Exit 77
+ set +e
+ test 77 = 77
+ am__test_skipped=yes
+ exit 77
+ exit 77
+ exit_status=77
+ set +e
+ cd /private/tmp/homebrew-automake-HEAD-mfsB/tests
+ test no = yes
+ case $am_explicit_skips in
+ test 77 -eq 0
+ keep_testdirs=yes
+ am_keeping_testdirs
+ case $keep_testdirs in
+ return 0
+ set +x
vala5: exit 77

XFAIL: yacc-bison-skeleton-cxx
==============================

Running from installcheck: no
Using TAP: no
PATH = /private/tmp/homebrew-automake-HEAD-mfsB/tests/ax:/private/tmp/homebrew-automake-HEAD-mfsB/tests/wrap:/usr/local/Cellar/libffi/3.0.10/bin:/usr/local/Cellar/gettext/0.18.1.1/bin:/usr/local/bin:/usr/local/sbin:/usr/local/texlive/2011/bin/x86_64-darwin:/usr/bin:/bin:/usr/sbin:/sbin:/usr/X11/bin:/usr/local/Library/Contributions/examples
yacc-bison-skeleton-cxx: running bison --version
bison (GNU Bison) 2.3
Written by Robert Corbett and Richard Stallman.

Copyright (C) 2006 Free Software Foundation, Inc.
This is free software; see the source for copying conditions.  There is NO
warranty; not even for MERCHANTABILITY or FITNESS FOR A PARTICULAR PURPOSE.
++ pwd
/private/tmp/homebrew-automake-HEAD-mfsB/tests/yacc-bison-skeleton-cxx.dir
+ set -e
+ cat
+ cat
+ cat
+ cat
+ aclocal-1.11a -Werror
+ autoconf
+ automake-1.11a --foreign -Werror -Wall -a
configure.ac: installing './ylwrap'
+ mkdir build
+ cd build
+ ../configure 'YACC=bison -y'
checking for a BSD-compatible install... /usr/bin/install -c
checking whether build environment is sane... yes
checking for a thread-safe mkdir -p... ../install-sh -c -d
checking for gawk... gawk
checking whether make sets $(MAKE)... yes
checking whether the C++ compiler works... yes
checking for C++ compiler default output file name... a.out
checking for suffix of executables... 
checking whether we are cross compiling... no
checking for suffix of object files... o
checking whether we are using the GNU C++ compiler... yes
checking whether /usr/bin/llvm-g++ accepts -g... yes
checking for style of include used by make... GNU
checking dependency style of /usr/bin/llvm-g++... gcc3
checking for bison... bison -y
checking that generated files are newer than configure... done
configure: creating ./config.status
config.status: creating Makefile
config.status: executing depfiles commands
+ make
/bin/sh ../ylwrap ../zardoz.yy y.tab.c zardoz.cc y.tab.h `echo zardoz.cc | sed -e s/cc$/hh/ -e s/cpp$/hpp/ -e s/cxx$/hxx/ -e s/c++$/h++/ -e s/c$/h/` y.output zardoz.output -- bison -y -d 
updating zardoz.hh
make  all-am
/usr/bin/llvm-g++ -DPACKAGE_NAME=\"yacc-bison-skeleton-cxx\" -DPACKAGE_TARNAME=\"yacc-bison-skeleton-cxx\" -DPACKAGE_VERSION=\"1.0\" -DPACKAGE_STRING=\"yacc-bison-skeleton-cxx\ 1.0\" -DPACKAGE_BUGREPORT=\"\" -DPACKAGE_URL=\"\" -DPACKAGE=\"yacc-bison-skeleton-cxx\" -DVERSION=\"1.0\" -I. -I..   -I/usr/local/Cellar/libffi/3.0.10/include -I/usr/local/Cellar/gettext/0.18.1.1/include  -Os -w -pipe   -march=core2 -msse4 -MT zardoz.o -MD -MP -MF .deps/zardoz.Tpo -c -o zardoz.o zardoz.cc
zardoz.cc:36:19: error: y.tab.h: No such file or directory
zardoz.cc:145: error: ‘parser’ has not been declared
zardoz.cc:145: error: ISO C++ forbids declaration of ‘parser’ with no type
zardoz.cc: In function ‘int yy::parser()’:
zardoz.cc:146: error: only constructors take base initializers
zardoz.cc:147: error: ‘cerr’ is not a member of ‘std’
zardoz.cc: At global scope:
zardoz.cc:151: error: expected constructor, destructor, or type conversion before ‘::’ token
zardoz.cc:187: error: ‘parser’ is not a class or namespace
zardoz.cc:188: error: ‘semantic_type’ has not been declared
zardoz.cc:188: error: ‘location_type’ has not been declared
zardoz.cc:205: error: ‘parser’ is not a class or namespace
zardoz.cc: In function ‘void yy::yypop_(unsigned int)’:
zardoz.cc:207: error: ‘yystate_stack_’ was not declared in this scope
zardoz.cc:208: error: ‘yysemantic_stack_’ was not declared in this scope
zardoz.cc:209: error: ‘yylocation_stack_’ was not declared in this scope
zardoz.cc: At global scope:
zardoz.cc:212: error: expected constructor, destructor, or type conversion before ‘&’ token
zardoz.cc:219: error: ‘parser’ is not a class or namespace
zardoz.cc:219: error: variable or field ‘set_debug_stream’ declared void
zardoz.cc:219: error: ‘ostream’ is not a member of ‘std’
zardoz.cc:219: error: ‘o’ was not declared in this scope
zardoz.cc:225: error: ‘parser’ is not a class or namespace
zardoz.cc:226: error: expected constructor, destructor, or type conversion before ‘parser’
zardoz.cc:232: error: ‘parser’ is not a class or namespace
zardoz.cc:232: error: variable or field ‘set_debug_level’ declared void
zardoz.cc:232: error: ‘debug_level_type’ was not declared in this scope
zardoz.cc:239: error: ‘parser’ is not a class or namespace
zardoz.cc: In function ‘int yy::parse()’:
zardoz.cc:242: error: ‘yyempty_’ was not declared in this scope
zardoz.cc:255: error: ‘semantic_type’ was not declared in this scope
zardoz.cc:255: error: expected `;' before ‘yylval’
zardoz.cc:257: error: ‘location_type’ was not declared in this scope
zardoz.cc:257: error: expected `;' before ‘yylloc’
zardoz.cc:259: error: ‘location’ was not declared in this scope
zardoz.cc:259: error: expected `;' before ‘yyerror_range’
zardoz.cc:262: error: expected `;' before ‘yyval’
zardoz.cc:264: error: expected `;' before ‘yyloc’
zardoz.cc:268: error: ‘yydebug_’ was not declared in this scope
zardoz.cc:268: error: ‘yycdebug_’ was not declared in this scope
zardoz.cc:268: error: ‘endl’ is not a member of ‘std’
zardoz.cc:275: error: ‘yystate_stack_’ was not declared in this scope
zardoz.cc:275: error: ‘state_stack_type’ was not declared in this scope
zardoz.cc:276: error: ‘yysemantic_stack_’ was not declared in this scope
zardoz.cc:276: error: ‘semantic_stack_type’ was not declared in this scope
zardoz.cc:277: error: ‘yylocation_stack_’ was not declared in this scope
zardoz.cc:277: error: ‘location_stack_type’ was not declared in this scope
zardoz.cc:278: error: ‘yylval’ was not declared in this scope
zardoz.cc:279: error: ‘yylloc’ was not declared in this scope
zardoz.cc:284: error: ‘yycdebug_’ was not declared in this scope
zardoz.cc:284: error: ‘endl’ is not a member of ‘std’
zardoz.cc:291: error: ‘yypact_’ was not declared in this scope
zardoz.cc:292: error: ‘yypact_ninf_’ was not declared in this scope
zardoz.cc:298: error: ‘yycdebug_’ was not declared in this scope
zardoz.cc:299: error: ‘yylex’ was not declared in this scope
zardoz.cc:304: error: ‘yyeof_’ was not declared in this scope
zardoz.cc:307: error: ‘yycdebug_’ was not declared in this scope
zardoz.cc:307: error: ‘endl’ is not a member of ‘std’
zardoz.cc:311: error: ‘yytranslate_’ was not declared in this scope
zardoz.cc:318: error: ‘yylast_’ was not declared in this scope
zardoz.cc:318: error: ‘yycheck_’ was not declared in this scope
zardoz.cc:322: error: ‘yytable_’ was not declared in this scope
zardoz.cc:325: error: ‘yytable_ninf_’ was not declared in this scope
zardoz.cc:332: error: ‘yyfinal_’ was not declared in this scope
zardoz.cc:339: error: ‘yyeof_’ was not declared in this scope
zardoz.cc:357: error: ‘yydefact_’ was not declared in this scope
zardoz.cc:366: error: ‘yyr2_’ was not declared in this scope
zardoz.cc:374: error: ‘yyval’ was not declared in this scope
zardoz.cc:376: error: ‘yyval’ was not declared in this scope
zardoz.cc:379: error: ‘slice’ was not declared in this scope
zardoz.cc:380: error: ‘yyloc’ was not declared in this scope
zardoz.cc:380: error: ‘YYLLOC_DEFAULT’ was not declared in this scope
zardoz.cc:396: error: ‘yyval’ was not declared in this scope
zardoz.cc:397: error: ‘yyloc’ was not declared in this scope
zardoz.cc:400: error: ‘yyr1_’ was not declared in this scope
zardoz.cc:401: error: ‘yypgoto_’ was not declared in this scope
zardoz.cc:401: error: ‘yyntokens_’ was not declared in this scope
zardoz.cc:402: error: ‘yylast_’ was not declared in this scope
zardoz.cc:403: error: ‘yycheck_’ was not declared in this scope
zardoz.cc:406: error: ‘yydefgoto_’ was not declared in this scope
zardoz.cc:417: error: ‘yysyntax_error_’ was not declared in this scope
zardoz.cc:417: error: ‘error’ was not declared in this scope
zardoz.cc:420: error: ‘yyerror_range’ was not declared in this scope
zardoz.cc:426: error: ‘yyeof_’ was not declared in this scope
zardoz.cc:472: error: ‘yypact_ninf_’ was not declared in this scope
zardoz.cc:474: error: ‘yyterror_’ was not declared in this scope
zardoz.cc:475: error: ‘yylast_’ was not declared in this scope
zardoz.cc:475: error: ‘yycheck_’ was not declared in this scope
zardoz.cc:489: error: ‘yystos_’ was not declared in this scope
zardoz.cc:205: error: too few arguments to function ‘void yy::yypop_(unsigned int)’
zardoz.cc:491: error: at this point in file
zardoz.cc:496: error: ‘yyfinal_’ was not declared in this scope
zardoz.cc:502: error: ‘YYLLOC_DEFAULT’ was not declared in this scope
zardoz.cc:524: error: ‘yyeof_’ was not declared in this scope
zardoz.cc:533: error: ‘yystos_’ was not declared in this scope
zardoz.cc:205: error: too few arguments to function ‘void yy::yypop_(unsigned int)’
zardoz.cc:536: error: at this point in file
zardoz.cc: At global scope:
zardoz.cc:543: error: ‘string’ in namespace ‘std’ does not name a type
zardoz.cc:594: error: ‘parser’ is not a class or namespace
zardoz.cc:596: error: ‘parser’ is not a class or namespace
zardoz.cc:605: error: ‘parser’ is not a class or namespace
zardoz.cc:612: error: ‘parser’ is not a class or namespace
zardoz.cc:619: error: ‘parser’ is not a class or namespace
zardoz.cc:627: error: ‘parser’ is not a class or namespace
zardoz.cc:629: error: ‘parser’ is not a class or namespace
zardoz.cc:636: error: ‘parser’ is not a class or namespace
zardoz.cc:644: error: ‘parser’ is not a class or namespace
zardoz.cc:661: error: ‘parser’ is not a class or namespace
zardoz.cc:668: error: ‘parser’ is not a class or namespace
zardoz.cc:736: error: ‘parser’ is not a class or namespace
zardoz.cc:737: error: expected constructor, destructor, or type conversion before ‘parser’
zardoz.yy:23: error: expected `}' at end of input
make[1]: *** [zardoz.o] Error 1
make: *** [all] Error 2
+ exit_status=2
+ set +e
+ cd /private/tmp/homebrew-automake-HEAD-mfsB/tests
+ test no = yes
+ case $am_explicit_skips in
+ test 2 -eq 0
+ keep_testdirs=yes
+ am_keeping_testdirs
+ case $keep_testdirs in
+ return 0
+ set +x
yacc-bison-skeleton-cxx: exit 2

XFAIL: yacc-bison-skeleton
==========================

Running from installcheck: no
Using TAP: no
PATH = /private/tmp/homebrew-automake-HEAD-mfsB/tests/ax:/private/tmp/homebrew-automake-HEAD-mfsB/tests/wrap:/usr/local/Cellar/libffi/3.0.10/bin:/usr/local/Cellar/gettext/0.18.1.1/bin:/usr/local/bin:/usr/local/sbin:/usr/local/texlive/2011/bin/x86_64-darwin:/usr/bin:/bin:/usr/sbin:/sbin:/usr/X11/bin:/usr/local/Library/Contributions/examples
yacc-bison-skeleton: running bison --version
bison (GNU Bison) 2.3
Written by Robert Corbett and Richard Stallman.

Copyright (C) 2006 Free Software Foundation, Inc.
This is free software; see the source for copying conditions.  There is NO
warranty; not even for MERCHANTABILITY or FITNESS FOR A PARTICULAR PURPOSE.
++ pwd
/private/tmp/homebrew-automake-HEAD-mfsB/tests/yacc-bison-skeleton.dir
+ set -e
+ cat
+ cat
+ cat
+ cat
+ aclocal-1.11a -Werror
+ autoconf
+ automake-1.11a --foreign -Werror -Wall -a
configure.ac: installing './ylwrap'
+ mkdir build
+ cd build
+ ../configure 'YACC=bison -y'
checking for a BSD-compatible install... /usr/bin/install -c
checking whether build environment is sane... yes
checking for a thread-safe mkdir -p... ../install-sh -c -d
checking for gawk... gawk
checking whether make sets $(MAKE)... yes
checking for gcc... /usr/bin/llvm-gcc
checking whether the C compiler works... yes
checking for C compiler default output file name... a.out
checking for suffix of executables... 
checking whether we are cross compiling... no
checking for suffix of object files... o
checking whether we are using the GNU C compiler... yes
checking whether /usr/bin/llvm-gcc accepts -g... yes
checking for /usr/bin/llvm-gcc option to accept ISO C89... none needed
checking for style of include used by make... GNU
checking dependency style of /usr/bin/llvm-gcc... gcc3
checking for bison... bison -y
checking that generated files are newer than configure... done
configure: creating ./config.status
config.status: creating Makefile
config.status: executing depfiles commands
+ make
/bin/sh ../ylwrap ../zardoz.y y.tab.c zardoz.c y.tab.h `echo zardoz.c | sed -e s/cc$/hh/ -e s/cpp$/hpp/ -e s/cxx$/hxx/ -e s/c++$/h++/ -e s/c$/h/` y.output zardoz.output -- bison -y -d --skeleton glr.c 
updating zardoz.h
/usr/bin/llvm-gcc -DPACKAGE_NAME=\"yacc-bison-skeleton\" -DPACKAGE_TARNAME=\"yacc-bison-skeleton\" -DPACKAGE_VERSION=\"1.0\" -DPACKAGE_STRING=\"yacc-bison-skeleton\ 1.0\" -DPACKAGE_BUGREPORT=\"\" -DPACKAGE_URL=\"\" -DPACKAGE=\"yacc-bison-skeleton\" -DVERSION=\"1.0\" -I. -I..   -I/usr/local/Cellar/libffi/3.0.10/include -I/usr/local/Cellar/gettext/0.18.1.1/include  -Os -w -pipe   -march=core2 -msse4 -MT zardoz.o -MD -MP -MF .deps/zardoz.Tpo -c -o zardoz.o zardoz.c
zardoz.c:57:19: error: y.tab.h: No such file or directory
zardoz.c:82: error: expected ‘=’, ‘,’, ‘;’, ‘asm’ or ‘__attribute__’ before ‘yyval_default’
zardoz.c:389: error: expected ‘=’, ‘,’, ‘;’, ‘asm’ or ‘__attribute__’ before ‘yylval’
zardoz.c:391: error: expected ‘=’, ‘,’, ‘;’, ‘asm’ or ‘__attribute__’ before ‘yylloc’
zardoz.c:635: error: expected specifier-qualifier-list before ‘YYSTYPE’
zardoz.c:638: error: expected specifier-qualifier-list before ‘YYLTYPE’
zardoz.c:660: error: expected specifier-qualifier-list before ‘YYSTYPE’
zardoz.c: In function ‘yyfillin’:
zardoz.c:735: error: ‘union <anonymous>’ has no member named ‘yysval’
zardoz.c:735: error: ‘union <anonymous>’ has no member named ‘yysval’
zardoz.c:736: error: ‘yyGLRState’ has no member named ‘yyloc’
zardoz.c:736: error: ‘yyGLRState’ has no member named ‘yyloc’
zardoz.c: At top level:
zardoz.c:764: error: expected declaration specifiers or ‘...’ before ‘YYSTYPE’
zardoz.c:765: error: expected declaration specifiers or ‘...’ before ‘YYLTYPE’
zardoz.c: In function ‘yyuserAction’:
zardoz.c:793: error: ‘yyvalp’ undeclared (first use in this function)
zardoz.c:793: error: (Each undeclared identifier is reported only once
zardoz.c:793: error: for each function it appears in.)
zardoz.c:793: error: ‘yyval_default’ undeclared (first use in this function)
zardoz.c:795: error: ‘union <anonymous>’ has no member named ‘yysval’
zardoz.c: At top level:
zardoz.c:823: error: expected declaration specifiers or ‘...’ before ‘YYSTYPE’
zardoz.c:823: error: expected declaration specifiers or ‘...’ before ‘YYSTYPE’
zardoz.c: In function ‘yyuserMerge’:
zardoz.c:825: error: ‘yy0’ undeclared (first use in this function)
zardoz.c:826: error: ‘yy1’ undeclared (first use in this function)
zardoz.c: At top level:
zardoz.c:843: error: expected declaration specifiers or ‘...’ before ‘YYSTYPE’
zardoz.c: In function ‘yydestruct’:
zardoz.c:845: error: ‘yyvaluep’ undeclared (first use in this function)
zardoz.c: In function ‘yydestroyGLRState’:
zardoz.c:871: error: ‘union <anonymous>’ has no member named ‘yysval’
zardoz.c:871: error: too many arguments to function ‘yydestruct’
zardoz.c: In function ‘yyaddDeferredAction’:
zardoz.c:1012: error: ‘yySemanticOption’ has no member named ‘yyval’
zardoz.c:1012: error: ‘yylval’ undeclared (first use in this function)
zardoz.c:1013: error: ‘yySemanticOption’ has no member named ‘yyloc’
zardoz.c:1013: error: ‘yylloc’ undeclared (first use in this function)
zardoz.c:1017: error: ‘yySemanticOption’ has no member named ‘yynext’
zardoz.c: In function ‘yyexpandGLRStack’:
zardoz.c:1117: error: ‘yySemanticOption’ has no member named ‘yynext’
zardoz.c:1118: error: ‘yySemanticOption’ has no member named ‘yynext’
zardoz.c:1118: error: ‘yySemanticOption’ has no member named ‘yynext’
zardoz.c: At top level:
zardoz.c:1218: error: expected declaration specifiers or ‘...’ before ‘YYSTYPE’
zardoz.c:1218: error: expected declaration specifiers or ‘...’ before ‘YYLTYPE’
zardoz.c: In function ‘yyglrShift’:
zardoz.c:1226: error: ‘union <anonymous>’ has no member named ‘yysval’
zardoz.c:1226: error: ‘yyvalp’ undeclared (first use in this function)
zardoz.c:1227: error: ‘yyGLRState’ has no member named ‘yyloc’
zardoz.c:1227: error: ‘yylocp’ undeclared (first use in this function)
zardoz.c: At top level:
zardoz.c:1261: error: expected declaration specifiers or ‘...’ before ‘YYSTYPE’
zardoz.c:1261: error: expected declaration specifiers or ‘...’ before ‘YYLTYPE’
zardoz.c: In function ‘yydoAction’:
zardoz.c:1274: error: ‘yyvalp’ undeclared (first use in this function)
zardoz.c:1274: error: ‘yylocp’ undeclared (first use in this function)
zardoz.c:1274: error: too many arguments to function ‘yyuserAction’
zardoz.c:1295: error: too many arguments to function ‘yyuserAction’
zardoz.c: In function ‘yyglrReduce’:
zardoz.c:1358: error: ‘YYSTYPE’ undeclared (first use in this function)
zardoz.c:1358: error: expected ‘;’ before ‘yysval’
zardoz.c:1359: error: ‘YYLTYPE’ undeclared (first use in this function)
zardoz.c:1359: error: expected ‘;’ before ‘yyloc’
zardoz.c:1362: error: ‘yysval’ undeclared (first use in this function)
zardoz.c:1362: error: ‘yyloc’ undeclared (first use in this function)
zardoz.c:1362: error: too many arguments to function ‘yydoAction’
zardoz.c:1368: error: too many arguments to function ‘yyglrShift’
zardoz.c: In function ‘yymergeOptionSets’:
zardoz.c:1496: error: ‘union <anonymous>’ has no member named ‘yysval’
zardoz.c:1496: error: ‘union <anonymous>’ has no member named ‘yysval’
zardoz.c:1501: error: ‘union <anonymous>’ has no member named ‘yysval’
zardoz.c:1501: error: ‘union <anonymous>’ has no member named ‘yysval’
zardoz.c:1522: error: ‘yySemanticOption’ has no member named ‘yynext’
zardoz.c:1523: error: ‘yySemanticOption’ has no member named ‘yynext’
zardoz.c:1525: error: ‘yySemanticOption’ has no member named ‘yynext’
zardoz.c: At top level:
zardoz.c:1586: error: expected declaration specifiers or ‘...’ before ‘YYSTYPE’
zardoz.c:1586: error: expected declaration specifiers or ‘...’ before ‘YYLTYPE’
zardoz.c: In function ‘yyresolveAction’:
zardoz.c:1591: error: ‘YYSTYPE’ undeclared (first use in this function)
zardoz.c:1591: error: expected ‘;’ before ‘yylval_current’
zardoz.c:1592: error: ‘YYLTYPE’ undeclared (first use in this function)
zardoz.c:1592: error: expected ‘;’ before ‘yylloc_current’
zardoz.c:1607: error: ‘yylval_current’ undeclared (first use in this function)
zardoz.c:1607: error: ‘yylval’ undeclared (first use in this function)
zardoz.c:1608: error: ‘yylloc_current’ undeclared (first use in this function)
zardoz.c:1608: error: ‘yylloc’ undeclared (first use in this function)
zardoz.c:1610: error: ‘yySemanticOption’ has no member named ‘yyval’
zardoz.c:1611: error: ‘yySemanticOption’ has no member named ‘yyloc’
zardoz.c:1614: error: ‘yyvalp’ undeclared (first use in this function)
zardoz.c:1614: error: ‘yylocp’ undeclared (first use in this function)
zardoz.c:1614: error: too many arguments to function ‘yyuserAction’
zardoz.c: In function ‘yyresolveLocations’:
zardoz.c:1705: error: ‘YYSTYPE’ undeclared (first use in this function)
zardoz.c:1705: error: expected ‘;’ before ‘yylval_current’
zardoz.c:1706: error: ‘YYLTYPE’ undeclared (first use in this function)
zardoz.c:1706: error: expected ‘;’ before ‘yylloc_current’
zardoz.c:1719: error: ‘yyGLRState’ has no member named ‘yyloc’
zardoz.c:1719: error: ‘yyGLRState’ has no member named ‘yyloc’
zardoz.c:1731: error: ‘yyGLRState’ has no member named ‘yyloc’
zardoz.c:1731: error: ‘yyGLRState’ has no member named ‘yyloc’
zardoz.c:1734: error: ‘yylval_current’ undeclared (first use in this function)
zardoz.c:1734: error: ‘yylval’ undeclared (first use in this function)
zardoz.c:1735: error: ‘yylloc_current’ undeclared (first use in this function)
zardoz.c:1735: error: ‘yylloc’ undeclared (first use in this function)
zardoz.c:1737: error: ‘yySemanticOption’ has no member named ‘yyval’
zardoz.c:1738: error: ‘yySemanticOption’ has no member named ‘yyloc’
zardoz.c: In function ‘yyresolveValue’:
zardoz.c:1760: error: ‘YYSTYPE’ undeclared (first use in this function)
zardoz.c:1760: error: expected ‘;’ before ‘yysval’
zardoz.c:1762: error: ‘YYLTYPE’ undeclared (first use in this function)
zardoz.c:1762: error: ‘yylocp’ undeclared (first use in this function)
zardoz.c:1762: error: ‘yyGLRState’ has no member named ‘yyloc’
zardoz.c:1766: error: ‘yySemanticOption’ has no member named ‘yynext’
zardoz.c:1773: error: ‘yySemanticOption’ has no member named ‘yynext’
zardoz.c:1798: error: ‘yySemanticOption’ has no member named ‘yynext’
zardoz.c:1806: error: ‘yysval’ undeclared (first use in this function)
zardoz.c:1807: error: too many arguments to function ‘yyresolveAction’
zardoz.c:1809: error: ‘yySemanticOption’ has no member named ‘yynext’
zardoz.c:1809: error: ‘yySemanticOption’ has no member named ‘yynext’
zardoz.c:1813: error: expected ‘;’ before ‘yysval_other’
zardoz.c:1814: error: expected ‘;’ before ‘yydummy’
zardoz.c:1815: error: ‘yysval_other’ undeclared (first use in this function)
zardoz.c:1816: error: ‘yydummy’ undeclared (first use in this function)
zardoz.c:1816: error: too many arguments to function ‘yyresolveAction’
zardoz.c:1821: error: too many arguments to function ‘yydestruct’
zardoz.c:1824: error: too many arguments to function ‘yyuserMerge’
zardoz.c:1829: error: too many arguments to function ‘yyresolveAction’
zardoz.c:1834: error: ‘union <anonymous>’ has no member named ‘yysval’
zardoz.c: In function ‘yyrecoverSyntaxError’:
zardoz.c:2084: error: ‘yylval’ undeclared (first use in this function)
zardoz.c:2084: error: too many arguments to function ‘yydestruct’
zardoz.c:2127: error: ‘YYLTYPE’ undeclared (first use in this function)
zardoz.c:2127: error: expected ‘;’ before ‘yyerrloc’
zardoz.c:2131: error: ‘yyerrloc’ undeclared (first use in this function)
zardoz.c:2131: error: too many arguments to function ‘yyglrShift’
zardoz.c: In function ‘yyparse’:
zardoz.c:2178: error: ‘yylval’ undeclared (first use in this function)
zardoz.c:2178: error: ‘yyval_default’ undeclared (first use in this function)
zardoz.c:2190: error: ‘yylloc’ undeclared (first use in this function)
zardoz.c:2190: error: too many arguments to function ‘yyglrShift’
zardoz.c:2241: error: too many arguments to function ‘yyglrShift’
zardoz.c:2317: error: too many arguments to function ‘yyglrShift’
zardoz.c:2358: error: too many arguments to function ‘yydestruct’
zardoz.c: In function ‘yypdumpstack’:
zardoz.c:2451: error: ‘yySemanticOption’ has no member named ‘yynext’
zardoz.c:2451: error: ‘yySemanticOption’ has no member named ‘yynext’
make: *** [zardoz.o] Error 1
+ exit_status=2
+ set +e
+ cd /private/tmp/homebrew-automake-HEAD-mfsB/tests
+ test no = yes
+ case $am_explicit_skips in
+ test 2 -eq 0
+ keep_testdirs=yes
+ am_keeping_testdirs
+ case $keep_testdirs in
+ return 0
+ set +x
yacc-bison-skeleton: exit 2

SKIP: compile4-w
================

./compile4-w.test: will source ./compile4.test
Running from installcheck: no
Using TAP: no
PATH = /private/tmp/homebrew-automake-HEAD-mfsB/tests/ax:/private/tmp/homebrew-automake-HEAD-mfsB/tests/wrap:/private/tmp/homebrew-automake-HEAD-mfsB/tests/ax:/private/tmp/homebrew-automake-HEAD-mfsB/tests/wrap:/usr/local/Cellar/libffi/3.0.10/bin:/usr/local/Cellar/gettext/0.18.1.1/bin:/usr/local/bin:/usr/local/sbin:/usr/local/texlive/2011/bin/x86_64-darwin:/usr/bin:/bin:/usr/sbin:/sbin:/usr/X11/bin:/usr/local/Library/Contributions/examples
compile4-w: running cl -?
./defs: line 760: cl: command not found

SKIP: compile5-w
================

./compile5-w.test: will source ./compile5.test
Running from installcheck: no
Using TAP: no
PATH = /private/tmp/homebrew-automake-HEAD-mfsB/tests/ax:/private/tmp/homebrew-automake-HEAD-mfsB/tests/wrap:/private/tmp/homebrew-automake-HEAD-mfsB/tests/ax:/private/tmp/homebrew-automake-HEAD-mfsB/tests/wrap:/usr/local/Cellar/libffi/3.0.10/bin:/usr/local/Cellar/gettext/0.18.1.1/bin:/usr/local/bin:/usr/local/sbin:/usr/local/texlive/2011/bin/x86_64-darwin:/usr/bin:/bin:/usr/sbin:/sbin:/usr/X11/bin:/usr/local/Library/Contributions/examples
+++ pwd
/private/tmp/homebrew-automake-HEAD-mfsB/tests/compile5-w.dir
++ get_shell_script compile
++ test '!' -f compile
++ test xyes = xyes
++ sed '1s|#!.*|#! /bin/sh|' /private/tmp/homebrew-automake-HEAD-mfsB/lib/compile
++ chmod a+x compile
++ sed 10q compile
#! /bin/sh
# Wrapper for compilers which do not understand '-c -o'.

scriptversion=2012-03-05.13; # UTC

# Copyright (C) 1999-2012 Free Software Foundation, Inc.
# Written by Tom Tromey <tromey@cygnus.com>.
#
# This program is free software; you can redistribute it and/or modify
# it under the terms of the GNU General Public License as published by
++ cat
++ chmod +x ./cl
++ cat
++ :
++ cat
++ aclocal-1.11a -Werror
++ autoconf
++ automake-1.11a --foreign -Werror -Wall -a
configure.ac:4: installing './config.guess'
configure.ac:4: installing './config.sub'
++ ./configure
checking for a BSD-compatible install... /usr/bin/install -c
checking whether build environment is sane... yes
checking for a thread-safe mkdir -p... ./install-sh -c -d
checking for gawk... gawk
checking whether make sets $(MAKE)... yes
checking build system type... x86_64-apple-darwin11.3.0
checking host system type... x86_64-apple-darwin11.3.0
checking that generated files are newer than configure... done
configure: creating ./config.status
config.status: creating Makefile
config.status: creating check_host
++ . ./check_host
+++ case 'darwin11.3.0' in
+++ skip_ 'target OS is not MinGW'
+++ warn_ 'compile5-w: skipped test: target OS is not MinGW'
+++ echo 'compile5-w: skipped test: target OS is not MinGW'
+++ Exit 77
+++ set +e
+++ test 77 = 77
+++ am__test_skipped=yes
+++ exit 77
+++ exit 77
+ exit_status=77
+ set +e
+ cd /private/tmp/homebrew-automake-HEAD-mfsB/tests
+ test no = yes
+ case $am_explicit_skips in
+ test 77 -eq 0
+ keep_testdirs=yes
+ am_keeping_testdirs
+ case $keep_testdirs in
+ return 0
+ set +x
compile5-w: exit 77

PASS: tap-bad-prog-w
====================

./tap-bad-prog-w.tap: will source ./tap-bad-prog.tap
Running from installcheck: no
Using TAP: yes
PATH = /private/tmp/homebrew-automake-HEAD-mfsB/tests/ax:/private/tmp/homebrew-automake-HEAD-mfsB/tests/wrap:/private/tmp/homebrew-automake-HEAD-mfsB/tests/ax:/private/tmp/homebrew-automake-HEAD-mfsB/tests/wrap:/usr/local/Cellar/libffi/3.0.10/bin:/usr/local/Cellar/gettext/0.18.1.1/bin:/usr/local/bin:/usr/local/sbin:/usr/local/texlive/2011/bin/x86_64-darwin:/usr/bin:/bin:/usr/sbin:/sbin:/usr/X11/bin:/usr/local/Library/Contributions/examples
+++ pwd
/private/tmp/homebrew-automake-HEAD-mfsB/tests/tap-bad-prog-w.dir
++ fetch_tap_driver
++ case $am_tap_implementation in
++ /usr/bin/perl -MTAP::Parser -e 1
++ sed '1s|#!.*|#! /usr/bin/perl -w|' /private/tmp/homebrew-automake-HEAD-mfsB/lib/tap-driver.pl
++ chmod a+x tap-driver
++ sed 10q tap-driver
#! /usr/bin/perl -w
# Copyright (C) 2011-2012 Free Software Foundation, Inc.
#
# This program is free software; you can redistribute it and/or modify
# it under the terms of the GNU General Public License as published by
# the Free Software Foundation; either version 2, or (at your option)
# any later version.
#
# This program is distributed in the hope that it will be useful,
# but WITHOUT ANY WARRANTY; without even the implied warranty of
++ plan_ 6
++ test 1 -eq 0
++ test 1 -ge 2
++ test xnone '!=' xnone
++ test x6 = xunknown
++ test x6 = xlater
++ test x6 = xlazy
++ test x6 = xnow
++ test 6 -ge 0
++ planned_=6
++ echo 1..6
1..6
++ cat
++ cat
++ cat
++ cp noexec.test noread.test
++ chmod a-r noread.test
++ aclocal-1.11a -Werror
++ autoconf
++ automake-1.11a --foreign -Werror -Wall
++ ./configure
checking for a BSD-compatible install... /usr/bin/install -c
checking whether build environment is sane... yes
checking for a thread-safe mkdir -p... ./install-sh -c -d
checking for gawk... gawk
checking whether make sets $(MAKE)... yes
checking that generated files are newer than configure... done
configure: creating ./config.status
config.status: creating Makefile
++ make check
make[2]: *** [test-suite.log] Error 1
make[1]: *** [check-TESTS] Error 2
make: *** [check-am] Error 2
++ r=ok
++ cat stdout
make  check-TESTS
ERROR: none.test - couldn't execute test script
ERROR: none.test - missing test plan
ERROR: noread.test - couldn't execute test script
ERROR: noread.test - missing test plan
ERROR: noexec.test - couldn't execute test script
ERROR: noexec.test - missing test plan
make[3]: Nothing to be done for `all'.
============================================================================
Testsuite summary for tap-bad-prog-w 1.0
============================================================================
# TOTAL: 3
# PASS:  0
# SKIP:  0
# XFAIL: 0
# FAIL:  0
# XPASS: 0
# ERROR: 3
============================================================================
See ./test-suite.log
============================================================================
++ result_ ok '"make check" returns non-zero exit status'
++ set +x
ok 1 - "make check" returns non-zero exit status
PASS: tap-bad-prog-w.tap 1 - "make check" returns non-zero exit status
++ command_ok_ 'non-existent test is reported' grep '^ERROR: none\.test' stdout
++ tap_directive_=
++ tap_reason_=
++ test 4 -gt 0
++ tap_description_='non-existent test is reported'
++ shift
++ test 3 -gt 0
++ case $1 in
++ break
++ tap_result_=ok
++ grep '^ERROR: none\.test' stdout
ERROR: none.test - couldn't execute test script
ERROR: none.test - missing test plan
++ result_ ok -D '' -r '' -- 'non-existent test is reported'
++ set +x
ok 2 - non-existent test is reported
PASS: tap-bad-prog-w.tap 2 - non-existent test is reported
++ desc='non-executable test is reported'
++ ./noexec.test
./tap-bad-prog.tap: line 68: ./noexec.test: Permission denied
++ command_ok_ 'non-executable test is reported' -- grep '^ERROR: noexec\.test' stdout
++ tap_directive_=
++ tap_reason_=
++ test 5 -gt 0
++ tap_description_='non-executable test is reported'
++ shift
++ test 4 -gt 0
++ case $1 in
++ shift
++ break
++ tap_result_=ok
++ grep '^ERROR: noexec\.test' stdout
ERROR: noexec.test - couldn't execute test script
ERROR: noexec.test - missing test plan
++ result_ ok -D '' -r '' -- 'non-executable test is reported'
++ set +x
ok 3 - non-executable test is reported
PASS: tap-bad-prog-w.tap 3 - non-executable test is reported
++ desc='non-readable test is reported'
++ test -r noread.test
++ command_ok_ 'non-readable test is reported' -- grep '^ERROR: noread\.test' stdout
++ tap_directive_=
++ tap_reason_=
++ test 5 -gt 0
++ tap_description_='non-readable test is reported'
++ shift
++ test 4 -gt 0
++ case $1 in
++ shift
++ break
++ tap_result_=ok
++ grep '^ERROR: noread\.test' stdout
ERROR: noread.test - couldn't execute test script
ERROR: noread.test - missing test plan
++ result_ ok -D '' -r '' -- 'non-readable test is reported'
++ set +x
ok 4 - non-readable test is reported
PASS: tap-bad-prog-w.tap 4 - non-readable test is reported
++ directive=
++ test perl = shell
++ /usr/bin/perl -w -e '
    use IPC::Open3 qw/open3/;
    $@ = "";
    eval { open3(*STDIN, *STDOUT, *STDERR, "am--no-such-command") };
    $@ =~ m/\bopen3:.*am--no-such-command/
      or die "Bad \$@ value: \"$@\"\n";
  '
++ for s in ''\''"missing plan" message'\''' ''\''results'\'''
++ skip_ -r 'IPC::Open3 not good enough' 'no spurious "missing plan" message'
++ result_ ok -D SKIP -r 'IPC::Open3 not good enough' 'no spurious "missing plan" message'
++ set +x
ok 5 - no spurious "missing plan" message # SKIP IPC::Open3 not good enough
SKIP: tap-bad-prog-w.tap 5 - no spurious "missing plan" message # SKIP IPC::Open3 not good enough
++ for s in ''\''"missing plan" message'\''' ''\''results'\'''
++ skip_ -r 'IPC::Open3 not good enough' 'no spurious results'
++ result_ ok -D SKIP -r 'IPC::Open3 not good enough' 'no spurious results'
++ set +x
ok 6 - no spurious results # SKIP IPC::Open3 not good enough
SKIP: tap-bad-prog-w.tap 6 - no spurious results # SKIP IPC::Open3 not good enough
++ Exit 0
++ set +e
++ test 77 = 0
++ exit 0
++ exit 0
+ exit_status=0
+ set +e
+ cd /private/tmp/homebrew-automake-HEAD-mfsB/tests
+ test yes = yes
+ test 6 = later
+ test 0 -eq 0
+ test 4 -eq 6
+ keep_testdirs=yes
+ am_keeping_testdirs
+ case $keep_testdirs in
+ return 0
+ set +x
tap-bad-prog-w: exit 0

SKIP: depcomp-lt-msvcmsys
=========================

Running from installcheck: no
Using TAP: yes
PATH = /private/tmp/homebrew-automake-HEAD-mfsB/tests/ax:/private/tmp/homebrew-automake-HEAD-mfsB/tests/wrap:/usr/local/Cellar/libffi/3.0.10/bin:/usr/local/Cellar/gettext/0.18.1.1/bin:/usr/local/bin:/usr/local/sbin:/usr/local/texlive/2011/bin/x86_64-darwin:/usr/bin:/bin:/usr/sbin:/sbin:/usr/X11/bin:/usr/local/Library/Contributions/examples
depcomp-lt-msvcmsys: running cl -?
./defs: line 760: cl: command not found
1..0 # SKIP Microsoft C compiler 'cl' not available
SKIP: depcomp-lt-msvcmsys.tap - Microsoft C compiler 'cl' not available

SKIP: depcomp-lt-msvisualcpp
============================

Running from installcheck: no
Using TAP: yes
PATH = /private/tmp/homebrew-automake-HEAD-mfsB/tests/ax:/private/tmp/homebrew-automake-HEAD-mfsB/tests/wrap:/usr/local/Cellar/libffi/3.0.10/bin:/usr/local/Cellar/gettext/0.18.1.1/bin:/usr/local/bin:/usr/local/sbin:/usr/local/texlive/2011/bin/x86_64-darwin:/usr/bin:/bin:/usr/sbin:/sbin:/usr/X11/bin:/usr/local/Library/Contributions/examples
depcomp-lt-msvisualcpp: running cl -?
./defs: line 760: cl: command not found
1..0 # SKIP Microsoft C compiler 'cl' not available
SKIP: depcomp-lt-msvisualcpp.tap - Microsoft C compiler 'cl' not available

SKIP: depcomp-msvcmsys
======================

Running from installcheck: no
Using TAP: yes
PATH = /private/tmp/homebrew-automake-HEAD-mfsB/tests/ax:/private/tmp/homebrew-automake-HEAD-mfsB/tests/wrap:/usr/local/Cellar/libffi/3.0.10/bin:/usr/local/Cellar/gettext/0.18.1.1/bin:/usr/local/bin:/usr/local/sbin:/usr/local/texlive/2011/bin/x86_64-darwin:/usr/bin:/bin:/usr/sbin:/sbin:/usr/X11/bin:/usr/local/Library/Contributions/examples
depcomp-msvcmsys: running cl -?
./defs: line 760: cl: command not found
1..0 # SKIP Microsoft C compiler 'cl' not available
SKIP: depcomp-msvcmsys.tap - Microsoft C compiler 'cl' not available

SKIP: depcomp-msvisualcpp
=========================

Running from installcheck: no
Using TAP: yes
PATH = /private/tmp/homebrew-automake-HEAD-mfsB/tests/ax:/private/tmp/homebrew-automake-HEAD-mfsB/tests/wrap:/usr/local/Cellar/libffi/3.0.10/bin:/usr/local/Cellar/gettext/0.18.1.1/bin:/usr/local/bin:/usr/local/sbin:/usr/local/texlive/2011/bin/x86_64-darwin:/usr/bin:/bin:/usr/sbin:/sbin:/usr/X11/bin:/usr/local/Library/Contributions/examples
depcomp-msvisualcpp: running cl -?
./defs: line 760: cl: command not found
1..0 # SKIP Microsoft C compiler 'cl' not available
SKIP: depcomp-msvisualcpp.tap - Microsoft C compiler 'cl' not available

